
 num     #instances         #bytes  class name
----------------------------------------------
   1:         28200        2700032  [C
   2:          7478        1393432  [Ljava.lang.Object;
   3:          1394         983344  [B
   4:            29         950736  [Ljava.util.concurrent.ForkJoinTask;
   5:          8396         919312  java.lang.Class
   6:          3438         846960  [I
   7:         28054         673296  java.lang.String
   8:         11131         356192  java.util.concurrent.ConcurrentHashMap$Node
   9:           513         270360  [Lorg.apache.flink.runtime.state.heap.CopyOnWriteStateMap$StateMapEntry;
  10:          6537         209184  java.util.HashMap$Node
  11:          1741         153208  java.lang.reflect.Method
  12:          2907         139536  java.util.HashMap
  13:          2107         134848  java.nio.DirectByteBuffer
  14:          1264         118632  [Ljava.util.HashMap$Node;
  15:          2052         114912  org.apache.flink.core.memory.MemorySegment
  16:           104         112400  [Ljava.util.concurrent.ConcurrentHashMap$Node;
  17:          6759         108144  java.lang.Object
  18:          1610          90160  java.lang.invoke.MemberName
  19:          2116          84640  sun.misc.Cleaner
  20:          3502          82424  [Ljava.lang.Class;
  21:          1842          73680  java.lang.ref.SoftReference
  22:          2101          67232  java.nio.DirectByteBuffer$Deallocator
  23:          1526          61040  java.lang.invoke.MethodType
  24:          1793          60192  [S
  25:           800          57600  java.lang.reflect.Field
  26:           897          57408  org.apache.flink.shaded.netty4.io.netty.buffer.PoolSubpage
  27:           702          56160  java.lang.reflect.Constructor
  28:          1337          53480  java.util.LinkedHashMap$Entry
  29:          1542          49344  java.lang.invoke.MethodType$ConcurrentWeakInternSet$WeakEntry
  30:            80          46080  org.apache.flink.shaded.netty4.io.netty.util.internal.shaded.org.jctools.queues.MpscUnboundedArrayQueue
  31:          1071          44680  [Ljava.lang.String;
  32:          1268          40576  java.lang.invoke.DirectMethodHandle
  33:           990          39600  com.typesafe.config.impl.SimpleConfigOrigin
  34:          1530          36720  java.util.ArrayList
  35:          2139          34224  java.util.concurrent.atomic.AtomicBoolean
  36:           512          32768  org.apache.flink.runtime.state.heap.CopyOnWriteStateMap
  37:           429          31912  [J
  38:           489          27384  java.util.LinkedHashMap
  39:          1078          25872  akka.dispatch.AbstractNodeQueue$Node
  40:           536          25728  java.util.TreeMap
  41:          1028          24672  akka.actor.LightArrayRevolverScheduler$TaskQueue
  42:          1024          24576  org.jboss.netty.util.HashedWheelTimer$HashedWheelBucket
  43:           605          24200  java.io.ObjectStreamField
  44:            63          23688  java.lang.Thread
  45:           351          19656  java.lang.Package
  46:           180          18720  java.io.ObjectStreamClass
  47:           219          17344  [Ljava.util.Hashtable$Entry;
  48:           534          17088  java.util.Hashtable$Entry
  49:           410          16400  java.math.BigInteger
  50:           270          16200  [Ljava.lang.ref.SoftReference;
  51:           666          15984  org.apache.flink.api.java.tuple.Tuple2
  52:           464          14848  java.lang.invoke.BoundMethodHandle$Species_L
  53:           451          14432  java.lang.invoke.LambdaForm$Name
  54:           430          13760  java.util.RegularEnumSet
  55:           341          13640  org.apache.flink.configuration.ConfigOption
  56:           425          13600  scala.collection.immutable.HashMap$HashMap1
  57:           187          13464  sun.reflect.DelegatingClassLoader
  58:           418          13376  java.util.Vector
  59:           192          12288  java.util.concurrent.ConcurrentHashMap
  60:           501          12024  scala.Tuple2
  61:           282          11280  java.lang.invoke.BoundMethodHandle$Species_LL
  62:           341          10912  sun.misc.FDBigInteger
  63:           425          10200  org.apache.flink.configuration.description.TextElement
  64:           208           9984  java.util.Hashtable
  65:           300           9600  java.lang.ThreadLocal$ThreadLocalMap$Entry
  66:           299           9568  com.typesafe.config.impl.SimpleConfigObject
  67:            29           9512  java.util.concurrent.ForkJoinPool$WorkQueue
  68:           230           9200  java.lang.ref.Finalizer
  69:           227           9080  java.security.ProtectionDomain
  70:           378           9072  java.lang.Long
  71:           152           8512  java.lang.invoke.MethodTypeForm
  72:           354           8496  com.typesafe.config.impl.ConfigString$Quoted
  73:           518           8288  java.util.TreeSet
  74:             3           8240  [Ljava.nio.ByteBuffer;
  75:             2           8224  [Lakka.actor.ActorRef;
  76:             2           8224  [Lakka.serialization.Serializer;
  77:             1           8216  [Lscala.math.BigInt;
  78:           169           8112  java.lang.invoke.LambdaForm
  79:           174           7944  [Ljava.lang.invoke.LambdaForm$Name;
  80:           245           7840  org.apache.logging.log4j.core.config.plugins.processor.PluginEntry
  81:           321           7704  scala.collection.immutable.$colon$colon
  82:           135           7560  java.lang.Class$ReflectionData
  83:            85           7472  [Ljava.util.WeakHashMap$Entry;
  84:            23           7456  [[S
  85:           230           7360  java.io.ObjectStreamClass$WeakClassKey
  86:           230           7360  java.util.concurrent.locks.ReentrantLock$NonfairSync
  87:           226           7232  java.security.CodeSource
  88:           126           7056  org.apache.flink.runtime.metrics.groups.GenericMetricGroup
  89:           176           7040  org.apache.logging.log4j.core.Logger
  90:           176           7040  org.apache.logging.log4j.core.Logger$PrivateConfig
  91:           174           6960  org.apache.flink.metrics.MeterView
  92:           431           6896  java.lang.Integer
  93:           138           6624  org.apache.flink.shaded.netty4.io.netty.buffer.PoolChunkList
  94:            40           6400  org.apache.flink.shaded.netty4.io.netty.channel.epoll.EpollEventLoop
  95:           215           6344  [Ljava.io.ObjectStreamField;
  96:            32           6208  [Z
  97:           374           5984  java.util.HashSet
  98:            93           5952  java.net.URL
  99:           245           5880  org.apache.logging.log4j.core.config.plugins.util.PluginType
 100:           141           5640  java.util.WeakHashMap$Entry
 101:            53           5520  [Ljava.lang.ThreadLocal$ThreadLocalMap$Entry;
 102:           332           5312  org.apache.flink.configuration.description.Description
 103:           216           5184  com.typesafe.config.impl.ConfigString$Unquoted
 104:           127           5080  java.lang.invoke.MethodHandleImpl$AsVarargsCollector
 105:            77           4960  [Ljava.lang.reflect.Method;
 106:           205           4920  java.lang.invoke.LambdaForm$NamedFunction
 107:           201           4824  javax.management.ImmutableDescriptor
 108:           301           4816  com.typesafe.config.impl.SimpleConfig
 109:           115           4600  java.io.ObjectStreamClass$FieldReflectorKey
 110:            94           4512  java.lang.invoke.BoundMethodHandle$Species_L4
 111:           184           4416  java.time.LocalDateTime
 112:           275           4400  java.util.HashMap$Values
 113:           183           4392  sun.reflect.generics.tree.SimpleClassTypeSignature
 114:             8           4288  [Lorg.apache.flink.runtime.state.heap.HeapPriorityQueueElement;
 115:           178           4272  org.apache.logging.log4j.message.DefaultFlowMessageFactory
 116:           178           4272  org.apache.logging.log4j.spi.AbstractLogger$LocalLogBuilder
 117:           177           4248  java.util.concurrent.CompletableFuture
 118:             8           4224  [Ljava.util.HashMap;
 119:            11           4224  akka.dispatch.MonitorableThreadFactory$AkkaForkJoinWorkerThread
 120:           176           4224  java.util.LinkedList$Node
 121:           176           4224  org.apache.logging.slf4j.Log4jLogger
 122:           130           4160  com.sun.jmx.mbeanserver.ConvertingMethod
 123:             2           4128  [Lakka.actor.LightArrayRevolverScheduler$TaskQueue;
 124:             2           4128  [Lorg.jboss.netty.util.HashedWheelTimer$HashedWheelBucket;
 125:           119           4096  [Lscala.collection.immutable.HashMap;
 126:           256           4096  java.lang.Byte
 127:           256           4096  java.lang.Short
 128:            23           4048  [Lorg.apache.flink.shaded.netty4.io.netty.buffer.PoolSubpage;
 129:           165           3960  [Ljava.util.Map;
 130:           163           3912  java.util.concurrent.locks.AbstractQueuedSynchronizer$ConditionObject
 131:            97           3880  java.io.ObjectStreamClass$FieldReflector
 132:           242           3872  java.util.concurrent.atomic.AtomicInteger
 133:            96           3840  java.util.TreeMap$Entry
 134:           119           3808  java.lang.ref.ReferenceQueue
 135:            79           3792  java.util.WeakHashMap
 136:           158           3792  org.apache.flink.metrics.SimpleCounter
 137:           117           3744  java.lang.ref.WeakReference
 138:           231           3696  java.util.HashMap$KeySet
 139:           227           3632  [Ljava.security.Principal;
 140:           227           3632  java.security.ProtectionDomain$Key
 141:           148           3552  sun.reflect.annotation.AnnotationInvocationHandler
 142:            40           3520  akka.actor.ActorCell
 143:            47           3512  [Ljava.lang.invoke.MethodHandle;
 144:           214           3424  java.util.concurrent.locks.ReentrantLock
 145:           142           3408  com.typesafe.config.impl.ConfigInt
 146:            60           3360  sun.nio.cs.UTF_8$Encoder
 147:            22           3344  org.apache.flink.shaded.netty4.io.netty.buffer.PoolArena$DirectArena
 148:           183           3328  [Lsun.reflect.generics.tree.TypeArgument;
 149:           101           3232  java.lang.invoke.DirectMethodHandle$Special
 150:           100           3200  java.util.LinkedList
 151:            63           3160  [Ljavax.management.MBeanAttributeInfo;
 152:            62           2976  javax.management.MBeanInfo
 153:            92           2944  org.apache.flink.shaded.netty4.io.netty.util.internal.LongAdderCounter
 154:           182           2912  sun.reflect.generics.tree.ClassTypeSignature
 155:           121           2904  scala.concurrent.duration.FiniteDuration
 156:            45           2880  javax.management.openmbean.OpenMBeanAttributeInfoSupport
 157:           120           2880  org.apache.flink.shaded.netty4.io.netty.channel.unix.FileDescriptor
 158:           119           2856  scala.collection.immutable.HashMap$HashTrieMap
 159:           118           2832  java.lang.Class$AnnotationData
 160:           177           2832  org.apache.logging.log4j.message.ReusableMessageFactory
 161:            88           2816  javax.management.MBeanAttributeInfo
 162:            34           2720  java.util.concurrent.ThreadPoolExecutor
 163:           110           2640  java.util.concurrent.atomic.AtomicLong
 164:            54           2592  sun.net.www.MimeEntry
 165:           137           2568  [Lcom.sun.jmx.mbeanserver.MXBeanMapping;
 166:            80           2560  org.apache.flink.runtime.metrics.dump.QueryScopeInfo$TaskQueryScopeInfo
 167:            95           2528  [Ljavax.management.ObjectName$Property;
 168:           155           2480  sun.reflect.BootstrapConstructorAccessorImpl
 169:           103           2472  java.time.LocalDate
 170:            76           2432  java.util.concurrent.locks.AbstractQueuedSynchronizer$Node
 171:           101           2424  java.util.Arrays$ArrayList
 172:            39           2416  [Ljava.math.BigInteger;
 173:           149           2384  java.util.HashMap$EntrySet
 174:            74           2368  akka.actor.ChildActorPath
 175:            97           2328  javax.management.ObjectName$Property
 176:            56           2320  [Ljava.lang.reflect.Field;
 177:             6           2304  org.apache.flink.streaming.runtime.tasks.SourceStreamTask$LegacySourceFunctionThread
 178:            93           2248  [Ljava.lang.reflect.Constructor;
 179:            94           2240  [Ljava.lang.reflect.Type;
 180:            91           2184  java.util.ArrayDeque
 181:            27           2160  [Ljava.util.concurrent.RunnableScheduledFuture;
 182:            89           2136  sun.reflect.NativeConstructorAccessorImpl
 183:            53           2120  sun.reflect.UnsafeQualifiedStaticLongFieldAccessorImpl
 184:             4           2112  [Lorg.apache.flink.runtime.state.heap.StateMap;
 185:            66           2112  java.util.concurrent.CountDownLatch$Sync
 186:            22           2112  java.util.jar.JarFile$JarFileEntry
 187:            44           2112  sun.util.locale.LocaleObjectCache$CacheEntry
 188:            52           2080  java.util.Collections$SingletonMap
 189:           128           2048  java.lang.Character
 190:            36           2016  sun.misc.URLClassPath$JarLoader
 191:            83           1992  java.util.concurrent.ConcurrentLinkedQueue$Node
 192:            81           1944  org.apache.flink.configuration.FallbackKey
 193:           121           1936  java.lang.ref.ReferenceQueue$Lock
 194:            48           1920  javax.management.ObjectName
 195:            80           1920  org.apache.flink.core.fs.CloseableRegistry
 196:            10           1920  org.apache.flink.runtime.taskmanager.Task
 197:            40           1920  org.apache.flink.shaded.netty4.io.netty.util.collection.IntObjectHashMap
 198:            18           1872  org.apache.logging.log4j.core.impl.MutableLogEvent
 199:            77           1848  [Lorg.apache.flink.configuration.FallbackKey;
 200:            20           1760  org.apache.flink.streaming.runtime.tasks.SystemProcessingTimeService$ScheduledTaskExecutor
 201:            36           1728  java.nio.HeapByteBuffer
 202:            54           1728  org.apache.flink.streaming.runtime.tasks.mailbox.MailboxExecutorImpl
 203:            30           1680  java.security.Provider$Service
 204:            21           1680  org.apache.logging.log4j.core.util.datetime.FixedDateFormat
 205:            69           1656  java.security.Provider$ServiceKey
 206:            69           1656  java.util.jar.Attributes$Name
 207:            41           1640  org.apache.flink.runtime.state.heap.CopyOnWriteStateMap$StateMapEntry
 208:            40           1600  sun.management.DiagnosticCommandArgumentInfo
 209:            99           1584  java.util.Collections$SingletonSet
 210:            33           1584  java.util.concurrent.ThreadPoolExecutor$Worker
 211:            33           1584  java.util.zip.Inflater
 212:             1           1568  [[B
 213:             4           1568  org.apache.flink.runtime.io.network.api.writer.RecordWriter$OutputFlusher
 214:            49           1568  org.apache.flink.shaded.netty4.io.netty.channel.ChannelOption
 215:            98           1568  sun.reflect.DelegatingConstructorAccessorImpl
 216:            49           1568  sun.reflect.generics.repository.ClassRepository
 217:             5           1560  akka.dispatch.ForkJoinExecutorConfigurator$AkkaForkJoinPool
 218:            24           1536  java.util.jar.JarFile
 219:            32           1536  java.util.logging.LogManager$LoggerWeakRef
 220:            48           1536  org.apache.flink.streaming.api.windowing.windows.TimeWindow
 221:            38           1520  akka.actor.Deploy
 222:            26           1456  sun.util.calendar.ZoneInfo
 223:            36           1440  java.security.AccessControlContext
 224:            30           1440  java.time.temporal.ValueRange
 225:            44           1408  org.apache.flink.runtime.jobgraph.OperatorID
 226:            22           1408  org.apache.flink.runtime.metrics.groups.InternalOperatorMetricGroup
 227:            22           1408  org.apache.flink.streaming.api.operators.StreamingRuntimeContext
 228:             1           1376  [Lsun.misc.FDBigInteger;
 229:            43           1376  akka.actor.Props
 230:            42           1344  org.apache.flink.shaded.netty4.io.netty.util.concurrent.DefaultPromise
 231:            54           1296  java.io.ObjectStreamClass$ClassDataSlot
 232:            54           1296  sun.reflect.generics.factory.CoreReflectionFactory
 233:            16           1280  [Lscala.collection.mutable.HashEntry;
 234:            40           1280  akka.dispatch.Dispatcher$$anon$1
 235:            32           1280  java.lang.invoke.DirectMethodHandle$Interface
 236:            10           1280  org.apache.flink.runtime.taskmanager.RuntimeEnvironment
 237:            40           1280  org.apache.flink.shaded.netty4.io.netty.channel.epoll.EpollEventArray
 238:            40           1280  org.apache.flink.streaming.api.operators.TimerHeapInternalTimer
 239:            40           1280  org.apache.logging.log4j.core.config.builder.api.Component
 240:            32           1280  sun.nio.cs.UTF_8$Decoder
 241:            53           1272  java.lang.ThreadLocal$ThreadLocalMap
 242:            79           1264  scala.Some
 243:            39           1248  java.io.File
 244:            31           1240  akka.actor.Address
 245:            38           1216  akka.actor.ChildRestartStats
 246:            38           1216  org.apache.flink.configuration.MemorySize
 247:            50           1200  akka.actor.LightArrayRevolverScheduler$TaskHolder
 248:            30           1200  java.math.BigDecimal
 249:            30           1200  java.time.temporal.ChronoField
 250:            37           1184  java.util.regex.Pattern$Curly
 251:            21           1176  org.apache.logging.log4j.core.util.datetime.FixedDateFormat$FixedFormat
 252:            49           1176  sun.reflect.generics.reflectiveObjects.ParameterizedTypeImpl
 253:            49           1176  sun.reflect.generics.tree.ClassSignature
 254:            47           1168  [Ljavax.management.MBeanOperationInfo;
 255:            49           1168  [Lsun.reflect.generics.tree.ClassTypeSignature;
 256:            48           1152  sun.reflect.generics.scope.ClassScope
 257:            47           1128  com.typesafe.config.impl.Path
 258:            47           1128  com.typesafe.config.impl.SimpleConfigList
 259:            10           1120  org.apache.flink.api.common.ExecutionConfig
 260:            23           1104  sun.management.DiagnosticCommandInfo
 261:            15           1080  java.util.logging.Logger
 262:            15           1080  org.apache.logging.log4j.core.config.LoggerConfig
 263:             2           1056  [Ljava.util.TimerTask;
 264:            44           1056  com.sun.jmx.mbeanserver.NamedObject
 265:            66           1056  com.sun.proxy.$Proxy1
 266:            66           1056  java.util.concurrent.CountDownLatch
 267:            44           1056  org.apache.flink.api.common.eventtime.CombinedWatermarkStatus$PartialWatermark
 268:            22           1056  org.apache.flink.runtime.state.DefaultOperatorStateBackend
 269:             1           1040  [Ljava.lang.Byte;
 270:             1           1040  [Ljava.lang.Integer;
 271:             1           1040  [Ljava.lang.Long;
 272:             1           1040  [Ljava.lang.Short;
 273:            65           1040  java.util.LinkedHashSet
 274:            41           1024  [Lorg.apache.flink.configuration.description.InlineElement;
 275:            32           1024  java.util.concurrent.FutureTask
 276:            32           1024  scala.collection.immutable.RedBlackTree$BlackTree
 277:            42           1016  [Ljava.io.ObjectStreamClass$ClassDataSlot;
 278:            21           1008  java.util.concurrent.LinkedBlockingQueue
 279:            14           1008  java.util.regex.Pattern
 280:             6           1008  org.apache.flink.streaming.runtime.tasks.SourceStreamTask
 281:            31            992  java.util.logging.LogManager$LogNode
 282:            31            992  java.util.zip.ZipCoder
 283:            31            992  javax.management.MBeanParameterInfo
 284:            31            992  org.apache.flink.api.common.JobID
 285:            41            984  java.util.Collections$UnmodifiableRandomAccessList
 286:            41            984  java.util.regex.Pattern$GroupHead
 287:            41            984  java.util.regex.Pattern$GroupTail
 288:            20            960  akka.actor.RepointableActorRef
 289:            30            960  java.security.Provider$EngineDescription
 290:            40            960  org.apache.flink.shaded.netty4.io.netty.util.internal.ThreadExecutorMap$1
 291:            20            960  sun.misc.URLClassPath
 292:            29            952  [Ljava.time.format.DateTimeFormatterBuilder$DateTimePrinterParser;
 293:            55            952  [Lsun.reflect.generics.tree.FormalTypeParameter;
 294:            58            928  sun.reflect.DelegatingMethodAccessorImpl
 295:            38            912  akka.dispatch.UnboundedMailbox$MessageQueue
 296:            38            912  java.io.ObjectStreamClass$ExceptionInfo
 297:            19            912  java.nio.HeapCharBuffer
 298:            38            912  java.time.Duration
 299:             9            896  [D
 300:            56            896  java.util.LinkedHashMap$LinkedKeySet
 301:            28            896  org.apache.flink.util.concurrent.ExecutorThreadFactory
 302:            37            888  java.lang.StringBuilder
 303:            10            880  akka.dispatch.Dispatcher
 304:            22            880  javax.management.MBeanOperationInfo
 305:            22            880  org.apache.flink.runtime.metrics.groups.InternalOperatorIOMetricGroup
 306:            22            880  org.apache.flink.streaming.api.operators.StreamTaskStateInitializerImpl$StreamOperatorStateContextImpl
 307:            22            880  org.apache.flink.streaming.runtime.tasks.StreamOperatorWrapper
 308:            22            880  org.apache.flink.streaming.util.LatencyStats
 309:            22            880  sun.util.locale.BaseLocale$Key
 310:            27            864  java.util.concurrent.ScheduledThreadPoolExecutor$DelayedWorkQueue
 311:            18            864  org.apache.logging.log4j.message.ReusableParameterizedMessage
 312:            12            864  sun.nio.ch.EPollArrayWrapper
 313:            12            864  sun.nio.ch.EPollSelectorImpl
 314:            15            840  javax.management.openmbean.ArrayType
 315:            21            840  org.apache.logging.log4j.core.pattern.DatePatternConverter$FixedFormatter
 316:            26            832  java.lang.reflect.WeakCache$CacheValue
 317:            26            832  java.time.format.DateTimeFormatterBuilder$NumberPrinterParser
 318:            26            832  org.apache.flink.util.AbstractID
 319:            34            816  java.lang.ProcessEnvironment$Value
 320:            34            816  java.lang.ProcessEnvironment$Variable
 321:            51            816  java.lang.ThreadLocal
 322:            34            816  java.util.concurrent.CopyOnWriteArrayList
 323:            34            816  org.apache.flink.shaded.netty4.io.netty.util.internal.logging.LocationAwareSlf4JLogger
 324:            20            800  com.sun.jmx.mbeanserver.MXBeanSupport
 325:            20            800  org.apache.flink.runtime.metrics.TimerGauge
 326:            10            800  org.apache.flink.runtime.metrics.groups.TaskMetricGroup
 327:            33            792  java.util.Collections$SingletonList
 328:            11            792  java.util.concurrent.ScheduledThreadPoolExecutor$ScheduledFutureTask
 329:            33            792  java.util.zip.ZStreamRef
 330:            49            784  com.sun.proxy.$Proxy2
 331:            14            784  scala.collection.immutable.Vector
 332:             3            768  [Ljava.time.LocalDateTime;
 333:            32            768  akka.actor.Scheduler$$anon$6
 334:            32            768  com.sun.jmx.mbeanserver.DefaultMXBeanMappingFactory$IdentityMapping
 335:            32            768  com.typesafe.config.impl.ConfigBoolean
 336:            24            768  java.lang.reflect.Proxy$Key1
 337:             2            768  java.util.TimerThread
 338:            24            768  java.util.regex.Pattern$Branch
 339:             8            768  org.apache.flink.runtime.execution.librarycache.FlinkUserCodeClassLoaders$ParentFirstClassLoader
 340:             8            768  org.apache.flink.runtime.execution.librarycache.FlinkUserCodeClassLoaders$SafetyNetWrapperClassLoader
 341:            32            768  org.apache.flink.runtime.rpc.messages.RunAsync
 342:            24            768  org.apache.flink.streaming.runtime.streamrecord.StreamRecord
 343:            32            768  scala.collection.immutable.HashSet$HashSet1
 344:             2            752  org.apache.logging.log4j.core.util.Log4jThread
 345:            23            736  java.util.concurrent.atomic.AtomicReferenceFieldUpdater$AtomicReferenceFieldUpdaterImpl
 346:            23            736  sun.management.DiagnosticCommandImpl$Wrapper
 347:            30            720  java.lang.invoke.Invokers
 348:            15            720  java.lang.management.PlatformComponent
 349:            45            720  java.util.concurrent.atomic.AtomicReference
 350:            10            720  org.apache.flink.runtime.metrics.groups.TaskIOMetricGroup
 351:            10            720  org.apache.flink.streaming.runtime.tasks.SubtaskCheckpointCoordinatorImpl
 352:            30            720  scala.collection.mutable.DefaultEntry
 353:            22            704  org.apache.flink.api.common.eventtime.CombinedWatermarkStatus
 354:            22            704  org.apache.flink.runtime.metrics.dump.QueryScopeInfo$OperatorQueryScopeInfo
 355:            22            704  org.apache.flink.runtime.state.SnapshotStrategyRunner
 356:            44            704  org.apache.flink.streaming.api.graph.StreamConfig
 357:            22            704  org.apache.flink.streaming.api.operators.StreamOperatorStateHandler
 358:            22            704  org.apache.flink.streaming.runtime.tasks.ProcessingTimeServiceImpl
 359:            22            704  sun.reflect.annotation.AnnotationType
 360:            22            704  sun.util.locale.BaseLocale
 361:            29            696  java.time.format.DateTimeFormatterBuilder$CompositePrinterParser
 362:            17            680  com.sun.jmx.mbeanserver.PerInterface
 363:            17            680  com.typesafe.config.impl.SimpleConfig$MemoryUnit
 364:            17            680  java.time.format.DateTimeFormatter
 365:            17            680  java.util.IdentityHashMap
 366:            17            680  java.util.concurrent.CompletableFuture$UniWhenComplete
 367:            21            672  com.sun.jmx.mbeanserver.WeakIdentityHashMap$IdentityWeakReference
 368:            42            672  java.lang.Boolean
 369:            28            672  java.security.Provider$UString
 370:            21            672  java.util.Stack
 371:             4            656  [Ljava.lang.Thread;
 372:            27            648  java.time.LocalTime
 373:            16            640  akka.util.SubclassifiedIndex$Nonroot
 374:            20            640  java.net.InetAddress$InetAddressHolder
 375:            20            640  java.util.Locale
 376:            20            640  org.apache.flink.runtime.metrics.groups.TaskIOMetricGroup$SumCounter
 377:            20            640  org.apache.flink.runtime.state.StateSerializerProvider$EagerlyRegisteredStateSerializerProvider
 378:            40            640  org.apache.flink.shaded.netty4.io.netty.channel.epoll.EpollEventLoop$1
 379:            40            640  org.apache.flink.shaded.netty4.io.netty.util.collection.IntObjectHashMap$1
 380:            40            640  org.apache.flink.shaded.netty4.io.netty.util.collection.IntObjectHashMap$EntrySet
 381:            40            640  org.apache.flink.shaded.netty4.io.netty.util.collection.IntObjectHashMap$KeySet
 382:             4            640  org.apache.flink.streaming.runtime.tasks.OneInputStreamTask
 383:            10            640  org.apache.flink.streaming.runtime.tasks.SubtaskCheckpointCoordinatorImpl$1
 384:            20            640  org.apache.flink.streaming.runtime.tasks.SystemProcessingTimeService
 385:            16            640  org.jboss.netty.util.internal.ConcurrentIdentityWeakKeyHashMap$Segment
 386:             3            624  [Ljava.lang.invoke.LambdaForm;
 387:            26            624  [Ljavax.management.MBeanParameterInfo;
 388:            26            624  akka.actor.ArgsReflectConstructor
 389:            26            624  akka.dispatch.CachingConfig$StringPathEntry
 390:            26            624  java.util.BitSet
 391:            39            624  java.util.jar.Attributes
 392:            26            624  org.apache.flink.streaming.runtime.metrics.WatermarkGauge
 393:            26            624  sun.reflect.NativeMethodAccessorImpl
 394:            19            608  java.security.Permissions
 395:            19            608  sun.nio.fs.UnixPath
 396:            25            600  com.sun.jmx.mbeanserver.PerInterface$MethodAndSig
 397:            15            600  java.lang.invoke.MethodHandleImpl$IntrinsicMethodHandle
 398:            24            592  [Ljava.util.regex.Pattern$Node;
 399:            37            592  org.apache.flink.configuration.description.LineBreakElement
 400:            23            584  [Ljava.security.ProtectionDomain;
 401:            26            584  [Ljavax.management.MBeanNotificationInfo;
 402:            18            576  java.io.FileDescriptor
 403:            24            576  java.util.AbstractMap$SimpleImmutableEntry
 404:            18            576  java.util.concurrent.SynchronousQueue
 405:             8            576  org.apache.flink.api.java.typeutils.runtime.kryo.KryoSerializer
 406:             4            576  org.apache.flink.streaming.runtime.operators.windowing.WindowOperator
 407:             7            560  java.util.concurrent.ScheduledThreadPoolExecutor
 408:            14            560  javax.management.openmbean.SimpleType
 409:            10            560  org.apache.flink.streaming.runtime.tasks.RegularOperatorChain
 410:            10            560  sun.invoke.util.Wrapper
 411:             7            560  sun.net.www.protocol.jar.URLJarFile
 412:            23            552  [Lsun.management.DiagnosticCommandArgumentInfo;
 413:            23            552  java.util.concurrent.LinkedBlockingQueue$Node
 414:            17            544  java.io.FilePermission
 415:             1            528  [Ljava.lang.Character;
 416:            22            528  [Lorg.apache.flink.api.common.eventtime.CombinedWatermarkStatus$PartialWatermark;
 417:            22            528  com.sun.jmx.mbeanserver.StandardMBeanSupport
 418:            22            528  java.lang.Double
 419:            33            528  java.util.LinkedHashMap$LinkedEntrySet
 420:            22            528  java.util.regex.Pattern$BitClass
 421:            22            528  org.apache.flink.api.common.eventtime.IndexedCombinedWatermarkStatus
 422:            33            528  org.apache.flink.configuration.Configuration
 423:            22            528  org.apache.flink.runtime.state.DefaultOperatorStateBackendSnapshotStrategy
 424:            22            528  org.apache.flink.streaming.api.operators.CountingOutput
 425:            22            528  org.apache.flink.streaming.api.operators.StreamTaskStateInitializerImpl$1
 426:            22            528  org.apache.flink.streaming.api.operators.StreamTaskStateInitializerImpl$2
 427:            22            528  org.apache.flink.streaming.runtime.tasks.StreamTask$$Lambda$637/2094958888
 428:            22            528  org.apache.logging.log4j.core.pattern.PatternFormatter
 429:            16            512  akka.event.BusLogging
 430:             4            512  akka.remote.RemoteSettings
 431:            16            512  java.time.temporal.ChronoUnit
 432:            16            512  org.apache.flink.api.java.typeutils.runtime.KryoRegistration
 433:            16            512  org.apache.flink.api.java.typeutils.runtime.TupleSerializer
 434:            16            512  org.apache.flink.runtime.clusterframework.types.AllocationID
 435:             8            512  org.apache.flink.runtime.io.network.buffer.LocalBufferPool
 436:             8            512  org.apache.flink.runtime.taskexecutor.DefaultJobLeaderService$JobManagerRetryingRegistration
 437:             8            512  org.jboss.netty.channel.socket.nio.NioWorker
 438:            21            504  java.util.Locale$LocaleKey
 439:            21            504  java.util.concurrent.Executors$RunnableAdapter
 440:             9            504  javax.management.openmbean.CompositeType
 441:            21            504  org.apache.flink.runtime.metrics.dump.QueryScopeInfo$TaskManagerQueryScopeInfo
 442:             9            504  org.apache.flink.runtime.rpc.akka.FencedAkkaInvocationHandler
 443:            21            504  scala.collection.immutable.TreeMap
 444:            31            496  java.util.Optional
 445:            15            480  akka.actor.OneForOneStrategy
 446:            15            480  java.util.Random
 447:            12            480  java.util.concurrent.CompletableFuture$UniRun
 448:            20            480  org.apache.flink.runtime.io.network.metrics.CreditBasedInputBuffersUsageGauge
 449:             4            480  org.apache.flink.runtime.io.network.partition.PipelinedResultPartition
 450:             4            480  org.apache.flink.runtime.io.network.partition.consumer.SingleInputGate
 451:            20            480  org.apache.flink.runtime.taskmanager.DispatcherThreadFactory
 452:            10            480  org.apache.flink.runtime.throughput.ThroughputCalculator
 453:             6            480  org.apache.flink.streaming.api.operators.StreamSink
 454:             6            480  org.apache.flink.streaming.api.operators.StreamSource
 455:            12            480  org.apache.flink.streaming.runtime.tasks.CopyingChainingOutput
 456:            10            480  org.apache.logging.log4j.core.lookup.ConfigurationStrSubstitutor
 457:            20            480  scala.PartialFunction$OrElse
 458:            12            480  scala.collection.mutable.HashMap
 459:            15            480  sun.nio.fs.NativeBuffer
 460:             6            456  [Lsun.invoke.util.Wrapper;
 461:            19            456  java.util.regex.Pattern$Ctype
 462:             4            448  [Ljava.time.ZoneOffset;
 463:            14            448  akka.actor.RootActorPath
 464:            14            448  akka.event.MarkerLoggingAdapter
 465:             8            448  javax.management.openmbean.OpenMBeanParameterInfoSupport
 466:             7            448  org.apache.flink.runtime.heartbeat.HeartbeatMonitorImpl
 467:            14            448  org.apache.logging.log4j.core.config.AwaitCompletionReliabilityStrategy
 468:            28            448  scala.collection.immutable.Set$Set1
 469:            22            432  [Ljavax.management.MBeanConstructorInfo;
 470:            18            432  akka.actor.LocalActorRef
 471:             9            432  akka.remote.RemoteActorRef
 472:            18            432  java.lang.RuntimePermission
 473:             9            432  java.util.Properties
 474:             6            432  org.apache.flink.streaming.api.operators.StreamMap
 475:            18            432  org.apache.logging.log4j.core.time.MutableInstant
 476:            20            424  [Lsun.reflect.generics.tree.FieldTypeSignature;
 477:            13            416  akka.dispatch.MonitorableThreadFactory
 478:            13            416  java.lang.invoke.SimpleMethodHandle
 479:            13            416  javax.management.MBeanNotificationInfo
 480:            17            408  com.typesafe.config.impl.TokenType
 481:            17            408  java.io.FilePermissionCollection
 482:            17            408  java.lang.management.ManagementPermission
 483:            10            400  java.lang.invoke.DirectMethodHandle$Accessor
 484:             5            400  java.net.URI
 485:            10            400  java.util.EnumMap
 486:            10            400  java.util.concurrent.CompletableFuture$UniApply
 487:            10            400  org.apache.flink.api.common.TaskInfo
 488:            25            400  org.apache.flink.api.common.typeutils.base.StringSerializer
 489:            25            400  org.apache.flink.runtime.io.AvailabilityProvider$AvailabilityHelper
 490:            10            400  org.apache.flink.runtime.state.TaskStateManagerImpl
 491:            10            400  org.apache.flink.streaming.runtime.tasks.mailbox.TaskMailboxImpl
 492:            10            400  org.apache.flink.util.XORShiftRandom
 493:             7            392  java.util.zip.ZipFile$ZipFileInflaterInputStream
 494:             7            392  java.util.zip.ZipFile$ZipFileInputStream
 495:            16            384  [Lorg.apache.flink.api.common.typeutils.TypeSerializer;
 496:            20            384  [Lorg.apache.flink.runtime.io.network.partition.ResultPartition;
 497:            20            384  [Lorg.apache.flink.runtime.io.network.partition.consumer.SingleInputGate;
 498:            16            384  [Lorg.jboss.netty.util.internal.ConcurrentIdentityWeakKeyHashMap$HashEntry;
 499:            12            384  akka.actor.Scheduler$$anon$1$$anon$2
 500:             1            384  java.lang.ref.Finalizer$FinalizerThread
 501:            16            384  java.util.Collections$SetFromMap
 502:            12            384  java.util.UUID
 503:            16            384  java.util.concurrent.ConcurrentLinkedQueue
 504:             1            384  java.util.logging.LogManager$Cleaner
 505:            24            384  java.util.regex.Pattern$BranchConn
 506:            16            384  java.util.regex.Pattern$Ques
 507:             1            384  org.apache.flink.core.fs.SafetyNetCloseableRegistry$CloseableReaperThread
 508:             1            384  org.apache.flink.runtime.io.disk.iomanager.IOManagerAsync$ReaderThread
 509:             1            384  org.apache.flink.runtime.io.disk.iomanager.IOManagerAsync$WriterThread
 510:            12            384  org.apache.flink.runtime.jobgraph.IntermediateDataSetID
 511:             6            384  org.apache.flink.runtime.metrics.groups.TaskManagerJobMetricGroup
 512:             4            384  org.apache.flink.runtime.state.heap.HeapKeyedStateBackend
 513:             8            384  org.apache.flink.runtime.taskexecutor.DefaultJobLeaderService$JobManagerLeaderListener$JobManagerRegisteredRpcConnection
 514:             1            384  org.apache.flink.runtime.util.JvmShutdownSafeguard
 515:            24            384  org.apache.logging.log4j.core.lookup.SystemPropertiesLookup
 516:            16            384  scala.collection.immutable.Map$Map1
 517:            16            384  sun.misc.MetaIndex
 518:            12            384  sun.nio.ch.AllocatedNativeObject
 519:            16            384  sun.nio.ch.OptionKey
 520:            16            384  sun.nio.ch.SocketOptionRegistry$RegistryKey
 521:             1            376  java.lang.ref.Reference$ReferenceHandler
 522:             2            368  akka.remote.serialization.MiscMessageSerializer
 523:            23            368  java.time.format.DateTimeFormatterBuilder$CharLiteralPrinterParser
 524:            23            368  java.util.Collections$UnmodifiableSet
 525:            15            360  java.net.InetSocketAddress$InetSocketAddressHolder
 526:            15            360  java.util.regex.Pattern$SingleI
 527:            15            360  javax.management.StandardMBean
 528:            15            360  sun.nio.fs.NativeBuffer$Deallocator
 529:             2            352  akka.remote.EndpointWriter
 530:            22            352  akka.util.Timeout
 531:            11            352  java.util.regex.Pattern$3
 532:            22            352  org.apache.flink.api.common.cache.DistributedCache
 533:            22            352  org.apache.flink.runtime.state.JavaSerializer
 534:            11            352  sun.reflect.generics.reflectiveObjects.TypeVariableImpl
 535:            14            336  [Ljava.io.File;
 536:             7            336  com.sun.jmx.mbeanserver.DefaultMXBeanMappingFactory$CompositeMapping
 537:            14            336  java.lang.invoke.LambdaFormEditor$Transform$Kind
 538:             3            336  java.net.SocksSocketImpl
 539:             6            336  java.nio.DirectLongBufferU
 540:            14            336  java.util.Collections$SynchronizedSet
 541:            14            336  java.util.regex.Pattern$Single
 542:             2            336  org.apache.logging.log4j.core.config.properties.PropertiesConfiguration
 543:            14            336  org.apache.logging.log4j.core.jmx.LoggerConfigAdmin
 544:            14            336  org.jboss.netty.util.ThreadRenamingRunnable
 545:            14            336  scala.collection.generic.GenTraversableFactory$$anon$1
 546:             6            336  sun.management.MemoryPoolImpl
 547:            16            328  [Ljava.lang.management.PlatformComponent;
 548:            20            320  akka.actor.dungeon.ChildrenContainer$NormalChildrenContainer
 549:            10            320  akka.dispatch.Dispatcher$LazyExecutorServiceDelegate
 550:            10            320  com.typesafe.config.impl.ConfigDouble
 551:            10            320  com.typesafe.config.impl.Token
 552:            10            320  java.lang.OutOfMemoryError
 553:             8            320  java.lang.invoke.DirectMethodHandle$Constructor
 554:            10            320  java.util.concurrent.atomic.AtomicIntegerFieldUpdater$AtomicIntegerFieldUpdaterImpl
 555:             8            320  org.apache.flink.runtime.clusterframework.types.ResourceProfile
 556:             4            320  org.apache.flink.runtime.io.network.api.serialization.SpanningWrapper
 557:            20            320  org.apache.flink.runtime.io.network.metrics.ExclusiveBuffersUsageGauge
 558:            20            320  org.apache.flink.runtime.io.network.metrics.FloatingBuffersUsageGauge
 559:            20            320  org.apache.flink.runtime.io.network.metrics.InputBuffersGauge
 560:            20            320  org.apache.flink.runtime.io.network.metrics.OutputBufferPoolUsageGauge
 561:            20            320  org.apache.flink.runtime.io.network.metrics.OutputBuffersGauge
 562:            10            320  org.apache.flink.runtime.jobgraph.JobVertexID
 563:            10            320  org.apache.flink.runtime.query.TaskKvStateRegistry
 564:            10            320  org.apache.flink.runtime.state.LocalRecoveryDirectoryProviderImpl
 565:             8            320  org.apache.flink.runtime.state.heap.HeapPriorityQueueSet
 566:            10            320  org.apache.flink.runtime.state.memory.MemoryBackendCheckpointStorageAccess
 567:            10            320  org.apache.flink.runtime.state.metrics.LatencyTrackingStateConfig$Builder
 568:             8            320  org.apache.flink.runtime.taskexecutor.DefaultJobLeaderService$JobManagerLeaderListener
 569:            10            320  org.apache.flink.runtime.taskexecutor.rpc.RpcInputSplitProvider
 570:            10            320  org.apache.flink.runtime.throughput.ThroughputEMA
 571:             4            320  org.apache.flink.streaming.api.operators.InternalTimerServiceImpl
 572:            10            320  org.apache.flink.streaming.api.operators.StreamTaskStateInitializerImpl
 573:             4            320  org.apache.flink.streaming.runtime.io.checkpointing.CheckpointBarrierTracker
 574:            20            320  org.apache.flink.streaming.runtime.tasks.StreamTask$$Lambda$631/1625168412
 575:             8            320  org.apache.flink.streaming.runtime.tasks.SystemProcessingTimeService$ScheduledTask
 576:            10            320  org.apache.flink.streaming.runtime.tasks.mailbox.MailboxProcessor
 577:             8            320  org.jboss.netty.channel.DefaultChannelPipeline$DefaultChannelHandlerContext
 578:            10            320  scala.collection.immutable.Map$Map2
 579:            20            320  scala.concurrent.impl.Promise$DefaultPromise
 580:            13            312  akka.dispatch.CachingConfig$ValuePathEntry
 581:            13            312  java.net.Inet4Address
 582:             1            312  java.util.concurrent.ForkJoinPool
 583:            12            288  akka.actor.Scheduler$$anon$1
 584:            12            288  akka.actor.Scheduler$$anon$3
 585:            12            288  akka.dispatch.CachingConfig
 586:            12            288  akka.japi.pf.UnitCaseStatement
 587:             9            288  java.io.FileInputStream
 588:            12            288  java.time.Month
 589:            12            288  java.time.ZoneOffset
 590:            18            288  java.util.concurrent.SynchronousQueue$TransferStack
 591:             9            288  java.util.logging.Level
 592:            12            288  java.util.regex.Pattern$Start
 593:             9            288  jdk.internal.org.objectweb.asm.Type
 594:            12            288  org.apache.flink.api.common.time.Time
 595:            12            288  org.apache.flink.runtime.blob.PermanentBlobKey
 596:             4            288  org.apache.flink.runtime.io.network.partition.PipelinedSubpartition
 597:             4            288  org.apache.flink.runtime.io.network.partition.consumer.LocalInputChannel
 598:             9            288  org.apache.flink.runtime.leaderretrieval.StandaloneLeaderRetrievalService
 599:             6            288  org.apache.flink.runtime.memory.MemoryManager
 600:             6            288  org.apache.flink.runtime.taskexecutor.slot.TaskSlot
 601:             6            288  org.apache.flink.streaming.api.operators.StreamSourceContexts$ManualWatermarkContext
 602:            12            288  org.apache.logging.log4j.core.lookup.Interpolator
 603:            12            288  org.jboss.netty.util.internal.DeadLockProofWorker$1
 604:             9            288  sun.security.jca.ProviderConfig
 605:             7            280  org.apache.logging.log4j.core.config.Node
 606:            17            272  org.apache.flink.api.common.typeutils.base.IntSerializer
 607:             2            272  org.apache.flink.shaded.netty4.io.netty.util.internal.InternalThreadLocalMap
 608:            17            272  org.jboss.netty.logging.Slf4JLogger
 609:            11            264  akka.util.WildcardTree
 610:            11            264  com.typesafe.config.impl.ConfigReference
 611:            11            264  com.typesafe.config.impl.SubstitutionExpression
 612:            11            264  java.net.StandardSocketOptions$StdSocketOption
 613:            11            264  org.apache.flink.api.common.JobStatus
 614:            11            264  org.apache.flink.runtime.checkpoint.TaskStateSnapshot
 615:            11            264  sun.reflect.generics.tree.FormalTypeParameter
 616:             8            256  [Lsun.nio.fs.NativeBuffer;
 617:             2            256  akka.remote.transport.ProtocolStateActor
 618:             8            256  org.apache.flink.api.common.typeinfo.BasicTypeInfo
 619:             8            256  org.apache.flink.api.common.typeinfo.IntegerTypeInfo
 620:             8            256  org.apache.flink.runtime.execution.librarycache.BlobLibraryCacheManager$LibraryCacheEntry
 621:             8            256  org.apache.flink.runtime.execution.librarycache.BlobLibraryCacheManager$ResolvedClassLoader
 622:             4            256  org.apache.flink.runtime.io.network.buffer.NetworkBuffer
 623:             8            256  org.apache.flink.runtime.jobmaster.JobMasterId
 624:             8            256  org.apache.flink.runtime.state.heap.HeapPriorityQueueSnapshotRestoreWrapper
 625:             8            256  org.apache.flink.runtime.taskexecutor.DefaultJobTable$JobOrConnection
 626:             8            256  org.jboss.netty.channel.socket.nio.SocketReceiveBufferAllocator
 627:             8            256  sun.misc.ProxyGenerator$PrimitiveTypeInfo
 628:             8            248  [Ljava.lang.invoke.LambdaForm$BasicType;
 629:             6            240  [Ljava.lang.invoke.BoundMethodHandle$SpeciesData;
 630:             5            240  [Ljava.util.concurrent.ForkJoinPool$WorkQueue;
 631:            14            240  [Lorg.apache.logging.log4j.core.config.AppenderRef;
 632:             2            240  akka.actor.ActorSystem$Settings
 633:             3            240  akka.dispatch.ThreadPoolConfig$ThreadPoolExecutorServiceFactory$$anon$1
 634:            15            240  com.typesafe.config.impl.ConfigNull
 635:            10            240  java.lang.annotation.ElementType
 636:            15            240  java.net.InetSocketAddress
 637:            10            240  java.nio.file.StandardOpenOption
 638:             5            240  org.apache.commons.cli.Option
 639:            10            240  org.apache.flink.configuration.description.LinkElement
 640:            10            240  org.apache.flink.core.fs.SafetyNetCloseableRegistry
 641:            10            240  org.apache.flink.runtime.accumulators.AccumulatorRegistry
 642:            10            240  org.apache.flink.runtime.checkpoint.channel.SequentialChannelStateReaderImpl
 643:            10            240  org.apache.flink.runtime.execution.ExecutionState
 644:            15            240  org.apache.flink.runtime.rpc.akka.RemoteAddressExtension
 645:            15            240  org.apache.flink.runtime.rpc.akka.RemoteAddressExtension$RemoteAddressExtensionImpl
 646:            10            240  org.apache.flink.runtime.state.LocalRecoveryConfig
 647:            10            240  org.apache.flink.runtime.state.TaskExecutorLocalStateStoresManager$JobVertexSubtaskKey
 648:            10            240  org.apache.flink.runtime.state.storage.ExternalizedSnapshotLocation
 649:            10            240  org.apache.flink.runtime.state.storage.JobManagerCheckpointStorage
 650:             6            240  org.apache.flink.runtime.taskexecutor.DefaultJobTable$EstablishedConnection
 651:            10            240  org.apache.flink.runtime.taskexecutor.TaskExecutor$$Lambda$598/556313092
 652:            10            240  org.apache.flink.runtime.taskexecutor.TaskExecutor$$Lambda$606/565459065
 653:            10            240  org.apache.flink.runtime.taskexecutor.rpc.RpcTaskOperatorEventGateway
 654:            10            240  org.apache.flink.runtime.taskexecutor.slot.TaskSlotTableImpl$TaskSlotMapping
 655:            10            240  org.apache.flink.shaded.guava30.com.google.common.io.Closer
 656:            10            240  org.apache.flink.streaming.runtime.tasks.OperatorEventDispatcherImpl
 657:            10            240  org.apache.flink.streaming.runtime.tasks.SubtaskCheckpointCoordinatorImpl$CachingCheckpointStorageWorkerView
 658:            10            240  org.apache.flink.streaming.runtime.tasks.mailbox.MailboxProcessor$DefaultActionSuspension
 659:            15            240  org.apache.logging.log4j.core.config.AppenderControlArraySet
 660:             6            240  sun.management.MemoryPoolImpl$CollectionSensor
 661:             6            240  sun.management.MemoryPoolImpl$PoolSensor
 662:             6            240  sun.reflect.generics.repository.MethodRepository
 663:             5            240  sun.util.locale.provider.LocaleResources$ResourceReference
 664:             7            232  [Ljava.lang.annotation.ElementType;
 665:             7            224  akka.dispatch.ForkJoinExecutorConfigurator$ForkJoinExecutorServiceFactory
 666:             4            224  akka.remote.artery.ArterySettings
 667:             7            224  java.net.Inet6Address
 668:             7            224  java.net.Inet6Address$Inet6AddressHolder
 669:             7            224  org.apache.flink.runtime.concurrent.ScheduledFutureAdapter
 670:            14            224  org.apache.flink.runtime.executiongraph.ExecutionAttemptID
 671:             4            224  org.apache.flink.runtime.io.network.api.writer.ChannelSelectorRecordWriter
 672:             7            224  org.apache.flink.runtime.io.network.buffer.Buffer$DataType
 673:             2            224  org.apache.flink.runtime.rpc.akka.RobustActorSystem$1
 674:             7            224  org.apache.flink.util.TimeUtils$TimeUnit
 675:             4            224  org.apache.logging.log4j.core.config.ConfigurationSource
 676:             2            224  sun.nio.ch.SocketChannelImpl
 677:             9            216  [Ljava.lang.reflect.TypeVariable;
 678:             9            216  akka.dispatch.DispatcherConfigurator
 679:             9            216  java.nio.file.attribute.PosixFilePermission
 680:             9            216  java.util.logging.Level$KnownLevel
 681:             9            216  java.util.regex.Pattern$1
 682:             9            216  org.apache.logging.log4j.MarkerManager$Log4jMarker
 683:             3            216  sun.security.provider.NativePRNG$RandomIO
 684:             9            216  sun.util.logging.PlatformLogger$Level
 685:             7            208  [Ljava.lang.invoke.LambdaForm$NamedFunction;
 686:             2            208  akka.actor.LocalActorRefProvider
 687:             2            208  akka.remote.RemoteActorRefProvider$RemotingTerminator
 688:            13            208  org.apache.logging.log4j.core.lookup.JmxRuntimeInputArgumentsLookup
 689:            13            208  org.apache.logging.log4j.core.lookup.MapLookup
 690:             5            200  java.lang.ClassLoader$NativeLibrary
 691:             5            200  java.lang.invoke.BoundMethodHandle$SpeciesData
 692:             5            200  java.util.stream.StreamOpFlag
 693:             5            200  sun.misc.FloatingDecimal$BinaryToASCIIBuffer
 694:             8            192  [Ljava.net.URL;
 695:             8            192  [Lorg.apache.flink.metrics.Counter;
 696:            10            192  [Lorg.apache.flink.runtime.io.network.api.writer.ResultPartitionWriter;
 697:            10            192  [Lorg.apache.flink.runtime.io.network.partition.consumer.IndexedInputGate;
 698:             2            192  [Lorg.apache.flink.shaded.netty4.io.netty.util.concurrent.EventExecutor;
 699:            10            192  [Lorg.apache.flink.streaming.runtime.io.RecordWriterOutput;
 700:             8            192  akka.japi.pf.ReceiveBuilder$1
 701:             8            192  akka.remote.EventPublisher
 702:             2            192  akka.remote.ReliableDeliverySupervisor
 703:             6            192  akka.remote.serialization.WrappedPayloadSupport
 704:             6            192  java.lang.StringCoding$StringEncoder
 705:             4            192  java.lang.ThreadGroup
 706:             6            192  java.lang.invoke.LambdaForm$BasicType
 707:             8            192  java.lang.invoke.MethodHandleImpl$Intrinsic
 708:             8            192  java.math.RoundingMode
 709:            12            192  java.nio.channels.spi.AbstractSelector$1
 710:             6            192  java.security.BasicPermissionCollection
 711:             6            192  java.time.format.TextStyle
 712:            12            192  java.util.concurrent.Executors$FinalizableDelegatedExecutorService
 713:             6            192  javax.management.MBeanConstructorInfo
 714:             8            192  jdk.net.SocketFlow$Status
 715:             6            192  org.apache.flink.api.common.functions.util.PrintSinkOutputWriter
 716:             8            192  org.apache.flink.core.memory.DataOutputSerializer
 717:             8            192  org.apache.flink.core.plugin.PluginDescriptor
 718:             8            192  org.apache.flink.runtime.blob.PermanentBlobCache$RefCount
 719:             8            192  org.apache.flink.runtime.checkpoint.channel.InputChannelInfo
 720:             8            192  org.apache.flink.runtime.clusterframework.types.ResourceID
 721:             8            192  org.apache.flink.runtime.execution.librarycache.BlobLibraryCacheManager$DefaultClassLoaderLease
 722:             8            192  org.apache.flink.runtime.io.network.partition.PrioritizedDeque
 723:             8            192  org.apache.flink.runtime.io.network.partition.ResultPartitionID
 724:             8            192  org.apache.flink.runtime.jobgraph.IntermediateResultPartitionID
 725:             6            192  org.apache.flink.runtime.metrics.util.MetricUtils$AttributeGauge
 726:             8            192  org.apache.flink.runtime.state.RegisteredPriorityQueueStateBackendMetaInfo
 727:             4            192  org.apache.flink.runtime.state.heap.HeapReducingState
 728:             8            192  org.apache.flink.runtime.taskexecutor.TaskExecutor$$Lambda$589/1575606977
 729:             8            192  org.apache.flink.runtime.taskexecutor.TaskExecutor$TaskExecutorJobServices
 730:             4            192  org.apache.flink.shaded.guava30.com.google.common.collect.HashMultimap
 731:             4            192  org.apache.flink.streaming.runtime.io.StreamTaskNetworkInput
 732:            12            192  org.apache.flink.streaming.runtime.tasks.OperatorChain$$Lambda$643/1820661558
 733:            12            192  org.apache.flink.streaming.runtime.tasks.OperatorChain$$Lambda$644/1631841581
 734:             8            192  org.apache.flink.util.ShutdownHookUtil$$Lambda$441/1027569178
 735:             8            192  org.apache.logging.log4j.Level
 736:            12            192  org.apache.logging.log4j.core.lookup.DateLookup
 737:            12            192  org.apache.logging.log4j.core.lookup.EnvironmentLookup
 738:            12            192  org.apache.logging.log4j.core.lookup.JavaLookup
 739:            12            192  org.apache.logging.log4j.core.lookup.Log4jLookup
 740:            12            192  org.apache.logging.log4j.core.lookup.LowerLookup
 741:            12            192  org.apache.logging.log4j.core.lookup.MarkerLookup
 742:            12            192  org.apache.logging.log4j.core.lookup.PropertiesLookup
 743:            12            192  org.apache.logging.log4j.core.lookup.UpperLookup
 744:             6            192  org.apache.logging.log4j.core.util.Log4jThreadFactory
 745:             8            192  org.apache.logging.log4j.spi.StandardLevel
 746:             4            192  org.jboss.netty.channel.AbstractChannel$ChannelCloseFuture
 747:             8            192  org.jboss.netty.channel.socket.nio.SocketSendBufferPool
 748:             8            192  org.jboss.netty.channel.socket.nio.SocketSendBufferPool$Preallocation
 749:             8            192  scala.collection.Iterator$$anon$8
 750:             6            192  scala.collection.immutable.RedBlackTree$RedTree
 751:             8            192  sun.misc.JarIndex
 752:             2            192  sun.nio.ch.ServerSocketChannelImpl
 753:            12            192  sun.nio.ch.Util$3
 754:             6            192  sun.reflect.generics.tree.MethodTypeSignature
 755:             2            176  akka.remote.EndpointManager
 756:             2            176  akka.remote.transport.netty.NettyTransportSettings
 757:            11            176  org.apache.logging.log4j.core.util.datetime.FastDateParser$NumberStrategy
 758:            11            176  scala.util.Success
 759:             2            168  [Ljava.lang.ClassValue$Entry;
 760:             1            168  [[Ljava.math.BigInteger;
 761:             7            168  akka.actor.TypedCreatorFunctionConsumer
 762:             7            168  com.sun.management.VMOption$Origin
 763:             3            168  java.lang.invoke.LambdaFormEditor$Transform
 764:             7            168  java.net.NetPermission
 765:             7            168  java.time.DayOfWeek
 766:             7            168  java.util.concurrent.ConcurrentHashMap$KeySetView
 767:             3            168  javax.management.openmbean.OpenMBeanOperationInfoSupport
 768:             7            168  org.apache.flink.api.common.state.StateDescriptor$Type
 769:             7            168  org.apache.flink.runtime.registration.RetryingRegistration$RetryingRegistrationResult
 770:             1            168  org.apache.flink.runtime.taskexecutor.TaskExecutor
 771:             7            168  org.apache.flink.shaded.guava30.com.google.common.collect.ImmutableMapEntry
 772:             4            160  [F
 773:             8            160  [Lorg.apache.flink.runtime.io.network.buffer.BufferRecycler;
 774:             2            160  [[Ljava.lang.String;
 775:            10            160  akka.dispatch.MessageDispatcher$$Lambda$234/695530017
 776:            10            160  akka.dispatch.MessageDispatcher$$anon$3
 777:             2            160  akka.remote.EndpointReader
 778:             2            160  akka.remote.RemoteActorRefProvider
 779:             2            160  akka.remote.RemoteWatcher
 780:             5            160  java.util.Collections$UnmodifiableMap
 781:            10            160  java.util.Formatter$Flags
 782:             5            160  javax.management.StandardEmitterMBean
 783:            10            160  org.apache.flink.api.common.ExecutionConfig$GlobalJobParameters
 784:            10            160  org.apache.flink.api.common.restartstrategy.RestartStrategies$FallbackRestartStrategyConfiguration
 785:             4            160  org.apache.flink.api.common.state.ReducingStateDescriptor
 786:             5            160  org.apache.flink.api.common.state.StateTtlConfig
 787:             5            160  org.apache.flink.configuration.MemorySize$MemoryUnit
 788:            10            160  org.apache.flink.runtime.checkpoint.channel.ChannelStateChunkReader
 789:            10            160  org.apache.flink.runtime.checkpoint.channel.ChannelStateSerializerImpl
 790:             5            160  org.apache.flink.runtime.io.network.partition.ResultPartitionType
 791:            10            160  org.apache.flink.runtime.metrics.groups.TaskIOMetricGroup$$Lambda$597/219362357
 792:            10            160  org.apache.flink.runtime.state.NoOpTaskLocalStateStoreImpl
 793:            10            160  org.apache.flink.runtime.state.hashmap.HashMapStateBackend
 794:             4            160  org.apache.flink.runtime.state.heap.HeapSnapshotStrategy
 795:            10            160  org.apache.flink.runtime.taskexecutor.TaskExecutor$$Lambda$600/1651001769
 796:            10            160  org.apache.flink.runtime.taskmanager.Task$$Lambda$694/1853540223
 797:             4            160  org.apache.flink.streaming.api.windowing.assigners.TumblingProcessingTimeWindows
 798:             4            160  org.apache.flink.streaming.runtime.io.RecordWriterOutput
 799:            10            160  org.apache.flink.streaming.runtime.tasks.StreamTask$$Lambda$626/1333007369
 800:            10            160  org.apache.flink.streaming.runtime.tasks.StreamTask$$Lambda$630/696706785
 801:            10            160  org.apache.flink.streaming.runtime.tasks.StreamTask$StreamTaskAsyncExceptionHandler
 802:            10            160  org.apache.flink.streaming.runtime.tasks.mailbox.MailboxProcessor$MailboxController
 803:            10            160  org.apache.flink.util.SerializedValue
 804:             2            160  org.jboss.netty.handler.codec.frame.LengthFieldBasedFrameDecoder
 805:             4            160  sun.nio.ch.SelectionKeyImpl
 806:             5            160  sun.util.locale.provider.LocaleProviderAdapter$Type
 807:             6            152  [Ljava.util.Map$Entry;
 808:             1            152  org.apache.flink.shaded.netty4.io.netty.buffer.PoolArena$HeapArena
 809:             2            144  [Ljava.math.BigDecimal;
 810:             1            144  [Ljava.util.concurrent.ForkJoinTask$ExceptionNode;
 811:             3            144  [Lorg.apache.flink.shaded.netty4.io.netty.buffer.PoolArena;
 812:             3            144  [Lorg.apache.logging.log4j.core.pattern.PatternFormatter;
 813:             4            144  [Lscala.collection.immutable.HashSet;
 814:             2            144  akka.actor.LightArrayRevolverScheduler
 815:             9            144  akka.actor.NoArgsReflectConstructor
 816:             6            144  akka.remote.SeqNo
 817:             2            144  akka.remote.transport.netty.NettyTransport
 818:             6            144  akka.util.WildcardIndex
 819:             6            144  com.typesafe.config.ConfigValueType
 820:             6            144  com.typesafe.config.impl.ConfigConcatenation
 821:             9            144  java.util.concurrent.ConcurrentHashMap$ValuesView
 822:             3            144  java.util.concurrent.locks.ReentrantReadWriteLock$NonfairSync
 823:             6            144  java.util.regex.Pattern$Slice
 824:             6            144  org.apache.flink.api.common.resources.CPUResource
 825:             6            144  org.apache.flink.runtime.memory.SharedResources
 826:             6            144  org.apache.flink.runtime.memory.UnsafeMemoryBudget
 827:             9            144  org.apache.flink.runtime.rpc.akka.AkkaRpcService$$Lambda$563/1278701753
 828:             6            144  org.apache.flink.runtime.taskexecutor.TaskExecutor$TaskManagerActionsImpl
 829:             6            144  org.apache.flink.runtime.taskexecutor.rpc.RpcResultPartitionConsumableNotifier
 830:             6            144  org.apache.flink.streaming.api.functions.sink.PrintSinkFunction
 831:             6            144  org.apache.flink.streaming.api.operators.StreamSink$SimpleContext
 832:             6            144  org.apache.flink.streaming.runtime.tasks.BroadcastingOutputCollector
 833:             6            144  org.apache.flink.util.OperatingSystem
 834:             6            144  org.apache.logging.log4j.core.LifeCycle$State
 835:             3            144  org.apache.logging.log4j.core.lookup.RuntimeStrSubstitutor
 836:             6            144  org.apache.logging.log4j.core.util.datetime.FastDateParser$StrategyAndWidth
 837:             1            144  org.jboss.netty.channel.socket.nio.NioClientSocketChannel
 838:             2            144  org.jboss.netty.channel.socket.nio.NioServerSocketChannel
 839:             6            144  scala.concurrent.impl.CallbackRunnable
 840:             6            144  sun.misc.PerfCounter
 841:             6            144  sun.reflect.generics.scope.MethodScope
 842:             1            136  [Ljava.time.temporal.ChronoField;
 843:             1            136  org.apache.logging.log4j.core.config.NullConfiguration
 844:             4            128  [Ljava.nio.channels.SelectionKey;
 845:             2            128  [Ljava.time.Month;
 846:             8            128  akka.event.DefaultLoggingFilter
 847:             2            128  akka.serialization.Serialization
 848:             2            128  akka.stream.ActorMaterializerSettings
 849:             2            128  akka.stream.serialization.StreamRefSerializer
 850:             4            128  com.sun.jmx.mbeanserver.DefaultMXBeanMappingFactory$ArrayMapping
 851:             8            128  com.sun.proxy.$Proxy25
 852:             2            128  java.io.ExpiringCache$1
 853:             4            128  java.io.FileOutputStream
 854:             4            128  java.lang.ClassValue$Entry
 855:             8            128  java.lang.Float
 856:             2            128  java.security.SecureRandom
 857:             4            128  org.apache.flink.runtime.checkpoint.CheckpointType
 858:             4            128  org.apache.flink.runtime.io.network.api.serialization.NonSpanningWrapper
 859:             4            128  org.apache.flink.runtime.io.network.buffer.BufferBuilder
 860:             8            128  org.apache.flink.runtime.io.network.metrics.InputChannelMetrics$MultiCounterWrapper
 861:             4            128  org.apache.flink.runtime.io.network.partition.consumer.ChannelStatePersister
 862:             2            128  org.apache.flink.runtime.rpc.akka.AkkaRpcActor
 863:             4            128  org.apache.flink.runtime.state.HeapPriorityQueuesManager
 864:             4            128  org.apache.flink.runtime.state.RegisteredKeyValueStateBackendMetaInfo
 865:             8            128  org.apache.flink.runtime.state.changelog.inmemory.InMemoryStateChangelogStorage
 866:             4            128  org.apache.flink.runtime.state.heap.CopyOnWriteStateTable
 867:             4            128  org.apache.flink.runtime.state.heap.InternalKeyContextImpl
 868:             4            128  org.apache.flink.runtime.state.metrics.LatencyTrackingStateConfig
 869:             4            128  org.apache.flink.runtime.taskmanager.InputGateWithMetrics
 870:             8            128  org.apache.flink.shaded.guava30.com.google.common.collect.SingletonImmutableList
 871:             4            128  org.apache.flink.streaming.api.functions.aggregation.SumAggregator
 872:             4            128  org.apache.flink.streaming.api.operators.InternalTimeServiceManagerImpl
 873:             4            128  org.apache.flink.streaming.api.operators.TimerSerializer
 874:             4            128  org.apache.flink.streaming.runtime.io.checkpointing.CheckpointedInputGate
 875:             4            128  org.apache.flink.streaming.runtime.operators.windowing.WindowOperator$Context
 876:             4            128  org.apache.flink.streaming.runtime.operators.windowing.WindowOperator$PerWindowStateStore
 877:             8            128  org.apache.flink.streaming.runtime.streamrecord.StreamElementSerializer
 878:             4            128  org.apache.flink.streaming.runtime.watermarkstatus.StatusWatermarkValve
 879:             4            128  org.apache.flink.streaming.runtime.watermarkstatus.StatusWatermarkValve$InputChannelStatus
 880:             8            128  org.apache.flink.util.concurrent.FutureUtils$$Lambda$583/580624374
 881:             2            128  org.apache.logging.log4j.core.appender.RollingFileAppender
 882:             2            128  org.apache.logging.log4j.core.layout.PatternLayout
 883:             4            128  org.jboss.netty.channel.DefaultChannelPipeline
 884:             2            128  org.jboss.netty.channel.socket.nio.NioClientBoss
 885:             4            128  org.jboss.netty.channel.socket.nio.NioWorkerPool
 886:             3            120  akka.dispatch.DefaultDispatcherPrerequisites
 887:             3            120  akka.dispatch.ThreadPoolConfig
 888:             5            120  akka.remote.WireFormats$CommandType
 889:             5            120  akka.stream.impl.SeqActorNameImpl
 890:             5            120  java.time.Instant
 891:             5            120  java.time.format.SignStyle
 892:             5            120  java.util.concurrent.locks.ReentrantReadWriteLock
 893:             5            120  java.util.stream.StreamOpFlag$Type
 894:             5            120  org.apache.flink.api.common.state.StateTtlConfig$CleanupStrategies
 895:             5            120  org.apache.flink.runtime.net.ConnectionUtils$AddressDetectionState
 896:             5            120  org.apache.flink.runtime.state.KeyGroupRange
 897:             3            120  org.apache.flink.shaded.guava30.com.google.common.collect.RegularImmutableMap
 898:             5            120  org.apache.flink.streaming.runtime.io.DataInputStatus
 899:             1            120  org.apache.logging.log4j.core.appender.rolling.RollingFileManager
 900:             3            120  org.apache.logging.log4j.core.jmx.LoggerContextAdmin
 901:             5            120  org.apache.logging.log4j.core.pattern.FormattingInfo
 902:             5            120  org.apache.logging.log4j.core.pattern.PatternParser$ParserState
 903:             3            120  org.apache.logging.log4j.core.util.WatchManager
 904:             3            120  org.jboss.netty.channel.DefaultChannelFuture
 905:             1            120  org.jboss.netty.channel.socket.nio.NioAcceptedSocketChannel
 906:             1            120  scala.package$
 907:             5            120  sun.misc.FloatingDecimal$PreparedASCIIToBinaryBuffer
 908:             2            112  [Ljava.lang.invoke.MethodType;
 909:             2            112  [Ljava.nio.file.StandardOpenOption;
 910:             2            112  [Ljava.nio.file.attribute.PosixFilePermission;
 911:             1            112  [Ljava.time.LocalTime;
 912:             7            112  akka.dispatch.ForkJoinExecutorConfigurator
 913:             2            112  akka.dispatch.Mailboxes
 914:             2            112  akka.remote.RemoteSystemDaemon
 915:             2            112  akka.remote.Remoting
 916:             2            112  akka.remote.transport.AkkaProtocolHandle
 917:             2            112  akka.remote.transport.AkkaProtocolManager
 918:             2            112  akka.stream.impl.PhasedFusingActorMaterializer
 919:             7            112  java.util.concurrent.ConcurrentHashMap$EntrySetView
 920:             1            112  org.apache.flink.core.classloading.SubmoduleClassLoader
 921:             2            112  org.apache.flink.runtime.concurrent.akka.ActorSystemScheduledExecutorAdapter$ScheduledFutureTask
 922:             2            112  org.apache.flink.runtime.heartbeat.HeartbeatManagerImpl
 923:             2            112  org.apache.flink.runtime.rpc.akka.AkkaRpcService
 924:             2            112  org.apache.logging.log4j.core.LoggerContext
 925:             2            112  org.jboss.netty.channel.socket.nio.NioServerBoss
 926:             2            112  org.jboss.netty.util.HashedWheelTimer
 927:             1            104  [Lorg.apache.logging.log4j.core.util.datetime.FixedDateFormat$FixedFormat;
 928:             1            104  org.apache.flink.shaded.netty4.io.netty.channel.epoll.EpollServerSocketChannel
 929:             5             96  [Ljava.lang.StackTraceElement;
 930:             3             96  [Ljava.lang.ThreadGroup;
 931:             2             96  [Ljava.time.DayOfWeek;
 932:             2             96  [Ljava.util.concurrent.TimeUnit;
 933:             4             96  [Lorg.apache.flink.runtime.io.network.buffer.BufferBuilder;
 934:             4             96  [Lorg.apache.flink.runtime.io.network.partition.ResultSubpartition;
 935:             4             96  [Lorg.apache.flink.runtime.io.network.partition.consumer.InputChannel;
 936:             6             96  [Lorg.apache.flink.streaming.api.operators.Output;
 937:             4             96  [Lorg.apache.flink.streaming.runtime.watermarkstatus.StatusWatermarkValve$InputChannelStatus;
 938:             4             96  [Lorg.apache.logging.log4j.Marker;
 939:             2             96  [Lorg.apache.logging.log4j.spi.StandardLevel;
 940:             4             96  [Lorg.jboss.netty.channel.socket.nio.AbstractNioWorker;
 941:             4             96  [Lorg.jboss.netty.channel.socket.nio.Boss;
 942:             6             96  [Lsun.reflect.generics.tree.TypeSignature;
 943:             1             96  [[J
 944:             2             96  akka.actor.FSM$Timer
 945:             4             96  akka.actor.LocalActorRefProvider$Guardian
 946:             2             96  akka.event.DiagnosticMarkerBusLoggingAdapter
 947:             2             96  akka.event.EventStream
 948:             6             96  akka.event.MarkerLoggingAdapter$$anonfun$$lessinit$greater$2
 949:             2             96  akka.event.slf4j.Slf4jLogger
 950:             6             96  akka.japi.pf.ReceiveBuilder
 951:             2             96  akka.remote.DeadlineFailureDetector
 952:             2             96  akka.remote.serialization.ActorRefResolveCache
 953:             2             96  akka.remote.serialization.ProtobufSerializer
 954:             2             96  akka.remote.transport.AkkaProtocolTransport
 955:             4             96  akka.remote.transport.HandshakeInfo
 956:             3             96  com.sun.jmx.mbeanserver.DefaultMXBeanMappingFactory$EnumMapping
 957:             2             96  com.sun.jmx.mbeanserver.MBeanIntrospector$MBeanInfoMap
 958:             2             96  com.sun.jmx.mbeanserver.MBeanIntrospector$PerInterfaceMap
 959:             6             96  com.sun.proxy.$Proxy3
 960:             4             96  com.typesafe.config.impl.ConfigIncludeKind
 961:             4             96  com.typesafe.config.impl.OriginType
 962:             4             96  java.math.MathContext
 963:             4             96  java.time.format.DateTimeFormatterBuilder$OffsetIdPrinterParser
 964:             4             96  java.time.format.DateTimeFormatterBuilder$SettingsParser
 965:             2             96  java.time.zone.ZoneOffsetTransitionRule
 966:             6             96  java.util.TreeMap$KeySet
 967:             4             96  java.util.concurrent.Executors$DefaultThreadFactory
 968:             2             96  java.util.concurrent.locks.ReentrantReadWriteLock$FairSync
 969:             4             96  java.util.regex.Pattern$5
 970:             4             96  java.util.regex.Pattern$CharProperty$1
 971:             4             96  java.util.stream.StreamShape
 972:             2             96  javax.management.openmbean.TabularType
 973:             4             96  org.apache.commons.lang3.tuple.ImmutablePair
 974:             4             96  org.apache.flink.api.common.ExecutionMode
 975:             6             96  org.apache.flink.configuration.description.ListElement
 976:             4             96  org.apache.flink.core.memory.DataInputDeserializer
 977:             4             96  org.apache.flink.runtime.checkpoint.CheckpointOptions$AlignmentType
 978:             4             96  org.apache.flink.runtime.checkpoint.channel.ResultSubpartitionInfo
 979:             4             96  org.apache.flink.runtime.clusterframework.ApplicationStatus
 980:             4             96  org.apache.flink.runtime.heartbeat.HeartbeatMonitorImpl$State
 981:             2             96  org.apache.flink.runtime.io.disk.iomanager.RequestQueue
 982:             4             96  org.apache.flink.runtime.io.network.NettyShuffleEnvironment$$Lambda$613/983432936
 983:             4             96  org.apache.flink.runtime.io.network.api.serialization.SpillingAdaptiveSpanningRecordDeserializer
 984:             6             96  org.apache.flink.runtime.io.network.api.writer.NonRecordWriter
 985:             4             96  org.apache.flink.runtime.io.network.buffer.BufferBuilder$SettablePositionMarker
 986:             4             96  org.apache.flink.runtime.io.network.buffer.BufferConsumer
 987:             4             96  org.apache.flink.runtime.io.network.buffer.BufferConsumer$CachedPositionMarker
 988:             4             96  org.apache.flink.runtime.io.network.buffer.BufferConsumerWithPartialRecordLength
 989:             4             96  org.apache.flink.runtime.io.network.buffer.LocalBufferPool$SubpartitionBufferRecycler
 990:             4             96  org.apache.flink.runtime.io.network.partition.PipelinedSubpartitionView
 991:             4             96  org.apache.flink.runtime.io.network.partition.ResultPartitionFactory$$Lambda$599/2083816037
 992:             4             96  org.apache.flink.runtime.io.network.partition.consumer.InputGateID
 993:             4             96  org.apache.flink.runtime.io.network.partition.consumer.SingleInputGateFactory$$Lambda$610/987708488
 994:             6             96  org.apache.flink.runtime.jobmaster.JMTMRegistrationSuccess
 995:             4             96  org.apache.flink.runtime.plugable.NonReusingDeserializationDelegate
 996:             4             96  org.apache.flink.runtime.plugable.SerializationDelegate
 997:             2             96  org.apache.flink.runtime.registration.RetryingRegistrationConfiguration
 998:             2             96  org.apache.flink.runtime.rpc.akka.AkkaInvocationHandler
 999:             4             96  org.apache.flink.runtime.state.DefaultKeyedStateStore
1000:             4             96  org.apache.flink.runtime.state.heap.HeapPriorityQueueSetFactory
1001:             6             96  org.apache.flink.runtime.taskexecutor.TaskExecutor$JobManagerHeartbeatTarget
1002:             6             96  org.apache.flink.runtime.taskexecutor.rpc.RpcCheckpointResponder
1003:             6             96  org.apache.flink.runtime.taskexecutor.rpc.RpcGlobalAggregateManager
1004:             6             96  org.apache.flink.runtime.taskexecutor.rpc.RpcPartitionStateChecker
1005:             4             96  org.apache.flink.runtime.taskexecutor.slot.TaskSlotTableImpl$State
1006:             4             96  org.apache.flink.shaded.guava30.com.google.common.base.AbstractIterator$State
1007:             4             96  org.apache.flink.shaded.guava30.com.google.common.collect.AbstractIterator$State
1008:             4             96  org.apache.flink.shaded.guava30.com.google.common.collect.ImmutableMapEntry$NonTerminalImmutableMapEntry
1009:             4             96  org.apache.flink.shaded.netty4.io.netty.util.ResourceLeakDetector$Level
1010:             4             96  org.apache.flink.streaming.api.operators.ChainingStrategy
1011:             6             96  org.apache.flink.streaming.api.operators.StreamSourceContexts$SwitchingOnClose
1012:             4             96  org.apache.flink.streaming.api.operators.TimestampedCollector
1013:             4             96  org.apache.flink.streaming.api.windowing.triggers.TriggerResult
1014:             4             96  org.apache.flink.streaming.runtime.io.StreamOneInputProcessor
1015:             4             96  org.apache.flink.streaming.runtime.io.checkpointing.CheckpointedInputGate$$Lambda$673/1340202956
1016:             4             96  org.apache.flink.streaming.runtime.io.checkpointing.UpstreamRecoveryTrackerImpl
1017:             4             96  org.apache.flink.streaming.runtime.operators.windowing.WindowOperator$WindowContext
1018:             4             96  org.apache.flink.streaming.runtime.operators.windowing.functions.InternalSingleValueWindowFunction
1019:             4             96  org.apache.flink.streaming.runtime.partitioner.KeyGroupStreamPartitioner
1020:             4             96  org.apache.flink.streaming.runtime.tasks.OneInputStreamTask$StreamTaskNetworkOutput
1021:             4             96  org.apache.flink.streaming.runtime.tasks.ProcessingTimeServiceImpl$$Lambda$717/2097855773
1022:             6             96  org.apache.flink.streaming.runtime.tasks.SourceStreamTask$$Lambda$647/13433292
1023:             6             96  org.apache.flink.streaming.runtime.tasks.SourceStreamTask$$Lambda$698/402556608
1024:             4             96  org.apache.flink.streaming.runtime.tasks.StreamTask$$Lambda$716/1285579898
1025:             4             96  org.apache.flink.streaming.runtime.tasks.StreamTask$ResumeWrapper
1026:             4             96  org.apache.flink.streaming.runtime.tasks.StreamTask$ThroughputPeriodTimer
1027:             6             96  org.apache.flink.streaming.runtime.tasks.StreamTaskActionExecutor$SynchronizedStreamTaskActionExecutor
1028:             4             96  org.apache.flink.streaming.util.typeutils.FieldAccessor$SimpleTupleFieldAccessor
1029:             2             96  org.apache.logging.log4j.core.config.AppenderControl
1030:             2             96  org.apache.logging.log4j.core.config.ConfigurationFileWatcher
1031:             3             96  org.apache.logging.log4j.core.config.ConfigurationScheduler
1032:             3             96  org.apache.logging.log4j.core.util.datetime.FixedDateFormat$FixedTimeZoneFormat
1033:             6             96  org.apache.logging.log4j.message.ReusableSimpleMessage
1034:             4             96  org.jboss.netty.channel.ChannelState
1035:             2             96  org.jboss.netty.channel.socket.nio.DefaultNioSocketChannelConfig
1036:             4             96  scala.Tuple3
1037:             4             96  scala.collection.immutable.HashSet$HashTrieSet
1038:             2             96  sun.management.GarbageCollectorImpl
1039:             4             96  sun.misc.FormattedFloatingDecimal$Form
1040:             1             96  sun.misc.Launcher$AppClassLoader
1041:             3             96  sun.net.spi.DefaultProxySelector$NonProxyInfo
1042:             2             96  sun.nio.cs.StreamEncoder
1043:             1             96  sun.security.jca.ProviderList$1
1044:             1             96  sun.security.provider.Sun
1045:             1             88  [Lcom.typesafe.config.impl.SimpleConfig$MemoryUnit;
1046:             1             88  [Lcom.typesafe.config.impl.TokenType;
1047:             1             88  [Ljava.util.concurrent.ConcurrentMap;
1048:             2             88  [Lorg.apache.flink.configuration.ConfigOption;
1049:             1             88  scala.collection.convert.Wrappers$
1050:             1             88  scala.reflect.ClassTag$
1051:             1             88  scala.reflect.ManifestFactory$
1052:             1             88  sun.misc.Launcher$ExtClassLoader
1053:             2             80  [Lakka.remote.WireFormats$CommandType;
1054:             1             80  [Ljava.time.temporal.ChronoUnit;
1055:             2             80  [Ljava.util.stream.StreamOpFlag$Type;
1056:             2             80  [Lorg.apache.flink.configuration.MemorySize$MemoryUnit;
1057:             2             80  [Lorg.apache.flink.runtime.io.network.partition.ResultPartitionType;
1058:             2             80  [Lorg.apache.flink.shaded.guava30.com.google.common.collect.ImmutableMapEntry;
1059:             2             80  [Lorg.apache.flink.shaded.netty4.io.netty.util.internal.PriorityQueueNode;
1060:             1             80  [Lorg.jboss.netty.util.internal.ConcurrentIdentityWeakKeyHashMap$Segment;
1061:             2             80  akka.actor.LightArrayRevolverScheduler$$anon$3
1062:             2             80  akka.dispatch.Dispatchers
1063:             2             80  akka.dispatch.Mailboxes$$anon$1
1064:             2             80  akka.remote.RemoteDeployer
1065:             2             80  akka.remote.RemoteWatcher$$anon$1
1066:             2             80  akka.remote.RemoteWatcher$$anon$2
1067:             2             80  akka.routing.ConsistentHashingPool
1068:             2             80  akka.stream.impl.MaterializerGuardian
1069:             5             80  akka.util.ByteString$ByteString1C
1070:             2             80  com.sun.jmx.mbeanserver.DefaultMXBeanMappingFactory$TabularMapping
1071:             5             80  com.sun.proxy.$Proxy0
1072:             5             80  com.sun.proxy.$Proxy11
1073:             5             80  com.sun.proxy.$Proxy12
1074:             5             80  com.sun.proxy.$Proxy17
1075:             2             80  java.io.BufferedInputStream
1076:             2             80  java.io.BufferedWriter
1077:             2             80  java.io.ExpiringCache
1078:             2             80  java.time.zone.ZoneRules
1079:             5             80  java.util.LinkedHashMap$LinkedValues
1080:             2             80  java.util.Locale$Category
1081:             5             80  java.util.concurrent.locks.ReentrantReadWriteLock$ReadLock
1082:             5             80  java.util.concurrent.locks.ReentrantReadWriteLock$Sync$ThreadLocalHoldCounter
1083:             5             80  java.util.concurrent.locks.ReentrantReadWriteLock$WriteLock
1084:             2             80  org.apache.flink.runtime.io.disk.FileChannelManagerImpl
1085:             1             80  org.apache.flink.runtime.taskmanager.NettyShuffleEnvironmentConfiguration
1086:             2             80  org.apache.flink.shaded.guava30.com.google.common.util.concurrent.ThreadFactoryBuilder$1
1087:             2             80  org.apache.logging.log4j.core.config.status.StatusConfiguration
1088:             2             80  org.apache.logging.log4j.core.jmx.StatusLoggerAdmin
1089:             5             80  org.apache.logging.log4j.core.lookup.StrMatcher$CharMatcher
1090:             2             80  org.apache.logging.log4j.core.pattern.DatePatternConverter
1091:             2             80  org.apache.logging.log4j.core.pattern.ExtendedThrowablePatternConverter
1092:             2             80  org.jboss.netty.channel.socket.nio.NioClientBossPool
1093:             2             80  scala.tools.nsc.interpreter.Scripted$Factory
1094:             2             80  sun.management.MemoryManagerImpl
1095:             2             80  sun.nio.ch.SocketAdaptor
1096:             2             80  sun.reflect.UnsafeQualifiedStaticObjectFieldAccessorImpl
1097:             1             80  sun.reflect.misc.MethodUtil
1098:             1             72  [Ljava.lang.invoke.LambdaFormEditor$Transform$Kind;
1099:             3             72  [Ljava.net.InetAddress;
1100:             1             72  [Ljavax.management.openmbean.SimpleType;
1101:             2             72  [Lsun.security.jca.ProviderConfig;
1102:             3             72  akka.dispatch.ThreadPoolConfig$ThreadPoolExecutorServiceFactory
1103:             3             72  akka.remote.ContainerFormats$PatternType
1104:             3             72  com.typesafe.config.ConfigSyntax
1105:             3             72  java.lang.ThreadLocal$SuppliedThreadLocal
1106:             3             72  java.lang.annotation.RetentionPolicy
1107:             3             72  java.net.Proxy$Type
1108:             3             72  java.nio.file.StandardCopyOption
1109:             3             72  java.security.SecurityPermission
1110:             3             72  java.time.format.ResolverStyle
1111:             3             72  java.time.zone.ZoneOffsetTransitionRule$TimeDefinition
1112:             1             72  java.util.ResourceBundle$RBClassLoader
1113:             3             72  java.util.concurrent.ConcurrentLinkedDeque$Node
1114:             1             72  java.util.logging.LogManager$RootLogger
1115:             3             72  java.util.regex.Pattern$Dollar
1116:             3             72  java.util.stream.Collector$Characteristics
1117:             3             72  java.util.stream.MatchOps$MatchKind
1118:             3             72  org.apache.flink.api.common.ExecutionConfig$ClosureCleanerLevel
1119:             3             72  org.apache.flink.api.common.JobStatus$TerminalState
1120:             3             72  org.apache.flink.api.common.state.StateTtlConfig$CleanupStrategies$Strategies
1121:             3             72  org.apache.flink.api.common.state.StateTtlConfig$UpdateType
1122:             3             72  org.apache.flink.api.java.typeutils.runtime.KryoRegistration$SerializerDefinitionType
1123:             3             72  org.apache.flink.configuration.ClusterOptions$UserSystemExitMode
1124:             3             72  org.apache.flink.core.memory.ManagedMemoryUseCase
1125:             1             72  org.apache.flink.runtime.blob.PermanentBlobCache
1126:             1             72  org.apache.flink.runtime.blob.TransientBlobCache
1127:             3             72  org.apache.flink.runtime.checkpoint.CheckpointType$PostCheckpointAction
1128:             1             72  org.apache.flink.runtime.io.network.NettyShuffleEnvironment
1129:             3             72  org.apache.flink.runtime.io.network.api.serialization.RecordDeserializer$DeserializationResult
1130:             1             72  org.apache.flink.runtime.io.network.netty.NettyBufferPool
1131:             3             72  org.apache.flink.runtime.io.network.netty.NettyConfig$TransportType
1132:             1             72  org.apache.flink.runtime.io.network.partition.ResultPartitionFactory
1133:             3             72  org.apache.flink.runtime.io.network.partition.consumer.ChannelStatePersister$CheckpointStatus
1134:             3             72  org.apache.flink.runtime.jobmanager.HighAvailabilityMode
1135:             1             72  org.apache.flink.runtime.metrics.dump.MetricQueryService
1136:             3             72  org.apache.flink.runtime.metrics.groups.AbstractMetricGroup$ChildType
1137:             3             72  org.apache.flink.runtime.net.ConnectionUtils$LeaderConnectingAddressListener$LeaderRetrievalState
1138:             3             72  org.apache.flink.runtime.rpc.akka.ControlMessages
1139:             3             72  org.apache.flink.runtime.taskexecutor.DefaultJobLeaderService$State
1140:             1             72  org.apache.flink.runtime.taskexecutor.TaskManagerConfiguration
1141:             1             72  org.apache.flink.runtime.taskexecutor.TaskManagerServices
1142:             3             72  org.apache.flink.runtime.taskexecutor.slot.TaskSlotState
1143:             1             72  org.apache.flink.runtime.taskexecutor.slot.TaskSlotTableImpl
1144:             3             72  org.apache.flink.runtime.util.SignalHandler$Handler
1145:             1             72  org.apache.flink.shaded.netty4.io.netty.channel.epoll.EpollServerSocketChannelConfig
1146:             3             72  org.apache.flink.streaming.api.TimeCharacteristic
1147:             3             72  org.apache.flink.streaming.api.environment.CheckpointConfig$ExternalizedCheckpointCleanup
1148:             3             72  org.apache.flink.streaming.api.transformations.StreamExchangeMode
1149:             3             72  org.apache.flink.streaming.runtime.tasks.SourceStreamTask$FinishingReason
1150:             3             72  org.apache.flink.streaming.runtime.tasks.mailbox.TaskMailbox$State
1151:             3             72  org.apache.flink.util.TernaryBoolean
1152:             3             72  org.apache.logging.log4j.core.config.plugins.util.PluginManager
1153:             3             72  org.apache.logging.log4j.core.pattern.SimpleLiteralPatternConverter$StringValue
1154:             3             72  org.apache.logging.log4j.core.util.DummyNanoClock
1155:             1             72  scala.reflect.ClassManifestFactory$
1156:             3             72  sun.misc.FloatingDecimal$ExceptionalBinaryToASCIIBuffer
1157:             3             72  sun.misc.Signal
1158:             3             72  sun.security.provider.NativePRNG$Variant
1159:             1             72  sun.util.locale.provider.JRELocaleProviderAdapter
1160:             2             64  [Lakka.remote.ContainerFormats$PatternType;
1161:             2             64  [Ljava.lang.annotation.RetentionPolicy;
1162:             2             64  [Ljava.lang.ref.WeakReference;
1163:             2             64  [Ljava.util.stream.Collector$Characteristics;
1164:             2             64  [Lorg.apache.flink.api.common.ExecutionConfig$ClosureCleanerLevel;
1165:             2             64  [Lorg.apache.flink.api.common.ExecutionMode;
1166:             1             64  [Lorg.apache.flink.api.common.JobStatus;
1167:             2             64  [Lorg.apache.flink.api.common.state.StateTtlConfig$CleanupStrategies$Strategies;
1168:             2             64  [Lorg.apache.flink.api.common.state.StateTtlConfig$UpdateType;
1169:             2             64  [Lorg.apache.flink.api.java.typeutils.runtime.KryoRegistration$SerializerDefinitionType;
1170:             2             64  [Lorg.apache.flink.core.memory.ManagedMemoryUseCase;
1171:             2             64  [Lorg.apache.flink.runtime.jobmanager.HighAvailabilityMode;
1172:             2             64  [Lorg.apache.flink.streaming.api.operators.ChainingStrategy;
1173:             2             64  [Lorg.apache.flink.streaming.api.transformations.StreamExchangeMode;
1174:             2             64  [Lorg.apache.flink.streaming.api.windowing.assigners.WindowStagger;
1175:             2             64  [Lorg.apache.flink.streaming.util.LatencyStats$Granularity;
1176:             2             64  [Lorg.apache.flink.util.TernaryBoolean;
1177:             3             64  [Lorg.apache.logging.log4j.core.config.AppenderControl;
1178:             2             64  akka.actor.BootstrapSetup
1179:             4             64  akka.actor.FSM$$anonfun$akka$actor$FSM$$handleEventDefault$1
1180:             4             64  akka.actor.FSM$$anonfun$receive$1
1181:             2             64  akka.actor.FSM$SilentState
1182:             2             64  akka.actor.FSM$State
1183:             4             64  akka.actor.LocalActorRefProvider$Guardian$$anonfun$receive$1
1184:             2             64  akka.actor.LocalActorRefProvider$SystemGuardian
1185:             4             64  akka.dispatch.UnboundedMailbox
1186:             2             64  akka.event.EventStreamUnsubscriber
1187:             4             64  akka.event.Logging$LogLevel
1188:             1             64  akka.protobufv3.internal.CodedInputStream$ArrayDecoder
1189:             2             64  akka.remote.AckedReceiveBuffer
1190:             2             64  akka.remote.AckedSendBuffer
1191:             2             64  akka.remote.AddressUidExtension
1192:             2             64  akka.remote.DefaultMessageDispatcher
1193:             2             64  akka.remote.EndpointManager$EndpointRegistry
1194:             4             64  akka.remote.HasSequenceNumber$$anon$2
1195:             2             64  akka.remote.serialization.ArteryMessageSerializer
1196:             2             64  akka.remote.serialization.DaemonMsgCreateSerializer
1197:             2             64  akka.remote.serialization.MessageContainerSerializer
1198:             2             64  akka.remote.serialization.SystemMessageSerializer
1199:             2             64  akka.remote.serialization.ThrowableSupport
1200:             2             64  akka.remote.transport.AkkaProtocolSettings
1201:             4             64  akka.remote.transport.AssociationHandle$ActorHandleEventListener
1202:             4             64  akka.remote.transport.Transport$ActorAssociationEventListener
1203:             2             64  akka.remote.transport.netty.TcpAssociationHandle
1204:             1             64  akka.routing.MurmurHash$
1205:             2             64  akka.routing.RoundRobinPool
1206:             2             64  akka.stream.SystemMaterializer
1207:             2             64  akka.stream.impl.StreamSupervisor
1208:             2             64  akka.stream.impl.streamref.StreamRefSettingsImpl
1209:             2             64  akka.util.SubclassifiedIndex
1210:             2             64  com.sun.jmx.mbeanserver.DefaultMXBeanMappingFactory$CollectionMapping
1211:             4             64  com.sun.proxy.$Proxy13
1212:             2             64  java.io.ByteArrayInputStream
1213:             2             64  java.io.PrintStream
1214:             1             64  java.io.StreamTokenizer
1215:             1             64  java.lang.ClassValue$ClassValueMap
1216:             2             64  java.lang.UnsupportedOperationException
1217:             2             64  java.lang.VirtualMachineError
1218:             2             64  java.lang.ref.ReferenceQueue$Null
1219:             2             64  java.lang.reflect.WeakCache$CacheKey
1220:             2             64  java.time.format.DateTimeFormatterBuilder$FractionPrinterParser
1221:             2             64  java.time.format.DateTimeFormatterBuilder$TextPrinterParser
1222:             2             64  java.time.temporal.IsoFields$Unit
1223:             2             64  java.util.PropertyPermission
1224:             2             64  java.util.concurrent.locks.ReentrantLock$FairSync
1225:             2             64  javax.script.ScriptEngineManager
1226:             4             64  javax.security.auth.login.AppConfigurationEntry$LoginModuleControlFlag
1227:             2             64  org.apache.flink.api.common.typeinfo.FractionalTypeInfo
1228:             4             64  org.apache.flink.runtime.io.network.api.TaskEventHandler
1229:             4             64  org.apache.flink.runtime.io.network.api.writer.SingleRecordWriter
1230:             1             64  org.apache.flink.runtime.io.network.partition.consumer.SingleInputGateFactory
1231:             1             64  org.apache.flink.runtime.metrics.groups.TaskManagerMetricGroup
1232:             2             64  org.apache.flink.runtime.rpc.akka.AkkaRpcServiceConfiguration
1233:             2             64  org.apache.flink.runtime.rpc.akka.SupervisorActor
1234:             2             64  org.apache.flink.runtime.rpc.akka.SupervisorActor$AkkaRpcActorRegistration
1235:             2             64  org.apache.flink.runtime.rpc.akka.exceptions.AkkaRpcException
1236:             4             64  org.apache.flink.runtime.state.heap.AbstractHeapMergingState$MergeTransformation
1237:             4             64  org.apache.flink.runtime.state.heap.HeapReducingState$ReduceTransformation
1238:             1             64  org.apache.flink.runtime.taskexecutor.TaskManagerRunner
1239:             4             64  org.apache.flink.shaded.guava30.com.google.common.collect.RegularImmutableList
1240:             2             64  org.apache.flink.shaded.netty4.io.netty.buffer.EmptyByteBuf
1241:             1             64  org.apache.flink.shaded.netty4.io.netty.buffer.PooledByteBufAllocator
1242:             2             64  org.apache.flink.shaded.netty4.io.netty.channel.AdaptiveRecvByteBufAllocator
1243:             1             64  org.apache.flink.shaded.netty4.io.netty.channel.ChannelOutboundBuffer
1244:             1             64  org.apache.flink.shaded.netty4.io.netty.channel.DefaultChannelPipeline$HeadContext
1245:             2             64  org.apache.flink.shaded.netty4.io.netty.channel.epoll.EpollEventLoopGroup
1246:             1             64  org.apache.flink.shaded.netty4.io.netty.util.concurrent.GlobalEventExecutor
1247:             1             64  org.apache.flink.shaded.netty4.io.netty.util.concurrent.ScheduledFutureTask
1248:             4             64  org.apache.flink.streaming.api.functions.aggregation.SumFunction$IntSum
1249:             4             64  org.apache.flink.streaming.api.functions.windowing.PassThroughWindowFunction
1250:             4             64  org.apache.flink.streaming.api.operators.InternalTimerServiceImpl$$Lambda$715/1931790851
1251:             4             64  org.apache.flink.streaming.api.windowing.triggers.ProcessingTimeTrigger
1252:             4             64  org.apache.flink.streaming.api.windowing.windows.TimeWindow$Serializer
1253:             4             64  org.apache.flink.streaming.runtime.io.checkpointing.InputProcessorUtil$$Lambda$667/648905866
1254:             4             64  org.apache.flink.streaming.runtime.io.checkpointing.InputProcessorUtil$$Lambda$668/60802721
1255:             4             64  org.apache.flink.streaming.runtime.operators.windowing.WindowOperator$1
1256:             4             64  org.apache.flink.streaming.runtime.tasks.OneInputStreamTask$$Lambda$678/1618796835
1257:             4             64  org.apache.flink.streaming.runtime.tasks.StreamTask$$Lambda$714/2112994563
1258:             2             64  org.apache.logging.log4j.core.appender.DefaultErrorHandler
1259:             1             64  org.apache.logging.log4j.core.appender.rolling.PatternProcessor
1260:             4             64  org.apache.logging.log4j.core.impl.ThreadContextDataInjector$ForCopyOnWriteThreadContextMap
1261:             2             64  org.apache.logging.log4j.core.layout.StringBuilderEncoder
1262:             4             64  org.apache.logging.log4j.core.lookup.StrMatcher$StringMatcher
1263:             2             64  org.apache.logging.log4j.core.pattern.DatePatternConverter$CachedTime
1264:             2             64  org.apache.logging.log4j.core.script.ScriptManager
1265:             2             64  org.apache.logging.log4j.core.util.WatchManager$ConfigurationMonitor
1266:             2             64  org.apache.logging.log4j.util.PropertiesUtil$Environment
1267:             2             64  org.apache.logging.log4j.util.SortedArrayStringMap
1268:             2             64  org.jboss.netty.bootstrap.ServerBootstrap
1269:             2             64  org.jboss.netty.bootstrap.ServerBootstrap$Binder
1270:             2             64  org.jboss.netty.channel.AdaptiveReceiveBufferSizePredictor
1271:             4             64  org.jboss.netty.channel.SucceededChannelFuture
1272:             2             64  org.jboss.netty.channel.group.DefaultChannelGroup
1273:             2             64  org.jboss.netty.channel.socket.DefaultServerSocketChannelConfig
1274:             2             64  org.jboss.netty.channel.socket.nio.NioClientSocketChannelFactory
1275:             2             64  org.jboss.netty.channel.socket.nio.NioServerBossPool
1276:             2             64  org.jboss.netty.channel.socket.nio.NioServerSocketChannelFactory
1277:             2             64  org.jboss.netty.util.HashedWheelTimer$Worker
1278:             2             64  org.jboss.netty.util.internal.ConcurrentIdentityWeakKeyHashMap$HashEntry
1279:             2             64  org.jboss.netty.util.internal.ConcurrentIdentityWeakKeyHashMap$WeakKeyReference
1280:             4             64  sun.net.www.protocol.jar.Handler
1281:             2             64  sun.nio.ch.ServerSocketAdaptor
1282:             2             64  sun.util.locale.UnicodeLocaleExtension
1283:             2             64  sun.util.locale.provider.LocaleResources
1284:             2             64  sun.util.locale.provider.LocaleServiceProviderPool
1285:             1             56  [Ljava.lang.Runnable;
1286:             1             56  [Lorg.apache.flink.runtime.execution.ExecutionState;
1287:             1             56  [Lsun.util.logging.PlatformLogger$Level;
1288:             1             56  [[I
1289:             1             56  akka.remote.WireFormats$RemoteEnvelope
1290:             1             56  java.net.SocketPermission
1291:             1             56  java.util.ResourceBundle$CacheKey
1292:             1             56  java.util.logging.LogManager
1293:             1             56  org.apache.flink.runtime.blob.TransientBlobCleanupTask
1294:             1             56  org.apache.flink.runtime.checkpoint.OperatorSubtaskState
1295:             1             56  org.apache.flink.runtime.filecache.FileCache
1296:             1             56  org.apache.flink.runtime.metrics.MetricRegistryImpl
1297:             1             56  org.apache.flink.runtime.metrics.ViewUpdater$ViewUpdaterTask
1298:             1             56  org.apache.flink.runtime.taskexecutor.TaskExecutorMemoryConfiguration
1299:             1             56  org.apache.flink.runtime.taskexecutor.TaskExecutorToResourceManagerConnection
1300:             1             56  org.apache.flink.runtime.taskexecutor.TaskExecutorToResourceManagerConnection$ResourceManagerRegistration
1301:             1             56  org.apache.flink.shaded.netty4.io.netty.bootstrap.ServerBootstrap
1302:             1             56  org.apache.flink.shaded.netty4.io.netty.channel.DefaultChannelHandlerContext
1303:             1             56  org.apache.flink.shaded.netty4.io.netty.channel.DefaultChannelPipeline$TailContext
1304:             1             56  org.apache.flink.shaded.netty4.io.netty.channel.epoll.AbstractEpollServerChannel$EpollServerSocketUnsafe
1305:             1             56  org.apache.logging.log4j.status.StatusLogger
1306:             1             56  org.jboss.netty.util.HashedWheelTimer$HashedWheelTimeout
1307:             1             56  sun.security.provider.SHA
1308:             2             48  [Lcom.github.yck.datasource.DataGenerateStrategy;
1309:             2             48  [Lcom.github.yck.datasource.DataGenerateStrategy;
1310:             2             48  [Lcom.github.yck.datasource.DataGenerateStrategy;
1311:             2             48  [Lcom.github.yck.datasource.DataGenerateStrategy;
1312:             2             48  [Lcom.github.yck.datasource.DataGenerateStrategy;
1313:             2             48  [Lcom.github.yck.datasource.DataGenerateStrategy;
1314:             2             48  [Lcom.github.yck.datasource.DataGenerateStrategy;
1315:             2             48  [Lcom.github.yck.datasource.DataGenerateStrategy;
1316:             1             48  [Lcom.sun.management.VMOption$Origin;
1317:             3             48  [Ljava.lang.annotation.Annotation;
1318:             1             48  [Ljava.lang.invoke.MethodHandleImpl$Intrinsic;
1319:             1             48  [Ljava.math.RoundingMode;
1320:             1             48  [Ljdk.net.SocketFlow$Status;
1321:             1             48  [Lorg.apache.flink.api.common.state.StateDescriptor$Type;
1322:             2             48  [Lorg.apache.flink.api.common.state.StateTtlConfig$StateVisibility;
1323:             2             48  [Lorg.apache.flink.api.common.state.StateTtlConfig$TtlTimeCharacteristic;
1324:             2             48  [Lorg.apache.flink.configuration.description.TextElement$TextStyle;
1325:             2             48  [Lorg.apache.flink.runtime.blob.BlobKey$BlobType;
1326:             1             48  [Lorg.apache.flink.runtime.io.network.buffer.Buffer$DataType;
1327:             2             48  [Lorg.apache.flink.runtime.rpc.messages.HandshakeSuccessMessage;
1328:             2             48  [Lorg.apache.flink.runtime.taskexecutor.FileType;
1329:             2             48  [Lorg.apache.flink.runtime.taskexecutor.HostBindPolicy;
1330:             2             48  [Lorg.apache.flink.streaming.api.graph.StreamConfig$InputRequirement;
1331:             1             48  [Lorg.apache.flink.util.TimeUtils$TimeUnit;
1332:             3             48  [Lorg.apache.logging.log4j.core.config.Property;
1333:             1             48  [[Ljava.lang.Object;
1334:             2             48  akka.actor.ActorSystemImpl$TerminationCallbacks
1335:             2             48  akka.actor.IgnoreActorRef
1336:             2             48  akka.actor.LocalActorRefProvider$$anon$1
1337:             2             48  akka.actor.LocalActorRefProvider$$anon$2
1338:             3             48  akka.actor.setup.ActorSystemSetup
1339:             2             48  akka.event.LoggerMailbox
1340:             1             48  akka.event.Logging$
1341:             2             48  akka.japi.pf.CaseStatement
1342:             1             48  akka.remote.ContainerFormats$Payload
1343:             1             48  akka.remote.ContainerFormats$SelectionEnvelope
1344:             2             48  akka.remote.DefaultFailureDetectorRegistry
1345:             2             48  akka.remote.EndpointManager$Pass
1346:             1             48  akka.remote.EndpointWriter$
1347:             2             48  akka.remote.RemoteActorRefProvider$$Lambda$344/742255664
1348:             2             48  akka.remote.RemoteActorRefProvider$Internals
1349:             2             48  akka.remote.RemoteActorRefProvider$RemoteDeadLetterActorRef
1350:             2             48  akka.remote.RemoteDeploymentWatcher
1351:             2             48  akka.remote.RemoteWatcher$$$Lambda$345/749486981
1352:             2             48  akka.remote.Remoting$TransportSupervisor
1353:             1             48  akka.remote.WireFormats$AddressData
1354:             1             48  akka.remote.WireFormats$AkkaHandshakeInfo
1355:             1             48  akka.remote.WireFormats$SerializedMessage
1356:             2             48  akka.remote.serialization.ActorRefResolveThreadLocalCache
1357:             2             48  akka.remote.serialization.ActorRefResolveThreadLocalCache$$anon$1
1358:             2             48  akka.remote.transport.ProtocolStateActor$ListenerReady
1359:             2             48  akka.remote.transport.TransportAdapters
1360:             2             48  akka.serialization.BooleanSerializer
1361:             2             48  akka.serialization.ByteArraySerializer
1362:             2             48  akka.serialization.ByteStringSerializer
1363:             2             48  akka.serialization.IntSerializer
1364:             2             48  akka.serialization.JavaSerializer
1365:             2             48  akka.serialization.LongSerializer
1366:             2             48  akka.serialization.Serialization$Information
1367:             2             48  akka.serialization.Serialization$Settings
1368:             2             48  akka.serialization.StringSerializer
1369:             2             48  akka.stream.ActorAttributes$StreamSubscriptionTimeout
1370:             2             48  akka.stream.Attributes$InputBuffer
1371:             2             48  akka.stream.StreamSubscriptionTimeoutSettings
1372:             2             48  akka.stream.impl.MaterializerGuardian$$$Lambda$414/1990733619
1373:             2             48  akka.util.ManifestInfo
1374:             2             48  com.github.yck.datasource.DataGenerateStrategy
1375:             2             48  com.github.yck.datasource.DataGenerateStrategy
1376:             2             48  com.github.yck.datasource.DataGenerateStrategy
1377:             2             48  com.github.yck.datasource.DataGenerateStrategy
1378:             2             48  com.github.yck.datasource.DataGenerateStrategy
1379:             2             48  com.github.yck.datasource.DataGenerateStrategy
1380:             2             48  com.github.yck.datasource.DataGenerateStrategy
1381:             2             48  com.github.yck.datasource.DataGenerateStrategy
1382:             3             48  com.github.yck.simpletask.StatefulTask$1
1383:             3             48  com.github.yck.simpletask.StatefulTask$1
1384:             3             48  com.github.yck.simpletask.StatefulTask$1
1385:             3             48  com.github.yck.simpletask.StatefulTask$1
1386:             2             48  com.sun.jmx.mbeanserver.ClassLoaderRepositorySupport$LoaderEntry
1387:             1             48  com.sun.jmx.mbeanserver.DefaultMXBeanMappingFactory$Mappings
1388:             2             48  com.sun.jmx.mbeanserver.WeakIdentityHashMap
1389:             2             48  com.typesafe.config.impl.FromMapMode
1390:             2             48  com.typesafe.config.impl.ResolveStatus
1391:             2             48  java.io.BufferedOutputStream
1392:             1             48  java.io.BufferedReader
1393:             2             48  java.io.File$PathStatus
1394:             2             48  java.io.OutputStreamWriter
1395:             2             48  java.lang.ClassValue$Version
1396:             1             48  java.lang.invoke.MethodHandleImpl$WrappedMember
1397:             2             48  java.lang.invoke.MethodHandles$Lookup
1398:             2             48  java.lang.reflect.Proxy$KeyX
1399:             2             48  java.lang.reflect.ReflectPermission
1400:             2             48  java.net.InetAddress$Cache
1401:             2             48  java.net.InetAddress$Cache$Type
1402:             2             48  java.net.InterfaceAddress
1403:             1             48  java.net.NetworkInterface
1404:             1             48  java.net.SocketInputStream
1405:             1             48  java.net.SocketOutputStream
1406:             2             48  java.net.StandardProtocolFamily
1407:             3             48  java.nio.channels.spi.AbstractInterruptibleChannel$1
1408:             2             48  java.nio.charset.CoderResult
1409:             3             48  java.nio.charset.CodingErrorAction
1410:             2             48  java.security.AllPermissionCollection
1411:             2             48  java.time.format.DateTimeFormatterBuilder$1
1412:             2             48  java.time.format.DateTimeFormatterBuilder$ZoneIdPrinterParser
1413:             2             48  java.time.format.DateTimeTextProvider$LocaleStore
1414:             2             48  java.time.zone.ZoneOffsetTransition
1415:             2             48  java.util.Currency
1416:             3             48  java.util.Hashtable$EntrySet
1417:             1             48  java.util.ResourceBundle$BundleReference
1418:             2             48  java.util.TaskQueue
1419:             2             48  java.util.Timer
1420:             1             48  java.util.concurrent.CompletableFuture$Signaller
1421:             2             48  java.util.concurrent.Executors$DelegatedScheduledExecutorService
1422:             2             48  java.util.jar.Manifest
1423:             2             48  java.util.logging.Logger$LoggerBundle
1424:             2             48  java.util.regex.Pattern$6
1425:             3             48  java.util.regex.Pattern$Begin
1426:             2             48  java.util.regex.Pattern$SliceI
1427:             2             48  org.apache.flink.api.common.state.StateTtlConfig$StateVisibility
1428:             2             48  org.apache.flink.configuration.ClusterOptions$UncaughtExceptionHandleMode
1429:             2             48  org.apache.flink.configuration.JobManagerOptions$SchedulerType
1430:             1             48  org.apache.flink.configuration.TaskManagerOptions$1
1431:             2             48  org.apache.flink.core.memory.ManagedMemoryUseCase$Scope
1432:             2             48  org.apache.flink.runtime.blob.BlobKey$BlobType
1433:             2             48  org.apache.flink.runtime.concurrent.akka.ActorSystemScheduledExecutorAdapter
1434:             2             48  org.apache.flink.runtime.concurrent.akka.ClassLoadingUtils$$Lambda$565/2010529504
1435:             2             48  org.apache.flink.runtime.concurrent.akka.ClassLoadingUtils$ContextClassLoaderSettingExecutor
1436:             2             48  org.apache.flink.runtime.execution.librarycache.FlinkUserCodeClassLoaders$ResolveOrder
1437:             1             48  org.apache.flink.runtime.io.disk.BatchShuffleReadBufferPool
1438:             1             48  org.apache.flink.runtime.io.network.buffer.NetworkBufferPool
1439:             3             48  org.apache.flink.runtime.metrics.util.MetricUtils$$Lambda$458/1443173326
1440:             3             48  org.apache.flink.runtime.metrics.util.MetricUtils$$Lambda$459/318794136
1441:             3             48  org.apache.flink.runtime.metrics.util.MetricUtils$$Lambda$460/939254952
1442:             1             48  org.apache.flink.runtime.resourcemanager.TaskExecutorRegistration
1443:             2             48  org.apache.flink.runtime.rpc.AddressResolution
1444:             2             48  org.apache.flink.runtime.rpc.RpcEndpoint$MainThreadExecutor
1445:             3             48  org.apache.flink.runtime.rpc.akka.AkkaRpcActor$RpcEndpointTerminationResult
1446:             2             48  org.apache.flink.runtime.rpc.akka.AkkaRpcService$Supervisor
1447:             2             48  org.apache.flink.runtime.rpc.akka.AkkaRpcServiceUtils$AkkaProtocol
1448:             2             48  org.apache.flink.runtime.rpc.akka.DeadLettersActor
1449:             1             48  org.apache.flink.runtime.security.SecurityConfiguration
1450:             2             48  org.apache.flink.runtime.state.SnapshotExecutionType
1451:             1             48  org.apache.flink.runtime.taskexecutor.DefaultJobLeaderService
1452:             2             48  org.apache.flink.runtime.taskexecutor.FileType
1453:             2             48  org.apache.flink.runtime.taskexecutor.HostBindPolicy
1454:             1             48  org.apache.flink.runtime.util.EnvironmentInformation$Versions
1455:             1             48  org.apache.flink.shaded.guava30.com.google.common.collect.ImmutableListMultimap
1456:             1             48  org.apache.flink.shaded.netty4.io.netty.bootstrap.AbstractBootstrap$PendingRegistrationPromise
1457:             1             48  org.apache.flink.shaded.netty4.io.netty.bootstrap.Bootstrap
1458:             2             48  org.apache.flink.shaded.netty4.io.netty.buffer.PooledByteBufAllocator$PoolThreadLocalCache
1459:             2             48  org.apache.flink.shaded.netty4.io.netty.channel.ChannelMetadata
1460:             1             48  org.apache.flink.shaded.netty4.io.netty.channel.DefaultChannelPipeline
1461:             2             48  org.apache.flink.shaded.netty4.io.netty.channel.VoidChannelPromise
1462:             2             48  org.apache.flink.shaded.netty4.io.netty.util.concurrent.DefaultEventExecutorChooserFactory$GenericEventExecutorChooser
1463:             3             48  org.apache.flink.shaded.netty4.io.netty.util.concurrent.PromiseTask$SentinelRunnable
1464:             2             48  org.apache.flink.streaming.api.CheckpointingMode
1465:             2             48  org.apache.flink.streaming.api.graph.StreamConfig$InputRequirement
1466:             2             48  org.apache.logging.log4j.core.LoggerContext$1
1467:             1             48  org.apache.logging.log4j.core.appender.rolling.RollingFileManager$EmptyQueue
1468:             2             48  org.apache.logging.log4j.core.config.AppenderRef
1469:             3             48  org.apache.logging.log4j.core.config.DefaultAdvertiser
1470:             2             48  org.apache.logging.log4j.core.config.Loggers
1471:             2             48  org.apache.logging.log4j.core.config.status.StatusConfiguration$Verbosity
1472:             1             48  org.apache.logging.log4j.core.impl.Log4jProvider
1473:             2             48  org.apache.logging.log4j.core.jmx.AppenderAdmin
1474:             2             48  org.apache.logging.log4j.core.jmx.ContextSelectorAdmin
1475:             2             48  org.apache.logging.log4j.core.pattern.PatternParser
1476:             2             48  org.apache.logging.log4j.core.util.DefaultShutdownCallbackRegistry$RegisteredCancellable
1477:             2             48  org.apache.logging.log4j.core.util.Source
1478:             2             48  org.apache.logging.log4j.core.util.WatchManager$WatchRunnable
1479:             3             48  org.apache.logging.log4j.core.util.datetime.FastDateParser$CopyQuotedStrategy
1480:             3             48  org.apache.logging.log4j.core.util.datetime.FastDatePrinter$CharacterLiteral
1481:             1             48  org.apache.logging.log4j.simple.SimpleLogger
1482:             2             48  org.apache.logging.log4j.spi.LoggerRegistry
1483:             2             48  org.jboss.netty.channel.socket.nio.AbstractNioChannel$WriteRequestQueue
1484:             2             48  org.jboss.netty.handler.codec.frame.LengthFieldPrepender
1485:             1             48  org.jboss.netty.util.internal.ConcurrentIdentityWeakKeyHashMap
1486:             2             48  org.jboss.netty.util.internal.ThreadLocalBoolean
1487:             1             48  scala.Array$
1488:             1             48  scala.Predef$
1489:             2             48  scala.collection.immutable.TreeSet
1490:             2             48  scala.concurrent.Future$$Lambda$237/864221358
1491:             2             48  scala.concurrent.impl.Promise$$Lambda$238/1860886124
1492:             2             48  scala.util.DynamicVariable$$anon$1
1493:             1             48  scala.util.Properties$
1494:             1             48  scala.util.Properties$
1495:             2             48  sun.management.ManagementFactoryHelper$1
1496:             2             48  sun.misc.NativeSignalHandler
1497:             2             48  sun.nio.ch.Util$BufferCache
1498:             1             48  sun.nio.cs.StreamDecoder
1499:             2             48  sun.security.jca.ProviderList
1500:             2             48  sun.security.jca.ProviderList$3
1501:             2             48  sun.util.locale.LocaleExtensions
1502:             2             40  [Lcom.sun.jmx.mbeanserver.ClassLoaderRepositorySupport$LoaderEntry;
1503:             1             40  [Lcom.typesafe.config.ConfigValueType;
1504:             1             40  [Ljava.lang.management.MemoryPoolMXBean;
1505:             1             40  [Ljava.nio.charset.Charset;
1506:             1             40  [Ljava.time.format.SignStyle;
1507:             1             40  [Ljava.time.format.TextStyle;
1508:             2             40  [Ljava.time.zone.ZoneOffsetTransitionRule;
1509:             1             40  [Ljava.util.stream.StreamOpFlag;
1510:             1             40  [Lorg.apache.flink.runtime.net.ConnectionUtils$AddressDetectionState;
1511:             1             40  [Lorg.apache.flink.streaming.runtime.io.DataInputStatus;
1512:             1             40  [Lorg.apache.flink.util.OperatingSystem;
1513:             1             40  [Lorg.apache.logging.log4j.core.LifeCycle$State;
1514:             1             40  [Lorg.apache.logging.log4j.core.appender.rolling.FileExtension;
1515:             1             40  [Lorg.apache.logging.log4j.core.pattern.PatternParser$ParserState;
1516:             1             40  [Lorg.apache.logging.log4j.core.util.datetime.FastDatePrinter$Rule;
1517:             1             40  [Lsun.util.locale.provider.LocaleProviderAdapter$Type;
1518:             1             40  [[Ljava.lang.invoke.LambdaForm$Name;
1519:             1             40  akka.actor.ActorKilledException
1520:             1             40  akka.actor.LightArrayRevolverScheduler$
1521:             1             40  akka.remote.ContainerFormats$ActorIdentity
1522:             1             40  akka.remote.ContainerFormats$ActorRef
1523:             1             40  akka.remote.ContainerFormats$Identify
1524:             1             40  akka.remote.ContainerFormats$Selection
1525:             1             40  akka.remote.WireFormats$AckAndEnvelopeContainer
1526:             1             40  akka.remote.WireFormats$ActorRefData
1527:             1             40  akka.remote.WireFormats$AkkaControlMessage
1528:             1             40  akka.remote.WireFormats$AkkaProtocolMessage
1529:             1             40  akka.stream.Supervision$
1530:             1             40  akka.util.ManifestInfo$
1531:             1             40  com.sun.jmx.interceptor.DefaultMBeanServerInterceptor
1532:             1             40  com.sun.jmx.mbeanserver.JmxMBeanServer
1533:             1             40  com.sun.jmx.mbeanserver.MBeanServerDelegateImpl
1534:             1             40  java.time.format.DateTimeFormatterBuilder
1535:             1             40  java.util.ResourceBundle$1
1536:             1             40  java.util.concurrent.CompletableFuture$UniAccept
1537:             1             40  org.apache.flink.runtime.blob.BlobCacheSizeTracker
1538:             1             40  org.apache.flink.runtime.blob.PermanentBlobCache$PermanentBlobCleanupTask
1539:             1             40  org.apache.flink.runtime.checkpoint.PrioritizedOperatorSubtaskState
1540:             1             40  org.apache.flink.runtime.highavailability.nonha.standalone.StandaloneHaServices
1541:             1             40  org.apache.flink.runtime.instance.HardwareDescription
1542:             1             40  org.apache.flink.runtime.metrics.scope.ScopeFormats
1543:             1             40  org.apache.flink.runtime.state.TaskExecutorLocalStateStoresManager
1544:             1             40  org.apache.flink.shaded.netty4.io.netty.bootstrap.ServerBootstrap$ServerBootstrapAcceptor
1545:             1             40  org.apache.flink.shaded.netty4.io.netty.channel.AbstractChannel$CloseFuture
1546:             1             40  org.apache.logging.log4j.core.appender.rolling.DefaultRolloverStrategy
1547:             1             40  org.apache.logging.log4j.core.util.datetime.FastDateParser
1548:             1             40  scala.concurrent.duration.Duration$
1549:             1             40  sun.management.DiagnosticCommandImpl
1550:             1             40  sun.nio.cs.StandardCharsets$Aliases
1551:             1             40  sun.nio.cs.StandardCharsets$Cache
1552:             1             40  sun.nio.cs.StandardCharsets$Classes
1553:             1             40  sun.security.provider.ConfigFile$Spi
1554:             1             32  [Lcom.typesafe.config.ConfigSyntax;
1555:             1             32  [Lcom.typesafe.config.impl.ConfigIncludeKind;
1556:             1             32  [Lcom.typesafe.config.impl.OriginType;
1557:             2             32  [Ljava.lang.Enum;
1558:             1             32  [Ljava.lang.OutOfMemoryError;
1559:             1             32  [Ljava.lang.management.MemoryManagerMXBean;
1560:             1             32  [Ljava.net.Proxy$Type;
1561:             1             32  [Ljava.nio.file.StandardCopyOption;
1562:             2             32  [Ljava.security.cert.Certificate;
1563:             1             32  [Ljava.time.format.DateTimeFormatterBuilder$SettingsParser;
1564:             1             32  [Ljava.time.format.ResolverStyle;
1565:             1             32  [Ljava.time.temporal.IsoFields$Field;
1566:             1             32  [Ljava.time.temporal.TemporalUnit;
1567:             1             32  [Ljava.time.zone.ZoneOffsetTransitionRule$TimeDefinition;
1568:             1             32  [Ljava.util.stream.MatchOps$MatchKind;
1569:             1             32  [Ljava.util.stream.StreamShape;
1570:             1             32  [Lorg.apache.flink.api.common.JobStatus$TerminalState;
1571:             1             32  [Lorg.apache.flink.configuration.ClusterOptions$UserSystemExitMode;
1572:             1             32  [Lorg.apache.flink.runtime.checkpoint.CheckpointOptions$AlignmentType;
1573:             1             32  [Lorg.apache.flink.runtime.checkpoint.CheckpointType$PostCheckpointAction;
1574:             1             32  [Lorg.apache.flink.runtime.checkpoint.CheckpointType;
1575:             1             32  [Lorg.apache.flink.runtime.clusterframework.ApplicationStatus;
1576:             1             32  [Lorg.apache.flink.runtime.heartbeat.HeartbeatMonitorImpl$State;
1577:             1             32  [Lorg.apache.flink.runtime.io.network.api.serialization.RecordDeserializer$DeserializationResult;
1578:             1             32  [Lorg.apache.flink.runtime.io.network.netty.NettyConfig$TransportType;
1579:             1             32  [Lorg.apache.flink.runtime.io.network.partition.BoundedBlockingSubpartitionType;
1580:             1             32  [Lorg.apache.flink.runtime.io.network.partition.consumer.ChannelStatePersister$CheckpointStatus;
1581:             1             32  [Lorg.apache.flink.runtime.metrics.groups.AbstractMetricGroup$ChildType;
1582:             1             32  [Lorg.apache.flink.runtime.net.ConnectionUtils$LeaderConnectingAddressListener$LeaderRetrievalState;
1583:             1             32  [Lorg.apache.flink.runtime.rpc.akka.ControlMessages;
1584:             1             32  [Lorg.apache.flink.runtime.taskexecutor.DefaultJobLeaderService$State;
1585:             1             32  [Lorg.apache.flink.runtime.taskexecutor.slot.TaskSlotState;
1586:             1             32  [Lorg.apache.flink.runtime.taskexecutor.slot.TaskSlotTableImpl$State;
1587:             1             32  [Lorg.apache.flink.shaded.guava30.com.google.common.base.AbstractIterator$State;
1588:             1             32  [Lorg.apache.flink.shaded.guava30.com.google.common.collect.AbstractIterator$State;
1589:             1             32  [Lorg.apache.flink.shaded.netty4.io.netty.util.ResourceLeakDetector$Level;
1590:             1             32  [Lorg.apache.flink.streaming.api.TimeCharacteristic;
1591:             1             32  [Lorg.apache.flink.streaming.api.environment.CheckpointConfig$ExternalizedCheckpointCleanup;
1592:             1             32  [Lorg.apache.flink.streaming.api.windowing.triggers.TriggerResult;
1593:             1             32  [Lorg.apache.flink.streaming.runtime.tasks.SourceStreamTask$FinishingReason;
1594:             1             32  [Lorg.apache.flink.streaming.runtime.tasks.mailbox.TaskMailbox$State;
1595:             1             32  [Lorg.apache.logging.log4j.core.config.LoggerConfig$LoggerConfigPredicate;
1596:             1             32  [Lorg.apache.logging.log4j.core.util.datetime.FixedDateFormat$FixedTimeZoneFormat;
1597:             1             32  [Lorg.jboss.netty.channel.ChannelState;
1598:             1             32  [Lsun.misc.FormattedFloatingDecimal$Form;
1599:             1             32  [Lsun.security.provider.NativePRNG$Variant;
1600:             1             32  akka.actor.ActorCell$
1601:             2             32  akka.actor.ActorSystemImpl$$Lambda$236/2143739483
1602:             2             32  akka.actor.ActorSystemImpl$$anon$2
1603:             2             32  akka.actor.ActorSystemImpl$TerminationCallbacks$$Lambda$235/1302725372
1604:             2             32  akka.actor.ActorSystemImpl$TerminationCallbacks$$anonfun$addRec$1$1
1605:             2             32  akka.actor.LocalActorRefProvider$$anonfun$rootGuardianStrategy$1
1606:             2             32  akka.actor.LocalActorRefProvider$SystemGuardian$$anonfun$receive$2
1607:             1             32  akka.actor.Props$
1608:             2             32  akka.actor.ReflectiveDynamicAccess
1609:             1             32  akka.actor.SupervisorStrategy$
1610:             1             32  akka.actor.VirtualPathContainer
1611:             1             32  akka.dispatch.CachingConfig$
1612:             2             32  akka.dispatch.Mailboxes$$anon$1$$anon$2
1613:             1             32  akka.dispatch.ThreadPoolConfig$
1614:             2             32  akka.event.AddressTerminatedTopic
1615:             2             32  akka.event.BusLogging$$anonfun$$lessinit$greater$3
1616:             2             32  akka.event.EventStream$$anon$1
1617:             2             32  akka.event.EventStreamUnsubscriber$$anonfun$receive$1
1618:             1             32  akka.event.LogSource$
1619:             2             32  akka.event.LoggerMailboxType
1620:             2             32  akka.event.Logging$LogExt
1621:             2             32  akka.event.slf4j.Slf4jLogger$$anonfun$receive$1
1622:             2             32  akka.event.slf4j.Slf4jLoggingFilter
1623:             2             32  akka.japi.pf.PFBuilder
1624:             2             32  akka.japi.pf.PFBuilder$4
1625:             1             32  akka.protobufv3.internal.ExtensionRegistry
1626:             2             32  akka.remote.EndpointManager$$anonfun$1
1627:             2             32  akka.remote.EndpointManager$$anonfun$2
1628:             2             32  akka.remote.EndpointReader$$anonfun$receive$2
1629:             2             32  akka.remote.EndpointWriter$$anonfun$2
1630:             2             32  akka.remote.EndpointWriter$$anonfun$3
1631:             2             32  akka.remote.EndpointWriter$$anonfun$4
1632:             2             32  akka.remote.RARP
1633:             2             32  akka.remote.ReliableDeliverySupervisor$$anonfun$1
1634:             2             32  akka.remote.ReliableDeliverySupervisor$$anonfun$receive$1
1635:             2             32  akka.remote.RemoteActorRefProvider$RemotingTerminator$$anonfun$1
1636:             2             32  akka.remote.RemoteActorRefProvider$RemotingTerminator$$anonfun$2
1637:             2             32  akka.remote.RemoteActorRefProvider$RemotingTerminator$$anonfun$3
1638:             2             32  akka.remote.RemoteActorRefProvider$RemotingTerminator$$anonfun$4
1639:             2             32  akka.remote.RemoteDeploymentWatcher$$anonfun$receive$1
1640:             2             32  akka.remote.RemoteMetricsOff
1641:             2             32  akka.remote.RemoteWatcher$$anonfun$receive$1
1642:             2             32  akka.remote.RemoteWatcher$HeartbeatRsp
1643:             2             32  akka.remote.Remoting$TransportSupervisor$$anonfun$receive$1
1644:             1             32  akka.remote.artery.ArteryTransport$
1645:             2             32  akka.remote.serialization.MiscMessageSerializer$$Lambda$355/696165690
1646:             2             32  akka.remote.serialization.MiscMessageSerializer$$Lambda$356/2054451662
1647:             2             32  akka.remote.serialization.MiscMessageSerializer$$Lambda$357/1659309731
1648:             2             32  akka.remote.serialization.MiscMessageSerializer$$Lambda$358/1734184086
1649:             2             32  akka.remote.serialization.MiscMessageSerializer$$Lambda$360/1170111701
1650:             2             32  akka.remote.serialization.MiscMessageSerializer$$Lambda$361/1985028494
1651:             2             32  akka.remote.serialization.MiscMessageSerializer$$Lambda$362/830863979
1652:             2             32  akka.remote.serialization.MiscMessageSerializer$$Lambda$363/1832283291
1653:             2             32  akka.remote.serialization.MiscMessageSerializer$$Lambda$364/1532554556
1654:             2             32  akka.remote.serialization.MiscMessageSerializer$$Lambda$365/620423816
1655:             2             32  akka.remote.serialization.MiscMessageSerializer$$Lambda$366/976358110
1656:             2             32  akka.remote.serialization.MiscMessageSerializer$$Lambda$372/1496220730
1657:             2             32  akka.remote.serialization.MiscMessageSerializer$$Lambda$373/1135935001
1658:             2             32  akka.remote.serialization.MiscMessageSerializer$$Lambda$374/355885103
1659:             2             32  akka.remote.serialization.MiscMessageSerializer$$Lambda$375/1321115948
1660:             2             32  akka.remote.serialization.MiscMessageSerializer$$Lambda$376/1649847375
1661:             2             32  akka.remote.serialization.MiscMessageSerializer$$Lambda$378/1950136544
1662:             2             32  akka.remote.serialization.MiscMessageSerializer$$Lambda$379/209360730
1663:             2             32  akka.remote.serialization.MiscMessageSerializer$$Lambda$380/1971152916
1664:             2             32  akka.remote.serialization.MiscMessageSerializer$$Lambda$381/1324173038
1665:             2             32  akka.remote.serialization.MiscMessageSerializer$$Lambda$382/1663488386
1666:             2             32  akka.remote.serialization.MiscMessageSerializer$$Lambda$383/577127077
1667:             2             32  akka.remote.serialization.MiscMessageSerializer$$Lambda$384/1924990666
1668:             2             32  akka.remote.serialization.MiscMessageSerializer$$Lambda$385/1572745406
1669:             2             32  akka.remote.serialization.MiscMessageSerializer$$Lambda$386/295640874
1670:             2             32  akka.remote.serialization.MiscMessageSerializer$$Lambda$387/375097969
1671:             2             32  akka.remote.serialization.MiscMessageSerializer$$Lambda$388/1060042118
1672:             1             32  akka.remote.transport.AkkaPduProtobufCodec$
1673:             2             32  akka.remote.transport.AkkaProtocolManager$$anonfun$1
1674:             2             32  akka.remote.transport.AkkaProtocolManager$$anonfun$ready$1
1675:             2             32  akka.remote.transport.FailureInjectorProvider
1676:             2             32  akka.remote.transport.ProtocolStateActor$$anonfun$2
1677:             2             32  akka.remote.transport.ProtocolStateActor$$anonfun$3
1678:             2             32  akka.remote.transport.ProtocolStateActor$$anonfun$4
1679:             2             32  akka.remote.transport.ProtocolStateActor$$anonfun$5
1680:             2             32  akka.remote.transport.ThrottlerProvider
1681:             2             32  akka.remote.transport.netty.NettyTransport$$anon$3
1682:             1             32  akka.remote.transport.netty.TcpClientHandler
1683:             2             32  akka.stream.ActorAttributes$DebugLogging
1684:             2             32  akka.stream.ActorAttributes$Dispatcher
1685:             2             32  akka.stream.ActorAttributes$FuzzingMode
1686:             2             32  akka.stream.ActorAttributes$MaxFixedBufferSize
1687:             2             32  akka.stream.ActorAttributes$OutputBurstLimit
1688:             2             32  akka.stream.ActorAttributes$SupervisionStrategy
1689:             2             32  akka.stream.ActorAttributes$SyncProcessingLimit
1690:             2             32  akka.stream.Attributes
1691:             2             32  akka.stream.Attributes$NestedMaterializationCancellationPolicy
1692:             2             32  akka.stream.IOSettings
1693:             2             32  akka.stream.impl.FlowNames
1694:             2             32  akka.stream.impl.MaterializerGuardian$$anonfun$receive$1
1695:             2             32  akka.stream.impl.StreamSupervisor$$$Lambda$416/1058432446
1696:             2             32  akka.stream.impl.StreamSupervisor$$anonfun$receive$1
1697:             1             32  akka.util.ByteString$
1698:             2             32  akka.util.ReentrantGuard
1699:             2             32  akka.util.Switch
1700:             1             32  com.github.yck.datasource.WebLogDataGenerator
1701:             1             32  com.github.yck.datasource.WebLogDataGenerator
1702:             1             32  com.github.yck.datasource.WebLogDataGenerator
1703:             1             32  com.github.yck.datasource.WebLogDataGenerator
1704:             1             32  com.github.yck.datasource.WebLogDataGenerator
1705:             1             32  com.github.yck.datasource.WebLogDataGenerator
1706:             1             32  com.sun.jmx.mbeanserver.Repository
1707:             1             32  java.io.UnixFileSystem
1708:             1             32  java.lang.ArithmeticException
1709:             1             32  java.lang.ArrayIndexOutOfBoundsException
1710:             1             32  java.lang.ClassCastException
1711:             2             32  java.lang.ClassValue$Identity
1712:             1             32  java.lang.NullPointerException
1713:             2             32  java.lang.Shutdown$Lock
1714:             1             32  java.lang.StackTraceElement
1715:             1             32  java.lang.StringCoding$StringDecoder
1716:             1             32  java.lang.Throwable
1717:             1             32  java.lang.reflect.WeakCache
1718:             1             32  java.net.Socket
1719:             2             32  java.nio.ByteOrder
1720:             1             32  java.nio.file.attribute.FileTime
1721:             2             32  java.nio.file.attribute.PosixFilePermissions$1
1722:             1             32  java.security.MessageDigest$Delegate
1723:             2             32  java.time.format.DateTimeFormatterBuilder$StringLiteralPrinterParser
1724:             2             32  java.util.IdentityHashMap$KeySet
1725:             1             32  java.util.ResourceBundle$LoaderReference
1726:             2             32  java.util.Timer$1
1727:             2             32  java.util.concurrent.CompletableFuture$AltResult
1728:             1             32  java.util.concurrent.Semaphore$NonfairSync
1729:             1             32  java.util.concurrent.ThreadLocalRandom
1730:             1             32  java.util.concurrent.atomic.AtomicLongFieldUpdater$CASUpdater
1731:             1             32  java.util.logging.LogManager$SystemLoggerContext
1732:             1             32  java.util.regex.Pattern$BnM
1733:             2             32  java.util.regex.Pattern$Dot
1734:             2             32  javax.script.SimpleBindings
1735:             2             32  jdk.nashorn.api.scripting.NashornScriptEngineFactory
1736:             2             32  org.apache.flink.runtime.blob.VoidBlobStore
1737:             1             32  org.apache.flink.runtime.checkpoint.CheckpointOptions
1738:             1             32  org.apache.flink.runtime.execution.librarycache.BlobLibraryCacheManager
1739:             1             32  org.apache.flink.runtime.execution.librarycache.BlobLibraryCacheManager$DefaultClassLoaderFactory
1740:             2             32  org.apache.flink.runtime.heartbeat.HeartbeatMonitorImpl$Factory
1741:             1             32  org.apache.flink.runtime.instance.InstanceID
1742:             1             32  org.apache.flink.runtime.io.disk.iomanager.IOManagerAsync
1743:             1             32  org.apache.flink.runtime.io.network.netty.NettyClient
1744:             1             32  org.apache.flink.runtime.io.network.netty.NettyConfig
1745:             1             32  org.apache.flink.runtime.io.network.netty.NettyConnectionManager
1746:             1             32  org.apache.flink.runtime.io.network.netty.NettyServer
1747:             1             32  org.apache.flink.runtime.io.network.netty.NettyServer$ServerChannelInitializer
1748:             1             32  org.apache.flink.runtime.io.network.partition.TaskExecutorPartitionTrackerImpl
1749:             1             32  org.apache.flink.runtime.metrics.dump.MetricDumpSerialization$MetricDumpSerializer
1750:             1             32  org.apache.flink.runtime.metrics.scope.JobManagerJobScopeFormat
1751:             1             32  org.apache.flink.runtime.metrics.scope.JobManagerScopeFormat
1752:             1             32  org.apache.flink.runtime.metrics.scope.OperatorScopeFormat
1753:             1             32  org.apache.flink.runtime.metrics.scope.TaskManagerJobScopeFormat
1754:             1             32  org.apache.flink.runtime.metrics.scope.TaskManagerScopeFormat
1755:             1             32  org.apache.flink.runtime.metrics.scope.TaskScopeFormat
1756:             2             32  org.apache.flink.runtime.metrics.util.MetricUtils$$Lambda$455/829737737
1757:             2             32  org.apache.flink.runtime.metrics.util.MetricUtils$$Lambda$456/1296109622
1758:             2             32  org.apache.flink.runtime.registration.RegisteredRpcConnection$$Lambda$502/810748949
1759:             2             32  org.apache.flink.runtime.registration.RetryingRegistration$$Lambda$735/1149434744
1760:             1             32  org.apache.flink.runtime.resourcemanager.ResourceManagerId
1761:             2             32  org.apache.flink.runtime.rpc.MainThreadValidatorUtil
1762:             2             32  org.apache.flink.runtime.rpc.RpcEndpoint$$Lambda$439/614580607
1763:             2             32  org.apache.flink.runtime.rpc.akka.AkkaRpcActor$$Lambda$436/1072785421
1764:             2             32  org.apache.flink.runtime.rpc.akka.AkkaRpcActor$$Lambda$437/1607035972
1765:             2             32  org.apache.flink.runtime.rpc.akka.AkkaRpcActor$$Lambda$438/1712226107
1766:             2             32  org.apache.flink.runtime.rpc.akka.DeadLettersActor$$Lambda$431/1960365035
1767:             2             32  org.apache.flink.runtime.rpc.akka.SupervisorActor$$Lambda$429/2002899046
1768:             2             32  org.apache.flink.runtime.rpc.akka.SupervisorActor$$Lambda$430/1359376425
1769:             1             32  org.apache.flink.runtime.security.modules.JaasModule
1770:             1             32  org.apache.flink.runtime.security.modules.ZooKeeperModule
1771:             1             32  org.apache.flink.runtime.state.TaskExecutorStateChangelogStoragesManager
1772:             1             32  org.apache.flink.runtime.taskexecutor.KvStateService
1773:             1             32  org.apache.flink.runtime.taskexecutor.slot.DefaultTimerService
1774:             1             32  org.apache.flink.shaded.guava30.com.google.common.collect.Iterators$ArrayItr
1775:             1             32  org.apache.flink.shaded.guava30.com.google.common.util.concurrent.ThreadFactoryBuilder
1776:             2             32  org.apache.flink.shaded.netty4.io.netty.buffer.PooledByteBufAllocator$1
1777:             2             32  org.apache.flink.shaded.netty4.io.netty.buffer.PooledByteBufAllocatorMetric
1778:             1             32  org.apache.flink.shaded.netty4.io.netty.channel.DefaultChannelId
1779:             2             32  org.apache.flink.shaded.netty4.io.netty.channel.ReflectiveChannelFactory
1780:             1             32  org.apache.flink.shaded.netty4.io.netty.util.ResourceLeakDetector
1781:             1             32  org.apache.flink.shaded.netty4.io.netty.util.concurrent.DefaultPromise$StacklessCancellationException
1782:             1             32  org.apache.flink.shaded.netty4.io.netty.util.concurrent.DefaultThreadFactory
1783:             2             32  org.apache.flink.shaded.netty4.io.netty.util.concurrent.MultithreadEventExecutorGroup$1
1784:             2             32  org.apache.flink.shaded.netty4.io.netty.util.concurrent.ThreadPerTaskExecutor
1785:             2             32  org.apache.flink.shaded.netty4.io.netty.util.internal.logging.Slf4JLoggerFactory
1786:             2             32  org.apache.flink.streaming.runtime.watermarkstatus.WatermarkStatus
1787:             1             32  org.apache.logging.log4j.core.appender.rolling.SizeBasedTriggeringPolicy
1788:             1             32  org.apache.logging.log4j.core.impl.ThrowableFormatOptions
1789:             2             32  org.apache.logging.log4j.core.layout.PatternLayout$PatternFormatterPatternSerializer
1790:             2             32  org.apache.logging.log4j.core.lookup.ContextMapLookup
1791:             2             32  org.apache.logging.log4j.core.lookup.EventLookup
1792:             2             32  org.apache.logging.log4j.core.lookup.MainMapLookup
1793:             2             32  org.apache.logging.log4j.core.lookup.ResourceBundleLookup
1794:             2             32  org.apache.logging.log4j.core.lookup.StrMatcher$CharSetMatcher
1795:             2             32  org.apache.logging.log4j.core.lookup.StructuredDataLookup
1796:             1             32  org.apache.logging.log4j.core.util.DefaultShutdownCallbackRegistry
1797:             2             32  org.apache.logging.log4j.core.util.SystemClock
1798:             1             32  org.apache.logging.log4j.core.util.datetime.FastDatePrinter
1799:             2             32  org.apache.logging.log4j.spi.LoggerRegistry$ConcurrentMapFactory
1800:             1             32  org.apache.logging.log4j.status.StatusLogger$BoundedQueue
1801:             2             32  org.apache.logging.log4j.util.EnvironmentPropertySource
1802:             2             32  org.apache.logging.log4j.util.PropertiesUtil
1803:             2             32  org.apache.logging.log4j.util.PropertyFilePropertySource
1804:             2             32  org.apache.logging.log4j.util.PropertySource$Comparator
1805:             2             32  org.apache.logging.log4j.util.SystemPropertiesPropertySource
1806:             1             32  org.jboss.netty.buffer.EmptyChannelBuffer
1807:             2             32  org.jboss.netty.buffer.HeapChannelBufferFactory
1808:             2             32  org.jboss.netty.channel.group.DefaultChannelGroup$1
1809:             2             32  org.jboss.netty.channel.socket.nio.AbstractNioChannel$WriteTask
1810:             2             32  org.jboss.netty.channel.socket.nio.NioClientBoss$1
1811:             2             32  org.jboss.netty.channel.socket.nio.NioClientSocketPipelineSink
1812:             2             32  org.jboss.netty.channel.socket.nio.NioServerSocketPipelineSink
1813:             1             32  scala.collection.immutable.Map$WithDefault
1814:             2             32  scala.concurrent.Promise$$Lambda$239/1250499735
1815:             2             32  scala.concurrent.duration.Deadline
1816:             1             32  scala.math.BigDecimal$
1817:             1             32  scala.math.BigInt$
1818:             1             32  scala.reflect.ManifestFactory$AnyManifest
1819:             1             32  scala.reflect.ManifestFactory$AnyValPhantomManifest
1820:             1             32  scala.reflect.ManifestFactory$NothingManifest
1821:             1             32  scala.reflect.ManifestFactory$NullManifest
1822:             1             32  scala.reflect.ManifestFactory$ObjectManifest
1823:             1             32  scala.sys.SystemProperties$
1824:             2             32  scala.util.Right
1825:             1             32  scala.util.control.BreakControl
1826:             2             32  sun.nio.ch.SocketDispatcher
1827:             1             32  sun.nio.cs.StandardCharsets
1828:             1             32  sun.nio.fs.LinuxFileSystem
1829:             1             32  sun.reflect.generics.reflectiveObjects.WildcardTypeImpl
1830:             2             32  sun.reflect.generics.tree.ArrayTypeSignature
1831:             2             32  sun.security.provider.NativePRNG
1832:             1             32  sun.security.provider.SecureRandom
1833:             1             24  [Lcom.typesafe.config.impl.FromMapMode;
1834:             1             24  [Lcom.typesafe.config.impl.ResolveStatus;
1835:             1             24  [Ljava.io.File$PathStatus;
1836:             1             24  [Ljava.net.InetAddress$Cache$Type;
1837:             1             24  [Ljava.net.InterfaceAddress;
1838:             1             24  [Ljava.net.StandardProtocolFamily;
1839:             1             24  [Ljava.nio.file.LinkOption;
1840:             1             24  [Ljava.time.temporal.IsoFields$Unit;
1841:             1             24  [Ljava.time.zone.ZoneOffsetTransition;
1842:             1             24  [Ljava.util.Comparators$NaturalOrderComparator;
1843:             1             24  [Ljava.util.Locale$Category;
1844:             1             24  [Lorg.apache.flink.configuration.ClusterOptions$UncaughtExceptionHandleMode;
1845:             1             24  [Lorg.apache.flink.configuration.JobManagerOptions$SchedulerType;
1846:             1             24  [Lorg.apache.flink.configuration.SchedulerExecutionMode;
1847:             1             24  [Lorg.apache.flink.core.memory.ManagedMemoryUseCase$Scope;
1848:             1             24  [Lorg.apache.flink.runtime.execution.librarycache.FlinkUserCodeClassLoaders$ResolveOrder;
1849:             1             24  [Lorg.apache.flink.runtime.io.disk.iomanager.IOManagerAsync$ReaderThread;
1850:             1             24  [Lorg.apache.flink.runtime.io.disk.iomanager.IOManagerAsync$WriterThread;
1851:             1             24  [Lorg.apache.flink.runtime.rpc.AddressResolution;
1852:             1             24  [Lorg.apache.flink.runtime.rpc.akka.AkkaRpcActor$StartedState;
1853:             1             24  [Lorg.apache.flink.runtime.rpc.akka.AkkaRpcActor$StoppedState;
1854:             1             24  [Lorg.apache.flink.runtime.rpc.akka.AkkaRpcServiceUtils$AkkaProtocol;
1855:             1             24  [Lorg.apache.flink.runtime.state.SnapshotExecutionType;
1856:             1             24  [Lorg.apache.flink.streaming.api.CheckpointingMode;
1857:             1             24  [Lorg.apache.logging.log4j.core.appender.ConsoleAppender$Target;
1858:             1             24  [Lorg.apache.logging.log4j.core.appender.rolling.TriggeringPolicy;
1859:             1             24  [Lorg.apache.logging.log4j.core.async.ThreadNameCachingStrategy;
1860:             1             24  [Lorg.apache.logging.log4j.core.config.status.StatusConfiguration$Verbosity;
1861:             1             24  [Lorg.apache.logging.log4j.core.pattern.ArrayPatternConverter;
1862:             1             24  [Lorg.apache.logging.log4j.core.pattern.FormattingInfo;
1863:             1             24  [Lorg.apache.logging.log4j.core.pattern.NameAbbreviator$MaxElementAbbreviator$Strategy;
1864:             1             24  [Lsun.launcher.LauncherHelper;
1865:             1             24  akka.actor.Actor$
1866:             1             24  akka.actor.Address$
1867:             1             24  akka.actor.Cancellable$
1868:             1             24  akka.actor.FSM$
1869:             1             24  akka.actor.IgnoreActorRef$
1870:             1             24  akka.actor.IndirectActorProducer$
1871:             1             24  akka.actor.Nobody$
1872:             1             24  akka.actor.ProviderSelection$
1873:             1             24  akka.actor.ProviderSelection$Remote$
1874:             1             24  akka.dispatch.Dispatchers$
1875:             1             24  akka.dispatch.Mailbox$
1876:             1             24  akka.dispatch.internal.SameThreadExecutionContext$$anon$1
1877:             1             24  akka.dispatch.sysmsg.SystemMessageList$
1878:             1             24  akka.event.Logging$StandardOutLogger
1879:             1             24  akka.pattern.PromiseActorRef$
1880:             1             24  akka.protobufv3.internal.ByteString$LiteralByteString
1881:             1             24  akka.protobufv3.internal.UnknownFieldSet
1882:             1             24  akka.remote.transport.AkkaProtocolTransport$
1883:             1             24  akka.remote.transport.netty.ChannelLocalActor$
1884:             1             24  akka.remote.transport.netty.NettyTransport$
1885:             1             24  akka.remote.transport.netty.TcpServerHandler
1886:             1             24  akka.serialization.JavaSerializer$CurrentSystem
1887:             1             24  akka.stream.Attributes$NestedMaterializationCancellationPolicy$
1888:             1             24  akka.stream.impl.PhasedFusingActorMaterializer$
1889:             1             24  akka.stream.impl.StreamSupervisor$
1890:             1             24  akka.util.ByteString$ByteString1
1891:             1             24  akka.util.ByteString$ByteString1$
1892:             1             24  akka.util.Helpers$
1893:             1             24  com.sun.jmx.mbeanserver.ClassLoaderRepositorySupport
1894:             1             24  com.sun.jmx.mbeanserver.MXBeanLookup
1895:             1             24  com.sun.jmx.remote.util.ClassLogger
1896:             1             24  com.typesafe.config.impl.ConfigDelayedMerge
1897:             1             24  com.typesafe.config.impl.ConfigDelayedMergeObject
1898:             1             24  com.typesafe.config.impl.ConfigImpl$LoaderCache
1899:             1             24  java.io.ExpiringCache$Entry
1900:             1             24  java.io.InputStreamReader
1901:             1             24  java.lang.ProcessEnvironment$StringEnvironment
1902:             1             24  java.lang.invoke.MethodHandleImpl$4
1903:             1             24  java.lang.invoke.MethodHandleImpl$ArrayAccessor$1
1904:             1             24  java.lang.invoke.MethodType$ConcurrentWeakInternSet
1905:             1             24  java.math.MutableBigInteger
1906:             1             24  java.net.Inet6AddressImpl
1907:             1             24  java.net.InetAddress$CacheEntry
1908:             1             24  java.net.Proxy
1909:             1             24  java.nio.file.LinkOption
1910:             1             24  java.time.Period
1911:             1             24  java.time.ZoneRegion
1912:             1             24  java.time.format.DecimalStyle
1913:             1             24  java.time.temporal.IsoFields$Field$1
1914:             1             24  java.time.temporal.IsoFields$Field$2
1915:             1             24  java.time.temporal.IsoFields$Field$3
1916:             1             24  java.time.temporal.IsoFields$Field$4
1917:             1             24  java.time.zone.TzdbZoneRulesProvider
1918:             1             24  java.util.Collections$3
1919:             1             24  java.util.Collections$EmptyMap
1920:             1             24  java.util.Collections$SynchronizedRandomAccessList
1921:             1             24  java.util.Comparators$NaturalOrderComparator
1922:             1             24  java.util.Locale$Cache
1923:             1             24  java.util.OptionalLong
1924:             1             24  java.util.ResourceBundle$Control$CandidateListCache
1925:             1             24  java.util.concurrent.ConcurrentLinkedDeque
1926:             1             24  java.util.concurrent.TimeUnit$1
1927:             1             24  java.util.concurrent.TimeUnit$2
1928:             1             24  java.util.concurrent.TimeUnit$3
1929:             1             24  java.util.concurrent.TimeUnit$4
1930:             1             24  java.util.concurrent.TimeUnit$5
1931:             1             24  java.util.concurrent.TimeUnit$6
1932:             1             24  java.util.concurrent.TimeUnit$7
1933:             1             24  java.util.logging.LogManager$LoggerContext
1934:             1             24  java.util.logging.LoggingPermission
1935:             1             24  javax.management.NotificationBroadcasterSupport
1936:             1             24  javax.security.auth.login.AppConfigurationEntry
1937:             1             24  org.apache.flink.api.common.state.StateTtlConfig$TtlTimeCharacteristic
1938:             1             24  org.apache.flink.configuration.SchedulerExecutionMode
1939:             1             24  org.apache.flink.configuration.description.TextElement$TextStyle
1940:             1             24  org.apache.flink.core.fs.UnsupportedSchemeFactory
1941:             1             24  org.apache.flink.core.fs.local.LocalFileSystem
1942:             1             24  org.apache.flink.core.plugin.DefaultPluginManager
1943:             1             24  org.apache.flink.runtime.blob.BlobCacheService
1944:             1             24  org.apache.flink.runtime.clusterframework.types.ResourceBudgetManager
1945:             1             24  org.apache.flink.runtime.entrypoint.ClusterInformation
1946:             1             24  org.apache.flink.runtime.io.network.netty.NettyProtocol
1947:             1             24  org.apache.flink.runtime.io.network.netty.PartitionRequestClientFactory
1948:             1             24  org.apache.flink.runtime.io.network.partition.BoundedBlockingSubpartitionType$1
1949:             1             24  org.apache.flink.runtime.io.network.partition.BoundedBlockingSubpartitionType$2
1950:             1             24  org.apache.flink.runtime.io.network.partition.BoundedBlockingSubpartitionType$3
1951:             1             24  org.apache.flink.runtime.io.network.partition.BoundedBlockingSubpartitionType$4
1952:             1             24  org.apache.flink.runtime.io.network.partition.ResultPartitionManager
1953:             1             24  org.apache.flink.runtime.jobmaster.ResourceManagerAddress
1954:             1             24  org.apache.flink.runtime.metrics.ViewUpdater
1955:             1             24  org.apache.flink.runtime.query.KvStateRegistry
1956:             1             24  org.apache.flink.runtime.rpc.akka.AkkaRpcActor$StartedState
1957:             1             24  org.apache.flink.runtime.rpc.akka.AkkaRpcActor$StoppedState
1958:             1             24  org.apache.flink.runtime.rpc.akka.CleanupOnCloseRpcSystem
1959:             1             24  org.apache.flink.runtime.rpc.akka.PrioritySettingThreadFactory
1960:             1             24  org.apache.flink.runtime.rpc.akka.PriorityThreadsDispatcher
1961:             1             24  org.apache.flink.runtime.rpc.messages.HandshakeSuccessMessage
1962:             1             24  org.apache.flink.runtime.security.DynamicConfiguration
1963:             1             24  org.apache.flink.runtime.taskexecutor.DefaultJobTable
1964:             1             24  org.apache.flink.runtime.taskexecutor.EstablishedResourceManagerConnection
1965:             1             24  org.apache.flink.runtime.taskexecutor.TaskExecutorRegistrationSuccess
1966:             1             24  org.apache.flink.runtime.taskexecutor.TaskManagerRunner$$Lambda$76/1760126453
1967:             1             24  org.apache.flink.runtime.taskmanager.UnresolvedTaskManagerLocation
1968:             1             24  org.apache.flink.runtime.util.JvmShutdownSafeguard$DelayedTerminator
1969:             1             24  org.apache.flink.shaded.netty4.io.netty.bootstrap.ServerBootstrap$ServerBootstrapAcceptor$1
1970:             1             24  org.apache.flink.shaded.netty4.io.netty.channel.ChannelOption$1
1971:             1             24  org.apache.flink.shaded.netty4.io.netty.channel.SucceededChannelFuture
1972:             1             24  org.apache.flink.shaded.netty4.io.netty.channel.WriteBufferWaterMark
1973:             1             24  org.apache.flink.shaded.netty4.io.netty.channel.epoll.LinuxSocket
1974:             1             24  org.apache.flink.shaded.netty4.io.netty.resolver.DefaultAddressResolverGroup
1975:             1             24  org.apache.flink.shaded.netty4.io.netty.util.ResourceLeakDetectorFactory$DefaultResourceLeakDetectorFactory
1976:             1             24  org.apache.flink.shaded.netty4.io.netty.util.concurrent.FailedFuture
1977:             1             24  org.apache.flink.shaded.netty4.io.netty.util.internal.DefaultPriorityQueue
1978:             1             24  org.apache.flink.shaded.netty4.io.netty.util.internal.ThreadExecutorMap$2
1979:             1             24  org.apache.flink.shaded.netty4.io.netty.util.internal.ThreadExecutorMap$3
1980:             1             24  org.apache.flink.streaming.api.windowing.assigners.WindowStagger$1
1981:             1             24  org.apache.flink.streaming.api.windowing.assigners.WindowStagger$2
1982:             1             24  org.apache.flink.streaming.api.windowing.assigners.WindowStagger$3
1983:             1             24  org.apache.flink.streaming.util.LatencyStats$Granularity$1
1984:             1             24  org.apache.flink.streaming.util.LatencyStats$Granularity$2
1985:             1             24  org.apache.flink.streaming.util.LatencyStats$Granularity$3
1986:             1             24  org.apache.logging.log4j.core.appender.ConsoleAppender$Target$1
1987:             1             24  org.apache.logging.log4j.core.appender.ConsoleAppender$Target$2
1988:             1             24  org.apache.logging.log4j.core.appender.rolling.CompositeTriggeringPolicy
1989:             1             24  org.apache.logging.log4j.core.appender.rolling.FileExtension$1
1990:             1             24  org.apache.logging.log4j.core.appender.rolling.FileExtension$2
1991:             1             24  org.apache.logging.log4j.core.appender.rolling.FileExtension$3
1992:             1             24  org.apache.logging.log4j.core.appender.rolling.FileExtension$4
1993:             1             24  org.apache.logging.log4j.core.appender.rolling.FileExtension$5
1994:             1             24  org.apache.logging.log4j.core.appender.rolling.FileExtension$6
1995:             1             24  org.apache.logging.log4j.core.appender.rolling.OnStartupTriggeringPolicy
1996:             1             24  org.apache.logging.log4j.core.async.ThreadNameCachingStrategy$1
1997:             1             24  org.apache.logging.log4j.core.async.ThreadNameCachingStrategy$2
1998:             1             24  org.apache.logging.log4j.core.config.LoggerConfig$LoggerConfigPredicate$1
1999:             1             24  org.apache.logging.log4j.core.config.LoggerConfig$LoggerConfigPredicate$2
2000:             1             24  org.apache.logging.log4j.core.config.LoggerConfig$LoggerConfigPredicate$3
2001:             1             24  org.apache.logging.log4j.core.config.json.JsonConfigurationFactory
2002:             1             24  org.apache.logging.log4j.core.config.plugins.util.PluginRegistry
2003:             1             24  org.apache.logging.log4j.core.config.yaml.YamlConfigurationFactory
2004:             1             24  org.apache.logging.log4j.core.impl.Log4jContextFactory
2005:             1             24  org.apache.logging.log4j.core.pattern.IntegerPatternConverter
2006:             1             24  org.apache.logging.log4j.core.pattern.LevelPatternConverter$SimpleLevelPatternConverter
2007:             1             24  org.apache.logging.log4j.core.pattern.LineSeparatorPatternConverter
2008:             1             24  org.apache.logging.log4j.core.pattern.LoggerPatternConverter
2009:             1             24  org.apache.logging.log4j.core.pattern.MessagePatternConverter$SimpleMessagePatternConverter
2010:             1             24  org.apache.logging.log4j.core.pattern.NameAbbreviator$MaxElementAbbreviator$Strategy$1
2011:             1             24  org.apache.logging.log4j.core.pattern.NameAbbreviator$MaxElementAbbreviator$Strategy$2
2012:             1             24  org.apache.logging.log4j.core.pattern.NdcPatternConverter
2013:             1             24  org.apache.logging.log4j.core.pattern.SimpleLiteralPatternConverter$Space
2014:             1             24  org.apache.logging.log4j.core.pattern.ThreadNamePatternConverter
2015:             1             24  org.apache.logging.log4j.core.util.datetime.FastDateFormat
2016:             1             24  org.apache.logging.log4j.core.util.datetime.FastDatePrinter$PaddedNumberField
2017:             1             24  org.apache.logging.log4j.core.util.datetime.FormatCache$MultipartKey
2018:             1             24  org.apache.logging.log4j.message.SimpleMessage
2019:             1             24  org.apache.logging.log4j.status.StatusConsoleListener
2020:             1             24  org.apache.logging.slf4j.Log4jLoggerFactory
2021:             1             24  org.apache.logging.slf4j.Log4jMarker
2022:             1             24  org.jboss.netty.channel.AdaptiveReceiveBufferSizePredictorFactory
2023:             1             24  org.jboss.netty.channel.socket.nio.NioClientSocketPipelineSink$1
2024:             1             24  org.jboss.netty.util.internal.SharedResourceMisuseDetector
2025:             1             24  org.slf4j.helpers.SubstituteLoggerFactory
2026:             1             24  scala.PartialFunction$
2027:             1             24  scala.collection.IndexedSeq$
2028:             1             24  scala.collection.Traversable$
2029:             1             24  scala.collection.immutable.HashMap$$anon$2
2030:             1             24  scala.collection.immutable.List$
2031:             1             24  scala.collection.immutable.MapLike$$anon$2
2032:             1             24  scala.collection.immutable.Queue$EmptyQueue$
2033:             1             24  scala.collection.immutable.Vector$
2034:             1             24  scala.collection.mutable.WrappedArray$ofRef
2035:             1             24  scala.compat.java8.OptionConverters$
2036:             1             24  scala.concurrent.Future$
2037:             1             24  scala.reflect.ManifestFactory$BooleanManifest
2038:             1             24  scala.reflect.ManifestFactory$ByteManifest
2039:             1             24  scala.reflect.ManifestFactory$CharManifest
2040:             1             24  scala.reflect.ManifestFactory$DoubleManifest
2041:             1             24  scala.reflect.ManifestFactory$FloatManifest
2042:             1             24  scala.reflect.ManifestFactory$IntManifest
2043:             1             24  scala.reflect.ManifestFactory$LongManifest
2044:             1             24  scala.reflect.ManifestFactory$ShortManifest
2045:             1             24  scala.reflect.ManifestFactory$UnitManifest
2046:             1             24  scala.reflect.package$
2047:             1             24  scala.sys.BooleanProp$BooleanPropImpl
2048:             1             24  scala.util.DynamicVariable
2049:             1             24  scala.util.hashing.MurmurHash3$
2050:             1             24  scala.util.matching.Regex
2051:             1             24  sun.launcher.LauncherHelper
2052:             1             24  sun.management.CompilationImpl
2053:             1             24  sun.management.MemoryImpl
2054:             1             24  sun.management.OperatingSystemImpl
2055:             1             24  sun.management.RuntimeImpl
2056:             1             24  sun.management.ThreadImpl
2057:             1             24  sun.management.VMManagementImpl
2058:             1             24  sun.misc.URLClassPath$FileLoader
2059:             1             24  sun.net.ProgressMonitor
2060:             1             24  sun.net.sdp.SdpProvider
2061:             1             24  sun.net.www.MimeTable
2062:             1             24  sun.nio.cs.ISO_8859_1
2063:             1             24  sun.nio.cs.US_ASCII
2064:             1             24  sun.nio.cs.UTF_16
2065:             1             24  sun.nio.cs.UTF_16BE
2066:             1             24  sun.nio.cs.UTF_16LE
2067:             1             24  sun.nio.cs.UTF_8
2068:             1             24  sun.reflect.generics.tree.Wildcard
2069:             1             24  sun.security.provider.ConfigFile
2070:             1             24  sun.util.locale.BaseLocale$Cache
2071:             1             24  sun.util.locale.provider.CalendarDataProviderImpl
2072:             1             24  sun.util.locale.provider.CalendarProviderImpl
2073:             1             24  sun.util.locale.provider.CurrencyNameProviderImpl
2074:             1             24  sun.util.locale.provider.DateFormatSymbolsProviderImpl
2075:             1             24  sun.util.locale.provider.DecimalFormatSymbolsProviderImpl
2076:             1             24  sun.util.locale.provider.NumberFormatProviderImpl
2077:             1             16  [Lcom.typesafe.config.impl.BadMap$Entry;
2078:             1             16  [Ljava.lang.Throwable;
2079:             1             16  [Ljava.net.NetworkInterface;
2080:             1             16  [Ljava.nio.file.attribute.FileAttribute;
2081:             1             16  [Ljava.security.Provider;
2082:             1             16  [Ljava.security.cert.X509Certificate;
2083:             1             16  [Ljava.text.FieldPosition;
2084:             1             16  [Ljava.util.logging.Handler;
2085:             1             16  [Ljavax.security.cert.X509Certificate;
2086:             1             16  [Lorg.apache.flink.runtime.checkpoint.InflightDataRescalingDescriptor$InflightDataGateOrPartitionRescalingDescriptor;
2087:             1             16  [Lorg.apache.flink.runtime.shuffle.ShuffleServiceLoader;
2088:             1             16  [Lorg.apache.flink.runtime.util.config.memory.ManagedMemoryUtils;
2089:             1             16  [Lorg.apache.flink.shaded.netty4.io.netty.util.AsciiString;
2090:             1             16  [Lorg.apache.flink.shaded.netty4.io.netty.util.DefaultAttributeMap$DefaultAttribute;
2091:             1             16  [Lorg.apache.logging.log4j.core.appender.rolling.action.Action;
2092:             1             16  [Lorg.apache.logging.log4j.core.impl.ExtendedStackTraceElement;
2093:             1             16  [Lorg.apache.logging.log4j.core.impl.ThrowableProxy;
2094:             1             16  akka.Version$
2095:             1             16  akka.actor.Actor$$$Lambda$257/1558395480
2096:             1             16  akka.actor.ActorCell$$$Lambda$227/399373008
2097:             1             16  akka.actor.ActorCell$$Lambda$245/1907021208
2098:             1             16  akka.actor.ActorCell$$anon$1
2099:             1             16  akka.actor.ActorCell$$anon$2
2100:             1             16  akka.actor.ActorKilledException$
2101:             1             16  akka.actor.ActorPath$
2102:             1             16  akka.actor.ActorPath$$Lambda$555/1681157863
2103:             1             16  akka.actor.ActorPathExtractor$
2104:             1             16  akka.actor.ActorRef$
2105:             1             16  akka.actor.ActorSelection$
2106:             1             16  akka.actor.ActorSystem$
2107:             1             16  akka.actor.ActorSystem$Settings$
2108:             1             16  akka.actor.ActorSystem$Settings$$Lambda$122/949581868
2109:             1             16  akka.actor.ActorSystem$Settings$$Lambda$123/940087898
2110:             1             16  akka.actor.Address$$$Lambda$101/2100440237
2111:             1             16  akka.actor.AddressFromURIString$
2112:             1             16  akka.actor.BootstrapSetup$
2113:             1             16  akka.actor.Cancellable$$anon$8
2114:             1             16  akka.actor.Cancellable$$anon$9
2115:             1             16  akka.actor.ChildActorPath$$Lambda$228/2069500590
2116:             1             16  akka.actor.ChildActorPath$$Lambda$559/1555089093
2117:             1             16  akka.actor.ChildNameReserved$
2118:             1             16  akka.actor.ChildRestartStats$
2119:             1             16  akka.actor.CreatorFunctionConsumer
2120:             1             16  akka.actor.DeadLetter$$Lambda$573/1013059084
2121:             1             16  akka.actor.DeadLetter$$Lambda$574/1086894693
2122:             1             16  akka.actor.Deploy$
2123:             1             16  akka.actor.FSM$$minus$greater$
2124:             1             16  akka.actor.FSM$Event$
2125:             1             16  akka.actor.FSM$FixedDelayMode$
2126:             1             16  akka.actor.FSM$NullFunction$
2127:             1             16  akka.actor.FSM$SingleMode$
2128:             1             16  akka.actor.FSM$State$
2129:             1             16  akka.actor.FSM$StateTimeout$
2130:             1             16  akka.actor.FSM$StopEvent$
2131:             1             16  akka.actor.InternalActorRef$
2132:             1             16  akka.actor.Kill$
2133:             1             16  akka.actor.LightArrayRevolverScheduler$$Lambda$161/40191541
2134:             1             16  akka.actor.LightArrayRevolverScheduler$$Lambda$162/1937380187
2135:             1             16  akka.actor.LightArrayRevolverScheduler$$Lambda$163/366803687
2136:             1             16  akka.actor.LightArrayRevolverScheduler$$Lambda$164/1033917063
2137:             1             16  akka.actor.LightArrayRevolverScheduler$$Lambda$165/801569151
2138:             1             16  akka.actor.LightArrayRevolverScheduler$$Lambda$166/1026483832
2139:             1             16  akka.actor.LightArrayRevolverScheduler$$anon$3$$Lambda$169/58488213
2140:             1             16  akka.actor.LightArrayRevolverScheduler$$anon$4
2141:             1             16  akka.actor.LightArrayRevolverScheduler$$anon$5
2142:             1             16  akka.actor.LightArrayRevolverScheduler$$anon$6
2143:             1             16  akka.actor.LightArrayRevolverScheduler$$anon$7
2144:             1             16  akka.actor.LocalActorRefProvider$$Lambda$544/861673068
2145:             1             16  akka.actor.LocalActorRefProvider$$Lambda$556/1072114567
2146:             1             16  akka.actor.LocalScope$
2147:             1             16  akka.actor.NoScopeGiven$
2148:             1             16  akka.actor.OneForOneStrategy$
2149:             1             16  akka.actor.OneForOneStrategy$$Lambda$215/1966355106
2150:             1             16  akka.actor.PoisonPill$
2151:             1             16  akka.actor.Props$$$Lambda$223/79290250
2152:             1             16  akka.actor.ReflectiveDynamicAccess$$Lambda$159/85415531
2153:             1             16  akka.actor.ReflectiveDynamicAccess$$Lambda$160/1341404543
2154:             1             16  akka.actor.RelativeActorPath$
2155:             1             16  akka.actor.RootActorPath$
2156:             1             16  akka.actor.SelectParent$
2157:             1             16  akka.actor.SerializedNobody
2158:             1             16  akka.actor.SupervisorStrategy$$$Lambda$216/1141113940
2159:             1             16  akka.actor.SupervisorStrategy$$anonfun$1
2160:             1             16  akka.actor.SupervisorStrategy$$anonfun$stoppingDecider$1$1
2161:             1             16  akka.actor.SystemGuardian$RegisterTerminationHook$
2162:             1             16  akka.actor.dungeon.ChildrenContainer$EmptyChildrenContainer$
2163:             1             16  akka.actor.dungeon.FaultHandling$NoFailedInfo$
2164:             1             16  akka.actor.dungeon.ReceiveTimeout$
2165:             1             16  akka.actor.setup.ActorSystemSetup$
2166:             1             16  akka.actor.setup.ActorSystemSetup$$$Lambda$109/691098155
2167:             1             16  akka.actor.setup.ActorSystemSetup$$Lambda$112/1759250827
2168:             1             16  akka.actor.setup.ActorSystemSetup$$Lambda$121/1537772520
2169:             1             16  akka.dispatch.CachingConfig$ValuePathEntry$
2170:             1             16  akka.dispatch.Envelope$
2171:             1             16  akka.dispatch.ExecutionContexts$
2172:             1             16  akka.dispatch.MonitorableThreadFactory$
2173:             1             16  akka.dispatch.MonitorableThreadFactory$$anon$2
2174:             1             16  akka.dispatch.SaneRejectedExecutionHandler
2175:             1             16  akka.dispatch.ThreadPoolConfig$$$Lambda$417/559050604
2176:             1             16  akka.dispatch.ThreadPoolConfigBuilder$$Lambda$419/1726616678
2177:             1             16  akka.dispatch.internal.SameThreadExecutionContext$
2178:             1             16  akka.dispatch.internal.ScalaBatchable$
2179:             1             16  akka.dispatch.sysmsg.EarliestFirstSystemMessageList$
2180:             1             16  akka.dispatch.sysmsg.LatestFirstSystemMessageList$
2181:             1             16  akka.dispatch.sysmsg.NoMessage$
2182:             1             16  akka.event.AddressTerminatedTopic$
2183:             1             16  akka.event.EventStreamUnsubscriber$
2184:             1             16  akka.event.LogSource$$anon$2
2185:             1             16  akka.event.LogSource$$anon$3
2186:             1             16  akka.event.LogSource$$anon$4
2187:             1             16  akka.event.LogSource$$anon$5
2188:             1             16  akka.event.LogSource$$anon$6
2189:             1             16  akka.event.Logging$Info$
2190:             1             16  akka.event.Logging$LogExt$
2191:             1             16  akka.event.Logging$LogLevel$
2192:             1             16  akka.event.Logging$LoggerInitialized$
2193:             1             16  akka.event.Logging$SerializedStandardOutLogger
2194:             1             16  akka.event.LoggingBus$$Lambda$247/369805307
2195:             1             16  akka.event.LoggingFilterWithMarker$
2196:             1             16  akka.event.SubchannelClassification$$Lambda$153/1963075870
2197:             1             16  akka.event.SubchannelClassification$$Lambda$154/397071633
2198:             1             16  akka.event.SubchannelClassification$$Lambda$271/913242382
2199:             1             16  akka.event.slf4j.Logger$
2200:             1             16  akka.event.slf4j.Slf4jLogger$$Lambda$274/105040415
2201:             1             16  akka.japi.Util$
2202:             1             16  akka.japi.pf.CaseStatement$
2203:             1             16  akka.japi.pf.ReceiveBuilder$$Lambda$428/1437178315
2204:             1             16  akka.pattern.AskableActorRef$
2205:             1             16  akka.pattern.AskableActorSelection$
2206:             1             16  akka.pattern.Patterns$
2207:             1             16  akka.pattern.PromiseActorRef$$$Lambda$258/628392976
2208:             1             16  akka.pattern.PromiseActorRef$Registering$
2209:             1             16  akka.pattern.PromiseActorRef$Stopped$
2210:             1             16  akka.pattern.package$
2211:             1             16  akka.protobufv3.internal.ByteString$2
2212:             1             16  akka.protobufv3.internal.ByteString$ArraysByteArrayCopier
2213:             1             16  akka.protobufv3.internal.ExtensionRegistryLite
2214:             1             16  akka.protobufv3.internal.UnknownFieldSet$Parser
2215:             1             16  akka.protobufv3.internal.UnsafeUtil$JvmMemoryAccessor
2216:             1             16  akka.protobufv3.internal.Utf8$UnsafeProcessor
2217:             1             16  akka.remote.AckedReceiveBuffer$
2218:             1             16  akka.remote.AckedSendBuffer$
2219:             1             16  akka.remote.AddressUidExtension$
2220:             1             16  akka.remote.AddressUrlEncoder$
2221:             1             16  akka.remote.ByteStringUtils$
2222:             1             16  akka.remote.ContainerFormats$ActorIdentity$1
2223:             1             16  akka.remote.ContainerFormats$ActorRef$1
2224:             1             16  akka.remote.ContainerFormats$Identify$1
2225:             1             16  akka.remote.ContainerFormats$PatternType$1
2226:             1             16  akka.remote.ContainerFormats$Payload$1
2227:             1             16  akka.remote.ContainerFormats$Selection$1
2228:             1             16  akka.remote.ContainerFormats$SelectionEnvelope$1
2229:             1             16  akka.remote.DeadlineFailureDetector$$Lambda$517/427781561
2230:             1             16  akka.remote.DeadlineFailureDetector$$Lambda$518/1633821326
2231:             1             16  akka.remote.EndpointManager$$Lambda$277/1236813222
2232:             1             16  akka.remote.EndpointManager$$Lambda$513/280356907
2233:             1             16  akka.remote.EndpointManager$$Lambda$539/1238080956
2234:             1             16  akka.remote.EndpointManager$$anonfun$receive$2$$Lambda$330/1574933282
2235:             1             16  akka.remote.EndpointManager$$anonfun$receive$2$$Lambda$336/1447246040
2236:             1             16  akka.remote.EndpointManager$EndpointRegistry$$Lambda$514/1768442210
2237:             1             16  akka.remote.EndpointManager$Prune$
2238:             1             16  akka.remote.EndpointManager$Send$
2239:             1             16  akka.remote.EndpointManager$StartupFinished$
2240:             1             16  akka.remote.EndpointReader$
2241:             1             16  akka.remote.EndpointWriter$$Lambda$516/1806592648
2242:             1             16  akka.remote.EndpointWriter$AckIdleCheckTimer$
2243:             1             16  akka.remote.EndpointWriter$FlushAndStop$
2244:             1             16  akka.remote.FailureDetector$
2245:             1             16  akka.remote.FailureDetector$$anon$1
2246:             1             16  akka.remote.FailureDetectorLoader$
2247:             1             16  akka.remote.HasSequenceNumber$
2248:             1             16  akka.remote.MessageSerializer$
2249:             1             16  akka.remote.RARP$
2250:             1             16  akka.remote.ReliableDeliverySupervisor$
2251:             1             16  akka.remote.ReliableDeliverySupervisor$$Lambda$515/1944716734
2252:             1             16  akka.remote.ReliableDeliverySupervisor$AttemptSysMsgRedelivery$
2253:             1             16  akka.remote.ReliableDeliverySupervisor$Idle$
2254:             1             16  akka.remote.ReliableDeliverySupervisor$IsIdle$
2255:             1             16  akka.remote.RemoteActorRefProvider$$Lambda$327/72386655
2256:             1             16  akka.remote.RemoteActorRefProvider$Idle$
2257:             1             16  akka.remote.RemoteActorRefProvider$Uninitialized$
2258:             1             16  akka.remote.RemoteActorRefProvider$WaitDaemonShutdown$
2259:             1             16  akka.remote.RemoteActorRefProvider$WaitTransportShutdown$
2260:             1             16  akka.remote.RemoteDeployer$$Lambda$217/938463537
2261:             1             16  akka.remote.RemoteMetricsExtension$
2262:             1             16  akka.remote.RemoteSettings$$Lambda$172/1161148117
2263:             1             16  akka.remote.RemoteSettings$$Lambda$173/516875052
2264:             1             16  akka.remote.RemoteSettings$$Lambda$174/1131592118
2265:             1             16  akka.remote.RemoteSettings$$Lambda$175/589987187
2266:             1             16  akka.remote.RemoteSettings$$Lambda$176/1262609629
2267:             1             16  akka.remote.RemoteSettings$$Lambda$177/587180314
2268:             1             16  akka.remote.RemoteSettings$$Lambda$178/1955990522
2269:             1             16  akka.remote.RemoteSettings$$Lambda$179/69673470
2270:             1             16  akka.remote.RemoteSettings$$Lambda$180/1082411691
2271:             1             16  akka.remote.RemoteSettings$$Lambda$181/527211736
2272:             1             16  akka.remote.RemoteSettings$$Lambda$182/1533123860
2273:             1             16  akka.remote.RemoteSettings$$Lambda$183/1718906711
2274:             1             16  akka.remote.RemoteSettings$$Lambda$184/71802912
2275:             1             16  akka.remote.RemoteSettings$$Lambda$185/2134271532
2276:             1             16  akka.remote.RemoteSettings$$Lambda$186/686349795
2277:             1             16  akka.remote.RemoteSettings$$Lambda$187/1831010686
2278:             1             16  akka.remote.RemoteSettings$$Lambda$188/1423768154
2279:             1             16  akka.remote.RemoteSettings$$Lambda$189/404222443
2280:             1             16  akka.remote.RemoteSettings$$Lambda$190/1987977423
2281:             1             16  akka.remote.RemoteSettings$$Lambda$191/61073295
2282:             1             16  akka.remote.RemoteSettings$$Lambda$192/807322507
2283:             1             16  akka.remote.RemoteSettings$$Lambda$193/396485834
2284:             1             16  akka.remote.RemoteSettings$$Lambda$194/283039401
2285:             1             16  akka.remote.RemoteSettings$$Lambda$195/207471778
2286:             1             16  akka.remote.RemoteSettings$$Lambda$196/1243171897
2287:             1             16  akka.remote.RemoteSettings$$Lambda$197/1376151044
2288:             1             16  akka.remote.RemoteSettings$$Lambda$198/873175411
2289:             1             16  akka.remote.RemoteSettings$$Lambda$199/1443967876
2290:             1             16  akka.remote.RemoteSettings$$Lambda$200/1449772539
2291:             1             16  akka.remote.RemoteSettings$$Lambda$201/926859124
2292:             1             16  akka.remote.RemoteSettings$$Lambda$202/1603696865
2293:             1             16  akka.remote.RemoteSettings$$Lambda$203/12905860
2294:             1             16  akka.remote.RemoteSettings$$Lambda$207/1816522350
2295:             1             16  akka.remote.RemoteWatcher$
2296:             1             16  akka.remote.RemoteWatcher$ArteryHeartbeat$
2297:             1             16  akka.remote.RemoteWatcher$Heartbeat$
2298:             1             16  akka.remote.RemoteWatcher$HeartbeatTick$
2299:             1             16  akka.remote.RemoteWatcher$ReapUnreachableTick$
2300:             1             16  akka.remote.Remoting$
2301:             1             16  akka.remote.Remoting$$Lambda$338/475394679
2302:             1             16  akka.remote.Remoting$$Lambda$339/1574615832
2303:             1             16  akka.remote.Remoting$$Lambda$340/1049590050
2304:             1             16  akka.remote.WireFormats$AckAndEnvelopeContainer$1
2305:             1             16  akka.remote.WireFormats$ActorRefData$1
2306:             1             16  akka.remote.WireFormats$AddressData$1
2307:             1             16  akka.remote.WireFormats$AkkaControlMessage$1
2308:             1             16  akka.remote.WireFormats$AkkaHandshakeInfo$1
2309:             1             16  akka.remote.WireFormats$AkkaProtocolMessage$1
2310:             1             16  akka.remote.WireFormats$CommandType$1
2311:             1             16  akka.remote.WireFormats$RemoteEnvelope$1
2312:             1             16  akka.remote.WireFormats$SerializedMessage$1
2313:             1             16  akka.remote.artery.ArterySettings$
2314:             1             16  akka.remote.artery.ArterySettings$$Lambda$171/1714688478
2315:             1             16  akka.remote.artery.ArterySettings$AeronUpd$
2316:             1             16  akka.remote.artery.ArterySettings$Tcp$
2317:             1             16  akka.remote.artery.LruBoundedCache$$Lambda$551/633135266
2318:             1             16  akka.remote.artery.LruBoundedCache$$Lambda$552/422608764
2319:             1             16  akka.remote.artery.LruBoundedCache$$Lambda$553/1000780922
2320:             1             16  akka.remote.serialization.ActorRefResolveThreadLocalCache$
2321:             1             16  akka.remote.serialization.MessageContainerSerializer$$Lambda$571/1790810067
2322:             1             16  akka.remote.serialization.MiscMessageSerializer$$Lambda$359/1758893871
2323:             1             16  akka.remote.serialization.MiscMessageSerializer$$Lambda$367/1415439780
2324:             1             16  akka.remote.serialization.MiscMessageSerializer$$Lambda$368/1632789609
2325:             1             16  akka.remote.serialization.MiscMessageSerializer$$Lambda$369/124494140
2326:             1             16  akka.remote.serialization.MiscMessageSerializer$$Lambda$370/708443754
2327:             1             16  akka.remote.serialization.MiscMessageSerializer$$Lambda$371/50720817
2328:             1             16  akka.remote.serialization.MiscMessageSerializer$$Lambda$377/2144067911
2329:             1             16  akka.remote.transport.AbstractTransportAdapter$$Lambda$302/2140746958
2330:             1             16  akka.remote.transport.ActorTransportAdapter$
2331:             1             16  akka.remote.transport.ActorTransportAdapterManager$$anonfun$receive$1$$Lambda$341/684225619
2332:             1             16  akka.remote.transport.AkkaPduCodec$Heartbeat$
2333:             1             16  akka.remote.transport.AkkaProtocolSettings$$Lambda$294/98114058
2334:             1             16  akka.remote.transport.AkkaProtocolSettings$$Lambda$295/1002352813
2335:             1             16  akka.remote.transport.AssociationHandle$Unknown$
2336:             1             16  akka.remote.transport.HandshakeInfo$
2337:             1             16  akka.remote.transport.ProtocolStateActor$
2338:             1             16  akka.remote.transport.ProtocolStateActor$$Lambda$524/771983892
2339:             1             16  akka.remote.transport.ProtocolStateActor$$Lambda$534/1452318846
2340:             1             16  akka.remote.transport.ProtocolStateActor$Closed$
2341:             1             16  akka.remote.transport.ProtocolStateActor$HandshakeTimer$
2342:             1             16  akka.remote.transport.ProtocolStateActor$HeartbeatTimer$
2343:             1             16  akka.remote.transport.ProtocolStateActor$Open$
2344:             1             16  akka.remote.transport.ProtocolStateActor$WaitHandshake$
2345:             1             16  akka.remote.transport.TransportAdapters$$Lambda$290/1674731464
2346:             1             16  akka.remote.transport.TransportAdaptersExtension$
2347:             1             16  akka.remote.transport.netty.NettyFutureBridge$
2348:             1             16  akka.remote.transport.netty.NettyTransport$$Lambda$531/1638852559
2349:             1             16  akka.remote.transport.netty.NettyTransportSettings$$Lambda$279/970588110
2350:             1             16  akka.remote.transport.netty.NettyTransportSettings$$Lambda$280/935510475
2351:             1             16  akka.routing.ConsistentHashingPool$
2352:             1             16  akka.routing.ConsistentHashingRouter$emptyConsistentHashMapping$
2353:             1             16  akka.routing.MurmurHash$$$Lambda$253/1976023393
2354:             1             16  akka.routing.MurmurHash$$$Lambda$254/1611021477
2355:             1             16  akka.routing.NoRouter$
2356:             1             16  akka.routing.Pool$
2357:             1             16  akka.routing.Pool$$anonfun$1
2358:             1             16  akka.routing.Resizer$
2359:             1             16  akka.routing.RoundRobinPool$
2360:             1             16  akka.serialization.BaseSerializer$
2361:             1             16  akka.serialization.JavaSerializer$
2362:             1             16  akka.serialization.NullSerializer$
2363:             1             16  akka.serialization.Serialization$
2364:             1             16  akka.serialization.Serialization$$Lambda$353/1541433310
2365:             1             16  akka.serialization.Serialization$$Lambda$389/388802347
2366:             1             16  akka.serialization.Serialization$$Lambda$390/1107579932
2367:             1             16  akka.serialization.Serialization$$Lambda$391/1627010197
2368:             1             16  akka.serialization.Serialization$$Lambda$395/1373949107
2369:             1             16  akka.serialization.Serialization$$Lambda$396/1230013344
2370:             1             16  akka.serialization.Serialization$$Lambda$403/575360353
2371:             1             16  akka.serialization.Serialization$$Lambda$405/809383315
2372:             1             16  akka.serialization.Serialization$$Lambda$407/1627883152
2373:             1             16  akka.serialization.Serialization$Settings$$Lambda$352/259319861
2374:             1             16  akka.serialization.SerializationExtension$
2375:             1             16  akka.serialization.Serializers$
2376:             1             16  akka.stream.ActorMaterializerSettings$
2377:             1             16  akka.stream.ActorMaterializerSettings$$Lambda$409/207988207
2378:             1             16  akka.stream.ActorMaterializerSettings$$Lambda$410/1800500978
2379:             1             16  akka.stream.Attributes$CancellationStrategy
2380:             1             16  akka.stream.Attributes$CancellationStrategy$
2381:             1             16  akka.stream.Attributes$CancellationStrategy$PropagateFailure$
2382:             1             16  akka.stream.IOSettings$
2383:             1             16  akka.stream.StreamRefSettings$
2384:             1             16  akka.stream.StreamSubscriptionTimeoutSettings$
2385:             1             16  akka.stream.StreamSubscriptionTimeoutTerminationMode$CancelTermination$
2386:             1             16  akka.stream.Supervision$$anon$1
2387:             1             16  akka.stream.Supervision$$anon$2
2388:             1             16  akka.stream.Supervision$$anon$3
2389:             1             16  akka.stream.SystemMaterializer$
2390:             1             16  akka.stream.impl.FlowNames$
2391:             1             16  akka.stream.impl.GraphStageTag$
2392:             1             16  akka.stream.impl.MaterializerGuardian$
2393:             1             16  akka.stream.impl.PhasedFusingActorMaterializer$$anon$1
2394:             1             16  akka.stream.impl.PhasedFusingActorMaterializer$$anon$2
2395:             1             16  akka.stream.impl.PhasedFusingActorMaterializer$$anon$3
2396:             1             16  akka.stream.impl.PhasedFusingActorMaterializer$$anon$4
2397:             1             16  akka.stream.impl.PhasedFusingActorMaterializer$$anon$5
2398:             1             16  akka.stream.impl.ProcessorModuleIslandTag$
2399:             1             16  akka.stream.impl.SeqActorName$
2400:             1             16  akka.stream.impl.SinkModuleIslandTag$
2401:             1             16  akka.stream.impl.SourceModuleIslandTag$
2402:             1             16  akka.stream.impl.TlsModuleIslandTag$
2403:             1             16  akka.stream.impl.streamref.StreamRefSettingsImpl$
2404:             1             16  akka.util.BoxedType$
2405:             1             16  akka.util.ByteString$$anon$1
2406:             1             16  akka.util.ByteString$ByteString1C$
2407:             1             16  akka.util.Collections$EmptyImmutableSeq$
2408:             1             16  akka.util.CompactByteString$
2409:             1             16  akka.util.Helpers$ConfigOps$
2410:             1             16  akka.util.Helpers$Requiring$
2411:             1             16  akka.util.JavaDurationConverters$
2412:             1             16  akka.util.JavaDurationConverters$JavaDurationOps$
2413:             1             16  akka.util.OptionVal$
2414:             1             16  akka.util.OptionVal$Some$
2415:             1             16  akka.util.Reflect$
2416:             1             16  akka.util.Reflect$$$Lambda$224/2016828666
2417:             1             16  akka.util.Reflect$$$Lambda$226/2015301874
2418:             1             16  akka.util.Reflect$$$Lambda$241/1660223291
2419:             1             16  akka.util.SubclassifiedIndex$
2420:             1             16  akka.util.SubclassifiedIndex$$Lambda$148/1361393151
2421:             1             16  akka.util.SubclassifiedIndex$$Lambda$150/1998949977
2422:             1             16  akka.util.Timeout$
2423:             1             16  akka.util.Unsafe$$Lambda$167/473053293
2424:             1             16  akka.util.WildcardIndex$
2425:             1             16  akka.util.WildcardTree$
2426:             1             16  akka.util.WildcardTree$$Lambda$220/2123222442
2427:             1             16  akka.util.ccompat.CompatImpl$
2428:             1             16  akka.util.ccompat.package$
2429:             1             16  akka.util.ccompat.package$JavaConverters$
2430:             1             16  com.github.yck.simpletask.StatefulTask$2
2431:             1             16  com.github.yck.simpletask.StatefulTask$2
2432:             1             16  com.github.yck.simpletask.StatefulTask$2
2433:             1             16  com.github.yck.simpletask.StatefulTask$2
2434:             1             16  com.github.yck.simpletask.StatelessTask$1
2435:             1             16  com.github.yck.simpletask.StatelessTask$1
2436:             1             16  com.sun.jmx.interceptor.DefaultMBeanServerInterceptor$ResourceContext$1
2437:             1             16  com.sun.jmx.mbeanserver.DefaultMXBeanMappingFactory
2438:             1             16  com.sun.jmx.mbeanserver.DescriptorCache
2439:             1             16  com.sun.jmx.mbeanserver.MBeanAnalyzer$MethodOrder
2440:             1             16  com.sun.jmx.mbeanserver.MBeanInstantiator
2441:             1             16  com.sun.jmx.mbeanserver.MXBeanIntrospector
2442:             1             16  com.sun.jmx.mbeanserver.SecureClassLoaderRepository
2443:             1             16  com.sun.jmx.mbeanserver.StandardMBeanIntrospector
2444:             1             16  com.sun.proxy.$Proxy14
2445:             1             16  com.sun.proxy.$Proxy20
2446:             1             16  com.sun.proxy.$Proxy23
2447:             1             16  com.sun.proxy.$Proxy4
2448:             1             16  com.typesafe.config.ConfigResolveOptions$1
2449:             1             16  com.typesafe.config.impl.Parseable$1
2450:             1             16  com.typesafe.config.impl.SimpleIncluder
2451:             1             16  java.io.DeleteOnExitHook$1
2452:             1             16  java.io.FileDescriptor$1
2453:             1             16  java.io.ObjectInputStream$$Lambda$560/354494603
2454:             1             16  java.io.ObjectInputStream$1
2455:             1             16  java.lang.ApplicationShutdownHooks$1
2456:             1             16  java.lang.CharacterDataLatin1
2457:             1             16  java.lang.InheritableThreadLocal
2458:             1             16  java.lang.ProcessEnvironment$StringEntrySet
2459:             1             16  java.lang.Runtime
2460:             1             16  java.lang.String$CaseInsensitiveComparator
2461:             1             16  java.lang.System$2
2462:             1             16  java.lang.Terminator$1
2463:             1             16  java.lang.invoke.MemberName$Factory
2464:             1             16  java.lang.invoke.MethodHandleImpl$2
2465:             1             16  java.lang.invoke.MethodHandleImpl$3
2466:             1             16  java.lang.management.PlatformComponent$1
2467:             1             16  java.lang.management.PlatformComponent$10
2468:             1             16  java.lang.management.PlatformComponent$11
2469:             1             16  java.lang.management.PlatformComponent$12
2470:             1             16  java.lang.management.PlatformComponent$13
2471:             1             16  java.lang.management.PlatformComponent$14
2472:             1             16  java.lang.management.PlatformComponent$15
2473:             1             16  java.lang.management.PlatformComponent$2
2474:             1             16  java.lang.management.PlatformComponent$3
2475:             1             16  java.lang.management.PlatformComponent$4
2476:             1             16  java.lang.management.PlatformComponent$5
2477:             1             16  java.lang.management.PlatformComponent$6
2478:             1             16  java.lang.management.PlatformComponent$7
2479:             1             16  java.lang.management.PlatformComponent$8
2480:             1             16  java.lang.management.PlatformComponent$9
2481:             1             16  java.lang.ref.Reference$1
2482:             1             16  java.lang.ref.Reference$Lock
2483:             1             16  java.lang.reflect.Proxy$KeyFactory
2484:             1             16  java.lang.reflect.Proxy$ProxyClassFactory
2485:             1             16  java.lang.reflect.ReflectAccess
2486:             1             16  java.math.BigDecimal$1
2487:             1             16  java.net.InetAddress$2
2488:             1             16  java.net.URLClassLoader$7
2489:             1             16  java.nio.Bits$1
2490:             1             16  java.nio.Bits$1$1
2491:             1             16  java.nio.charset.CoderResult$1
2492:             1             16  java.nio.charset.CoderResult$2
2493:             1             16  java.nio.file.Files$AcceptAllFilter
2494:             1             16  java.security.AllPermission
2495:             1             16  java.security.ProtectionDomain$2
2496:             1             16  java.security.ProtectionDomain$JavaSecurityAccessImpl
2497:             1             16  java.time.chrono.AbstractChronology$$Lambda$22/1264213713
2498:             1             16  java.time.chrono.AbstractChronology$$Lambda$23/1019384604
2499:             1             16  java.time.chrono.AbstractChronology$$Lambda$24/963110412
2500:             1             16  java.time.chrono.IsoChronology
2501:             1             16  java.time.format.DateTimeFormatter$$Lambda$25/2061347276
2502:             1             16  java.time.format.DateTimeFormatter$$Lambda$26/1559122513
2503:             1             16  java.time.format.DateTimeFormatterBuilder$$Lambda$21/158199555
2504:             1             16  java.time.format.DateTimeFormatterBuilder$2
2505:             1             16  java.time.format.DateTimeFormatterBuilder$InstantPrinterParser
2506:             1             16  java.time.format.DateTimeTextProvider$1
2507:             1             16  java.time.temporal.TemporalQueries$$Lambda$28/1541857308
2508:             1             16  java.time.temporal.TemporalQueries$$Lambda$29/1861781750
2509:             1             16  java.time.temporal.TemporalQueries$$Lambda$30/2095303566
2510:             1             16  java.time.temporal.TemporalQueries$$Lambda$31/1378084334
2511:             1             16  java.time.temporal.TemporalQueries$$Lambda$32/200224114
2512:             1             16  java.time.temporal.TemporalQueries$$Lambda$33/581318631
2513:             1             16  java.time.temporal.TemporalQueries$$Lambda$34/487694075
2514:             1             16  java.util.Collections$EmptyEnumeration
2515:             1             16  java.util.Collections$EmptyIterator
2516:             1             16  java.util.Collections$EmptyList
2517:             1             16  java.util.Collections$EmptySet
2518:             1             16  java.util.Collections$UnmodifiableMap$UnmodifiableEntrySet
2519:             1             16  java.util.Currency$CurrencyNameGetter
2520:             1             16  java.util.EnumMap$1
2521:             1             16  java.util.Hashtable$KeySet
2522:             1             16  java.util.ResourceBundle$Control
2523:             1             16  java.util.Spliterators$EmptySpliterator$OfDouble
2524:             1             16  java.util.Spliterators$EmptySpliterator$OfInt
2525:             1             16  java.util.Spliterators$EmptySpliterator$OfLong
2526:             1             16  java.util.Spliterators$EmptySpliterator$OfRef
2527:             1             16  java.util.WeakHashMap$KeySet
2528:             1             16  java.util.concurrent.CompletableFuture$ThreadPerTaskExecutor
2529:             1             16  java.util.concurrent.ForkJoinPool$DefaultForkJoinWorkerThreadFactory
2530:             1             16  java.util.concurrent.Semaphore
2531:             1             16  java.util.concurrent.ThreadPoolExecutor$AbortPolicy
2532:             1             16  java.util.function.Function$$Lambda$447/883678948
2533:             1             16  java.util.jar.JavaUtilJarAccessImpl
2534:             1             16  java.util.logging.LoggingProxyImpl
2535:             1             16  java.util.regex.Pattern$4
2536:             1             16  java.util.regex.Pattern$LastNode
2537:             1             16  java.util.regex.Pattern$Node
2538:             1             16  java.util.stream.Collectors$$Lambda$106/1800976873
2539:             1             16  java.util.stream.Collectors$$Lambda$107/253011924
2540:             1             16  java.util.stream.Collectors$$Lambda$108/1390913202
2541:             1             16  java.util.stream.Collectors$$Lambda$423/1410367298
2542:             1             16  java.util.stream.Collectors$$Lambda$424/454160179
2543:             1             16  java.util.stream.Collectors$$Lambda$425/74885833
2544:             1             16  java.util.stream.Collectors$$Lambda$448/1906947271
2545:             1             16  java.util.stream.Collectors$$Lambda$449/2010070923
2546:             1             16  java.util.stream.Collectors$$Lambda$54/1710989308
2547:             1             16  java.util.stream.Collectors$$Lambda$55/2020152163
2548:             1             16  java.util.stream.Collectors$$Lambda$56/60292059
2549:             1             16  java.util.stream.Collectors$$Lambda$57/869601985
2550:             1             16  java.util.stream.Collectors$$Lambda$658/662900259
2551:             1             16  java.util.stream.FindOps$$Lambda$83/879583678
2552:             1             16  java.util.stream.FindOps$$Lambda$84/1025309396
2553:             1             16  java.util.stream.IntPipeline$$Lambda$168/1344519051
2554:             1             16  java.util.stream.IntPipeline$$Lambda$666/613832121
2555:             1             16  java.util.stream.IntPipeline$$Lambda$82/1504642150
2556:             1             16  java.util.stream.Nodes$EmptyNode$OfDouble
2557:             1             16  java.util.stream.Nodes$EmptyNode$OfInt
2558:             1             16  java.util.stream.Nodes$EmptyNode$OfLong
2559:             1             16  java.util.stream.Nodes$EmptyNode$OfRef
2560:             1             16  java.util.zip.ZipFile$1
2561:             1             16  javax.management.JMX
2562:             1             16  javax.management.MBeanServerBuilder
2563:             1             16  javax.management.NotificationBroadcasterSupport$1
2564:             1             16  org.apache.flink.api.common.eventtime.IndexedCombinedWatermarkStatus$$Lambda$641/2134754678
2565:             1             16  org.apache.flink.api.common.eventtime.IndexedCombinedWatermarkStatus$$Lambda$642/1733051492
2566:             1             16  org.apache.flink.api.common.state.StateTtlConfig$CleanupStrategies$EmptyCleanupStrategy
2567:             1             16  org.apache.flink.api.common.typeutils.base.BigDecSerializer
2568:             1             16  org.apache.flink.api.common.typeutils.base.BigIntSerializer
2569:             1             16  org.apache.flink.api.common.typeutils.base.BooleanSerializer
2570:             1             16  org.apache.flink.api.common.typeutils.base.ByteSerializer
2571:             1             16  org.apache.flink.api.common.typeutils.base.CharSerializer
2572:             1             16  org.apache.flink.api.common.typeutils.base.DateSerializer
2573:             1             16  org.apache.flink.api.common.typeutils.base.DoubleSerializer
2574:             1             16  org.apache.flink.api.common.typeutils.base.FloatSerializer
2575:             1             16  org.apache.flink.api.common.typeutils.base.InstantSerializer
2576:             1             16  org.apache.flink.api.common.typeutils.base.LongSerializer
2577:             1             16  org.apache.flink.api.common.typeutils.base.ShortSerializer
2578:             1             16  org.apache.flink.api.common.typeutils.base.VoidSerializer
2579:             1             16  org.apache.flink.configuration.ConfigOption$$Lambda$42/1390869998
2580:             1             16  org.apache.flink.configuration.ConfigOption$$Lambda$44/1608297024
2581:             1             16  org.apache.flink.configuration.ConfigOption$$Lambda$95/1910438136
2582:             1             16  org.apache.flink.configuration.ConfigOption$$Lambda$96/943454742
2583:             1             16  org.apache.flink.configuration.Configuration$$Lambda$495/703627308
2584:             1             16  org.apache.flink.configuration.Configuration$$Lambda$623/1495617411
2585:             1             16  org.apache.flink.configuration.Configuration$$Lambda$625/839274148
2586:             1             16  org.apache.flink.configuration.Configuration$$Lambda$640/6349014
2587:             1             16  org.apache.flink.configuration.Configuration$$Lambda$91/671046933
2588:             1             16  org.apache.flink.configuration.MemorySize$$Lambda$89/1716093734
2589:             1             16  org.apache.flink.configuration.UnmodifiableConfiguration
2590:             1             16  org.apache.flink.core.classloading.ComponentClassLoader$$Lambda$65/1583159071
2591:             1             16  org.apache.flink.core.classloading.ComponentClassLoader$$Lambda$66/607207372
2592:             1             16  org.apache.flink.core.fs.FileSystem$$Lambda$63/664792509
2593:             1             16  org.apache.flink.core.fs.FileSystem$$Lambda$67/2151717
2594:             1             16  org.apache.flink.core.fs.SafetyNetCloseableRegistry$$Lambda$609/259411774
2595:             1             16  org.apache.flink.core.fs.local.LocalFileSystemFactory
2596:             1             16  org.apache.flink.core.memory.MemorySegmentFactory$$Lambda$471/1957282992
2597:             1             16  org.apache.flink.core.plugin.DirectoryBasedPluginFinder$$Lambda$49/447718425
2598:             1             16  org.apache.flink.core.plugin.DirectoryBasedPluginFinder$$Lambda$59/1609124502
2599:             1             16  org.apache.flink.core.plugin.DirectoryBasedPluginFinder$$Lambda$60/1985836631
2600:             1             16  org.apache.flink.core.plugin.DirectoryBasedPluginFinder$$Lambda$61/1948471365
2601:             1             16  org.apache.flink.core.plugin.PluginConfig$$Lambda$41/496729294
2602:             1             16  org.apache.flink.management.jmx.JMXService$$Lambda$501/618512906
2603:             1             16  org.apache.flink.runtime.broadcast.BroadcastVariableManager
2604:             1             16  org.apache.flink.runtime.checkpoint.InflightDataRescalingDescriptor$NoRescalingDescriptor
2605:             1             16  org.apache.flink.runtime.checkpoint.PrioritizedOperatorSubtaskState$Builder$$Lambda$682/910411351
2606:             1             16  org.apache.flink.runtime.checkpoint.PrioritizedOperatorSubtaskState$Builder$$Lambda$684/1304198903
2607:             1             16  org.apache.flink.runtime.checkpoint.PrioritizedOperatorSubtaskState$Builder$$Lambda$685/1619347127
2608:             1             16  org.apache.flink.runtime.checkpoint.PrioritizedOperatorSubtaskState$Builder$$Lambda$686/1198116048
2609:             1             16  org.apache.flink.runtime.checkpoint.PrioritizedOperatorSubtaskState$Builder$$Lambda$687/1300511695
2610:             1             16  org.apache.flink.runtime.checkpoint.PrioritizedOperatorSubtaskState$Builder$$Lambda$688/897478275
2611:             1             16  org.apache.flink.runtime.checkpoint.StateObjectCollection
2612:             1             16  org.apache.flink.runtime.checkpoint.TaskStateSnapshot$$Lambda$649/769229201
2613:             1             16  org.apache.flink.runtime.checkpoint.TaskStateSnapshot$$Lambda$650/34909730
2614:             1             16  org.apache.flink.runtime.checkpoint.TaskStateSnapshot$$Lambda$695/2107779616
2615:             1             16  org.apache.flink.runtime.checkpoint.channel.ChannelStateWriter$NoOpChannelStateWriter
2616:             1             16  org.apache.flink.runtime.checkpoint.channel.SequentialChannelStateReaderImpl$$Lambda$653/1028561387
2617:             1             16  org.apache.flink.runtime.checkpoint.channel.SequentialChannelStateReaderImpl$$Lambda$654/1974439320
2618:             1             16  org.apache.flink.runtime.checkpoint.channel.SequentialChannelStateReaderImpl$$Lambda$655/576496592
2619:             1             16  org.apache.flink.runtime.checkpoint.channel.SequentialChannelStateReaderImpl$$Lambda$657/430921806
2620:             1             16  org.apache.flink.runtime.checkpoint.channel.SequentialChannelStateReaderImpl$$Lambda$696/950053872
2621:             1             16  org.apache.flink.runtime.clusterframework.types.ResourceProfile$$Lambda$484/351970188
2622:             1             16  org.apache.flink.runtime.clusterframework.types.ResourceProfile$$Lambda$485/2146613458
2623:             1             16  org.apache.flink.runtime.clusterframework.types.ResourceProfile$$Lambda$486/115086468
2624:             1             16  org.apache.flink.runtime.clusterframework.types.ResourceProfile$Builder$$Lambda$487/1855112877
2625:             1             16  org.apache.flink.runtime.concurrent.akka.AkkaFutureUtils$DirectExecutionContext
2626:             1             16  org.apache.flink.runtime.execution.librarycache.BlobLibraryCacheManager$$Lambda$491/222300483
2627:             1             16  org.apache.flink.runtime.execution.librarycache.BlobLibraryCacheManager$ResolvedClassLoader$$Lambda$622/48779684
2628:             1             16  org.apache.flink.runtime.externalresource.ExternalResourceUtils$$Lambda$444/669725336
2629:             1             16  org.apache.flink.runtime.externalresource.StaticExternalResourceInfoProvider
2630:             1             16  org.apache.flink.runtime.filecache.FileCache$$Lambda$499/275211348
2631:             1             16  org.apache.flink.runtime.fs.maprfs.MapRFsFactory
2632:             1             16  org.apache.flink.runtime.heartbeat.HeartbeatManagerImpl$$Lambda$584/1658155028
2633:             1             16  org.apache.flink.runtime.highavailability.nonha.standalone.StandaloneRunningJobsRegistry
2634:             1             16  org.apache.flink.runtime.io.disk.iomanager.IOManager$$Lambda$468/1540832538
2635:             1             16  org.apache.flink.runtime.io.disk.iomanager.IOManagerAsync$$Lambda$469/2081964843
2636:             1             16  org.apache.flink.runtime.io.network.NettyShuffleServiceFactory$$Lambda$470/788048067
2637:             1             16  org.apache.flink.runtime.io.network.TaskEventDispatcher
2638:             1             16  org.apache.flink.runtime.io.network.buffer.FreeingBufferRecycler
2639:             1             16  org.apache.flink.runtime.io.network.logger.NetworkActionsLogger$$Lambda$711/1831881462
2640:             1             16  org.apache.flink.runtime.io.network.metrics.NettyShuffleMetricFactory$$Lambda$475/2042917213
2641:             1             16  org.apache.flink.runtime.io.network.metrics.NettyShuffleMetricFactory$$Lambda$476/1520656618
2642:             1             16  org.apache.flink.runtime.io.network.metrics.NettyShuffleMetricFactory$$Lambda$477/1699265405
2643:             1             16  org.apache.flink.runtime.io.network.metrics.NettyShuffleMetricFactory$$Lambda$478/1412656257
2644:             1             16  org.apache.flink.runtime.io.network.metrics.NettyShuffleMetricFactory$$Lambda$479/358019805
2645:             1             16  org.apache.flink.runtime.io.network.metrics.NettyShuffleMetricFactory$$Lambda$480/904208473
2646:             1             16  org.apache.flink.runtime.io.network.metrics.NettyShuffleMetricFactory$$Lambda$481/103118806
2647:             1             16  org.apache.flink.runtime.io.network.metrics.NettyShuffleMetricFactory$$Lambda$482/1237144823
2648:             1             16  org.apache.flink.runtime.io.network.netty.NettyMessage$NettyMessageEncoder
2649:             1             16  org.apache.flink.runtime.io.network.partition.AbstractPartitionTracker$$Lambda$742/232926819
2650:             1             16  org.apache.flink.runtime.io.network.partition.TaskExecutorPartitionTrackerImpl$$Lambda$580/780179419
2651:             1             16  org.apache.flink.runtime.io.network.partition.TaskExecutorPartitionTrackerImpl$$Lambda$768/1739809037
2652:             1             16  org.apache.flink.runtime.io.network.partition.consumer.EndOfChannelStateEvent
2653:             1             16  org.apache.flink.runtime.messages.Acknowledge
2654:             1             16  org.apache.flink.runtime.metrics.ReporterSetup$$Lambda$422/1997344422
2655:             1             16  org.apache.flink.runtime.metrics.ReporterSetup$$Lambda$426/1827303532
2656:             1             16  org.apache.flink.runtime.metrics.dump.MetricQueryService$1
2657:             1             16  org.apache.flink.runtime.metrics.util.MetricUtils$$Lambda$452/1215029765
2658:             1             16  org.apache.flink.runtime.metrics.util.MetricUtils$$Lambda$454/766696861
2659:             1             16  org.apache.flink.runtime.metrics.util.MetricUtils$$Lambda$457/1103017075
2660:             1             16  org.apache.flink.runtime.metrics.util.MetricUtils$$Lambda$461/55755528
2661:             1             16  org.apache.flink.runtime.metrics.util.MetricUtils$$Lambda$463/2100771791
2662:             1             16  org.apache.flink.runtime.metrics.util.MetricUtils$$Lambda$464/98412281
2663:             1             16  org.apache.flink.runtime.metrics.util.MetricUtils$$Lambda$465/201392112
2664:             1             16  org.apache.flink.runtime.metrics.util.MetricUtils$$Lambda$466/748975217
2665:             1             16  org.apache.flink.runtime.metrics.util.MetricUtils$$Lambda$467/1510087865
2666:             1             16  org.apache.flink.runtime.metrics.util.MetricUtils$$Lambda$493/2015007762
2667:             1             16  org.apache.flink.runtime.metrics.util.MetricUtils$$Lambda$494/1514955661
2668:             1             16  org.apache.flink.runtime.rpc.akka.$Proxy18
2669:             1             16  org.apache.flink.runtime.rpc.akka.$Proxy22
2670:             1             16  org.apache.flink.runtime.rpc.akka.AkkaRpcServiceUtils$$Lambda$92/1606286799
2671:             1             16  org.apache.flink.runtime.rpc.akka.AkkaRpcServiceUtils$$Lambda$93/1325144078
2672:             1             16  org.apache.flink.runtime.rpc.akka.AkkaRpcServiceUtils$AkkaRpcServiceBuilder$$Lambda$102/605052357
2673:             1             16  org.apache.flink.runtime.rpc.akka.AkkaRpcSystem
2674:             1             16  org.apache.flink.runtime.rpc.akka.EscalatingSupervisorStrategy$$Lambda$244/1129869771
2675:             1             16  org.apache.flink.runtime.rpc.akka.RobustActorSystem$$Lambda$113/220695851
2676:             1             16  org.apache.flink.runtime.rpc.akka.RobustActorSystem$$Lambda$114/636782475
2677:             1             16  org.apache.flink.runtime.rpc.akka.RobustActorSystem$$Lambda$115/1312963234
2678:             1             16  org.apache.flink.runtime.rpc.akka.RobustActorSystem$$Lambda$117/826865256
2679:             1             16  org.apache.flink.runtime.rpc.akka.RobustActorSystem$$Lambda$118/1845517769
2680:             1             16  org.apache.flink.runtime.rpc.akka.RobustActorSystem$$Lambda$119/2095788421
2681:             1             16  org.apache.flink.runtime.security.contexts.NoOpSecurityContext
2682:             1             16  org.apache.flink.runtime.state.CheckpointStorageLocationReference
2683:             1             16  org.apache.flink.runtime.state.KeyExtractorFunction$1
2684:             1             16  org.apache.flink.runtime.state.PriorityComparator$$Lambda$708/1152252614
2685:             1             16  org.apache.flink.runtime.state.StateSnapshotTransformer$StateSnapshotTransformFactory$1
2686:             1             16  org.apache.flink.runtime.state.TaskExecutorLocalStateStoresManager$$Lambda$489/1519911160
2687:             1             16  org.apache.flink.runtime.state.TaskExecutorStateChangelogStoragesManager$$Lambda$490/600657906
2688:             1             16  org.apache.flink.runtime.state.UncompressedStreamCompressionDecorator
2689:             1             16  org.apache.flink.runtime.state.changelog.StateChangelogStorageLoader$$Lambda$72/2129144075
2690:             1             16  org.apache.flink.runtime.state.changelog.inmemory.InMemoryStateChangelogStorageFactory
2691:             1             16  org.apache.flink.runtime.state.heap.HeapKeyedStateBackend$$Lambda$700/309834216
2692:             1             16  org.apache.flink.runtime.state.heap.HeapKeyedStateBackend$$Lambda$701/611168827
2693:             1             16  org.apache.flink.runtime.state.heap.HeapKeyedStateBackend$$Lambda$702/1722100683
2694:             1             16  org.apache.flink.runtime.state.heap.HeapKeyedStateBackend$$Lambda$703/1487663833
2695:             1             16  org.apache.flink.runtime.state.heap.HeapKeyedStateBackend$$Lambda$704/2107921113
2696:             1             16  org.apache.flink.runtime.state.heap.HeapKeyedStateBackend$$Lambda$705/605524712
2697:             1             16  org.apache.flink.runtime.state.heap.HeapKeyedStateBackend$$Lambda$706/2079993385
2698:             1             16  org.apache.flink.runtime.state.heap.HeapKeyedStateBackendBuilder$$Lambda$699/1248505834
2699:             1             16  org.apache.flink.runtime.state.storage.ExternalizedSnapshotLocation$$Lambda$629/240213776
2700:             1             16  org.apache.flink.runtime.state.ttl.TtlTimeProvider$$Lambda$674/706971861
2701:             1             16  org.apache.flink.runtime.taskexecutor.DefaultJobTable$$Lambda$595/1196559102
2702:             1             16  org.apache.flink.runtime.taskexecutor.TaskExecutor$$Lambda$601/322248380
2703:             1             16  org.apache.flink.runtime.taskexecutor.TaskExecutor$$Lambda$602/867186802
2704:             1             16  org.apache.flink.runtime.taskexecutor.TaskExecutor$$Lambda$604/1998289746
2705:             1             16  org.apache.flink.runtime.taskexecutor.TaskExecutor$$Lambda$605/1163570795
2706:             1             16  org.apache.flink.runtime.taskexecutor.TaskExecutor$$Lambda$721/996569339
2707:             1             16  org.apache.flink.runtime.taskexecutor.TaskExecutor$JobLeaderListenerImpl
2708:             1             16  org.apache.flink.runtime.taskexecutor.TaskExecutor$JobManagerHeartbeatListener
2709:             1             16  org.apache.flink.runtime.taskexecutor.TaskExecutor$JobManagerHeartbeatListener$$Lambda$724/1565846985
2710:             1             16  org.apache.flink.runtime.taskexecutor.TaskExecutor$ResourceManagerHeartbeatListener
2711:             1             16  org.apache.flink.runtime.taskexecutor.TaskExecutor$ResourceManagerHeartbeatTarget
2712:             1             16  org.apache.flink.runtime.taskexecutor.TaskExecutor$ResourceManagerRegistrationListener
2713:             1             16  org.apache.flink.runtime.taskexecutor.TaskExecutor$SlotActionsImpl
2714:             1             16  org.apache.flink.runtime.taskexecutor.TaskExecutorResourceSpec$$Lambda$445/458998685
2715:             1             16  org.apache.flink.runtime.taskexecutor.TaskExecutorResourceSpec$$Lambda$446/345290829
2716:             1             16  org.apache.flink.runtime.taskexecutor.TaskExecutorToServiceAdapter
2717:             1             16  org.apache.flink.runtime.taskexecutor.TaskManagerRunner$$Lambda$492/838800272
2718:             1             16  org.apache.flink.runtime.taskexecutor.TaskManagerRunner$$Lambda$496/1869177530
2719:             1             16  org.apache.flink.runtime.taskexecutor.TaskManagerRunner$$Lambda$497/824900551
2720:             1             16  org.apache.flink.runtime.taskexecutor.TaskManagerRunner$$Lambda$77/931496835
2721:             1             16  org.apache.flink.runtime.taskexecutor.ThreadInfoSampleService
2722:             1             16  org.apache.flink.runtime.taskexecutor.partition.PartitionTable
2723:             1             16  org.apache.flink.runtime.taskexecutor.slot.TaskSlot$$Lambda$749/1270339457
2724:             1             16  org.apache.flink.runtime.taskexecutor.slot.TaskSlotTableImpl$TaskSlotIterator$$Lambda$620/1363234535
2725:             1             16  org.apache.flink.runtime.util.ClusterUncaughtExceptionHandler
2726:             1             16  org.apache.flink.runtime.util.EnvironmentInformation$Versions$$Lambda$27/1552978964
2727:             1             16  org.apache.flink.runtime.util.EnvironmentInformation$Versions$$Lambda$36/117009527
2728:             1             16  org.apache.flink.shaded.guava30.com.google.common.base.Absent
2729:             1             16  org.apache.flink.shaded.guava30.com.google.common.base.CharMatcher$None
2730:             1             16  org.apache.flink.shaded.guava30.com.google.common.base.CharMatcher$Whitespace
2731:             1             16  org.apache.flink.shaded.guava30.com.google.common.base.Java8Usage$$Lambda$47/1130894323
2732:             1             16  org.apache.flink.shaded.guava30.com.google.common.io.Closer$SuppressingSuppressor
2733:             1             16  org.apache.flink.shaded.netty4.io.netty.bootstrap.BootstrapConfig
2734:             1             16  org.apache.flink.shaded.netty4.io.netty.bootstrap.ServerBootstrapConfig
2735:             1             16  org.apache.flink.shaded.netty4.io.netty.buffer.AbstractReferenceCountedByteBuf$1
2736:             1             16  org.apache.flink.shaded.netty4.io.netty.buffer.ByteBufUtil$1
2737:             1             16  org.apache.flink.shaded.netty4.io.netty.buffer.ByteBufUtil$2
2738:             1             16  org.apache.flink.shaded.netty4.io.netty.channel.ChannelFutureListener$1
2739:             1             16  org.apache.flink.shaded.netty4.io.netty.channel.ChannelFutureListener$2
2740:             1             16  org.apache.flink.shaded.netty4.io.netty.channel.ChannelFutureListener$3
2741:             1             16  org.apache.flink.shaded.netty4.io.netty.channel.ChannelHandlerMask$1
2742:             1             16  org.apache.flink.shaded.netty4.io.netty.channel.ChannelOutboundBuffer$1
2743:             1             16  org.apache.flink.shaded.netty4.io.netty.channel.DefaultChannelPipeline$1
2744:             1             16  org.apache.flink.shaded.netty4.io.netty.channel.DefaultMessageSizeEstimator
2745:             1             16  org.apache.flink.shaded.netty4.io.netty.channel.DefaultMessageSizeEstimator$HandleImpl
2746:             1             16  org.apache.flink.shaded.netty4.io.netty.channel.DefaultSelectStrategy
2747:             1             16  org.apache.flink.shaded.netty4.io.netty.channel.DefaultSelectStrategyFactory
2748:             1             16  org.apache.flink.shaded.netty4.io.netty.channel.VoidChannelPromise$1
2749:             1             16  org.apache.flink.shaded.netty4.io.netty.channel.epoll.AbstractEpollChannel$AbstractEpollUnsafe$1
2750:             1             16  org.apache.flink.shaded.netty4.io.netty.util.AbstractReferenceCounted$1
2751:             1             16  org.apache.flink.shaded.netty4.io.netty.util.NettyRuntime$AvailableProcessorsHolder
2752:             1             16  org.apache.flink.shaded.netty4.io.netty.util.concurrent.AbstractScheduledEventExecutor$1
2753:             1             16  org.apache.flink.shaded.netty4.io.netty.util.concurrent.AbstractScheduledEventExecutor$2
2754:             1             16  org.apache.flink.shaded.netty4.io.netty.util.concurrent.DefaultEventExecutorChooserFactory
2755:             1             16  org.apache.flink.shaded.netty4.io.netty.util.concurrent.DefaultPromise$CauseHolder
2756:             1             16  org.apache.flink.shaded.netty4.io.netty.util.concurrent.FastThreadLocal
2757:             1             16  org.apache.flink.shaded.netty4.io.netty.util.concurrent.GlobalEventExecutor$1
2758:             1             16  org.apache.flink.shaded.netty4.io.netty.util.concurrent.GlobalEventExecutor$TaskRunner
2759:             1             16  org.apache.flink.shaded.netty4.io.netty.util.concurrent.RejectedExecutionHandlers$1
2760:             1             16  org.apache.flink.shaded.netty4.io.netty.util.concurrent.SingleThreadEventExecutor$1
2761:             1             16  org.apache.flink.shaded.netty4.io.netty.util.concurrent.SingleThreadEventExecutor$4
2762:             1             16  org.apache.flink.shaded.netty4.io.netty.util.internal.CleanerJava6
2763:             1             16  org.apache.flink.shaded.netty4.io.netty.util.internal.PlatformDependent$1
2764:             1             16  org.apache.flink.shaded.netty4.io.netty.util.internal.PlatformDependent$2
2765:             1             16  org.apache.flink.streaming.api.graph.StreamConfig$$Lambda$680/1985673912
2766:             1             16  org.apache.flink.streaming.api.graph.StreamConfig$$Lambda$681/614779486
2767:             1             16  org.apache.flink.streaming.runtime.io.checkpointing.InputProcessorUtil$$Lambda$661/781009128
2768:             1             16  org.apache.flink.streaming.runtime.io.checkpointing.InputProcessorUtil$$Lambda$662/1888120657
2769:             1             16  org.apache.flink.streaming.runtime.io.checkpointing.InputProcessorUtil$$Lambda$663/1487358261
2770:             1             16  org.apache.flink.streaming.runtime.io.checkpointing.InputProcessorUtil$$Lambda$665/702224894
2771:             1             16  org.apache.flink.streaming.runtime.io.checkpointing.InputProcessorUtil$$Lambda$669/1613418752
2772:             1             16  org.apache.flink.streaming.runtime.io.checkpointing.InputProcessorUtil$$Lambda$670/2040519104
2773:             1             16  org.apache.flink.streaming.runtime.io.checkpointing.InputProcessorUtil$$Lambda$672/1462362950
2774:             1             16  org.apache.flink.streaming.runtime.io.checkpointing.UpstreamRecoveryTracker$1
2775:             1             16  org.apache.flink.streaming.runtime.tasks.OperatorChain$$Lambda$645/405965720
2776:             1             16  org.apache.flink.streaming.runtime.tasks.StreamTask$$Lambda$679/1581129876
2777:             1             16  org.apache.flink.streaming.runtime.tasks.StreamTask$$Lambda$731/1028283917
2778:             1             16  org.apache.flink.streaming.runtime.tasks.StreamTaskActionExecutor$1
2779:             1             16  org.apache.flink.streaming.runtime.tasks.mailbox.MailboxProcessor$$Lambda$765/1522975525
2780:             1             16  org.apache.flink.types.SerializableOptional
2781:             1             16  org.apache.flink.types.StringValue$$Lambda$707/502508970
2782:             1             16  org.apache.flink.util.FatalExitExceptionHandler
2783:             1             16  org.apache.flink.util.FileUtils$$Lambda$756/522410827
2784:             1             16  org.apache.flink.util.FlinkUserCodeClassLoader$$Lambda$621/1215493513
2785:             1             16  org.apache.flink.util.TimeUtils$TimeUnit$$Lambda$80/1987169128
2786:             1             16  org.apache.flink.util.clock.SystemClock
2787:             1             16  org.apache.flink.util.function.FunctionUtils$$Lambda$51/1939990953
2788:             1             16  org.apache.flink.util.function.FunctionUtils$$Lambda$52/2073621255
2789:             1             16  org.apache.log4j.config.PropertiesConfigurationFactory
2790:             1             16  org.apache.log4j.xml.XmlConfigurationFactory
2791:             1             16  org.apache.logging.log4j.ThreadContext$EmptyIterator
2792:             1             16  org.apache.logging.log4j.ThreadContext$EmptyThreadContextStack
2793:             1             16  org.apache.logging.log4j.core.LoggerContext$$Lambda$15/633075331
2794:             1             16  org.apache.logging.log4j.core.appender.ConsoleAppender$ConsoleManagerFactory
2795:             1             16  org.apache.logging.log4j.core.appender.FileManager$FileManagerFactory
2796:             1             16  org.apache.logging.log4j.core.appender.rolling.RollingFileManager$RollingFileManagerFactory
2797:             1             16  org.apache.logging.log4j.core.config.ConfigurationFactory$Factory
2798:             1             16  org.apache.logging.log4j.core.config.DefaultReliabilityStrategy
2799:             1             16  org.apache.logging.log4j.core.config.OrderComparator
2800:             1             16  org.apache.logging.log4j.core.config.plugins.convert.TypeConverterRegistry
2801:             1             16  org.apache.logging.log4j.core.config.plugins.convert.TypeConverters$BigDecimalConverter
2802:             1             16  org.apache.logging.log4j.core.config.plugins.convert.TypeConverters$BigIntegerConverter
2803:             1             16  org.apache.logging.log4j.core.config.plugins.convert.TypeConverters$BooleanConverter
2804:             1             16  org.apache.logging.log4j.core.config.plugins.convert.TypeConverters$ByteArrayConverter
2805:             1             16  org.apache.logging.log4j.core.config.plugins.convert.TypeConverters$ByteConverter
2806:             1             16  org.apache.logging.log4j.core.config.plugins.convert.TypeConverters$CharArrayConverter
2807:             1             16  org.apache.logging.log4j.core.config.plugins.convert.TypeConverters$CharacterConverter
2808:             1             16  org.apache.logging.log4j.core.config.plugins.convert.TypeConverters$CharsetConverter
2809:             1             16  org.apache.logging.log4j.core.config.plugins.convert.TypeConverters$ClassConverter
2810:             1             16  org.apache.logging.log4j.core.config.plugins.convert.TypeConverters$CronExpressionConverter
2811:             1             16  org.apache.logging.log4j.core.config.plugins.convert.TypeConverters$DoubleConverter
2812:             1             16  org.apache.logging.log4j.core.config.plugins.convert.TypeConverters$DurationConverter
2813:             1             16  org.apache.logging.log4j.core.config.plugins.convert.TypeConverters$FileConverter
2814:             1             16  org.apache.logging.log4j.core.config.plugins.convert.TypeConverters$FloatConverter
2815:             1             16  org.apache.logging.log4j.core.config.plugins.convert.TypeConverters$InetAddressConverter
2816:             1             16  org.apache.logging.log4j.core.config.plugins.convert.TypeConverters$IntegerConverter
2817:             1             16  org.apache.logging.log4j.core.config.plugins.convert.TypeConverters$LevelConverter
2818:             1             16  org.apache.logging.log4j.core.config.plugins.convert.TypeConverters$LongConverter
2819:             1             16  org.apache.logging.log4j.core.config.plugins.convert.TypeConverters$PathConverter
2820:             1             16  org.apache.logging.log4j.core.config.plugins.convert.TypeConverters$PatternConverter
2821:             1             16  org.apache.logging.log4j.core.config.plugins.convert.TypeConverters$SecurityProviderConverter
2822:             1             16  org.apache.logging.log4j.core.config.plugins.convert.TypeConverters$ShortConverter
2823:             1             16  org.apache.logging.log4j.core.config.plugins.convert.TypeConverters$StringConverter
2824:             1             16  org.apache.logging.log4j.core.config.plugins.convert.TypeConverters$UriConverter
2825:             1             16  org.apache.logging.log4j.core.config.plugins.convert.TypeConverters$UrlConverter
2826:             1             16  org.apache.logging.log4j.core.config.plugins.convert.TypeConverters$UuidConverter
2827:             1             16  org.apache.logging.log4j.core.config.plugins.processor.PluginCache$$Lambda$8/706277948
2828:             1             16  org.apache.logging.log4j.core.config.properties.PropertiesConfigurationFactory
2829:             1             16  org.apache.logging.log4j.core.config.xml.XmlConfigurationFactory
2830:             1             16  org.apache.logging.log4j.core.impl.ReusableLogEventFactory
2831:             1             16  org.apache.logging.log4j.core.impl.ThreadContextDataProvider
2832:             1             16  org.apache.logging.log4j.core.lookup.StrMatcher$NoMatcher
2833:             1             16  org.apache.logging.log4j.core.lookup.StrMatcher$TrimMatcher
2834:             1             16  org.apache.logging.log4j.core.net.JndiManager$JndiManagerFactory
2835:             1             16  org.apache.logging.log4j.core.pattern.NameAbbreviator$NOPAbbreviator
2836:             1             16  org.apache.logging.log4j.core.pattern.NotANumber
2837:             1             16  org.apache.logging.log4j.core.pattern.PlainTextRenderer
2838:             1             16  org.apache.logging.log4j.core.selector.ClassLoaderContextSelector
2839:             1             16  org.apache.logging.log4j.core.util.BasicAuthorizationProvider
2840:             1             16  org.apache.logging.log4j.core.util.datetime.FastDateFormat$1
2841:             1             16  org.apache.logging.log4j.core.util.datetime.FastDateParser$$Lambda$20/1742920067
2842:             1             16  org.apache.logging.log4j.core.util.datetime.FastDateParser$1
2843:             1             16  org.apache.logging.log4j.core.util.datetime.FastDateParser$2
2844:             1             16  org.apache.logging.log4j.core.util.datetime.FastDateParser$3
2845:             1             16  org.apache.logging.log4j.core.util.datetime.FastDateParser$4
2846:             1             16  org.apache.logging.log4j.core.util.datetime.FastDateParser$5
2847:             1             16  org.apache.logging.log4j.core.util.datetime.FastDatePrinter$TwoDigitMonthField
2848:             1             16  org.apache.logging.log4j.core.util.datetime.FastDatePrinter$TwoDigitNumberField
2849:             1             16  org.apache.logging.log4j.message.ParameterFormatter$$Lambda$37/568221876
2850:             1             16  org.apache.logging.log4j.message.ParameterizedNoReferenceMessageFactory
2851:             1             16  org.apache.logging.log4j.spi.CopyOnWriteSortedArrayThreadContextMap
2852:             1             16  org.apache.logging.log4j.spi.DefaultThreadContextStack
2853:             1             16  org.apache.logging.log4j.util.LoaderUtil$ThreadContextClassLoaderGetter
2854:             1             16  org.apache.logging.log4j.util.PrivateSecurityManagerStackTraceUtil$PrivateSecurityManager
2855:             1             16  org.apache.logging.log4j.util.PropertiesUtil$Environment$$Lambda$1/1144748369
2856:             1             16  org.apache.logging.log4j.util.ProviderUtil
2857:             1             16  org.apache.logging.log4j.util.SortedArrayStringMap$$Lambda$5/353842779
2858:             1             16  org.apache.logging.log4j.util.StackLocator
2859:             1             16  org.apache.logging.log4j.util.Strings$$Lambda$3/1190035432
2860:             1             16  org.apache.logging.slf4j.Log4jLoggerFactory$$Lambda$4/2027961269
2861:             1             16  org.apache.logging.slf4j.Log4jMDCAdapter
2862:             1             16  org.apache.logging.slf4j.Log4jMarkerFactory
2863:             1             16  org.jboss.netty.channel.ChannelFutureListener$1
2864:             1             16  org.jboss.netty.channel.ChannelFutureListener$2
2865:             1             16  org.jboss.netty.channel.ChannelLocal$1
2866:             1             16  org.jboss.netty.channel.DefaultChannelPipeline$DiscardingChannelSink
2867:             1             16  org.jboss.netty.channel.socket.nio.SocketSendBufferPool$EmptySendBuffer
2868:             1             16  org.jboss.netty.logging.Slf4JLoggerFactory
2869:             1             16  org.jboss.netty.util.ThreadNameDeterminer$1
2870:             1             16  org.jboss.netty.util.ThreadNameDeterminer$2
2871:             1             16  org.slf4j.helpers.NOPLoggerFactory
2872:             1             16  org.slf4j.impl.StaticLoggerBinder
2873:             1             16  org.slf4j.impl.StaticMDCBinder
2874:             1             16  org.slf4j.impl.StaticMarkerBinder
2875:             1             16  scala.None$
2876:             1             16  scala.None$
2877:             1             16  scala.Option$
2878:             1             16  scala.Option$
2879:             1             16  scala.PartialFunction$$$Lambda$210/692998280
2880:             1             16  scala.PartialFunction$$anon$1
2881:             1             16  scala.PartialFunction$$anon$1$$Lambda$211/822087264
2882:             1             16  scala.PartialFunction$$anonfun$1
2883:             1             16  scala.Predef$$anon$1
2884:             1             16  scala.Predef$$anon$2
2885:             1             16  scala.Predef$$anon$3
2886:             1             16  scala.Predef$ArrowAssoc$
2887:             1             16  scala.Some
2888:             1             16  scala.collection.$colon$plus$
2889:             1             16  scala.collection.$plus$colon$
2890:             1             16  scala.collection.IndexedSeq$$anon$1
2891:             1             16  scala.collection.Iterable$
2892:             1             16  scala.collection.Iterator$
2893:             1             16  scala.collection.Iterator$$anon$2
2894:             1             16  scala.collection.Seq$
2895:             1             16  scala.collection.SetLike$$Lambda$151/2117173674
2896:             1             16  scala.collection.TraversableLike$$Lambda$333/858447901
2897:             1             16  scala.collection.TraversableOnce$
2898:             1             16  scala.collection.convert.WrapAsScala$
2899:             1             16  scala.collection.immutable.$colon$colon$
2900:             1             16  scala.collection.immutable.HashMap$
2901:             1             16  scala.collection.immutable.HashMap$$$Lambda$125/735085430
2902:             1             16  scala.collection.immutable.HashMap$$anon$2$$anon$3
2903:             1             16  scala.collection.immutable.HashMap$EmptyHashMap$
2904:             1             16  scala.collection.immutable.HashSet$
2905:             1             16  scala.collection.immutable.HashSet$EmptyHashSet$
2906:             1             16  scala.collection.immutable.IndexedSeq$
2907:             1             16  scala.collection.immutable.Iterable$
2908:             1             16  scala.collection.immutable.List$$anon$1
2909:             1             16  scala.collection.immutable.Map$
2910:             1             16  scala.collection.immutable.Map$$Lambda$149/1895143699
2911:             1             16  scala.collection.immutable.Map$EmptyMap$
2912:             1             16  scala.collection.immutable.MapLike$$Lambda$272/1205580258
2913:             1             16  scala.collection.immutable.Nil$
2914:             1             16  scala.collection.immutable.Queue$
2915:             1             16  scala.collection.immutable.Range$
2916:             1             16  scala.collection.immutable.RedBlackTree$
2917:             1             16  scala.collection.immutable.RedBlackTree$BlackTree$
2918:             1             16  scala.collection.immutable.RedBlackTree$RedTree$
2919:             1             16  scala.collection.immutable.Seq$
2920:             1             16  scala.collection.immutable.Set$
2921:             1             16  scala.collection.immutable.Set$EmptySet$
2922:             1             16  scala.collection.immutable.Stream$
2923:             1             16  scala.collection.immutable.Stream$$hash$colon$colon$
2924:             1             16  scala.collection.immutable.StringOps$
2925:             1             16  scala.collection.immutable.TreeMap$
2926:             1             16  scala.collection.immutable.TreeSet$
2927:             1             16  scala.collection.mutable.ArrayBuffer$
2928:             1             16  scala.collection.mutable.ArrayBuilder$
2929:             1             16  scala.collection.mutable.ArrayOps$ofByte$
2930:             1             16  scala.collection.mutable.ArrayOps$ofRef$
2931:             1             16  scala.collection.mutable.HashTable$
2932:             1             16  scala.collection.mutable.IndexedSeq$
2933:             1             16  scala.collection.mutable.Iterable$
2934:             1             16  scala.collection.mutable.Map$
2935:             1             16  scala.collection.mutable.StringBuilder$
2936:             1             16  scala.collection.mutable.WrappedArray$
2937:             1             16  scala.compat.Platform$
2938:             1             16  scala.compat.java8.FutureConverters$
2939:             1             16  scala.compat.java8.FutureConverters$FutureOps$
2940:             1             16  scala.compat.java8.OptionConverters$$anon$1
2941:             1             16  scala.compat.java8.OptionConverters$$anon$2
2942:             1             16  scala.compat.java8.OptionConverters$$anon$3
2943:             1             16  scala.compat.java8.OptionConverters$RichOptionForJava8$
2944:             1             16  scala.compat.java8.OptionConverters$RichOptionalGeneric$
2945:             1             16  scala.concurrent.Await$
2946:             1             16  scala.concurrent.AwaitPermission$
2947:             1             16  scala.concurrent.BlockContext$
2948:             1             16  scala.concurrent.BlockContext$DefaultBlockContext$
2949:             1             16  scala.concurrent.Future$$$Lambda$309/2077297548
2950:             1             16  scala.concurrent.Future$$$Lambda$312/1384911519
2951:             1             16  scala.concurrent.Future$$Lambda$329/155435018
2952:             1             16  scala.concurrent.Future$InternalCallbackExecutor$
2953:             1             16  scala.concurrent.Promise$
2954:             1             16  scala.concurrent.duration.Deadline$
2955:             1             16  scala.concurrent.duration.Duration$$$Lambda$126/835146383
2956:             1             16  scala.concurrent.duration.Duration$$$Lambda$127/322112198
2957:             1             16  scala.concurrent.duration.Duration$$$Lambda$128/187457031
2958:             1             16  scala.concurrent.duration.Duration$$anon$1
2959:             1             16  scala.concurrent.duration.Duration$$anon$2
2960:             1             16  scala.concurrent.duration.Duration$$anon$3
2961:             1             16  scala.concurrent.duration.package$
2962:             1             16  scala.concurrent.duration.package$DurationInt$
2963:             1             16  scala.concurrent.duration.package$DurationLong$
2964:             1             16  scala.concurrent.impl.Promise$
2965:             1             16  scala.concurrent.impl.Promise$KeptPromise$
2966:             1             16  scala.concurrent.impl.Promise$KeptPromise$Successful
2967:             1             16  scala.concurrent.java8.FuturesConvertersImpl$
2968:             1             16  scala.concurrent.package$
2969:             1             16  scala.math.Equiv$
2970:             1             16  scala.math.Fractional$
2971:             1             16  scala.math.Integral$
2972:             1             16  scala.math.Numeric$
2973:             1             16  scala.math.Ordered$
2974:             1             16  scala.math.Ordering$
2975:             1             16  scala.math.Ordering$$anon$9
2976:             1             16  scala.math.Ordering$Long$
2977:             1             16  scala.math.Ordering$String$
2978:             1             16  scala.math.package$
2979:             1             16  scala.package$$anon$1
2980:             1             16  scala.reflect.NoManifest$
2981:             1             16  scala.runtime.BoxedUnit
2982:             1             16  scala.runtime.RichDouble$
2983:             1             16  scala.runtime.RichInt$
2984:             1             16  scala.runtime.RichLong$
2985:             1             16  scala.runtime.ScalaRunTime$
2986:             1             16  scala.sys.BooleanProp$
2987:             1             16  scala.sys.BooleanProp$$$Lambda$97/1855610584
2988:             1             16  scala.sys.SystemProperties$$Lambda$100/897848096
2989:             1             16  scala.sys.package$
2990:             1             16  scala.util.Either$
2991:             1             16  scala.util.Failure
2992:             1             16  scala.util.Left$
2993:             1             16  scala.util.PropertiesTrait$$Lambda$16/793315160
2994:             1             16  scala.util.PropertiesTrait$$Lambda$17/1089504328
2995:             1             16  scala.util.PropertiesTrait$$Lambda$18/867398280
2996:             1             16  scala.util.PropertiesTrait$$Lambda$399/1870723838
2997:             1             16  scala.util.PropertiesTrait$$Lambda$400/938613108
2998:             1             16  scala.util.PropertiesTrait$$Lambda$401/1598898814
2999:             1             16  scala.util.Right$
3000:             1             16  scala.util.Try$
3001:             1             16  scala.util.control.Breaks
3002:             1             16  scala.util.control.NoStackTrace$
3003:             1             16  scala.util.control.NonFatal$
3004:             1             16  scala.util.hashing.package$
3005:             1             16  sun.management.ClassLoadingImpl
3006:             1             16  sun.management.HotSpotDiagnostic
3007:             1             16  sun.management.ManagementFactoryHelper$PlatformLoggingImpl
3008:             1             16  sun.misc.ASCIICaseInsensitiveComparator
3009:             1             16  sun.misc.FloatingDecimal$1
3010:             1             16  sun.misc.FormattedFloatingDecimal$1
3011:             1             16  sun.misc.Launcher
3012:             1             16  sun.misc.Launcher$Factory
3013:             1             16  sun.misc.ObjectInputFilter$Config$$Lambda$561/1959468822
3014:             1             16  sun.misc.Perf
3015:             1             16  sun.misc.Unsafe
3016:             1             16  sun.net.DefaultProgressMeteringPolicy
3017:             1             16  sun.net.ExtendedOptionsImpl$$Lambda$525/1532424027
3018:             1             16  sun.net.spi.DefaultProxySelector
3019:             1             16  sun.net.www.protocol.file.Handler
3020:             1             16  sun.net.www.protocol.jar.JarFileFactory
3021:             1             16  sun.nio.ch.EPollSelectorProvider
3022:             1             16  sun.nio.ch.ExtendedSocketOption$1
3023:             1             16  sun.nio.ch.FileChannelImpl$1
3024:             1             16  sun.nio.ch.FileDispatcherImpl
3025:             1             16  sun.nio.ch.Net$1
3026:             1             16  sun.nio.ch.Util$1
3027:             1             16  sun.nio.fs.LinuxFileSystemProvider
3028:             1             16  sun.reflect.GeneratedConstructorAccessor10
3029:             1             16  sun.reflect.GeneratedConstructorAccessor11
3030:             1             16  sun.reflect.GeneratedConstructorAccessor13
3031:             1             16  sun.reflect.GeneratedConstructorAccessor15
3032:             1             16  sun.reflect.GeneratedConstructorAccessor17
3033:             1             16  sun.reflect.GeneratedConstructorAccessor18
3034:             1             16  sun.reflect.GeneratedConstructorAccessor5
3035:             1             16  sun.reflect.GeneratedConstructorAccessor7
3036:             1             16  sun.reflect.GeneratedConstructorAccessor9
3037:             1             16  sun.reflect.GeneratedMethodAccessor1
3038:             1             16  sun.reflect.GeneratedMethodAccessor10
3039:             1             16  sun.reflect.GeneratedMethodAccessor11
3040:             1             16  sun.reflect.GeneratedMethodAccessor12
3041:             1             16  sun.reflect.GeneratedMethodAccessor13
3042:             1             16  sun.reflect.GeneratedMethodAccessor14
3043:             1             16  sun.reflect.GeneratedMethodAccessor15
3044:             1             16  sun.reflect.GeneratedMethodAccessor16
3045:             1             16  sun.reflect.GeneratedMethodAccessor17
3046:             1             16  sun.reflect.GeneratedMethodAccessor18
3047:             1             16  sun.reflect.GeneratedMethodAccessor19
3048:             1             16  sun.reflect.GeneratedMethodAccessor2
3049:             1             16  sun.reflect.GeneratedMethodAccessor20
3050:             1             16  sun.reflect.GeneratedMethodAccessor21
3051:             1             16  sun.reflect.GeneratedMethodAccessor22
3052:             1             16  sun.reflect.GeneratedMethodAccessor23
3053:             1             16  sun.reflect.GeneratedMethodAccessor24
3054:             1             16  sun.reflect.GeneratedMethodAccessor25
3055:             1             16  sun.reflect.GeneratedMethodAccessor27
3056:             1             16  sun.reflect.GeneratedMethodAccessor29
3057:             1             16  sun.reflect.GeneratedMethodAccessor3
3058:             1             16  sun.reflect.GeneratedMethodAccessor30
3059:             1             16  sun.reflect.GeneratedMethodAccessor34
3060:             1             16  sun.reflect.GeneratedMethodAccessor35
3061:             1             16  sun.reflect.GeneratedMethodAccessor36
3062:             1             16  sun.reflect.GeneratedMethodAccessor37
3063:             1             16  sun.reflect.GeneratedMethodAccessor4
3064:             1             16  sun.reflect.GeneratedMethodAccessor5
3065:             1             16  sun.reflect.GeneratedMethodAccessor6
3066:             1             16  sun.reflect.GeneratedMethodAccessor7
3067:             1             16  sun.reflect.GeneratedMethodAccessor8
3068:             1             16  sun.reflect.GeneratedMethodAccessor9
3069:             1             16  sun.reflect.GeneratedSerializationConstructorAccessor10
3070:             1             16  sun.reflect.GeneratedSerializationConstructorAccessor11
3071:             1             16  sun.reflect.GeneratedSerializationConstructorAccessor12
3072:             1             16  sun.reflect.GeneratedSerializationConstructorAccessor13
3073:             1             16  sun.reflect.GeneratedSerializationConstructorAccessor140
3074:             1             16  sun.reflect.GeneratedSerializationConstructorAccessor141
3075:             1             16  sun.reflect.GeneratedSerializationConstructorAccessor142
3076:             1             16  sun.reflect.GeneratedSerializationConstructorAccessor143
3077:             1             16  sun.reflect.GeneratedSerializationConstructorAccessor144
3078:             1             16  sun.reflect.GeneratedSerializationConstructorAccessor145
3079:             1             16  sun.reflect.GeneratedSerializationConstructorAccessor146
3080:             1             16  sun.reflect.GeneratedSerializationConstructorAccessor147
3081:             1             16  sun.reflect.GeneratedSerializationConstructorAccessor148
3082:             1             16  sun.reflect.GeneratedSerializationConstructorAccessor149
3083:             1             16  sun.reflect.GeneratedSerializationConstructorAccessor150
3084:             1             16  sun.reflect.GeneratedSerializationConstructorAccessor151
3085:             1             16  sun.reflect.GeneratedSerializationConstructorAccessor152
3086:             1             16  sun.reflect.GeneratedSerializationConstructorAccessor157
3087:             1             16  sun.reflect.GeneratedSerializationConstructorAccessor159
3088:             1             16  sun.reflect.GeneratedSerializationConstructorAccessor17
3089:             1             16  sun.reflect.GeneratedSerializationConstructorAccessor18
3090:             1             16  sun.reflect.GeneratedSerializationConstructorAccessor19
3091:             1             16  sun.reflect.GeneratedSerializationConstructorAccessor2
3092:             1             16  sun.reflect.GeneratedSerializationConstructorAccessor20
3093:             1             16  sun.reflect.GeneratedSerializationConstructorAccessor21
3094:             1             16  sun.reflect.GeneratedSerializationConstructorAccessor22
3095:             1             16  sun.reflect.GeneratedSerializationConstructorAccessor23
3096:             1             16  sun.reflect.GeneratedSerializationConstructorAccessor266
3097:             1             16  sun.reflect.GeneratedSerializationConstructorAccessor267
3098:             1             16  sun.reflect.GeneratedSerializationConstructorAccessor268
3099:             1             16  sun.reflect.GeneratedSerializationConstructorAccessor269
3100:             1             16  sun.reflect.GeneratedSerializationConstructorAccessor270
3101:             1             16  sun.reflect.GeneratedSerializationConstructorAccessor271
3102:             1             16  sun.reflect.GeneratedSerializationConstructorAccessor272
3103:             1             16  sun.reflect.GeneratedSerializationConstructorAccessor284
3104:             1             16  sun.reflect.GeneratedSerializationConstructorAccessor285
3105:             1             16  sun.reflect.GeneratedSerializationConstructorAccessor286
3106:             1             16  sun.reflect.GeneratedSerializationConstructorAccessor287
3107:             1             16  sun.reflect.GeneratedSerializationConstructorAccessor288
3108:             1             16  sun.reflect.GeneratedSerializationConstructorAccessor289
3109:             1             16  sun.reflect.GeneratedSerializationConstructorAccessor29
3110:             1             16  sun.reflect.GeneratedSerializationConstructorAccessor290
3111:             1             16  sun.reflect.GeneratedSerializationConstructorAccessor291
3112:             1             16  sun.reflect.GeneratedSerializationConstructorAccessor292
3113:             1             16  sun.reflect.GeneratedSerializationConstructorAccessor293
3114:             1             16  sun.reflect.GeneratedSerializationConstructorAccessor294
3115:             1             16  sun.reflect.GeneratedSerializationConstructorAccessor298
3116:             1             16  sun.reflect.GeneratedSerializationConstructorAccessor299
3117:             1             16  sun.reflect.GeneratedSerializationConstructorAccessor30
3118:             1             16  sun.reflect.GeneratedSerializationConstructorAccessor300
3119:             1             16  sun.reflect.GeneratedSerializationConstructorAccessor301
3120:             1             16  sun.reflect.GeneratedSerializationConstructorAccessor302
3121:             1             16  sun.reflect.GeneratedSerializationConstructorAccessor303
3122:             1             16  sun.reflect.GeneratedSerializationConstructorAccessor304
3123:             1             16  sun.reflect.GeneratedSerializationConstructorAccessor305
3124:             1             16  sun.reflect.GeneratedSerializationConstructorAccessor306
3125:             1             16  sun.reflect.GeneratedSerializationConstructorAccessor307
3126:             1             16  sun.reflect.GeneratedSerializationConstructorAccessor308
3127:             1             16  sun.reflect.GeneratedSerializationConstructorAccessor31
3128:             1             16  sun.reflect.GeneratedSerializationConstructorAccessor310
3129:             1             16  sun.reflect.GeneratedSerializationConstructorAccessor315
3130:             1             16  sun.reflect.GeneratedSerializationConstructorAccessor32
3131:             1             16  sun.reflect.GeneratedSerializationConstructorAccessor322
3132:             1             16  sun.reflect.GeneratedSerializationConstructorAccessor327
3133:             1             16  sun.reflect.GeneratedSerializationConstructorAccessor328
3134:             1             16  sun.reflect.GeneratedSerializationConstructorAccessor332
3135:             1             16  sun.reflect.GeneratedSerializationConstructorAccessor34
3136:             1             16  sun.reflect.GeneratedSerializationConstructorAccessor35
3137:             1             16  sun.reflect.GeneratedSerializationConstructorAccessor350
3138:             1             16  sun.reflect.GeneratedSerializationConstructorAccessor355
3139:             1             16  sun.reflect.GeneratedSerializationConstructorAccessor358
3140:             1             16  sun.reflect.GeneratedSerializationConstructorAccessor359
3141:             1             16  sun.reflect.GeneratedSerializationConstructorAccessor360
3142:             1             16  sun.reflect.GeneratedSerializationConstructorAccessor361
3143:             1             16  sun.reflect.GeneratedSerializationConstructorAccessor363
3144:             1             16  sun.reflect.GeneratedSerializationConstructorAccessor364
3145:             1             16  sun.reflect.GeneratedSerializationConstructorAccessor365
3146:             1             16  sun.reflect.GeneratedSerializationConstructorAccessor366
3147:             1             16  sun.reflect.GeneratedSerializationConstructorAccessor37
3148:             1             16  sun.reflect.GeneratedSerializationConstructorAccessor370
3149:             1             16  sun.reflect.GeneratedSerializationConstructorAccessor371
3150:             1             16  sun.reflect.GeneratedSerializationConstructorAccessor38
3151:             1             16  sun.reflect.GeneratedSerializationConstructorAccessor393
3152:             1             16  sun.reflect.GeneratedSerializationConstructorAccessor394
3153:             1             16  sun.reflect.GeneratedSerializationConstructorAccessor395
3154:             1             16  sun.reflect.GeneratedSerializationConstructorAccessor396
3155:             1             16  sun.reflect.GeneratedSerializationConstructorAccessor397
3156:             1             16  sun.reflect.GeneratedSerializationConstructorAccessor398
3157:             1             16  sun.reflect.GeneratedSerializationConstructorAccessor399
3158:             1             16  sun.reflect.GeneratedSerializationConstructorAccessor40
3159:             1             16  sun.reflect.GeneratedSerializationConstructorAccessor400
3160:             1             16  sun.reflect.GeneratedSerializationConstructorAccessor401
3161:             1             16  sun.reflect.GeneratedSerializationConstructorAccessor402
3162:             1             16  sun.reflect.GeneratedSerializationConstructorAccessor403
3163:             1             16  sun.reflect.GeneratedSerializationConstructorAccessor404
3164:             1             16  sun.reflect.GeneratedSerializationConstructorAccessor405
3165:             1             16  sun.reflect.GeneratedSerializationConstructorAccessor406
3166:             1             16  sun.reflect.GeneratedSerializationConstructorAccessor407
3167:             1             16  sun.reflect.GeneratedSerializationConstructorAccessor408
3168:             1             16  sun.reflect.GeneratedSerializationConstructorAccessor409
3169:             1             16  sun.reflect.GeneratedSerializationConstructorAccessor410
3170:             1             16  sun.reflect.GeneratedSerializationConstructorAccessor411
3171:             1             16  sun.reflect.GeneratedSerializationConstructorAccessor412
3172:             1             16  sun.reflect.GeneratedSerializationConstructorAccessor413
3173:             1             16  sun.reflect.GeneratedSerializationConstructorAccessor414
3174:             1             16  sun.reflect.GeneratedSerializationConstructorAccessor415
3175:             1             16  sun.reflect.GeneratedSerializationConstructorAccessor416
3176:             1             16  sun.reflect.GeneratedSerializationConstructorAccessor417
3177:             1             16  sun.reflect.GeneratedSerializationConstructorAccessor418
3178:             1             16  sun.reflect.GeneratedSerializationConstructorAccessor419
3179:             1             16  sun.reflect.GeneratedSerializationConstructorAccessor42
3180:             1             16  sun.reflect.GeneratedSerializationConstructorAccessor420
3181:             1             16  sun.reflect.GeneratedSerializationConstructorAccessor421
3182:             1             16  sun.reflect.GeneratedSerializationConstructorAccessor422
3183:             1             16  sun.reflect.GeneratedSerializationConstructorAccessor423
3184:             1             16  sun.reflect.GeneratedSerializationConstructorAccessor424
3185:             1             16  sun.reflect.GeneratedSerializationConstructorAccessor425
3186:             1             16  sun.reflect.GeneratedSerializationConstructorAccessor426
3187:             1             16  sun.reflect.GeneratedSerializationConstructorAccessor427
3188:             1             16  sun.reflect.GeneratedSerializationConstructorAccessor428
3189:             1             16  sun.reflect.GeneratedSerializationConstructorAccessor429
3190:             1             16  sun.reflect.GeneratedSerializationConstructorAccessor430
3191:             1             16  sun.reflect.GeneratedSerializationConstructorAccessor431
3192:             1             16  sun.reflect.GeneratedSerializationConstructorAccessor432
3193:             1             16  sun.reflect.GeneratedSerializationConstructorAccessor433
3194:             1             16  sun.reflect.GeneratedSerializationConstructorAccessor434
3195:             1             16  sun.reflect.GeneratedSerializationConstructorAccessor435
3196:             1             16  sun.reflect.GeneratedSerializationConstructorAccessor436
3197:             1             16  sun.reflect.GeneratedSerializationConstructorAccessor437
3198:             1             16  sun.reflect.GeneratedSerializationConstructorAccessor438
3199:             1             16  sun.reflect.GeneratedSerializationConstructorAccessor439
3200:             1             16  sun.reflect.GeneratedSerializationConstructorAccessor440
3201:             1             16  sun.reflect.GeneratedSerializationConstructorAccessor441
3202:             1             16  sun.reflect.GeneratedSerializationConstructorAccessor442
3203:             1             16  sun.reflect.GeneratedSerializationConstructorAccessor443
3204:             1             16  sun.reflect.GeneratedSerializationConstructorAccessor444
3205:             1             16  sun.reflect.GeneratedSerializationConstructorAccessor445
3206:             1             16  sun.reflect.GeneratedSerializationConstructorAccessor446
3207:             1             16  sun.reflect.GeneratedSerializationConstructorAccessor447
3208:             1             16  sun.reflect.GeneratedSerializationConstructorAccessor448
3209:             1             16  sun.reflect.GeneratedSerializationConstructorAccessor45
3210:             1             16  sun.reflect.GeneratedSerializationConstructorAccessor5
3211:             1             16  sun.reflect.GeneratedSerializationConstructorAccessor6
3212:             1             16  sun.reflect.GeneratedSerializationConstructorAccessor7
3213:             1             16  sun.reflect.GeneratedSerializationConstructorAccessor8
3214:             1             16  sun.reflect.GeneratedSerializationConstructorAccessor9
3215:             1             16  sun.reflect.ReflectionFactory
3216:             1             16  sun.reflect.generics.tree.BottomSignature
3217:             1             16  sun.reflect.generics.tree.ByteSignature
3218:             1             16  sun.reflect.generics.tree.CharSignature
3219:             1             16  sun.reflect.generics.tree.TypeVariableSignature
3220:             1             16  sun.util.calendar.Gregorian
3221:             1             16  sun.util.locale.provider.AuxLocaleProviderAdapter$NullProvider
3222:             1             16  sun.util.locale.provider.CalendarDataUtility$CalendarWeekParameterGetter
3223:             1             16  sun.util.locale.provider.SPILocaleProviderAdapter
3224:             1             16  sun.util.resources.LocaleData
3225:             1             16  sun.util.resources.LocaleData$LocaleDataResourceBundleControl
Total        183530       12752152
