
 num     #instances         #bytes  class name
----------------------------------------------
   1:         27677        2641056  [C
   2:          7347        1388680  [Ljava.lang.Object;
   3:          1385         974824  [B
   4:            28         917952  [Ljava.util.concurrent.ForkJoinTask;
   5:          8296         908648  java.lang.Class
   6:          3437         845776  [I
   7:         27538         660912  java.lang.String
   8:         10944         350208  java.util.concurrent.ConcurrentHashMap$Node
   9:           513         270360  [Lorg.apache.flink.runtime.state.heap.CopyOnWriteStateMap$StateMapEntry;
  10:          6279         200928  java.util.HashMap$Node
  11:          1725         151800  java.lang.reflect.Method
  12:          2106         134784  java.nio.DirectByteBuffer
  13:          2791         133968  java.util.HashMap
  14:          2053         114968  org.apache.flink.core.memory.MemorySegment
  15:          1190         113216  [Ljava.util.HashMap$Node;
  16:           104         111792  [Ljava.util.concurrent.ConcurrentHashMap$Node;
  17:          6671         106736  java.lang.Object
  18:          1538          86128  java.lang.invoke.MemberName
  19:          2112          84480  sun.misc.Cleaner
  20:          3414          80520  [Ljava.lang.Class;
  21:          1763          70520  java.lang.ref.SoftReference
  22:          2100          67200  java.nio.DirectByteBuffer$Deallocator
  23:          1793          60192  [S
  24:          1465          58600  java.lang.invoke.MethodType
  25:           812          58464  java.lang.reflect.Field
  26:           897          57408  org.apache.flink.shaded.netty4.io.netty.buffer.PoolSubpage
  27:           692          55360  java.lang.reflect.Constructor
  28:          1337          53480  java.util.LinkedHashMap$Entry
  29:          1467          46944  java.lang.invoke.MethodType$ConcurrentWeakInternSet$WeakEntry
  30:            80          46080  org.apache.flink.shaded.netty4.io.netty.util.internal.shaded.org.jctools.queues.MpscUnboundedArrayQueue
  31:          1054          44280  [Ljava.lang.String;
  32:           990          39600  com.typesafe.config.impl.SimpleConfigOrigin
  33:          1218          38976  java.lang.invoke.DirectMethodHandle
  34:          1510          36240  java.util.ArrayList
  35:          2141          34256  java.util.concurrent.atomic.AtomicBoolean
  36:           512          32768  org.apache.flink.runtime.state.heap.CopyOnWriteStateMap
  37:           424          31152  [J
  38:           484          27104  java.util.LinkedHashMap
  39:           536          25728  java.util.TreeMap
  40:          1066          25584  akka.dispatch.AbstractNodeQueue$Node
  41:          1028          24672  akka.actor.LightArrayRevolverScheduler$TaskQueue
  42:          1024          24576  org.jboss.netty.util.HashedWheelTimer$HashedWheelBucket
  43:           595          23800  java.io.ObjectStreamField
  44:            58          21808  java.lang.Thread
  45:           344          19264  java.lang.Package
  46:           181          18824  java.io.ObjectStreamClass
  47:           528          16896  java.util.Hashtable$Entry
  48:           211          16832  [Ljava.util.Hashtable$Entry;
  49:           410          16400  java.math.BigInteger
  50:           270          16200  [Ljava.lang.ref.SoftReference;
  51:           650          15600  org.apache.flink.api.java.tuple.Tuple2
  52:           458          14656  java.lang.invoke.BoundMethodHandle$Species_L
  53:           451          14432  java.lang.invoke.LambdaForm$Name
  54:           430          13760  java.util.RegularEnumSet
  55:           341          13640  org.apache.flink.configuration.ConfigOption
  56:           425          13600  scala.collection.immutable.HashMap$HashMap1
  57:           182          13104  sun.reflect.DelegatingClassLoader
  58:           396          12672  java.util.Vector
  59:           501          12024  scala.Tuple2
  60:           184          11776  java.util.concurrent.ConcurrentHashMap
  61:           282          11280  java.lang.invoke.BoundMethodHandle$Species_LL
  62:           341          10912  sun.misc.FDBigInteger
  63:           425          10200  org.apache.flink.configuration.description.TextElement
  64:           200           9600  java.util.Hashtable
  65:           299           9568  com.typesafe.config.impl.SimpleConfigObject
  66:           238           9520  java.lang.ref.Finalizer
  67:            28           9184  java.util.concurrent.ForkJoinPool$WorkQueue
  68:           379           9096  java.lang.Long
  69:           275           8800  java.lang.ThreadLocal$ThreadLocalMap$Entry
  70:           213           8520  java.security.ProtectionDomain
  71:           152           8512  java.lang.invoke.MethodTypeForm
  72:           354           8496  com.typesafe.config.impl.ConfigString$Quoted
  73:           518           8288  java.util.TreeSet
  74:             2           8224  [Lakka.actor.ActorRef;
  75:             2           8224  [Lakka.serialization.Serializer;
  76:             1           8216  [Lscala.math.BigInt;
  77:           169           8112  java.lang.invoke.LambdaForm
  78:           174           7944  [Ljava.lang.invoke.LambdaForm$Name;
  79:           245           7840  org.apache.logging.log4j.core.config.plugins.processor.PluginEntry
  80:           321           7704  scala.collection.immutable.$colon$colon
  81:            23           7456  [[S
  82:           229           7328  java.util.concurrent.locks.ReentrantLock$NonfairSync
  83:           128           7168  java.lang.Class$ReflectionData
  84:           176           7040  org.apache.logging.log4j.core.Logger
  85:           176           7040  org.apache.logging.log4j.core.Logger$PrivateConfig
  86:           125           7000  org.apache.flink.runtime.metrics.groups.GenericMetricGroup
  87:           212           6784  java.security.CodeSource
  88:            76           6752  [Ljava.util.WeakHashMap$Entry;
  89:           168           6720  org.apache.flink.metrics.MeterView
  90:           417           6672  java.lang.Integer
  91:           138           6624  org.apache.flink.shaded.netty4.io.netty.buffer.PoolChunkList
  92:           205           6560  java.io.ObjectStreamClass$WeakClassKey
  93:            40           6400  org.apache.flink.shaded.netty4.io.netty.channel.epoll.EpollEventLoop
  94:           213           6264  [Ljava.io.ObjectStreamField;
  95:            34           6256  [Z
  96:           245           5880  org.apache.logging.log4j.core.config.plugins.util.PluginType
  97:           143           5720  java.util.WeakHashMap$Entry
  98:           357           5712  java.util.HashSet
  99:            86           5504  java.net.URL
 100:           332           5312  org.apache.flink.configuration.description.Description
 101:            50           5216  [Ljava.lang.ThreadLocal$ThreadLocalMap$Entry;
 102:           216           5184  com.typesafe.config.impl.ConfigString$Unquoted
 103:           127           5080  java.lang.invoke.MethodHandleImpl$AsVarargsCollector
 104:           205           4920  java.lang.invoke.LambdaForm$NamedFunction
 105:           201           4824  javax.management.ImmutableDescriptor
 106:           301           4816  com.typesafe.config.impl.SimpleConfig
 107:            72           4808  [Ljava.lang.reflect.Method;
 108:            94           4512  java.lang.invoke.BoundMethodHandle$Species_L4
 109:           184           4416  java.time.LocalDateTime
 110:           275           4400  java.util.HashMap$Values
 111:           183           4392  sun.reflect.generics.tree.SimpleClassTypeSignature
 112:           179           4296  java.util.concurrent.CompletableFuture
 113:             8           4288  [Lorg.apache.flink.runtime.state.heap.HeapPriorityQueueElement;
 114:           178           4272  org.apache.logging.log4j.message.DefaultFlowMessageFactory
 115:           178           4272  org.apache.logging.log4j.spi.AbstractLogger$LocalLogBuilder
 116:           106           4240  java.io.ObjectStreamClass$FieldReflectorKey
 117:             8           4224  [Ljava.util.HashMap;
 118:           176           4224  org.apache.logging.slf4j.Log4jLogger
 119:           130           4160  com.sun.jmx.mbeanserver.ConvertingMethod
 120:             2           4128  [Lakka.actor.LightArrayRevolverScheduler$TaskQueue;
 121:             2           4128  [Ljava.nio.ByteBuffer;
 122:             2           4128  [Lorg.jboss.netty.util.HashedWheelTimer$HashedWheelBucket;
 123:           119           4096  [Lscala.collection.immutable.HashMap;
 124:           256           4096  java.lang.Byte
 125:           256           4096  java.lang.Short
 126:            23           4048  [Lorg.apache.flink.shaded.netty4.io.netty.buffer.PoolSubpage;
 127:           163           3912  java.util.concurrent.locks.AbstractQueuedSynchronizer$ConditionObject
 128:           160           3840  [Ljava.util.Map;
 129:            10           3840  akka.dispatch.MonitorableThreadFactory$AkkaForkJoinWorkerThread
 130:            96           3840  java.io.ObjectStreamClass$FieldReflector
 131:            96           3840  java.util.TreeMap$Entry
 132:           238           3808  java.util.concurrent.atomic.AtomicInteger
 133:           117           3744  java.lang.ref.WeakReference
 134:           152           3648  org.apache.flink.metrics.SimpleCounter
 135:           225           3600  java.util.HashMap$KeySet
 136:           148           3552  sun.reflect.annotation.AnnotationInvocationHandler
 137:            40           3520  akka.actor.ActorCell
 138:           110           3520  java.lang.ref.ReferenceQueue
 139:            47           3512  [Ljava.lang.invoke.MethodHandle;
 140:           213           3408  [Ljava.security.Principal;
 141:           142           3408  com.typesafe.config.impl.ConfigInt
 142:           213           3408  java.security.ProtectionDomain$Key
 143:           213           3408  java.util.concurrent.locks.ReentrantLock
 144:            70           3360  java.util.WeakHashMap
 145:            22           3344  org.apache.flink.shaded.netty4.io.netty.buffer.PoolArena$DirectArena
 146:           183           3328  [Lsun.reflect.generics.tree.TypeArgument;
 147:            57           3192  sun.nio.cs.UTF_8$Encoder
 148:            63           3160  [Ljavax.management.MBeanAttributeInfo;
 149:            62           2976  javax.management.MBeanInfo
 150:            92           2944  org.apache.flink.shaded.netty4.io.netty.util.internal.LongAdderCounter
 151:           182           2912  sun.reflect.generics.tree.ClassTypeSignature
 152:           121           2904  scala.concurrent.duration.FiniteDuration
 153:            45           2880  javax.management.openmbean.OpenMBeanAttributeInfoSupport
 154:           120           2880  org.apache.flink.shaded.netty4.io.netty.channel.unix.FileDescriptor
 155:           119           2856  scala.collection.immutable.HashMap$HashTrieMap
 156:           118           2832  java.lang.Class$AnnotationData
 157:           177           2832  org.apache.logging.log4j.message.ReusableMessageFactory
 158:            88           2816  javax.management.MBeanAttributeInfo
 159:            34           2720  java.util.concurrent.ThreadPoolExecutor
 160:            83           2656  java.lang.invoke.DirectMethodHandle$Special
 161:           110           2640  java.util.LinkedList$Node
 162:           109           2616  java.util.concurrent.atomic.AtomicLong
 163:            54           2592  sun.net.www.MimeEntry
 164:           137           2568  [Lcom.sun.jmx.mbeanserver.MXBeanMapping;
 165:            80           2560  org.apache.flink.runtime.metrics.dump.QueryScopeInfo$TaskQueryScopeInfo
 166:            95           2528  [Ljavax.management.ObjectName$Property;
 167:           103           2472  java.time.LocalDate
 168:           154           2464  sun.reflect.BootstrapConstructorAccessorImpl
 169:            59           2440  [Ljava.lang.reflect.Field;
 170:           101           2424  java.util.Arrays$ArrayList
 171:            39           2416  [Ljava.math.BigInteger;
 172:           150           2400  java.util.HashMap$EntrySet
 173:            97           2328  javax.management.ObjectName$Property
 174:            72           2304  java.util.concurrent.locks.AbstractQueuedSynchronizer$Node
 175:            95           2280  java.util.ArrayDeque
 176:            94           2240  [Ljava.lang.reflect.Type;
 177:            92           2216  [Ljava.lang.reflect.Constructor;
 178:            27           2160  [Ljava.util.concurrent.RunnableScheduledFuture;
 179:             4           2112  [Lorg.apache.flink.runtime.state.heap.StateMap;
 180:            66           2112  java.util.concurrent.CountDownLatch$Sync
 181:            44           2112  sun.util.locale.LocaleObjectCache$CacheEntry
 182:            87           2088  sun.reflect.NativeConstructorAccessorImpl
 183:            65           2080  akka.actor.ChildActorPath
 184:            52           2080  java.util.Collections$SingletonMap
 185:            52           2080  sun.reflect.UnsafeQualifiedStaticLongFieldAccessorImpl
 186:           128           2048  java.lang.Character
 187:            64           2048  java.util.LinkedList
 188:            83           1992  java.util.concurrent.ConcurrentLinkedQueue$Node
 189:             5           1960  org.apache.flink.runtime.io.network.api.writer.RecordWriter$OutputFlusher
 190:            81           1944  org.apache.flink.configuration.FallbackKey
 191:            48           1920  javax.management.ObjectName
 192:            10           1920  org.apache.flink.runtime.taskmanager.Task
 193:            40           1920  org.apache.flink.shaded.netty4.io.netty.util.collection.IntObjectHashMap
 194:             5           1920  org.apache.flink.streaming.runtime.tasks.SourceStreamTask$LegacySourceFunctionThread
 195:            77           1848  [Lorg.apache.flink.configuration.FallbackKey;
 196:            33           1848  sun.misc.URLClassPath$JarLoader
 197:            19           1824  java.util.jar.JarFile$JarFileEntry
 198:           112           1792  java.lang.ref.ReferenceQueue$Lock
 199:            37           1776  java.nio.HeapByteBuffer
 200:            17           1768  org.apache.logging.log4j.core.impl.MutableLogEvent
 201:            20           1760  org.apache.flink.streaming.runtime.tasks.SystemProcessingTimeService$ScheduledTaskExecutor
 202:            72           1728  org.apache.flink.core.fs.CloseableRegistry
 203:            30           1680  java.security.Provider$Service
 204:            69           1656  java.security.Provider$ServiceKey
 205:            41           1640  org.apache.flink.runtime.state.heap.CopyOnWriteStateMap$StateMapEntry
 206:            20           1600  org.apache.logging.log4j.core.util.datetime.FixedDateFormat
 207:            40           1600  sun.management.DiagnosticCommandArgumentInfo
 208:            99           1584  java.util.Collections$SingletonSet
 209:             1           1568  [[B
 210:            49           1568  org.apache.flink.shaded.netty4.io.netty.channel.ChannelOption
 211:            49           1568  sun.reflect.generics.repository.ClassRepository
 212:             5           1560  akka.dispatch.ForkJoinExecutorConfigurator$AkkaForkJoinPool
 213:            32           1536  java.util.logging.LogManager$LoggerWeakRef
 214:            48           1536  org.apache.flink.streaming.api.windowing.windows.TimeWindow
 215:            48           1536  org.apache.flink.streaming.runtime.tasks.mailbox.MailboxExecutorImpl
 216:            38           1520  akka.actor.Deploy
 217:            94           1504  sun.reflect.DelegatingConstructorAccessorImpl
 218:            36           1440  java.security.AccessControlContext
 219:            30           1440  java.time.temporal.ValueRange
 220:            30           1440  java.util.zip.Inflater
 221:            25           1400  sun.util.calendar.ZoneInfo
 222:             1           1376  [Lsun.misc.FDBigInteger;
 223:            43           1376  akka.actor.Props
 224:            28           1344  java.util.concurrent.ThreadPoolExecutor$Worker
 225:            21           1344  java.util.jar.JarFile
 226:            42           1344  org.apache.flink.shaded.netty4.io.netty.util.concurrent.DefaultPromise
 227:            54           1296  sun.reflect.generics.factory.CoreReflectionFactory
 228:            16           1280  [Lscala.collection.mutable.HashEntry;
 229:            40           1280  akka.dispatch.Dispatcher$$anon$1
 230:            10           1280  org.apache.flink.runtime.taskmanager.RuntimeEnvironment
 231:            40           1280  org.apache.flink.shaded.netty4.io.netty.channel.epoll.EpollEventArray
 232:            40           1280  org.apache.flink.streaming.api.operators.TimerHeapInternalTimer
 233:            40           1280  org.apache.logging.log4j.core.config.builder.api.Component
 234:            53           1272  java.io.ObjectStreamClass$ClassDataSlot
 235:            39           1248  java.io.File
 236:            38           1216  akka.actor.ChildRestartStats
 237:            38           1216  org.apache.flink.configuration.MemorySize
 238:            38           1216  org.apache.flink.runtime.jobgraph.OperatorID
 239:            19           1216  org.apache.flink.runtime.metrics.groups.InternalOperatorMetricGroup
 240:            19           1216  org.apache.flink.streaming.api.operators.StreamingRuntimeContext
 241:            50           1200  java.lang.ThreadLocal$ThreadLocalMap
 242:            30           1200  java.math.BigDecimal
 243:            30           1200  java.time.temporal.ChronoField
 244:            30           1200  sun.nio.cs.UTF_8$Decoder
 245:            37           1184  java.util.regex.Pattern$Curly
 246:            21           1176  org.apache.logging.log4j.core.util.datetime.FixedDateFormat$FixedFormat
 247:            49           1176  sun.reflect.generics.reflectiveObjects.ParameterizedTypeImpl
 248:            49           1176  sun.reflect.generics.tree.ClassSignature
 249:            47           1168  [Ljavax.management.MBeanOperationInfo;
 250:            49           1168  [Lsun.reflect.generics.tree.ClassTypeSignature;
 251:            73           1168  scala.Some
 252:            48           1152  sun.reflect.generics.scope.ClassScope
 253:            47           1128  com.typesafe.config.impl.Path
 254:            47           1128  com.typesafe.config.impl.SimpleConfigList
 255:            28           1120  akka.actor.Address
 256:            28           1120  java.lang.invoke.DirectMethodHandle$Interface
 257:            10           1120  org.apache.flink.api.common.ExecutionConfig
 258:            23           1104  sun.management.DiagnosticCommandInfo
 259:            15           1080  java.util.logging.Logger
 260:            15           1080  org.apache.logging.log4j.core.config.LoggerConfig
 261:             2           1056  [Ljava.util.TimerTask;
 262:            44           1056  com.sun.jmx.mbeanserver.NamedObject
 263:            66           1056  com.sun.proxy.$Proxy1
 264:            66           1056  java.util.concurrent.CountDownLatch
 265:             1           1040  [Ljava.lang.Byte;
 266:             1           1040  [Ljava.lang.Integer;
 267:             1           1040  [Ljava.lang.Long;
 268:             1           1040  [Ljava.lang.Short;
 269:            65           1040  java.util.LinkedHashSet
 270:            41           1024  [Lorg.apache.flink.configuration.description.InlineElement;
 271:            32           1024  scala.collection.immutable.RedBlackTree$BlackTree
 272:            21           1008  java.util.concurrent.LinkedBlockingQueue
 273:            14           1008  java.util.regex.Pattern
 274:            41            992  [Ljava.io.ObjectStreamClass$ClassDataSlot;
 275:            31            992  java.util.logging.LogManager$LogNode
 276:            31            992  javax.management.MBeanParameterInfo
 277:            41            984  java.util.Collections$UnmodifiableRandomAccessList
 278:            41            984  java.util.regex.Pattern$GroupHead
 279:            41            984  java.util.regex.Pattern$GroupTail
 280:            20            960  akka.actor.RepointableActorRef
 281:            30            960  java.security.Provider$EngineDescription
 282:            40            960  org.apache.flink.shaded.netty4.io.netty.util.internal.ThreadExecutorMap$1
 283:            29            952  [Ljava.time.format.DateTimeFormatterBuilder$DateTimePrinterParser;
 284:            55            952  [Lsun.reflect.generics.tree.FormalTypeParameter;
 285:            38            912  akka.actor.LightArrayRevolverScheduler$TaskHolder
 286:            38            912  akka.dispatch.UnboundedMailbox$MessageQueue
 287:            38            912  java.io.ObjectStreamClass$ExceptionInfo
 288:            38            912  java.time.Duration
 289:            38            912  org.apache.flink.api.common.eventtime.CombinedWatermarkStatus$PartialWatermark
 290:            19            912  org.apache.flink.runtime.state.DefaultOperatorStateBackend
 291:             9            896  [D
 292:            28            896  java.util.zip.ZipCoder
 293:            28            896  org.apache.flink.util.concurrent.ExecutorThreadFactory
 294:            10            880  akka.dispatch.Dispatcher
 295:            22            880  javax.management.MBeanOperationInfo
 296:            22            880  sun.util.locale.BaseLocale$Key
 297:            18            864  java.nio.HeapCharBuffer
 298:            27            864  java.util.concurrent.ScheduledThreadPoolExecutor$DelayedWorkQueue
 299:            12            864  java.util.concurrent.ScheduledThreadPoolExecutor$ScheduledFutureTask
 300:            12            864  sun.nio.ch.EPollArrayWrapper
 301:            12            864  sun.nio.ch.EPollSelectorImpl
 302:            53            848  sun.reflect.DelegatingMethodAccessorImpl
 303:            35            840  java.lang.StringBuilder
 304:            15            840  javax.management.openmbean.ArrayType
 305:             5            840  org.apache.flink.streaming.runtime.tasks.SourceStreamTask
 306:            26            832  java.lang.reflect.WeakCache$CacheValue
 307:            26            832  java.time.format.DateTimeFormatterBuilder$NumberPrinterParser
 308:            26            832  org.apache.flink.api.common.JobID
 309:            34            816  java.lang.ProcessEnvironment$Value
 310:            34            816  java.lang.ProcessEnvironment$Variable
 311:            51            816  java.lang.ThreadLocal
 312:            34            816  java.util.concurrent.CopyOnWriteArrayList
 313:            34            816  org.apache.flink.shaded.netty4.io.netty.util.internal.logging.LocationAwareSlf4JLogger
 314:            17            816  org.apache.logging.log4j.message.ReusableParameterizedMessage
 315:            20            800  com.sun.jmx.mbeanserver.MXBeanSupport
 316:            50            800  java.util.LinkedHashMap$LinkedKeySet
 317:            20            800  org.apache.flink.runtime.metrics.TimerGauge
 318:            10            800  org.apache.flink.runtime.metrics.groups.TaskMetricGroup
 319:             5            800  org.apache.flink.streaming.runtime.tasks.OneInputStreamTask
 320:            25            800  org.apache.flink.util.AbstractID
 321:            20            800  org.apache.logging.log4j.core.pattern.DatePatternConverter$FixedFormatter
 322:            33            792  java.util.Collections$SingletonList
 323:            49            784  com.sun.proxy.$Proxy2
 324:            14            784  java.util.zip.ZipFile$ZipFileInflaterInputStream
 325:            14            784  java.util.zip.ZipFile$ZipFileInputStream
 326:            14            784  scala.collection.immutable.Vector
 327:             3            768  [Ljava.time.LocalDateTime;
 328:            32            768  com.sun.jmx.mbeanserver.DefaultMXBeanMappingFactory$IdentityMapping
 329:            32            768  com.typesafe.config.impl.ConfigBoolean
 330:            24            768  java.lang.reflect.Proxy$Key1
 331:             2            768  java.util.TimerThread
 332:            24            768  java.util.concurrent.FutureTask
 333:            24            768  java.util.regex.Pattern$Branch
 334:            32            768  scala.collection.immutable.HashSet$HashSet1
 335:            19            760  org.apache.flink.runtime.metrics.groups.InternalOperatorIOMetricGroup
 336:            19            760  org.apache.flink.streaming.api.operators.StreamTaskStateInitializerImpl$StreamOperatorStateContextImpl
 337:            19            760  org.apache.flink.streaming.runtime.tasks.StreamOperatorWrapper
 338:            19            760  org.apache.flink.streaming.util.LatencyStats
 339:             2            752  org.apache.logging.log4j.core.util.Log4jThread
 340:            23            736  java.util.concurrent.atomic.AtomicReferenceFieldUpdater$AtomicReferenceFieldUpdaterImpl
 341:            23            736  org.apache.flink.streaming.runtime.streamrecord.StreamRecord
 342:            23            736  sun.management.DiagnosticCommandImpl$Wrapper
 343:            30            720  java.lang.invoke.Invokers
 344:            15            720  java.lang.management.PlatformComponent
 345:            45            720  java.util.concurrent.atomic.AtomicReference
 346:            30            720  java.util.zip.ZStreamRef
 347:            10            720  org.apache.flink.runtime.metrics.groups.TaskIOMetricGroup
 348:            10            720  org.apache.flink.streaming.runtime.tasks.SubtaskCheckpointCoordinatorImpl
 349:            30            720  scala.collection.mutable.DefaultEntry
 350:            22            704  sun.reflect.annotation.AnnotationType
 351:            22            704  sun.util.locale.BaseLocale
 352:            29            696  java.time.format.DateTimeFormatterBuilder$CompositePrinterParser
 353:            29            696  java.util.BitSet
 354:            29            696  java.util.jar.Attributes$Name
 355:            17            680  com.sun.jmx.mbeanserver.PerInterface
 356:            17            680  com.typesafe.config.impl.SimpleConfig$MemoryUnit
 357:            17            680  java.time.format.DateTimeFormatter
 358:            17            680  java.util.IdentityHashMap
 359:            21            672  com.sun.jmx.mbeanserver.WeakIdentityHashMap$IdentityWeakReference
 360:            28            672  java.security.Provider$UString
 361:            21            672  org.apache.flink.runtime.state.StateSerializerProvider$EagerlyRegisteredStateSerializerProvider
 362:            14            672  sun.misc.URLClassPath
 363:            27            648  java.time.LocalTime
 364:             9            648  org.apache.flink.api.java.typeutils.runtime.kryo.KryoSerializer
 365:            16            640  akka.util.SubclassifiedIndex$Nonroot
 366:            40            640  java.lang.Boolean
 367:            20            640  java.net.InetAddress$InetAddressHolder
 368:            20            640  java.util.Locale
 369:            16            640  java.util.concurrent.CompletableFuture$UniWhenComplete
 370:            10            640  org.apache.flink.runtime.io.network.buffer.LocalBufferPool
 371:            20            640  org.apache.flink.runtime.metrics.groups.TaskIOMetricGroup$SumCounter
 372:            40            640  org.apache.flink.shaded.netty4.io.netty.channel.epoll.EpollEventLoop$1
 373:            40            640  org.apache.flink.shaded.netty4.io.netty.util.collection.IntObjectHashMap$1
 374:            40            640  org.apache.flink.shaded.netty4.io.netty.util.collection.IntObjectHashMap$EntrySet
 375:            40            640  org.apache.flink.shaded.netty4.io.netty.util.collection.IntObjectHashMap$KeySet
 376:            10            640  org.apache.flink.streaming.runtime.tasks.SubtaskCheckpointCoordinatorImpl$1
 377:            20            640  org.apache.flink.streaming.runtime.tasks.SystemProcessingTimeService
 378:            16            640  org.jboss.netty.util.internal.ConcurrentIdentityWeakKeyHashMap$Segment
 379:             3            624  [Ljava.lang.invoke.LambdaForm;
 380:            26            624  [Ljavax.management.MBeanParameterInfo;
 381:            26            624  akka.actor.ArgsReflectConstructor
 382:            26            624  akka.dispatch.CachingConfig$StringPathEntry
 383:            19            608  org.apache.flink.api.common.eventtime.CombinedWatermarkStatus
 384:            19            608  org.apache.flink.runtime.metrics.dump.QueryScopeInfo$OperatorQueryScopeInfo
 385:            19            608  org.apache.flink.runtime.state.SnapshotStrategyRunner
 386:            38            608  org.apache.flink.streaming.api.graph.StreamConfig
 387:            19            608  org.apache.flink.streaming.api.operators.StreamOperatorStateHandler
 388:            19            608  org.apache.flink.streaming.runtime.tasks.ProcessingTimeServiceImpl
 389:            25            600  com.sun.jmx.mbeanserver.PerInterface$MethodAndSig
 390:            25            600  java.lang.Double
 391:            15            600  java.lang.invoke.MethodHandleImpl$IntrinsicMethodHandle
 392:            15            600  java.util.concurrent.CompletableFuture$UniRun
 393:             5            600  org.apache.flink.runtime.io.network.partition.PipelinedResultPartition
 394:             5            600  org.apache.flink.runtime.io.network.partition.consumer.SingleInputGate
 395:            25            600  sun.reflect.NativeMethodAccessorImpl
 396:            24            592  [Ljava.util.regex.Pattern$Node;
 397:            37            592  org.apache.flink.configuration.description.LineBreakElement
 398:            23            584  [Ljava.security.ProtectionDomain;
 399:            26            584  [Ljavax.management.MBeanNotificationInfo;
 400:            24            576  akka.actor.Scheduler$$anon$6
 401:            18            576  java.io.FileDescriptor
 402:            24            576  java.util.AbstractMap$SimpleImmutableEntry
 403:            18            576  java.util.concurrent.SynchronousQueue
 404:            18            576  org.apache.flink.api.java.typeutils.runtime.KryoRegistration
 405:            18            576  org.apache.flink.api.java.typeutils.runtime.TupleSerializer
 406:            24            576  org.apache.flink.runtime.rpc.messages.RunAsync
 407:            24            576  org.apache.flink.streaming.runtime.metrics.WatermarkGauge
 408:             4            576  org.apache.flink.streaming.runtime.operators.windowing.WindowOperator
 409:             7            560  java.util.concurrent.ScheduledThreadPoolExecutor
 410:            14            560  javax.management.openmbean.SimpleType
 411:            10            560  org.apache.flink.streaming.runtime.tasks.RegularOperatorChain
 412:            10            560  sun.invoke.util.Wrapper
 413:             7            560  sun.net.www.protocol.jar.URLJarFile
 414:            23            552  [Lsun.management.DiagnosticCommandArgumentInfo;
 415:            23            552  java.util.concurrent.LinkedBlockingQueue$Node
 416:             1            528  [Ljava.lang.Character;
 417:             4            528  [Ljava.lang.Thread;
 418:            22            528  com.sun.jmx.mbeanserver.StandardMBeanSupport
 419:            33            528  java.util.LinkedHashMap$LinkedEntrySet
 420:            22            528  java.util.regex.Pattern$BitClass
 421:            22            528  org.apache.logging.log4j.core.pattern.PatternFormatter
 422:            16            512  akka.event.BusLogging
 423:             4            512  akka.remote.RemoteSettings
 424:            16            512  java.security.Permissions
 425:            16            512  java.time.temporal.ChronoUnit
 426:             8            512  org.jboss.netty.channel.socket.nio.NioWorker
 427:            16            512  sun.nio.fs.UnixPath
 428:            21            504  java.util.Locale$LocaleKey
 429:             9            504  javax.management.openmbean.CompositeType
 430:            21            504  org.apache.flink.runtime.metrics.dump.QueryScopeInfo$TaskManagerQueryScopeInfo
 431:            21            504  scala.collection.immutable.TreeMap
 432:            31            496  org.apache.flink.runtime.io.AvailabilityProvider$AvailabilityHelper
 433:            15            480  akka.actor.OneForOneStrategy
 434:            15            480  java.util.Random
 435:            15            480  java.util.Stack
 436:            30            480  org.apache.flink.configuration.Configuration
 437:            15            480  org.apache.flink.runtime.clusterframework.types.AllocationID
 438:             5            480  org.apache.flink.runtime.execution.librarycache.FlinkUserCodeClassLoaders$ParentFirstClassLoader
 439:             5            480  org.apache.flink.runtime.execution.librarycache.FlinkUserCodeClassLoaders$SafetyNetWrapperClassLoader
 440:            20            480  org.apache.flink.runtime.io.network.metrics.CreditBasedInputBuffersUsageGauge
 441:            15            480  org.apache.flink.runtime.jobgraph.IntermediateDataSetID
 442:             5            480  org.apache.flink.runtime.state.heap.HeapKeyedStateBackend
 443:            20            480  org.apache.flink.runtime.taskmanager.DispatcherThreadFactory
 444:            10            480  org.apache.flink.runtime.throughput.ThroughputCalculator
 445:            10            480  org.apache.logging.log4j.core.lookup.ConfigurationStrSubstitutor
 446:            20            480  scala.PartialFunction$OrElse
 447:            12            480  scala.collection.mutable.HashMap
 448:            19            456  [Lorg.apache.flink.api.common.eventtime.CombinedWatermarkStatus$PartialWatermark;
 449:             6            456  [Lsun.invoke.util.Wrapper;
 450:            19            456  java.util.concurrent.Executors$RunnableAdapter
 451:            19            456  java.util.regex.Pattern$Ctype
 452:            19            456  org.apache.flink.api.common.eventtime.IndexedCombinedWatermarkStatus
 453:            19            456  org.apache.flink.runtime.state.DefaultOperatorStateBackendSnapshotStrategy
 454:            19            456  org.apache.flink.streaming.api.operators.CountingOutput
 455:            19            456  org.apache.flink.streaming.api.operators.StreamTaskStateInitializerImpl$1
 456:            19            456  org.apache.flink.streaming.api.operators.StreamTaskStateInitializerImpl$2
 457:            19            456  org.apache.flink.streaming.runtime.tasks.StreamTask$$Lambda$637/2094958888
 458:             4            448  [Ljava.time.ZoneOffset;
 459:            14            448  akka.event.MarkerLoggingAdapter
 460:            14            448  java.io.FilePermission
 461:             8            448  javax.management.openmbean.OpenMBeanParameterInfoSupport
 462:            14            448  org.apache.logging.log4j.core.config.AwaitCompletionReliabilityStrategy
 463:            28            448  scala.collection.immutable.Set$Set1
 464:            22            432  [Ljavax.management.MBeanConstructorInfo;
 465:            18            432  [Lorg.apache.flink.api.common.typeutils.TypeSerializer;
 466:            18            432  akka.actor.LocalActorRef
 467:            18            432  java.lang.RuntimePermission
 468:             9            432  java.util.Properties
 469:            20            424  [Lsun.reflect.generics.tree.FieldTypeSignature;
 470:            13            416  akka.dispatch.MonitorableThreadFactory
 471:            13            416  java.lang.invoke.SimpleMethodHandle
 472:            13            416  javax.management.MBeanNotificationInfo
 473:            17            408  com.typesafe.config.impl.TokenType
 474:            17            408  java.lang.management.ManagementPermission
 475:            17            408  org.apache.logging.log4j.core.time.MutableInstant
 476:            20            400  [Lorg.apache.flink.runtime.io.network.partition.ResultPartition;
 477:            20            400  [Lorg.apache.flink.runtime.io.network.partition.consumer.SingleInputGate;
 478:            10            400  java.lang.invoke.DirectMethodHandle$Accessor
 479:             5            400  java.net.URI
 480:            10            400  java.util.EnumMap
 481:            25            400  java.util.Optional
 482:            10            400  java.util.concurrent.CompletableFuture$UniApply
 483:            10            400  org.apache.flink.api.common.TaskInfo
 484:             5            400  org.apache.flink.runtime.io.network.api.serialization.SpanningWrapper
 485:            10            400  org.apache.flink.runtime.state.TaskStateManagerImpl
 486:             5            400  org.apache.flink.streaming.api.operators.StreamSink
 487:             5            400  org.apache.flink.streaming.api.operators.StreamSource
 488:             5            400  org.apache.flink.streaming.runtime.io.checkpointing.CheckpointBarrierTracker
 489:            10            400  org.apache.flink.streaming.runtime.tasks.mailbox.TaskMailboxImpl
 490:            10            400  org.apache.flink.util.XORShiftRandom
 491:            16            384  [Lorg.jboss.netty.util.internal.ConcurrentIdentityWeakKeyHashMap$HashEntry;
 492:            12            384  akka.actor.Scheduler$$anon$1$$anon$2
 493:             1            384  java.lang.ref.Finalizer$FinalizerThread
 494:            16            384  java.util.Collections$SetFromMap
 495:            16            384  java.util.concurrent.ConcurrentLinkedQueue
 496:             1            384  java.util.logging.LogManager$Cleaner
 497:            24            384  java.util.regex.Pattern$BranchConn
 498:            16            384  java.util.regex.Pattern$Ques
 499:            24            384  org.apache.flink.api.common.typeutils.base.StringSerializer
 500:             1            384  org.apache.flink.core.fs.SafetyNetCloseableRegistry$CloseableReaperThread
 501:             6            384  org.apache.flink.runtime.heartbeat.HeartbeatMonitorImpl
 502:             1            384  org.apache.flink.runtime.io.disk.iomanager.IOManagerAsync$ReaderThread
 503:             1            384  org.apache.flink.runtime.io.disk.iomanager.IOManagerAsync$WriterThread
 504:             1            384  org.apache.flink.runtime.util.JvmShutdownSafeguard
 505:            24            384  org.apache.logging.log4j.core.lookup.SystemPropertiesLookup
 506:            16            384  scala.collection.immutable.Map$Map1
 507:            16            384  sun.misc.MetaIndex
 508:            12            384  sun.nio.ch.AllocatedNativeObject
 509:            16            384  sun.nio.ch.OptionKey
 510:            16            384  sun.nio.ch.SocketOptionRegistry$RegistryKey
 511:            12            384  sun.nio.fs.NativeBuffer
 512:             1            376  java.lang.ref.Reference$ReferenceHandler
 513:             2            368  akka.remote.serialization.MiscMessageSerializer
 514:            23            368  java.time.format.DateTimeFormatterBuilder$CharLiteralPrinterParser
 515:            23            368  java.util.Collections$UnmodifiableSet
 516:            15            360  java.net.InetSocketAddress$InetSocketAddressHolder
 517:            15            360  java.util.regex.Pattern$SingleI
 518:            15            360  javax.management.StandardMBean
 519:             5            360  org.apache.flink.runtime.io.network.partition.PipelinedSubpartition
 520:             5            360  org.apache.flink.runtime.io.network.partition.consumer.LocalInputChannel
 521:             5            360  org.apache.flink.streaming.api.operators.StreamMap
 522:             9            360  org.apache.flink.streaming.runtime.tasks.CopyingChainingOutput
 523:             9            360  org.apache.flink.streaming.runtime.tasks.SystemProcessingTimeService$ScheduledTask
 524:            11            352  akka.actor.RootActorPath
 525:             2            352  akka.remote.EndpointWriter
 526:            22            352  akka.util.Timeout
 527:            11            352  java.util.regex.Pattern$3
 528:            11            352  sun.reflect.generics.reflectiveObjects.TypeVariableImpl
 529:            14            336  [Ljava.io.File;
 530:             7            336  com.sun.jmx.mbeanserver.DefaultMXBeanMappingFactory$CompositeMapping
 531:            14            336  java.io.FilePermissionCollection
 532:            14            336  java.lang.invoke.LambdaFormEditor$Transform$Kind
 533:             3            336  java.net.SocksSocketImpl
 534:             6            336  java.nio.DirectLongBufferU
 535:            14            336  java.util.regex.Pattern$Single
 536:             6            336  org.apache.flink.runtime.rpc.akka.FencedAkkaInvocationHandler
 537:             2            336  org.apache.logging.log4j.core.config.properties.PropertiesConfiguration
 538:            14            336  org.apache.logging.log4j.core.jmx.LoggerConfigAdmin
 539:            14            336  org.jboss.netty.util.ThreadRenamingRunnable
 540:            14            336  scala.collection.generic.GenTraversableFactory$$anon$1
 541:             6            336  sun.management.MemoryPoolImpl
 542:            16            328  [Ljava.lang.management.PlatformComponent;
 543:            20            320  akka.actor.dungeon.ChildrenContainer$NormalChildrenContainer
 544:            10            320  akka.dispatch.Dispatcher$LazyExecutorServiceDelegate
 545:            10            320  com.typesafe.config.impl.ConfigDouble
 546:            10            320  com.typesafe.config.impl.Token
 547:            10            320  java.lang.OutOfMemoryError
 548:             8            320  java.lang.invoke.DirectMethodHandle$Constructor
 549:            10            320  java.util.concurrent.atomic.AtomicIntegerFieldUpdater$AtomicIntegerFieldUpdaterImpl
 550:             8            320  org.apache.flink.runtime.clusterframework.types.ResourceProfile
 551:             5            320  org.apache.flink.runtime.io.network.buffer.NetworkBuffer
 552:            20            320  org.apache.flink.runtime.io.network.metrics.ExclusiveBuffersUsageGauge
 553:            20            320  org.apache.flink.runtime.io.network.metrics.FloatingBuffersUsageGauge
 554:            20            320  org.apache.flink.runtime.io.network.metrics.InputBuffersGauge
 555:            20            320  org.apache.flink.runtime.io.network.metrics.OutputBufferPoolUsageGauge
 556:            20            320  org.apache.flink.runtime.io.network.metrics.OutputBuffersGauge
 557:            10            320  org.apache.flink.runtime.jobgraph.JobVertexID
 558:             5            320  org.apache.flink.runtime.metrics.groups.TaskManagerJobMetricGroup
 559:            10            320  org.apache.flink.runtime.query.TaskKvStateRegistry
 560:            10            320  org.apache.flink.runtime.state.LocalRecoveryDirectoryProviderImpl
 561:             8            320  org.apache.flink.runtime.state.heap.HeapPriorityQueueSet
 562:            10            320  org.apache.flink.runtime.state.memory.MemoryBackendCheckpointStorageAccess
 563:            10            320  org.apache.flink.runtime.state.metrics.LatencyTrackingStateConfig$Builder
 564:             5            320  org.apache.flink.runtime.taskexecutor.DefaultJobLeaderService$JobManagerRetryingRegistration
 565:            10            320  org.apache.flink.runtime.taskexecutor.rpc.RpcInputSplitProvider
 566:            10            320  org.apache.flink.runtime.throughput.ThroughputEMA
 567:             4            320  org.apache.flink.streaming.api.operators.InternalTimerServiceImpl
 568:            10            320  org.apache.flink.streaming.api.operators.StreamTaskStateInitializerImpl
 569:            20            320  org.apache.flink.streaming.runtime.tasks.StreamTask$$Lambda$631/1625168412
 570:            10            320  org.apache.flink.streaming.runtime.tasks.mailbox.MailboxProcessor
 571:             8            320  org.jboss.netty.channel.DefaultChannelPipeline$DefaultChannelHandlerContext
 572:            10            320  scala.collection.immutable.Map$Map2
 573:            20            320  scala.concurrent.impl.Promise$DefaultPromise
 574:            13            312  akka.dispatch.CachingConfig$ValuePathEntry
 575:            13            312  java.net.Inet4Address
 576:             1            312  java.util.concurrent.ForkJoinPool
 577:            19            304  org.apache.flink.api.common.cache.DistributedCache
 578:            19            304  org.apache.flink.api.common.typeutils.base.IntSerializer
 579:            19            304  org.apache.flink.runtime.state.JavaSerializer
 580:            12            288  akka.actor.Scheduler$$anon$1
 581:            12            288  akka.actor.Scheduler$$anon$3
 582:            12            288  akka.dispatch.CachingConfig
 583:            12            288  akka.japi.pf.UnitCaseStatement
 584:             6            288  akka.remote.RemoteActorRef
 585:             9            288  java.io.FileInputStream
 586:            12            288  java.time.Month
 587:            12            288  java.time.ZoneOffset
 588:             9            288  java.util.UUID
 589:            18            288  java.util.concurrent.SynchronousQueue$TransferStack
 590:             9            288  java.util.logging.Level
 591:            12            288  java.util.regex.Pattern$Start
 592:             9            288  jdk.internal.org.objectweb.asm.Type
 593:            12            288  org.apache.flink.api.common.time.Time
 594:            12            288  org.apache.logging.log4j.core.lookup.Interpolator
 595:            12            288  org.jboss.netty.util.internal.DeadLockProofWorker$1
 596:            12            288  sun.nio.fs.NativeBuffer$Deallocator
 597:             9            288  sun.security.jca.ProviderConfig
 598:             6            288  sun.util.locale.provider.LocaleResources$ResourceReference
 599:             5            280  org.apache.flink.runtime.io.network.api.writer.ChannelSelectorRecordWriter
 600:             7            280  org.apache.logging.log4j.core.config.Node
 601:             2            272  org.apache.flink.shaded.netty4.io.netty.util.internal.InternalThreadLocalMap
 602:            17            272  org.jboss.netty.logging.Slf4JLogger
 603:            11            264  akka.util.WildcardTree
 604:            11            264  com.typesafe.config.impl.ConfigReference
 605:            11            264  com.typesafe.config.impl.SubstitutionExpression
 606:            11            264  java.net.StandardSocketOptions$StdSocketOption
 607:            11            264  java.util.Collections$SynchronizedSet
 608:            11            264  org.apache.flink.api.common.JobStatus
 609:            11            264  org.apache.flink.runtime.checkpoint.TaskStateSnapshot
 610:            11            264  sun.reflect.generics.tree.FormalTypeParameter
 611:             2            256  akka.remote.transport.ProtocolStateActor
 612:             8            256  org.apache.flink.api.common.typeinfo.BasicTypeInfo
 613:             8            256  org.apache.flink.api.common.typeinfo.IntegerTypeInfo
 614:             8            256  org.apache.flink.runtime.state.heap.HeapPriorityQueueSnapshotRestoreWrapper
 615:             8            256  org.jboss.netty.channel.socket.nio.SocketReceiveBufferAllocator
 616:             8            256  sun.misc.ProxyGenerator$PrimitiveTypeInfo
 617:             8            248  [Ljava.lang.invoke.LambdaForm$BasicType;
 618:             6            240  [Ljava.lang.invoke.BoundMethodHandle$SpeciesData;
 619:             5            240  [Ljava.util.concurrent.ForkJoinPool$WorkQueue;
 620:            10            240  [Lorg.apache.flink.metrics.Counter;
 621:            14            240  [Lorg.apache.logging.log4j.core.config.AppenderRef;
 622:             2            240  akka.actor.ActorSystem$Settings
 623:             3            240  akka.dispatch.ThreadPoolConfig$ThreadPoolExecutorServiceFactory$$anon$1
 624:            15            240  com.typesafe.config.impl.ConfigNull
 625:            10            240  java.lang.annotation.ElementType
 626:            15            240  java.net.InetSocketAddress
 627:            10            240  java.nio.file.StandardOpenOption
 628:             5            240  org.apache.commons.cli.Option
 629:            10            240  org.apache.flink.configuration.description.LinkElement
 630:            10            240  org.apache.flink.core.fs.SafetyNetCloseableRegistry
 631:            10            240  org.apache.flink.runtime.accumulators.AccumulatorRegistry
 632:            10            240  org.apache.flink.runtime.blob.PermanentBlobKey
 633:            10            240  org.apache.flink.runtime.checkpoint.channel.InputChannelInfo
 634:            10            240  org.apache.flink.runtime.checkpoint.channel.SequentialChannelStateReaderImpl
 635:            10            240  org.apache.flink.runtime.execution.ExecutionState
 636:            15            240  org.apache.flink.runtime.executiongraph.ExecutionAttemptID
 637:            10            240  org.apache.flink.runtime.io.network.partition.PrioritizedDeque
 638:            10            240  org.apache.flink.runtime.io.network.partition.ResultPartitionID
 639:            10            240  org.apache.flink.runtime.jobgraph.IntermediateResultPartitionID
 640:             5            240  org.apache.flink.runtime.memory.MemoryManager
 641:            10            240  org.apache.flink.runtime.state.LocalRecoveryConfig
 642:            10            240  org.apache.flink.runtime.state.TaskExecutorLocalStateStoresManager$JobVertexSubtaskKey
 643:            10            240  org.apache.flink.runtime.state.storage.ExternalizedSnapshotLocation
 644:            10            240  org.apache.flink.runtime.state.storage.JobManagerCheckpointStorage
 645:             5            240  org.apache.flink.runtime.taskexecutor.DefaultJobLeaderService$JobManagerLeaderListener$JobManagerRegisteredRpcConnection
 646:            10            240  org.apache.flink.runtime.taskexecutor.TaskExecutor$$Lambda$598/556313092
 647:            10            240  org.apache.flink.runtime.taskexecutor.TaskExecutor$$Lambda$606/565459065
 648:            10            240  org.apache.flink.runtime.taskexecutor.rpc.RpcTaskOperatorEventGateway
 649:             5            240  org.apache.flink.runtime.taskexecutor.slot.TaskSlot
 650:            10            240  org.apache.flink.runtime.taskexecutor.slot.TaskSlotTableImpl$TaskSlotMapping
 651:             5            240  org.apache.flink.shaded.guava30.com.google.common.collect.HashMultimap
 652:            10            240  org.apache.flink.shaded.guava30.com.google.common.io.Closer
 653:             5            240  org.apache.flink.streaming.api.operators.StreamSourceContexts$ManualWatermarkContext
 654:             5            240  org.apache.flink.streaming.runtime.io.StreamTaskNetworkInput
 655:            10            240  org.apache.flink.streaming.runtime.tasks.OperatorEventDispatcherImpl
 656:            10            240  org.apache.flink.streaming.runtime.tasks.SubtaskCheckpointCoordinatorImpl$CachingCheckpointStorageWorkerView
 657:            10            240  org.apache.flink.streaming.runtime.tasks.mailbox.MailboxProcessor$DefaultActionSuspension
 658:            15            240  org.apache.logging.log4j.core.config.AppenderControlArraySet
 659:             6            240  sun.management.MemoryPoolImpl$CollectionSensor
 660:             6            240  sun.management.MemoryPoolImpl$PoolSensor
 661:             6            240  sun.reflect.generics.repository.MethodRepository
 662:             7            232  [Ljava.lang.annotation.ElementType;
 663:             7            224  akka.dispatch.ForkJoinExecutorConfigurator$ForkJoinExecutorServiceFactory
 664:             4            224  akka.remote.artery.ArterySettings
 665:             7            224  java.lang.StringCoding$StringEncoder
 666:             7            224  java.net.Inet6Address
 667:             7            224  java.net.Inet6Address$Inet6AddressHolder
 668:             7            224  org.apache.flink.runtime.io.network.buffer.Buffer$DataType
 669:             2            224  org.apache.flink.runtime.rpc.akka.RobustActorSystem$1
 670:             7            224  org.apache.flink.util.TimeUtils$TimeUnit
 671:             4            224  org.apache.logging.log4j.core.config.ConfigurationSource
 672:             2            224  sun.nio.ch.SocketChannelImpl
 673:             9            216  [Ljava.lang.reflect.TypeVariable;
 674:             9            216  akka.dispatch.DispatcherConfigurator
 675:             9            216  java.nio.file.attribute.PosixFilePermission
 676:             9            216  java.util.logging.Level$KnownLevel
 677:             9            216  java.util.regex.Pattern$1
 678:             9            216  org.apache.flink.core.memory.DataOutputSerializer
 679:             9            216  org.apache.logging.log4j.MarkerManager$Log4jMarker
 680:             3            216  sun.security.provider.NativePRNG$RandomIO
 681:             9            216  sun.util.logging.PlatformLogger$Level
 682:             7            208  [Ljava.lang.invoke.LambdaForm$NamedFunction;
 683:             2            208  akka.actor.LocalActorRefProvider
 684:             2            208  akka.remote.RemoteActorRefProvider$RemotingTerminator
 685:            13            208  org.apache.logging.log4j.core.lookup.JmxRuntimeInputArgumentsLookup
 686:            13            208  org.apache.logging.log4j.core.lookup.MapLookup
 687:            10            200  [Lorg.apache.flink.runtime.io.network.api.writer.ResultPartitionWriter;
 688:            10            200  [Lorg.apache.flink.runtime.io.network.buffer.BufferRecycler;
 689:            10            200  [Lorg.apache.flink.runtime.io.network.partition.consumer.IndexedInputGate;
 690:            10            200  [Lorg.apache.flink.streaming.runtime.io.RecordWriterOutput;
 691:             5            200  java.lang.ClassLoader$NativeLibrary
 692:             5            200  java.lang.invoke.BoundMethodHandle$SpeciesData
 693:             5            200  java.util.stream.StreamOpFlag
 694:             5            200  org.apache.flink.runtime.state.heap.HeapSnapshotStrategy
 695:             5            200  org.apache.flink.runtime.taskexecutor.DefaultJobLeaderService$JobManagerLeaderListener
 696:             5            200  org.apache.flink.runtime.taskexecutor.DefaultJobTable$EstablishedConnection
 697:             5            200  org.apache.flink.streaming.runtime.io.RecordWriterOutput
 698:             8            192  [Ljava.net.URL;
 699:             2            192  [Lorg.apache.flink.shaded.netty4.io.netty.util.concurrent.EventExecutor;
 700:             6            192  [Lsun.nio.fs.NativeBuffer;
 701:             8            192  akka.japi.pf.ReceiveBuilder$1
 702:             8            192  akka.remote.EventPublisher
 703:             2            192  akka.remote.ReliableDeliverySupervisor
 704:             6            192  akka.remote.serialization.WrappedPayloadSupport
 705:             4            192  java.lang.ThreadGroup
 706:             6            192  java.lang.invoke.LambdaForm$BasicType
 707:             8            192  java.lang.invoke.MethodHandleImpl$Intrinsic
 708:             8            192  java.math.RoundingMode
 709:            12            192  java.nio.channels.spi.AbstractSelector$1
 710:             6            192  java.security.BasicPermissionCollection
 711:             6            192  java.time.format.TextStyle
 712:            12            192  java.util.concurrent.Executors$FinalizableDelegatedExecutorService
 713:             6            192  javax.management.MBeanConstructorInfo
 714:             8            192  jdk.net.SocketFlow$Status
 715:             8            192  org.apache.flink.core.plugin.PluginDescriptor
 716:             6            192  org.apache.flink.runtime.concurrent.ScheduledFutureAdapter
 717:             6            192  org.apache.flink.runtime.leaderretrieval.StandaloneLeaderRetrievalService
 718:             6            192  org.apache.flink.runtime.metrics.util.MetricUtils$AttributeGauge
 719:            12            192  org.apache.flink.runtime.rpc.akka.RemoteAddressExtension
 720:            12            192  org.apache.flink.runtime.rpc.akka.RemoteAddressExtension$RemoteAddressExtensionImpl
 721:             8            192  org.apache.flink.runtime.state.RegisteredPriorityQueueStateBackendMetaInfo
 722:             4            192  org.apache.flink.runtime.state.heap.HeapReducingState
 723:             8            192  org.apache.flink.util.ShutdownHookUtil$$Lambda$441/1027569178
 724:             8            192  org.apache.logging.log4j.Level
 725:            12            192  org.apache.logging.log4j.core.lookup.DateLookup
 726:            12            192  org.apache.logging.log4j.core.lookup.EnvironmentLookup
 727:            12            192  org.apache.logging.log4j.core.lookup.JavaLookup
 728:            12            192  org.apache.logging.log4j.core.lookup.Log4jLookup
 729:            12            192  org.apache.logging.log4j.core.lookup.LowerLookup
 730:            12            192  org.apache.logging.log4j.core.lookup.MarkerLookup
 731:            12            192  org.apache.logging.log4j.core.lookup.PropertiesLookup
 732:            12            192  org.apache.logging.log4j.core.lookup.UpperLookup
 733:             6            192  org.apache.logging.log4j.core.util.Log4jThreadFactory
 734:             8            192  org.apache.logging.log4j.spi.StandardLevel
 735:             4            192  org.jboss.netty.channel.AbstractChannel$ChannelCloseFuture
 736:             8            192  org.jboss.netty.channel.socket.nio.SocketSendBufferPool
 737:             8            192  org.jboss.netty.channel.socket.nio.SocketSendBufferPool$Preallocation
 738:             8            192  scala.collection.Iterator$$anon$8
 739:             6            192  scala.collection.immutable.RedBlackTree$RedTree
 740:             2            192  sun.nio.ch.ServerSocketChannelImpl
 741:            12            192  sun.nio.ch.Util$3
 742:             6            192  sun.reflect.generics.tree.MethodTypeSignature
 743:             2            176  akka.remote.EndpointManager
 744:             2            176  akka.remote.transport.netty.NettyTransportSettings
 745:            11            176  org.apache.logging.log4j.core.util.datetime.FastDateParser$NumberStrategy
 746:            11            176  scala.util.Success
 747:             2            168  [Ljava.lang.ClassValue$Entry;
 748:             1            168  [[Ljava.math.BigInteger;
 749:             7            168  akka.actor.TypedCreatorFunctionConsumer
 750:             7            168  com.sun.management.VMOption$Origin
 751:             3            168  java.lang.invoke.LambdaFormEditor$Transform
 752:             7            168  java.net.NetPermission
 753:             7            168  java.time.DayOfWeek
 754:             3            168  java.util.ResourceBundle$CacheKey
 755:             7            168  java.util.concurrent.ConcurrentHashMap$KeySetView
 756:             3            168  javax.management.openmbean.OpenMBeanOperationInfoSupport
 757:             7            168  org.apache.flink.api.common.state.StateDescriptor$Type
 758:             7            168  org.apache.flink.runtime.clusterframework.types.ResourceID
 759:             1            168  org.apache.flink.runtime.taskexecutor.TaskExecutor
 760:             7            168  org.apache.flink.shaded.guava30.com.google.common.collect.ImmutableMapEntry
 761:             4            160  [F
 762:             2            160  [[Ljava.lang.String;
 763:            10            160  akka.dispatch.MessageDispatcher$$Lambda$234/695530017
 764:            10            160  akka.dispatch.MessageDispatcher$$anon$3
 765:             2            160  akka.remote.EndpointReader
 766:             2            160  akka.remote.RemoteActorRefProvider
 767:             2            160  akka.remote.RemoteWatcher
 768:             5            160  java.util.Collections$UnmodifiableMap
 769:            10            160  java.util.Formatter$Flags
 770:             5            160  javax.management.StandardEmitterMBean
 771:            10            160  org.apache.flink.api.common.ExecutionConfig$GlobalJobParameters
 772:             5            160  org.apache.flink.api.common.functions.util.PrintSinkOutputWriter
 773:            10            160  org.apache.flink.api.common.restartstrategy.RestartStrategies$FallbackRestartStrategyConfiguration
 774:             4            160  org.apache.flink.api.common.state.ReducingStateDescriptor
 775:             5            160  org.apache.flink.api.common.state.StateTtlConfig
 776:             5            160  org.apache.flink.configuration.MemorySize$MemoryUnit
 777:            10            160  org.apache.flink.runtime.checkpoint.channel.ChannelStateChunkReader
 778:            10            160  org.apache.flink.runtime.checkpoint.channel.ChannelStateSerializerImpl
 779:             5            160  org.apache.flink.runtime.execution.librarycache.BlobLibraryCacheManager$LibraryCacheEntry
 780:             5            160  org.apache.flink.runtime.execution.librarycache.BlobLibraryCacheManager$ResolvedClassLoader
 781:             5            160  org.apache.flink.runtime.io.network.api.serialization.NonSpanningWrapper
 782:             5            160  org.apache.flink.runtime.io.network.buffer.BufferBuilder
 783:            10            160  org.apache.flink.runtime.io.network.metrics.InputChannelMetrics$MultiCounterWrapper
 784:             5            160  org.apache.flink.runtime.io.network.partition.ResultPartitionType
 785:             5            160  org.apache.flink.runtime.io.network.partition.consumer.ChannelStatePersister
 786:             5            160  org.apache.flink.runtime.jobmaster.JobMasterId
 787:            10            160  org.apache.flink.runtime.metrics.groups.TaskIOMetricGroup$$Lambda$597/219362357
 788:             5            160  org.apache.flink.runtime.state.HeapPriorityQueuesManager
 789:            10            160  org.apache.flink.runtime.state.NoOpTaskLocalStateStoreImpl
 790:            10            160  org.apache.flink.runtime.state.hashmap.HashMapStateBackend
 791:             5            160  org.apache.flink.runtime.state.heap.InternalKeyContextImpl
 792:             5            160  org.apache.flink.runtime.state.metrics.LatencyTrackingStateConfig
 793:             5            160  org.apache.flink.runtime.taskexecutor.DefaultJobTable$JobOrConnection
 794:            10            160  org.apache.flink.runtime.taskexecutor.TaskExecutor$$Lambda$600/1651001769
 795:             5            160  org.apache.flink.runtime.taskmanager.InputGateWithMetrics
 796:            10            160  org.apache.flink.runtime.taskmanager.Task$$Lambda$694/1853540223
 797:             5            160  org.apache.flink.streaming.api.operators.InternalTimeServiceManagerImpl
 798:             4            160  org.apache.flink.streaming.api.windowing.assigners.TumblingProcessingTimeWindows
 799:             5            160  org.apache.flink.streaming.runtime.io.checkpointing.CheckpointedInputGate
 800:            10            160  org.apache.flink.streaming.runtime.streamrecord.StreamElementSerializer
 801:            10            160  org.apache.flink.streaming.runtime.tasks.StreamTask$$Lambda$626/1333007369
 802:            10            160  org.apache.flink.streaming.runtime.tasks.StreamTask$$Lambda$630/696706785
 803:            10            160  org.apache.flink.streaming.runtime.tasks.StreamTask$StreamTaskAsyncExceptionHandler
 804:            10            160  org.apache.flink.streaming.runtime.tasks.mailbox.MailboxProcessor$MailboxController
 805:             5            160  org.apache.flink.streaming.runtime.watermarkstatus.StatusWatermarkValve
 806:             5            160  org.apache.flink.streaming.runtime.watermarkstatus.StatusWatermarkValve$InputChannelStatus
 807:            10            160  org.apache.flink.util.SerializedValue
 808:            10            160  org.apache.flink.util.concurrent.FutureUtils$$Lambda$583/580624374
 809:             2            160  org.jboss.netty.handler.codec.frame.LengthFieldBasedFrameDecoder
 810:             4            160  sun.misc.FloatingDecimal$BinaryToASCIIBuffer
 811:             4            160  sun.nio.ch.SelectionKeyImpl
 812:             5            160  sun.util.locale.provider.LocaleProviderAdapter$Type
 813:             6            152  [Ljava.util.Map$Entry;
 814:             1            152  org.apache.flink.shaded.netty4.io.netty.buffer.PoolArena$HeapArena
 815:             2            144  [Ljava.math.BigDecimal;
 816:             1            144  [Ljava.util.concurrent.ForkJoinTask$ExceptionNode;
 817:             3            144  [Lorg.apache.flink.shaded.netty4.io.netty.buffer.PoolArena;
 818:             3            144  [Lorg.apache.logging.log4j.core.pattern.PatternFormatter;
 819:             4            144  [Lscala.collection.immutable.HashSet;
 820:             2            144  akka.actor.LightArrayRevolverScheduler
 821:             9            144  akka.actor.NoArgsReflectConstructor
 822:             6            144  akka.remote.SeqNo
 823:             2            144  akka.remote.transport.netty.NettyTransport
 824:             6            144  akka.util.WildcardIndex
 825:             6            144  com.typesafe.config.ConfigValueType
 826:             6            144  com.typesafe.config.impl.ConfigConcatenation
 827:             3            144  java.util.ResourceBundle$BundleReference
 828:             9            144  java.util.concurrent.ConcurrentHashMap$ValuesView
 829:             3            144  java.util.concurrent.locks.ReentrantReadWriteLock$NonfairSync
 830:             6            144  java.util.regex.Pattern$Slice
 831:             6            144  org.apache.flink.api.common.resources.CPUResource
 832:             6            144  org.apache.flink.runtime.registration.RetryingRegistration$RetryingRegistrationResult
 833:             6            144  org.apache.flink.runtime.state.KeyGroupRange
 834:             9            144  org.apache.flink.streaming.runtime.tasks.OperatorChain$$Lambda$643/1820661558
 835:             9            144  org.apache.flink.streaming.runtime.tasks.OperatorChain$$Lambda$644/1631841581
 836:             6            144  org.apache.flink.util.OperatingSystem
 837:             6            144  org.apache.logging.log4j.core.LifeCycle$State
 838:             3            144  org.apache.logging.log4j.core.lookup.RuntimeStrSubstitutor
 839:             6            144  org.apache.logging.log4j.core.util.datetime.FastDateParser$StrategyAndWidth
 840:             1            144  org.jboss.netty.channel.socket.nio.NioClientSocketChannel
 841:             2            144  org.jboss.netty.channel.socket.nio.NioServerSocketChannel
 842:             6            144  scala.concurrent.impl.CallbackRunnable
 843:             6            144  sun.misc.PerfCounter
 844:             6            144  sun.reflect.generics.scope.MethodScope
 845:             1            136  [Ljava.time.temporal.ChronoField;
 846:             1            136  org.apache.logging.log4j.core.config.NullConfiguration
 847:             4            128  [Ljava.nio.channels.SelectionKey;
 848:             2            128  [Ljava.time.Month;
 849:             8            128  akka.event.DefaultLoggingFilter
 850:             2            128  akka.serialization.Serialization
 851:             2            128  akka.stream.ActorMaterializerSettings
 852:             2            128  akka.stream.serialization.StreamRefSerializer
 853:             4            128  com.sun.jmx.mbeanserver.DefaultMXBeanMappingFactory$ArrayMapping
 854:             2            128  java.io.ExpiringCache$1
 855:             4            128  java.io.FileOutputStream
 856:             4            128  java.lang.ClassValue$Entry
 857:             8            128  java.lang.Float
 858:             2            128  java.security.SecureRandom
 859:             4            128  org.apache.flink.runtime.checkpoint.CheckpointType
 860:             2            128  org.apache.flink.runtime.rpc.akka.AkkaRpcActor
 861:             4            128  org.apache.flink.runtime.state.RegisteredKeyValueStateBackendMetaInfo
 862:             4            128  org.apache.flink.runtime.state.heap.CopyOnWriteStateTable
 863:             8            128  org.apache.flink.shaded.guava30.com.google.common.collect.SingletonImmutableList
 864:             4            128  org.apache.flink.streaming.api.functions.aggregation.SumAggregator
 865:             4            128  org.apache.flink.streaming.api.operators.TimerSerializer
 866:             4            128  org.apache.flink.streaming.runtime.operators.windowing.WindowOperator$Context
 867:             4            128  org.apache.flink.streaming.runtime.operators.windowing.WindowOperator$PerWindowStateStore
 868:             2            128  org.apache.logging.log4j.core.appender.RollingFileAppender
 869:             2            128  org.apache.logging.log4j.core.layout.PatternLayout
 870:             4            128  org.jboss.netty.channel.DefaultChannelPipeline
 871:             2            128  org.jboss.netty.channel.socket.nio.NioClientBoss
 872:             4            128  org.jboss.netty.channel.socket.nio.NioWorkerPool
 873:             5            120  [Lorg.apache.flink.runtime.io.network.buffer.BufferBuilder;
 874:             5            120  [Lorg.apache.flink.runtime.io.network.partition.ResultSubpartition;
 875:             5            120  [Lorg.apache.flink.runtime.io.network.partition.consumer.InputChannel;
 876:             5            120  [Lorg.apache.flink.streaming.runtime.watermarkstatus.StatusWatermarkValve$InputChannelStatus;
 877:             3            120  akka.dispatch.DefaultDispatcherPrerequisites
 878:             3            120  akka.dispatch.ThreadPoolConfig
 879:             5            120  akka.remote.WireFormats$CommandType
 880:             5            120  akka.stream.impl.SeqActorNameImpl
 881:             5            120  java.time.Instant
 882:             5            120  java.time.format.SignStyle
 883:             5            120  java.util.concurrent.locks.ReentrantReadWriteLock
 884:             5            120  java.util.stream.StreamOpFlag$Type
 885:             5            120  org.apache.commons.lang3.tuple.ImmutablePair
 886:             5            120  org.apache.flink.api.common.state.StateTtlConfig$CleanupStrategies
 887:             5            120  org.apache.flink.core.memory.DataInputDeserializer
 888:             5            120  org.apache.flink.runtime.blob.PermanentBlobCache$RefCount
 889:             5            120  org.apache.flink.runtime.checkpoint.channel.ResultSubpartitionInfo
 890:             5            120  org.apache.flink.runtime.execution.librarycache.BlobLibraryCacheManager$DefaultClassLoaderLease
 891:             5            120  org.apache.flink.runtime.io.network.NettyShuffleEnvironment$$Lambda$613/983432936
 892:             5            120  org.apache.flink.runtime.io.network.api.serialization.SpillingAdaptiveSpanningRecordDeserializer
 893:             5            120  org.apache.flink.runtime.io.network.buffer.BufferBuilder$SettablePositionMarker
 894:             5            120  org.apache.flink.runtime.io.network.buffer.BufferConsumer
 895:             5            120  org.apache.flink.runtime.io.network.buffer.BufferConsumer$CachedPositionMarker
 896:             5            120  org.apache.flink.runtime.io.network.buffer.BufferConsumerWithPartialRecordLength
 897:             5            120  org.apache.flink.runtime.io.network.buffer.LocalBufferPool$SubpartitionBufferRecycler
 898:             5            120  org.apache.flink.runtime.io.network.partition.PipelinedSubpartitionView
 899:             5            120  org.apache.flink.runtime.io.network.partition.ResultPartitionFactory$$Lambda$599/2083816037
 900:             5            120  org.apache.flink.runtime.io.network.partition.consumer.InputGateID
 901:             5            120  org.apache.flink.runtime.io.network.partition.consumer.SingleInputGateFactory$$Lambda$610/987708488
 902:             5            120  org.apache.flink.runtime.memory.SharedResources
 903:             5            120  org.apache.flink.runtime.memory.UnsafeMemoryBudget
 904:             5            120  org.apache.flink.runtime.net.ConnectionUtils$AddressDetectionState
 905:             5            120  org.apache.flink.runtime.plugable.NonReusingDeserializationDelegate
 906:             5            120  org.apache.flink.runtime.plugable.SerializationDelegate
 907:             5            120  org.apache.flink.runtime.state.DefaultKeyedStateStore
 908:             5            120  org.apache.flink.runtime.state.heap.HeapPriorityQueueSetFactory
 909:             5            120  org.apache.flink.runtime.taskexecutor.TaskExecutor$$Lambda$589/1575606977
 910:             5            120  org.apache.flink.runtime.taskexecutor.TaskExecutor$TaskExecutorJobServices
 911:             5            120  org.apache.flink.runtime.taskexecutor.TaskExecutor$TaskManagerActionsImpl
 912:             5            120  org.apache.flink.runtime.taskexecutor.rpc.RpcResultPartitionConsumableNotifier
 913:             3            120  org.apache.flink.shaded.guava30.com.google.common.collect.RegularImmutableMap
 914:             5            120  org.apache.flink.streaming.api.functions.sink.PrintSinkFunction
 915:             5            120  org.apache.flink.streaming.api.operators.StreamSink$SimpleContext
 916:             5            120  org.apache.flink.streaming.runtime.io.DataInputStatus
 917:             5            120  org.apache.flink.streaming.runtime.io.StreamOneInputProcessor
 918:             5            120  org.apache.flink.streaming.runtime.io.checkpointing.CheckpointedInputGate$$Lambda$673/1340202956
 919:             5            120  org.apache.flink.streaming.runtime.io.checkpointing.UpstreamRecoveryTrackerImpl
 920:             5            120  org.apache.flink.streaming.runtime.partitioner.KeyGroupStreamPartitioner
 921:             5            120  org.apache.flink.streaming.runtime.tasks.BroadcastingOutputCollector
 922:             5            120  org.apache.flink.streaming.runtime.tasks.OneInputStreamTask$StreamTaskNetworkOutput
 923:             5            120  org.apache.flink.streaming.runtime.tasks.StreamTask$ResumeWrapper
 924:             5            120  org.apache.flink.streaming.runtime.tasks.StreamTask$ThroughputPeriodTimer
 925:             1            120  org.apache.logging.log4j.core.appender.rolling.RollingFileManager
 926:             3            120  org.apache.logging.log4j.core.jmx.LoggerContextAdmin
 927:             5            120  org.apache.logging.log4j.core.pattern.FormattingInfo
 928:             5            120  org.apache.logging.log4j.core.pattern.PatternParser$ParserState
 929:             3            120  org.apache.logging.log4j.core.util.WatchManager
 930:             3            120  org.jboss.netty.channel.DefaultChannelFuture
 931:             1            120  org.jboss.netty.channel.socket.nio.NioAcceptedSocketChannel
 932:             1            120  scala.package$
 933:             5            120  sun.misc.FloatingDecimal$PreparedASCIIToBinaryBuffer
 934:             5            120  sun.misc.JarIndex
 935:             2            112  [Ljava.lang.invoke.MethodType;
 936:             2            112  [Ljava.nio.file.StandardOpenOption;
 937:             2            112  [Ljava.nio.file.attribute.PosixFilePermission;
 938:             1            112  [Ljava.time.LocalTime;
 939:             7            112  akka.dispatch.ForkJoinExecutorConfigurator
 940:             2            112  akka.dispatch.Mailboxes
 941:             2            112  akka.remote.RemoteSystemDaemon
 942:             2            112  akka.remote.Remoting
 943:             2            112  akka.remote.transport.AkkaProtocolHandle
 944:             2            112  akka.remote.transport.AkkaProtocolManager
 945:             2            112  akka.stream.impl.PhasedFusingActorMaterializer
 946:             7            112  java.util.concurrent.ConcurrentHashMap$EntrySetView
 947:             1            112  org.apache.flink.core.classloading.SubmoduleClassLoader
 948:             2            112  org.apache.flink.runtime.heartbeat.HeartbeatManagerImpl
 949:             2            112  org.apache.flink.runtime.rpc.akka.AkkaRpcService
 950:             2            112  org.apache.logging.log4j.core.LoggerContext
 951:             2            112  org.jboss.netty.channel.socket.nio.NioServerBoss
 952:             2            112  org.jboss.netty.util.HashedWheelTimer
 953:             1            104  [Lorg.apache.logging.log4j.core.util.datetime.FixedDateFormat$FixedFormat;
 954:             1            104  org.apache.flink.shaded.netty4.io.netty.channel.epoll.EpollServerSocketChannel
 955:             5             96  [Ljava.lang.StackTraceElement;
 956:             3             96  [Ljava.lang.ThreadGroup;
 957:             2             96  [Ljava.time.DayOfWeek;
 958:             2             96  [Ljava.util.concurrent.TimeUnit;
 959:             4             96  [Lorg.apache.logging.log4j.Marker;
 960:             2             96  [Lorg.apache.logging.log4j.spi.StandardLevel;
 961:             4             96  [Lorg.jboss.netty.channel.socket.nio.AbstractNioWorker;
 962:             4             96  [Lorg.jboss.netty.channel.socket.nio.Boss;
 963:             6             96  [Lsun.reflect.generics.tree.TypeSignature;
 964:             1             96  [[J
 965:             2             96  akka.actor.FSM$Timer
 966:             4             96  akka.actor.LocalActorRefProvider$Guardian
 967:             2             96  akka.event.DiagnosticMarkerBusLoggingAdapter
 968:             2             96  akka.event.EventStream
 969:             6             96  akka.event.MarkerLoggingAdapter$$anonfun$$lessinit$greater$2
 970:             2             96  akka.event.slf4j.Slf4jLogger
 971:             6             96  akka.japi.pf.ReceiveBuilder
 972:             2             96  akka.remote.DeadlineFailureDetector
 973:             2             96  akka.remote.serialization.ActorRefResolveCache
 974:             2             96  akka.remote.serialization.ProtobufSerializer
 975:             2             96  akka.remote.transport.AkkaProtocolTransport
 976:             4             96  akka.remote.transport.HandshakeInfo
 977:             3             96  com.sun.jmx.mbeanserver.DefaultMXBeanMappingFactory$EnumMapping
 978:             2             96  com.sun.jmx.mbeanserver.MBeanIntrospector$MBeanInfoMap
 979:             2             96  com.sun.jmx.mbeanserver.MBeanIntrospector$PerInterfaceMap
 980:             6             96  com.sun.proxy.$Proxy3
 981:             4             96  com.typesafe.config.impl.ConfigIncludeKind
 982:             4             96  com.typesafe.config.impl.OriginType
 983:             4             96  java.math.MathContext
 984:             4             96  java.time.format.DateTimeFormatterBuilder$OffsetIdPrinterParser
 985:             4             96  java.time.format.DateTimeFormatterBuilder$SettingsParser
 986:             2             96  java.time.zone.ZoneOffsetTransitionRule
 987:             3             96  java.util.ResourceBundle$LoaderReference
 988:             6             96  java.util.TreeMap$KeySet
 989:             4             96  java.util.concurrent.Executors$DefaultThreadFactory
 990:             2             96  java.util.concurrent.locks.ReentrantReadWriteLock$FairSync
 991:             4             96  java.util.regex.Pattern$5
 992:             4             96  java.util.regex.Pattern$CharProperty$1
 993:             4             96  java.util.stream.StreamShape
 994:             2             96  javax.management.openmbean.TabularType
 995:             4             96  org.apache.flink.api.common.ExecutionMode
 996:             6             96  org.apache.flink.configuration.description.ListElement
 997:             4             96  org.apache.flink.runtime.checkpoint.CheckpointOptions$AlignmentType
 998:             4             96  org.apache.flink.runtime.clusterframework.ApplicationStatus
 999:             4             96  org.apache.flink.runtime.heartbeat.HeartbeatMonitorImpl$State
1000:             2             96  org.apache.flink.runtime.io.disk.iomanager.RequestQueue
1001:             2             96  org.apache.flink.runtime.registration.RetryingRegistrationConfiguration
1002:             2             96  org.apache.flink.runtime.rpc.akka.AkkaInvocationHandler
1003:             6             96  org.apache.flink.runtime.rpc.akka.AkkaRpcService$$Lambda$563/1278701753
1004:             4             96  org.apache.flink.runtime.taskexecutor.slot.TaskSlotTableImpl$State
1005:             4             96  org.apache.flink.shaded.guava30.com.google.common.base.AbstractIterator$State
1006:             4             96  org.apache.flink.shaded.guava30.com.google.common.collect.AbstractIterator$State
1007:             4             96  org.apache.flink.shaded.guava30.com.google.common.collect.ImmutableMapEntry$NonTerminalImmutableMapEntry
1008:             4             96  org.apache.flink.shaded.netty4.io.netty.util.ResourceLeakDetector$Level
1009:             4             96  org.apache.flink.streaming.api.operators.ChainingStrategy
1010:             4             96  org.apache.flink.streaming.api.operators.TimestampedCollector
1011:             4             96  org.apache.flink.streaming.api.windowing.triggers.TriggerResult
1012:             4             96  org.apache.flink.streaming.runtime.operators.windowing.WindowOperator$WindowContext
1013:             4             96  org.apache.flink.streaming.runtime.operators.windowing.functions.InternalSingleValueWindowFunction
1014:             4             96  org.apache.flink.streaming.runtime.tasks.ProcessingTimeServiceImpl$$Lambda$717/2097855773
1015:             4             96  org.apache.flink.streaming.runtime.tasks.StreamTask$$Lambda$716/1285579898
1016:             4             96  org.apache.flink.streaming.util.typeutils.FieldAccessor$SimpleTupleFieldAccessor
1017:             2             96  org.apache.logging.log4j.core.config.AppenderControl
1018:             2             96  org.apache.logging.log4j.core.config.ConfigurationFileWatcher
1019:             3             96  org.apache.logging.log4j.core.config.ConfigurationScheduler
1020:             3             96  org.apache.logging.log4j.core.util.datetime.FixedDateFormat$FixedTimeZoneFormat
1021:             6             96  org.apache.logging.log4j.message.ReusableSimpleMessage
1022:             4             96  org.jboss.netty.channel.ChannelState
1023:             2             96  org.jboss.netty.channel.socket.nio.DefaultNioSocketChannelConfig
1024:             4             96  scala.Tuple3
1025:             4             96  scala.collection.immutable.HashSet$HashTrieSet
1026:             2             96  sun.management.GarbageCollectorImpl
1027:             4             96  sun.misc.FormattedFloatingDecimal$Form
1028:             1             96  sun.misc.Launcher$AppClassLoader
1029:             3             96  sun.net.spi.DefaultProxySelector$NonProxyInfo
1030:             2             96  sun.nio.cs.StreamEncoder
1031:             1             96  sun.security.jca.ProviderList$1
1032:             1             96  sun.security.provider.Sun
1033:             1             88  [Lcom.typesafe.config.impl.SimpleConfig$MemoryUnit;
1034:             1             88  [Lcom.typesafe.config.impl.TokenType;
1035:             1             88  [Ljava.util.concurrent.ConcurrentMap;
1036:             2             88  [Lorg.apache.flink.configuration.ConfigOption;
1037:             1             88  scala.collection.convert.Wrappers$
1038:             1             88  scala.reflect.ClassTag$
1039:             1             88  scala.reflect.ManifestFactory$
1040:             1             88  sun.misc.Launcher$ExtClassLoader
1041:             2             80  [Lakka.remote.WireFormats$CommandType;
1042:             1             80  [Ljava.time.temporal.ChronoUnit;
1043:             2             80  [Ljava.util.stream.StreamOpFlag$Type;
1044:             2             80  [Lorg.apache.flink.configuration.MemorySize$MemoryUnit;
1045:             2             80  [Lorg.apache.flink.runtime.io.network.partition.ResultPartitionType;
1046:             2             80  [Lorg.apache.flink.shaded.guava30.com.google.common.collect.ImmutableMapEntry;
1047:             2             80  [Lorg.apache.flink.shaded.netty4.io.netty.util.internal.PriorityQueueNode;
1048:             5             80  [Lorg.apache.flink.streaming.api.operators.Output;
1049:             1             80  [Lorg.jboss.netty.util.internal.ConcurrentIdentityWeakKeyHashMap$Segment;
1050:             2             80  akka.actor.LightArrayRevolverScheduler$$anon$3
1051:             2             80  akka.dispatch.Dispatchers
1052:             2             80  akka.dispatch.Mailboxes$$anon$1
1053:             2             80  akka.remote.RemoteDeployer
1054:             2             80  akka.remote.RemoteWatcher$$anon$1
1055:             2             80  akka.remote.RemoteWatcher$$anon$2
1056:             2             80  akka.routing.ConsistentHashingPool
1057:             2             80  akka.stream.impl.MaterializerGuardian
1058:             5             80  akka.util.ByteString$ByteString1C
1059:             2             80  com.sun.jmx.mbeanserver.DefaultMXBeanMappingFactory$TabularMapping
1060:             5             80  com.sun.proxy.$Proxy0
1061:             5             80  com.sun.proxy.$Proxy11
1062:             5             80  com.sun.proxy.$Proxy12
1063:             5             80  com.sun.proxy.$Proxy17
1064:             5             80  com.sun.proxy.$Proxy25
1065:             2             80  java.io.BufferedInputStream
1066:             2             80  java.io.BufferedWriter
1067:             2             80  java.io.ExpiringCache
1068:             2             80  java.time.zone.ZoneRules
1069:             5             80  java.util.LinkedHashMap$LinkedValues
1070:             2             80  java.util.Locale$Category
1071:             5             80  java.util.concurrent.locks.ReentrantReadWriteLock$ReadLock
1072:             5             80  java.util.concurrent.locks.ReentrantReadWriteLock$Sync$ThreadLocalHoldCounter
1073:             5             80  java.util.concurrent.locks.ReentrantReadWriteLock$WriteLock
1074:             2             80  org.apache.flink.runtime.io.disk.FileChannelManagerImpl
1075:             5             80  org.apache.flink.runtime.io.network.api.TaskEventHandler
1076:             5             80  org.apache.flink.runtime.io.network.api.writer.NonRecordWriter
1077:             5             80  org.apache.flink.runtime.io.network.api.writer.SingleRecordWriter
1078:             5             80  org.apache.flink.runtime.jobmaster.JMTMRegistrationSuccess
1079:             5             80  org.apache.flink.runtime.state.changelog.inmemory.InMemoryStateChangelogStorage
1080:             5             80  org.apache.flink.runtime.taskexecutor.TaskExecutor$JobManagerHeartbeatTarget
1081:             5             80  org.apache.flink.runtime.taskexecutor.rpc.RpcCheckpointResponder
1082:             5             80  org.apache.flink.runtime.taskexecutor.rpc.RpcGlobalAggregateManager
1083:             5             80  org.apache.flink.runtime.taskexecutor.rpc.RpcPartitionStateChecker
1084:             1             80  org.apache.flink.runtime.taskmanager.NettyShuffleEnvironmentConfiguration
1085:             2             80  org.apache.flink.shaded.guava30.com.google.common.util.concurrent.ThreadFactoryBuilder$1
1086:             5             80  org.apache.flink.streaming.api.operators.StreamSourceContexts$SwitchingOnClose
1087:             5             80  org.apache.flink.streaming.runtime.io.checkpointing.InputProcessorUtil$$Lambda$667/648905866
1088:             5             80  org.apache.flink.streaming.runtime.io.checkpointing.InputProcessorUtil$$Lambda$668/60802721
1089:             5             80  org.apache.flink.streaming.runtime.tasks.OneInputStreamTask$$Lambda$678/1618796835
1090:             5             80  org.apache.flink.streaming.runtime.tasks.SourceStreamTask$$Lambda$647/13433292
1091:             5             80  org.apache.flink.streaming.runtime.tasks.SourceStreamTask$$Lambda$698/402556608
1092:             5             80  org.apache.flink.streaming.runtime.tasks.StreamTask$$Lambda$714/2112994563
1093:             5             80  org.apache.flink.streaming.runtime.tasks.StreamTaskActionExecutor$SynchronizedStreamTaskActionExecutor
1094:             2             80  org.apache.logging.log4j.core.config.status.StatusConfiguration
1095:             2             80  org.apache.logging.log4j.core.jmx.StatusLoggerAdmin
1096:             5             80  org.apache.logging.log4j.core.lookup.StrMatcher$CharMatcher
1097:             2             80  org.apache.logging.log4j.core.pattern.DatePatternConverter
1098:             2             80  org.apache.logging.log4j.core.pattern.ExtendedThrowablePatternConverter
1099:             2             80  org.jboss.netty.channel.socket.nio.NioClientBossPool
1100:             2             80  scala.tools.nsc.interpreter.Scripted$Factory
1101:             2             80  sun.management.MemoryManagerImpl
1102:             2             80  sun.nio.ch.SocketAdaptor
1103:             1             80  sun.reflect.misc.MethodUtil
1104:             1             72  [Ljava.lang.invoke.LambdaFormEditor$Transform$Kind;
1105:             3             72  [Ljava.net.InetAddress;
1106:             1             72  [Ljavax.management.openmbean.SimpleType;
1107:             2             72  [Lsun.security.jca.ProviderConfig;
1108:             3             72  akka.dispatch.ThreadPoolConfig$ThreadPoolExecutorServiceFactory
1109:             3             72  akka.remote.ContainerFormats$PatternType
1110:             3             72  com.typesafe.config.ConfigSyntax
1111:             3             72  java.lang.ThreadLocal$SuppliedThreadLocal
1112:             3             72  java.lang.annotation.RetentionPolicy
1113:             3             72  java.net.Proxy$Type
1114:             3             72  java.nio.file.StandardCopyOption
1115:             3             72  java.security.SecurityPermission
1116:             3             72  java.time.format.ResolverStyle
1117:             3             72  java.time.zone.ZoneOffsetTransitionRule$TimeDefinition
1118:             1             72  java.util.ResourceBundle$RBClassLoader
1119:             3             72  java.util.concurrent.ConcurrentLinkedDeque$Node
1120:             1             72  java.util.logging.LogManager$RootLogger
1121:             3             72  java.util.regex.Pattern$Dollar
1122:             3             72  java.util.stream.Collector$Characteristics
1123:             3             72  java.util.stream.MatchOps$MatchKind
1124:             3             72  org.apache.flink.api.common.ExecutionConfig$ClosureCleanerLevel
1125:             3             72  org.apache.flink.api.common.JobStatus$TerminalState
1126:             3             72  org.apache.flink.api.common.state.StateTtlConfig$CleanupStrategies$Strategies
1127:             3             72  org.apache.flink.api.common.state.StateTtlConfig$UpdateType
1128:             3             72  org.apache.flink.api.java.typeutils.runtime.KryoRegistration$SerializerDefinitionType
1129:             3             72  org.apache.flink.configuration.ClusterOptions$UserSystemExitMode
1130:             3             72  org.apache.flink.core.memory.ManagedMemoryUseCase
1131:             1             72  org.apache.flink.runtime.blob.PermanentBlobCache
1132:             1             72  org.apache.flink.runtime.blob.TransientBlobCache
1133:             3             72  org.apache.flink.runtime.checkpoint.CheckpointType$PostCheckpointAction
1134:             1             72  org.apache.flink.runtime.io.network.NettyShuffleEnvironment
1135:             3             72  org.apache.flink.runtime.io.network.api.serialization.RecordDeserializer$DeserializationResult
1136:             1             72  org.apache.flink.runtime.io.network.netty.NettyBufferPool
1137:             3             72  org.apache.flink.runtime.io.network.netty.NettyConfig$TransportType
1138:             1             72  org.apache.flink.runtime.io.network.partition.ResultPartitionFactory
1139:             3             72  org.apache.flink.runtime.io.network.partition.consumer.ChannelStatePersister$CheckpointStatus
1140:             3             72  org.apache.flink.runtime.jobmanager.HighAvailabilityMode
1141:             1             72  org.apache.flink.runtime.metrics.dump.MetricQueryService
1142:             3             72  org.apache.flink.runtime.metrics.groups.AbstractMetricGroup$ChildType
1143:             3             72  org.apache.flink.runtime.net.ConnectionUtils$LeaderConnectingAddressListener$LeaderRetrievalState
1144:             3             72  org.apache.flink.runtime.rpc.akka.ControlMessages
1145:             3             72  org.apache.flink.runtime.taskexecutor.DefaultJobLeaderService$State
1146:             1             72  org.apache.flink.runtime.taskexecutor.TaskManagerConfiguration
1147:             1             72  org.apache.flink.runtime.taskexecutor.TaskManagerServices
1148:             3             72  org.apache.flink.runtime.taskexecutor.slot.TaskSlotState
1149:             1             72  org.apache.flink.runtime.taskexecutor.slot.TaskSlotTableImpl
1150:             3             72  org.apache.flink.runtime.util.SignalHandler$Handler
1151:             1             72  org.apache.flink.shaded.netty4.io.netty.channel.epoll.EpollServerSocketChannelConfig
1152:             3             72  org.apache.flink.streaming.api.TimeCharacteristic
1153:             3             72  org.apache.flink.streaming.api.environment.CheckpointConfig$ExternalizedCheckpointCleanup
1154:             3             72  org.apache.flink.streaming.api.transformations.StreamExchangeMode
1155:             3             72  org.apache.flink.streaming.runtime.tasks.SourceStreamTask$FinishingReason
1156:             3             72  org.apache.flink.streaming.runtime.tasks.mailbox.TaskMailbox$State
1157:             3             72  org.apache.flink.util.TernaryBoolean
1158:             3             72  org.apache.logging.log4j.core.config.plugins.util.PluginManager
1159:             3             72  org.apache.logging.log4j.core.pattern.SimpleLiteralPatternConverter$StringValue
1160:             3             72  org.apache.logging.log4j.core.util.DummyNanoClock
1161:             1             72  scala.reflect.ClassManifestFactory$
1162:             3             72  sun.misc.FloatingDecimal$ExceptionalBinaryToASCIIBuffer
1163:             3             72  sun.misc.Signal
1164:             3             72  sun.security.provider.NativePRNG$Variant
1165:             1             72  sun.util.locale.provider.JRELocaleProviderAdapter
1166:             2             64  [Lakka.remote.ContainerFormats$PatternType;
1167:             2             64  [Ljava.lang.annotation.RetentionPolicy;
1168:             2             64  [Ljava.lang.ref.WeakReference;
1169:             2             64  [Ljava.util.stream.Collector$Characteristics;
1170:             2             64  [Lorg.apache.flink.api.common.ExecutionConfig$ClosureCleanerLevel;
1171:             2             64  [Lorg.apache.flink.api.common.ExecutionMode;
1172:             1             64  [Lorg.apache.flink.api.common.JobStatus;
1173:             2             64  [Lorg.apache.flink.api.common.state.StateTtlConfig$CleanupStrategies$Strategies;
1174:             2             64  [Lorg.apache.flink.api.common.state.StateTtlConfig$UpdateType;
1175:             2             64  [Lorg.apache.flink.api.java.typeutils.runtime.KryoRegistration$SerializerDefinitionType;
1176:             2             64  [Lorg.apache.flink.core.memory.ManagedMemoryUseCase;
1177:             2             64  [Lorg.apache.flink.runtime.jobmanager.HighAvailabilityMode;
1178:             2             64  [Lorg.apache.flink.streaming.api.operators.ChainingStrategy;
1179:             2             64  [Lorg.apache.flink.streaming.api.transformations.StreamExchangeMode;
1180:             2             64  [Lorg.apache.flink.streaming.api.windowing.assigners.WindowStagger;
1181:             2             64  [Lorg.apache.flink.streaming.util.LatencyStats$Granularity;
1182:             2             64  [Lorg.apache.flink.util.TernaryBoolean;
1183:             3             64  [Lorg.apache.logging.log4j.core.config.AppenderControl;
1184:             2             64  akka.actor.BootstrapSetup
1185:             4             64  akka.actor.FSM$$anonfun$akka$actor$FSM$$handleEventDefault$1
1186:             4             64  akka.actor.FSM$$anonfun$receive$1
1187:             2             64  akka.actor.FSM$SilentState
1188:             2             64  akka.actor.FSM$State
1189:             4             64  akka.actor.LocalActorRefProvider$Guardian$$anonfun$receive$1
1190:             2             64  akka.actor.LocalActorRefProvider$SystemGuardian
1191:             4             64  akka.dispatch.UnboundedMailbox
1192:             2             64  akka.event.EventStreamUnsubscriber
1193:             4             64  akka.event.Logging$LogLevel
1194:             1             64  akka.protobufv3.internal.CodedInputStream$ArrayDecoder
1195:             2             64  akka.remote.AckedReceiveBuffer
1196:             2             64  akka.remote.AckedSendBuffer
1197:             2             64  akka.remote.AddressUidExtension
1198:             2             64  akka.remote.DefaultMessageDispatcher
1199:             2             64  akka.remote.EndpointManager$EndpointRegistry
1200:             4             64  akka.remote.HasSequenceNumber$$anon$2
1201:             2             64  akka.remote.serialization.ArteryMessageSerializer
1202:             2             64  akka.remote.serialization.DaemonMsgCreateSerializer
1203:             2             64  akka.remote.serialization.MessageContainerSerializer
1204:             2             64  akka.remote.serialization.SystemMessageSerializer
1205:             2             64  akka.remote.serialization.ThrowableSupport
1206:             2             64  akka.remote.transport.AkkaProtocolSettings
1207:             4             64  akka.remote.transport.AssociationHandle$ActorHandleEventListener
1208:             4             64  akka.remote.transport.Transport$ActorAssociationEventListener
1209:             2             64  akka.remote.transport.netty.TcpAssociationHandle
1210:             1             64  akka.routing.MurmurHash$
1211:             2             64  akka.routing.RoundRobinPool
1212:             2             64  akka.stream.SystemMaterializer
1213:             2             64  akka.stream.impl.StreamSupervisor
1214:             2             64  akka.stream.impl.streamref.StreamRefSettingsImpl
1215:             2             64  akka.util.SubclassifiedIndex
1216:             2             64  com.sun.jmx.mbeanserver.DefaultMXBeanMappingFactory$CollectionMapping
1217:             4             64  com.sun.proxy.$Proxy13
1218:             2             64  java.io.ByteArrayInputStream
1219:             2             64  java.io.PrintStream
1220:             1             64  java.io.StreamTokenizer
1221:             1             64  java.lang.ClassValue$ClassValueMap
1222:             2             64  java.lang.StringCoding$StringDecoder
1223:             2             64  java.lang.UnsupportedOperationException
1224:             2             64  java.lang.VirtualMachineError
1225:             2             64  java.lang.ref.ReferenceQueue$Null
1226:             2             64  java.lang.reflect.WeakCache$CacheKey
1227:             2             64  java.time.format.DateTimeFormatterBuilder$FractionPrinterParser
1228:             2             64  java.time.format.DateTimeFormatterBuilder$TextPrinterParser
1229:             2             64  java.time.temporal.IsoFields$Unit
1230:             2             64  java.util.PropertyPermission
1231:             2             64  java.util.concurrent.locks.ReentrantLock$FairSync
1232:             2             64  javax.script.ScriptEngineManager
1233:             4             64  javax.security.auth.login.AppConfigurationEntry$LoginModuleControlFlag
1234:             2             64  org.apache.flink.api.common.typeinfo.FractionalTypeInfo
1235:             1             64  org.apache.flink.runtime.io.network.partition.consumer.SingleInputGateFactory
1236:             1             64  org.apache.flink.runtime.metrics.groups.TaskManagerMetricGroup
1237:             2             64  org.apache.flink.runtime.rpc.akka.AkkaRpcServiceConfiguration
1238:             2             64  org.apache.flink.runtime.rpc.akka.SupervisorActor
1239:             2             64  org.apache.flink.runtime.rpc.akka.SupervisorActor$AkkaRpcActorRegistration
1240:             2             64  org.apache.flink.runtime.rpc.akka.exceptions.AkkaRpcException
1241:             4             64  org.apache.flink.runtime.state.heap.AbstractHeapMergingState$MergeTransformation
1242:             4             64  org.apache.flink.runtime.state.heap.HeapReducingState$ReduceTransformation
1243:             1             64  org.apache.flink.runtime.taskexecutor.TaskManagerRunner
1244:             4             64  org.apache.flink.shaded.guava30.com.google.common.collect.RegularImmutableList
1245:             2             64  org.apache.flink.shaded.netty4.io.netty.buffer.EmptyByteBuf
1246:             1             64  org.apache.flink.shaded.netty4.io.netty.buffer.PooledByteBufAllocator
1247:             2             64  org.apache.flink.shaded.netty4.io.netty.channel.AdaptiveRecvByteBufAllocator
1248:             1             64  org.apache.flink.shaded.netty4.io.netty.channel.ChannelOutboundBuffer
1249:             1             64  org.apache.flink.shaded.netty4.io.netty.channel.DefaultChannelPipeline$HeadContext
1250:             2             64  org.apache.flink.shaded.netty4.io.netty.channel.epoll.EpollEventLoopGroup
1251:             1             64  org.apache.flink.shaded.netty4.io.netty.util.concurrent.GlobalEventExecutor
1252:             1             64  org.apache.flink.shaded.netty4.io.netty.util.concurrent.ScheduledFutureTask
1253:             4             64  org.apache.flink.streaming.api.functions.aggregation.SumFunction$IntSum
1254:             4             64  org.apache.flink.streaming.api.functions.windowing.PassThroughWindowFunction
1255:             4             64  org.apache.flink.streaming.api.operators.InternalTimerServiceImpl$$Lambda$715/1931790851
1256:             4             64  org.apache.flink.streaming.api.windowing.triggers.ProcessingTimeTrigger
1257:             4             64  org.apache.flink.streaming.api.windowing.windows.TimeWindow$Serializer
1258:             4             64  org.apache.flink.streaming.runtime.operators.windowing.WindowOperator$1
1259:             2             64  org.apache.logging.log4j.core.appender.DefaultErrorHandler
1260:             1             64  org.apache.logging.log4j.core.appender.rolling.PatternProcessor
1261:             4             64  org.apache.logging.log4j.core.impl.ThreadContextDataInjector$ForCopyOnWriteThreadContextMap
1262:             2             64  org.apache.logging.log4j.core.layout.StringBuilderEncoder
1263:             4             64  org.apache.logging.log4j.core.lookup.StrMatcher$StringMatcher
1264:             2             64  org.apache.logging.log4j.core.pattern.DatePatternConverter$CachedTime
1265:             2             64  org.apache.logging.log4j.core.script.ScriptManager
1266:             2             64  org.apache.logging.log4j.core.util.WatchManager$ConfigurationMonitor
1267:             2             64  org.apache.logging.log4j.util.PropertiesUtil$Environment
1268:             2             64  org.apache.logging.log4j.util.SortedArrayStringMap
1269:             2             64  org.jboss.netty.bootstrap.ServerBootstrap
1270:             2             64  org.jboss.netty.bootstrap.ServerBootstrap$Binder
1271:             2             64  org.jboss.netty.channel.AdaptiveReceiveBufferSizePredictor
1272:             4             64  org.jboss.netty.channel.SucceededChannelFuture
1273:             2             64  org.jboss.netty.channel.group.DefaultChannelGroup
1274:             2             64  org.jboss.netty.channel.socket.DefaultServerSocketChannelConfig
1275:             2             64  org.jboss.netty.channel.socket.nio.NioClientSocketChannelFactory
1276:             2             64  org.jboss.netty.channel.socket.nio.NioServerBossPool
1277:             2             64  org.jboss.netty.channel.socket.nio.NioServerSocketChannelFactory
1278:             2             64  org.jboss.netty.util.HashedWheelTimer$Worker
1279:             2             64  org.jboss.netty.util.internal.ConcurrentIdentityWeakKeyHashMap$HashEntry
1280:             2             64  org.jboss.netty.util.internal.ConcurrentIdentityWeakKeyHashMap$WeakKeyReference
1281:             4             64  sun.net.www.protocol.jar.Handler
1282:             2             64  sun.nio.ch.ServerSocketAdaptor
1283:             2             64  sun.util.locale.UnicodeLocaleExtension
1284:             2             64  sun.util.locale.provider.LocaleResources
1285:             2             64  sun.util.locale.provider.LocaleServiceProviderPool
1286:             1             56  [Ljava.lang.Runnable;
1287:             1             56  [Lorg.apache.flink.runtime.execution.ExecutionState;
1288:             1             56  [Lsun.util.logging.PlatformLogger$Level;
1289:             1             56  [[I
1290:             1             56  akka.remote.WireFormats$RemoteEnvelope
1291:             1             56  java.net.SocketPermission
1292:             1             56  java.util.logging.LogManager
1293:             1             56  org.apache.flink.runtime.blob.TransientBlobCleanupTask
1294:             1             56  org.apache.flink.runtime.checkpoint.OperatorSubtaskState
1295:             1             56  org.apache.flink.runtime.filecache.FileCache
1296:             1             56  org.apache.flink.runtime.metrics.MetricRegistryImpl
1297:             1             56  org.apache.flink.runtime.metrics.ViewUpdater$ViewUpdaterTask
1298:             1             56  org.apache.flink.runtime.taskexecutor.TaskExecutorMemoryConfiguration
1299:             1             56  org.apache.flink.runtime.taskexecutor.TaskExecutorToResourceManagerConnection
1300:             1             56  org.apache.flink.runtime.taskexecutor.TaskExecutorToResourceManagerConnection$ResourceManagerRegistration
1301:             1             56  org.apache.flink.shaded.netty4.io.netty.bootstrap.ServerBootstrap
1302:             1             56  org.apache.flink.shaded.netty4.io.netty.channel.DefaultChannelHandlerContext
1303:             1             56  org.apache.flink.shaded.netty4.io.netty.channel.DefaultChannelPipeline$TailContext
1304:             1             56  org.apache.flink.shaded.netty4.io.netty.channel.epoll.AbstractEpollServerChannel$EpollServerSocketUnsafe
1305:             1             56  org.apache.logging.log4j.status.StatusLogger
1306:             1             56  org.jboss.netty.util.HashedWheelTimer$HashedWheelTimeout
1307:             1             56  sun.security.provider.SHA
1308:             2             48  [Lcom.github.yck.datasource.DataGenerateStrategy;
1309:             2             48  [Lcom.github.yck.datasource.DataGenerateStrategy;
1310:             2             48  [Lcom.github.yck.datasource.DataGenerateStrategy;
1311:             2             48  [Lcom.github.yck.datasource.DataGenerateStrategy;
1312:             2             48  [Lcom.github.yck.datasource.DataGenerateStrategy;
1313:             1             48  [Lcom.sun.management.VMOption$Origin;
1314:             3             48  [Ljava.lang.annotation.Annotation;
1315:             1             48  [Ljava.lang.invoke.MethodHandleImpl$Intrinsic;
1316:             1             48  [Ljava.math.RoundingMode;
1317:             1             48  [Ljdk.net.SocketFlow$Status;
1318:             1             48  [Lorg.apache.flink.api.common.state.StateDescriptor$Type;
1319:             2             48  [Lorg.apache.flink.api.common.state.StateTtlConfig$StateVisibility;
1320:             2             48  [Lorg.apache.flink.api.common.state.StateTtlConfig$TtlTimeCharacteristic;
1321:             2             48  [Lorg.apache.flink.configuration.description.TextElement$TextStyle;
1322:             2             48  [Lorg.apache.flink.runtime.blob.BlobKey$BlobType;
1323:             1             48  [Lorg.apache.flink.runtime.io.network.buffer.Buffer$DataType;
1324:             2             48  [Lorg.apache.flink.runtime.rpc.messages.HandshakeSuccessMessage;
1325:             2             48  [Lorg.apache.flink.runtime.taskexecutor.FileType;
1326:             2             48  [Lorg.apache.flink.runtime.taskexecutor.HostBindPolicy;
1327:             2             48  [Lorg.apache.flink.streaming.api.graph.StreamConfig$InputRequirement;
1328:             1             48  [Lorg.apache.flink.util.TimeUtils$TimeUnit;
1329:             3             48  [Lorg.apache.logging.log4j.core.config.Property;
1330:             1             48  [[Ljava.lang.Object;
1331:             2             48  akka.actor.ActorSystemImpl$TerminationCallbacks
1332:             2             48  akka.actor.IgnoreActorRef
1333:             2             48  akka.actor.LocalActorRefProvider$$anon$1
1334:             2             48  akka.actor.LocalActorRefProvider$$anon$2
1335:             3             48  akka.actor.setup.ActorSystemSetup
1336:             2             48  akka.event.LoggerMailbox
1337:             1             48  akka.event.Logging$
1338:             2             48  akka.japi.pf.CaseStatement
1339:             1             48  akka.remote.ContainerFormats$Payload
1340:             1             48  akka.remote.ContainerFormats$SelectionEnvelope
1341:             2             48  akka.remote.DefaultFailureDetectorRegistry
1342:             2             48  akka.remote.EndpointManager$Pass
1343:             1             48  akka.remote.EndpointWriter$
1344:             2             48  akka.remote.RemoteActorRefProvider$$Lambda$344/742255664
1345:             2             48  akka.remote.RemoteActorRefProvider$Internals
1346:             2             48  akka.remote.RemoteActorRefProvider$RemoteDeadLetterActorRef
1347:             2             48  akka.remote.RemoteDeploymentWatcher
1348:             2             48  akka.remote.RemoteWatcher$$$Lambda$345/749486981
1349:             2             48  akka.remote.Remoting$TransportSupervisor
1350:             1             48  akka.remote.WireFormats$AddressData
1351:             1             48  akka.remote.WireFormats$AkkaHandshakeInfo
1352:             1             48  akka.remote.WireFormats$SerializedMessage
1353:             2             48  akka.remote.serialization.ActorRefResolveThreadLocalCache
1354:             2             48  akka.remote.serialization.ActorRefResolveThreadLocalCache$$anon$1
1355:             2             48  akka.remote.transport.ProtocolStateActor$ListenerReady
1356:             2             48  akka.remote.transport.TransportAdapters
1357:             2             48  akka.serialization.BooleanSerializer
1358:             2             48  akka.serialization.ByteArraySerializer
1359:             2             48  akka.serialization.ByteStringSerializer
1360:             2             48  akka.serialization.IntSerializer
1361:             2             48  akka.serialization.JavaSerializer
1362:             2             48  akka.serialization.LongSerializer
1363:             2             48  akka.serialization.Serialization$Information
1364:             2             48  akka.serialization.Serialization$Settings
1365:             2             48  akka.serialization.StringSerializer
1366:             2             48  akka.stream.ActorAttributes$StreamSubscriptionTimeout
1367:             2             48  akka.stream.Attributes$InputBuffer
1368:             2             48  akka.stream.StreamSubscriptionTimeoutSettings
1369:             2             48  akka.stream.impl.MaterializerGuardian$$$Lambda$414/1990733619
1370:             2             48  akka.util.ManifestInfo
1371:             2             48  com.github.yck.datasource.DataGenerateStrategy
1372:             2             48  com.github.yck.datasource.DataGenerateStrategy
1373:             2             48  com.github.yck.datasource.DataGenerateStrategy
1374:             2             48  com.github.yck.datasource.DataGenerateStrategy
1375:             2             48  com.github.yck.datasource.DataGenerateStrategy
1376:             3             48  com.github.yck.simpletask.StatefulTask$1
1377:             3             48  com.github.yck.simpletask.StatefulTask$1
1378:             3             48  com.github.yck.simpletask.StatefulTask$1
1379:             3             48  com.github.yck.simpletask.StatelessTask$1
1380:             2             48  com.sun.jmx.mbeanserver.ClassLoaderRepositorySupport$LoaderEntry
1381:             1             48  com.sun.jmx.mbeanserver.DefaultMXBeanMappingFactory$Mappings
1382:             2             48  com.sun.jmx.mbeanserver.WeakIdentityHashMap
1383:             2             48  com.typesafe.config.impl.FromMapMode
1384:             2             48  com.typesafe.config.impl.ResolveStatus
1385:             2             48  java.io.BufferedOutputStream
1386:             1             48  java.io.BufferedReader
1387:             2             48  java.io.File$PathStatus
1388:             2             48  java.io.OutputStreamWriter
1389:             2             48  java.lang.ClassValue$Version
1390:             1             48  java.lang.invoke.MethodHandleImpl$WrappedMember
1391:             2             48  java.lang.invoke.MethodHandles$Lookup
1392:             2             48  java.lang.reflect.Proxy$KeyX
1393:             2             48  java.lang.reflect.ReflectPermission
1394:             2             48  java.net.InetAddress$Cache
1395:             2             48  java.net.InetAddress$Cache$Type
1396:             2             48  java.net.InterfaceAddress
1397:             1             48  java.net.NetworkInterface
1398:             1             48  java.net.SocketInputStream
1399:             1             48  java.net.SocketOutputStream
1400:             2             48  java.net.StandardProtocolFamily
1401:             3             48  java.nio.channels.spi.AbstractInterruptibleChannel$1
1402:             2             48  java.nio.charset.CoderResult
1403:             3             48  java.nio.charset.CodingErrorAction
1404:             2             48  java.security.AllPermissionCollection
1405:             2             48  java.time.format.DateTimeFormatterBuilder$1
1406:             2             48  java.time.format.DateTimeFormatterBuilder$ZoneIdPrinterParser
1407:             2             48  java.time.format.DateTimeTextProvider$LocaleStore
1408:             2             48  java.time.zone.ZoneOffsetTransition
1409:             2             48  java.util.Currency
1410:             3             48  java.util.Hashtable$EntrySet
1411:             2             48  java.util.TaskQueue
1412:             2             48  java.util.Timer
1413:             1             48  java.util.concurrent.CompletableFuture$Signaller
1414:             2             48  java.util.concurrent.Executors$DelegatedScheduledExecutorService
1415:             2             48  java.util.jar.Manifest
1416:             2             48  java.util.logging.Logger$LoggerBundle
1417:             2             48  java.util.regex.Pattern$6
1418:             3             48  java.util.regex.Pattern$Begin
1419:             2             48  java.util.regex.Pattern$SliceI
1420:             2             48  org.apache.flink.api.common.state.StateTtlConfig$StateVisibility
1421:             2             48  org.apache.flink.configuration.ClusterOptions$UncaughtExceptionHandleMode
1422:             2             48  org.apache.flink.configuration.JobManagerOptions$SchedulerType
1423:             1             48  org.apache.flink.configuration.TaskManagerOptions$1
1424:             2             48  org.apache.flink.core.memory.ManagedMemoryUseCase$Scope
1425:             2             48  org.apache.flink.runtime.blob.BlobKey$BlobType
1426:             2             48  org.apache.flink.runtime.concurrent.akka.ActorSystemScheduledExecutorAdapter
1427:             2             48  org.apache.flink.runtime.concurrent.akka.ClassLoadingUtils$ContextClassLoaderSettingExecutor
1428:             2             48  org.apache.flink.runtime.execution.librarycache.FlinkUserCodeClassLoaders$ResolveOrder
1429:             1             48  org.apache.flink.runtime.io.disk.BatchShuffleReadBufferPool
1430:             1             48  org.apache.flink.runtime.io.network.buffer.NetworkBufferPool
1431:             3             48  org.apache.flink.runtime.metrics.util.MetricUtils$$Lambda$458/1443173326
1432:             3             48  org.apache.flink.runtime.metrics.util.MetricUtils$$Lambda$459/318794136
1433:             3             48  org.apache.flink.runtime.metrics.util.MetricUtils$$Lambda$460/939254952
1434:             1             48  org.apache.flink.runtime.resourcemanager.TaskExecutorRegistration
1435:             2             48  org.apache.flink.runtime.rpc.AddressResolution
1436:             2             48  org.apache.flink.runtime.rpc.RpcEndpoint$MainThreadExecutor
1437:             3             48  org.apache.flink.runtime.rpc.akka.AkkaRpcActor$RpcEndpointTerminationResult
1438:             2             48  org.apache.flink.runtime.rpc.akka.AkkaRpcService$Supervisor
1439:             2             48  org.apache.flink.runtime.rpc.akka.AkkaRpcServiceUtils$AkkaProtocol
1440:             2             48  org.apache.flink.runtime.rpc.akka.DeadLettersActor
1441:             1             48  org.apache.flink.runtime.security.SecurityConfiguration
1442:             2             48  org.apache.flink.runtime.state.SnapshotExecutionType
1443:             1             48  org.apache.flink.runtime.taskexecutor.DefaultJobLeaderService
1444:             2             48  org.apache.flink.runtime.taskexecutor.FileType
1445:             2             48  org.apache.flink.runtime.taskexecutor.HostBindPolicy
1446:             1             48  org.apache.flink.runtime.util.EnvironmentInformation$Versions
1447:             1             48  org.apache.flink.shaded.guava30.com.google.common.collect.ImmutableListMultimap
1448:             1             48  org.apache.flink.shaded.netty4.io.netty.bootstrap.AbstractBootstrap$PendingRegistrationPromise
1449:             1             48  org.apache.flink.shaded.netty4.io.netty.bootstrap.Bootstrap
1450:             2             48  org.apache.flink.shaded.netty4.io.netty.buffer.PooledByteBufAllocator$PoolThreadLocalCache
1451:             2             48  org.apache.flink.shaded.netty4.io.netty.channel.ChannelMetadata
1452:             1             48  org.apache.flink.shaded.netty4.io.netty.channel.DefaultChannelPipeline
1453:             2             48  org.apache.flink.shaded.netty4.io.netty.channel.VoidChannelPromise
1454:             2             48  org.apache.flink.shaded.netty4.io.netty.util.concurrent.DefaultEventExecutorChooserFactory$GenericEventExecutorChooser
1455:             3             48  org.apache.flink.shaded.netty4.io.netty.util.concurrent.PromiseTask$SentinelRunnable
1456:             2             48  org.apache.flink.streaming.api.CheckpointingMode
1457:             2             48  org.apache.flink.streaming.api.graph.StreamConfig$InputRequirement
1458:             2             48  org.apache.logging.log4j.core.LoggerContext$1
1459:             1             48  org.apache.logging.log4j.core.appender.rolling.RollingFileManager$EmptyQueue
1460:             2             48  org.apache.logging.log4j.core.config.AppenderRef
1461:             3             48  org.apache.logging.log4j.core.config.DefaultAdvertiser
1462:             2             48  org.apache.logging.log4j.core.config.Loggers
1463:             2             48  org.apache.logging.log4j.core.config.status.StatusConfiguration$Verbosity
1464:             1             48  org.apache.logging.log4j.core.impl.Log4jProvider
1465:             2             48  org.apache.logging.log4j.core.jmx.AppenderAdmin
1466:             2             48  org.apache.logging.log4j.core.jmx.ContextSelectorAdmin
1467:             2             48  org.apache.logging.log4j.core.pattern.PatternParser
1468:             2             48  org.apache.logging.log4j.core.util.DefaultShutdownCallbackRegistry$RegisteredCancellable
1469:             2             48  org.apache.logging.log4j.core.util.Source
1470:             2             48  org.apache.logging.log4j.core.util.WatchManager$WatchRunnable
1471:             3             48  org.apache.logging.log4j.core.util.datetime.FastDateParser$CopyQuotedStrategy
1472:             3             48  org.apache.logging.log4j.core.util.datetime.FastDatePrinter$CharacterLiteral
1473:             1             48  org.apache.logging.log4j.simple.SimpleLogger
1474:             2             48  org.apache.logging.log4j.spi.LoggerRegistry
1475:             2             48  org.jboss.netty.channel.socket.nio.AbstractNioChannel$WriteRequestQueue
1476:             2             48  org.jboss.netty.handler.codec.frame.LengthFieldPrepender
1477:             1             48  org.jboss.netty.util.internal.ConcurrentIdentityWeakKeyHashMap
1478:             2             48  org.jboss.netty.util.internal.ThreadLocalBoolean
1479:             1             48  scala.Array$
1480:             1             48  scala.Predef$
1481:             2             48  scala.collection.immutable.TreeSet
1482:             2             48  scala.concurrent.Future$$Lambda$237/864221358
1483:             2             48  scala.concurrent.impl.Promise$$Lambda$238/1860886124
1484:             2             48  scala.util.DynamicVariable$$anon$1
1485:             1             48  scala.util.Properties$
1486:             1             48  scala.util.Properties$
1487:             2             48  sun.management.ManagementFactoryHelper$1
1488:             2             48  sun.misc.NativeSignalHandler
1489:             1             48  sun.nio.cs.StreamDecoder
1490:             2             48  sun.security.jca.ProviderList
1491:             2             48  sun.security.jca.ProviderList$3
1492:             2             48  sun.util.locale.LocaleExtensions
1493:             2             40  [Lcom.sun.jmx.mbeanserver.ClassLoaderRepositorySupport$LoaderEntry;
1494:             1             40  [Lcom.typesafe.config.ConfigValueType;
1495:             1             40  [Ljava.lang.management.MemoryPoolMXBean;
1496:             1             40  [Ljava.nio.charset.Charset;
1497:             1             40  [Ljava.time.format.SignStyle;
1498:             1             40  [Ljava.time.format.TextStyle;
1499:             2             40  [Ljava.time.zone.ZoneOffsetTransitionRule;
1500:             1             40  [Ljava.util.stream.StreamOpFlag;
1501:             1             40  [Lorg.apache.flink.runtime.net.ConnectionUtils$AddressDetectionState;
1502:             1             40  [Lorg.apache.flink.streaming.runtime.io.DataInputStatus;
1503:             1             40  [Lorg.apache.flink.util.OperatingSystem;
1504:             1             40  [Lorg.apache.logging.log4j.core.LifeCycle$State;
1505:             1             40  [Lorg.apache.logging.log4j.core.appender.rolling.FileExtension;
1506:             1             40  [Lorg.apache.logging.log4j.core.pattern.PatternParser$ParserState;
1507:             1             40  [Lorg.apache.logging.log4j.core.util.datetime.FastDatePrinter$Rule;
1508:             1             40  [Lsun.util.locale.provider.LocaleProviderAdapter$Type;
1509:             1             40  [[Ljava.lang.invoke.LambdaForm$Name;
1510:             1             40  akka.actor.ActorKilledException
1511:             1             40  akka.actor.LightArrayRevolverScheduler$
1512:             1             40  akka.remote.ContainerFormats$ActorIdentity
1513:             1             40  akka.remote.ContainerFormats$ActorRef
1514:             1             40  akka.remote.ContainerFormats$Identify
1515:             1             40  akka.remote.ContainerFormats$Selection
1516:             1             40  akka.remote.WireFormats$AckAndEnvelopeContainer
1517:             1             40  akka.remote.WireFormats$ActorRefData
1518:             1             40  akka.remote.WireFormats$AkkaControlMessage
1519:             1             40  akka.remote.WireFormats$AkkaProtocolMessage
1520:             1             40  akka.stream.Supervision$
1521:             1             40  akka.util.ManifestInfo$
1522:             1             40  com.sun.jmx.interceptor.DefaultMBeanServerInterceptor
1523:             1             40  com.sun.jmx.mbeanserver.JmxMBeanServer
1524:             1             40  com.sun.jmx.mbeanserver.MBeanServerDelegateImpl
1525:             1             40  java.time.format.DateTimeFormatterBuilder
1526:             1             40  java.util.ResourceBundle$1
1527:             1             40  java.util.concurrent.CompletableFuture$UniAccept
1528:             1             40  org.apache.flink.runtime.blob.BlobCacheSizeTracker
1529:             1             40  org.apache.flink.runtime.blob.PermanentBlobCache$PermanentBlobCleanupTask
1530:             1             40  org.apache.flink.runtime.checkpoint.PrioritizedOperatorSubtaskState
1531:             1             40  org.apache.flink.runtime.highavailability.nonha.standalone.StandaloneHaServices
1532:             1             40  org.apache.flink.runtime.instance.HardwareDescription
1533:             1             40  org.apache.flink.runtime.metrics.scope.ScopeFormats
1534:             1             40  org.apache.flink.runtime.state.TaskExecutorLocalStateStoresManager
1535:             1             40  org.apache.flink.shaded.netty4.io.netty.bootstrap.ServerBootstrap$ServerBootstrapAcceptor
1536:             1             40  org.apache.flink.shaded.netty4.io.netty.channel.AbstractChannel$CloseFuture
1537:             1             40  org.apache.logging.log4j.core.appender.rolling.DefaultRolloverStrategy
1538:             1             40  org.apache.logging.log4j.core.util.datetime.FastDateParser
1539:             1             40  scala.concurrent.duration.Duration$
1540:             1             40  sun.management.DiagnosticCommandImpl
1541:             1             40  sun.nio.cs.StandardCharsets$Aliases
1542:             1             40  sun.nio.cs.StandardCharsets$Cache
1543:             1             40  sun.nio.cs.StandardCharsets$Classes
1544:             1             40  sun.reflect.UnsafeQualifiedStaticObjectFieldAccessorImpl
1545:             1             40  sun.security.provider.ConfigFile$Spi
1546:             1             32  [Lcom.typesafe.config.ConfigSyntax;
1547:             1             32  [Lcom.typesafe.config.impl.ConfigIncludeKind;
1548:             1             32  [Lcom.typesafe.config.impl.OriginType;
1549:             2             32  [Ljava.lang.Enum;
1550:             1             32  [Ljava.lang.OutOfMemoryError;
1551:             1             32  [Ljava.lang.management.MemoryManagerMXBean;
1552:             1             32  [Ljava.net.Proxy$Type;
1553:             1             32  [Ljava.nio.file.StandardCopyOption;
1554:             2             32  [Ljava.security.cert.Certificate;
1555:             1             32  [Ljava.time.format.DateTimeFormatterBuilder$SettingsParser;
1556:             1             32  [Ljava.time.format.ResolverStyle;
1557:             1             32  [Ljava.time.temporal.IsoFields$Field;
1558:             1             32  [Ljava.time.temporal.TemporalUnit;
1559:             1             32  [Ljava.time.zone.ZoneOffsetTransitionRule$TimeDefinition;
1560:             1             32  [Ljava.util.stream.MatchOps$MatchKind;
1561:             1             32  [Ljava.util.stream.StreamShape;
1562:             1             32  [Lorg.apache.flink.api.common.JobStatus$TerminalState;
1563:             1             32  [Lorg.apache.flink.configuration.ClusterOptions$UserSystemExitMode;
1564:             1             32  [Lorg.apache.flink.runtime.checkpoint.CheckpointOptions$AlignmentType;
1565:             1             32  [Lorg.apache.flink.runtime.checkpoint.CheckpointType$PostCheckpointAction;
1566:             1             32  [Lorg.apache.flink.runtime.checkpoint.CheckpointType;
1567:             1             32  [Lorg.apache.flink.runtime.clusterframework.ApplicationStatus;
1568:             1             32  [Lorg.apache.flink.runtime.heartbeat.HeartbeatMonitorImpl$State;
1569:             1             32  [Lorg.apache.flink.runtime.io.network.api.serialization.RecordDeserializer$DeserializationResult;
1570:             1             32  [Lorg.apache.flink.runtime.io.network.netty.NettyConfig$TransportType;
1571:             1             32  [Lorg.apache.flink.runtime.io.network.partition.BoundedBlockingSubpartitionType;
1572:             1             32  [Lorg.apache.flink.runtime.io.network.partition.consumer.ChannelStatePersister$CheckpointStatus;
1573:             1             32  [Lorg.apache.flink.runtime.metrics.groups.AbstractMetricGroup$ChildType;
1574:             1             32  [Lorg.apache.flink.runtime.net.ConnectionUtils$LeaderConnectingAddressListener$LeaderRetrievalState;
1575:             1             32  [Lorg.apache.flink.runtime.rpc.akka.ControlMessages;
1576:             1             32  [Lorg.apache.flink.runtime.taskexecutor.DefaultJobLeaderService$State;
1577:             1             32  [Lorg.apache.flink.runtime.taskexecutor.slot.TaskSlotState;
1578:             1             32  [Lorg.apache.flink.runtime.taskexecutor.slot.TaskSlotTableImpl$State;
1579:             1             32  [Lorg.apache.flink.shaded.guava30.com.google.common.base.AbstractIterator$State;
1580:             1             32  [Lorg.apache.flink.shaded.guava30.com.google.common.collect.AbstractIterator$State;
1581:             1             32  [Lorg.apache.flink.shaded.netty4.io.netty.util.ResourceLeakDetector$Level;
1582:             1             32  [Lorg.apache.flink.streaming.api.TimeCharacteristic;
1583:             1             32  [Lorg.apache.flink.streaming.api.environment.CheckpointConfig$ExternalizedCheckpointCleanup;
1584:             1             32  [Lorg.apache.flink.streaming.api.windowing.triggers.TriggerResult;
1585:             1             32  [Lorg.apache.flink.streaming.runtime.tasks.SourceStreamTask$FinishingReason;
1586:             1             32  [Lorg.apache.flink.streaming.runtime.tasks.mailbox.TaskMailbox$State;
1587:             1             32  [Lorg.apache.logging.log4j.core.config.LoggerConfig$LoggerConfigPredicate;
1588:             1             32  [Lorg.apache.logging.log4j.core.util.datetime.FixedDateFormat$FixedTimeZoneFormat;
1589:             1             32  [Lorg.jboss.netty.channel.ChannelState;
1590:             1             32  [Lsun.misc.FormattedFloatingDecimal$Form;
1591:             1             32  [Lsun.security.provider.NativePRNG$Variant;
1592:             1             32  akka.actor.ActorCell$
1593:             2             32  akka.actor.ActorSystemImpl$$Lambda$236/2143739483
1594:             2             32  akka.actor.ActorSystemImpl$$anon$2
1595:             2             32  akka.actor.ActorSystemImpl$TerminationCallbacks$$Lambda$235/1302725372
1596:             2             32  akka.actor.ActorSystemImpl$TerminationCallbacks$$anonfun$addRec$1$1
1597:             2             32  akka.actor.LocalActorRefProvider$$anonfun$rootGuardianStrategy$1
1598:             2             32  akka.actor.LocalActorRefProvider$SystemGuardian$$anonfun$receive$2
1599:             1             32  akka.actor.Props$
1600:             2             32  akka.actor.ReflectiveDynamicAccess
1601:             1             32  akka.actor.SupervisorStrategy$
1602:             1             32  akka.actor.VirtualPathContainer
1603:             1             32  akka.dispatch.CachingConfig$
1604:             2             32  akka.dispatch.Mailboxes$$anon$1$$anon$2
1605:             1             32  akka.dispatch.ThreadPoolConfig$
1606:             2             32  akka.event.AddressTerminatedTopic
1607:             2             32  akka.event.BusLogging$$anonfun$$lessinit$greater$3
1608:             2             32  akka.event.EventStream$$anon$1
1609:             2             32  akka.event.EventStreamUnsubscriber$$anonfun$receive$1
1610:             1             32  akka.event.LogSource$
1611:             2             32  akka.event.LoggerMailboxType
1612:             2             32  akka.event.Logging$LogExt
1613:             2             32  akka.event.slf4j.Slf4jLogger$$anonfun$receive$1
1614:             2             32  akka.event.slf4j.Slf4jLoggingFilter
1615:             2             32  akka.japi.pf.PFBuilder
1616:             2             32  akka.japi.pf.PFBuilder$4
1617:             1             32  akka.protobufv3.internal.ExtensionRegistry
1618:             2             32  akka.remote.EndpointManager$$anonfun$1
1619:             2             32  akka.remote.EndpointManager$$anonfun$2
1620:             2             32  akka.remote.EndpointReader$$anonfun$receive$2
1621:             2             32  akka.remote.EndpointWriter$$anonfun$2
1622:             2             32  akka.remote.EndpointWriter$$anonfun$3
1623:             2             32  akka.remote.EndpointWriter$$anonfun$4
1624:             2             32  akka.remote.RARP
1625:             2             32  akka.remote.ReliableDeliverySupervisor$$anonfun$1
1626:             2             32  akka.remote.ReliableDeliverySupervisor$$anonfun$receive$1
1627:             2             32  akka.remote.RemoteActorRefProvider$RemotingTerminator$$anonfun$1
1628:             2             32  akka.remote.RemoteActorRefProvider$RemotingTerminator$$anonfun$2
1629:             2             32  akka.remote.RemoteActorRefProvider$RemotingTerminator$$anonfun$3
1630:             2             32  akka.remote.RemoteActorRefProvider$RemotingTerminator$$anonfun$4
1631:             2             32  akka.remote.RemoteDeploymentWatcher$$anonfun$receive$1
1632:             2             32  akka.remote.RemoteMetricsOff
1633:             2             32  akka.remote.RemoteWatcher$$anonfun$receive$1
1634:             2             32  akka.remote.RemoteWatcher$HeartbeatRsp
1635:             2             32  akka.remote.Remoting$TransportSupervisor$$anonfun$receive$1
1636:             1             32  akka.remote.artery.ArteryTransport$
1637:             2             32  akka.remote.serialization.MiscMessageSerializer$$Lambda$355/696165690
1638:             2             32  akka.remote.serialization.MiscMessageSerializer$$Lambda$356/2054451662
1639:             2             32  akka.remote.serialization.MiscMessageSerializer$$Lambda$357/1659309731
1640:             2             32  akka.remote.serialization.MiscMessageSerializer$$Lambda$358/1734184086
1641:             2             32  akka.remote.serialization.MiscMessageSerializer$$Lambda$360/1170111701
1642:             2             32  akka.remote.serialization.MiscMessageSerializer$$Lambda$361/1985028494
1643:             2             32  akka.remote.serialization.MiscMessageSerializer$$Lambda$362/830863979
1644:             2             32  akka.remote.serialization.MiscMessageSerializer$$Lambda$363/1832283291
1645:             2             32  akka.remote.serialization.MiscMessageSerializer$$Lambda$364/1532554556
1646:             2             32  akka.remote.serialization.MiscMessageSerializer$$Lambda$365/620423816
1647:             2             32  akka.remote.serialization.MiscMessageSerializer$$Lambda$366/976358110
1648:             2             32  akka.remote.serialization.MiscMessageSerializer$$Lambda$372/1496220730
1649:             2             32  akka.remote.serialization.MiscMessageSerializer$$Lambda$373/1135935001
1650:             2             32  akka.remote.serialization.MiscMessageSerializer$$Lambda$374/355885103
1651:             2             32  akka.remote.serialization.MiscMessageSerializer$$Lambda$375/1321115948
1652:             2             32  akka.remote.serialization.MiscMessageSerializer$$Lambda$376/1649847375
1653:             2             32  akka.remote.serialization.MiscMessageSerializer$$Lambda$378/1950136544
1654:             2             32  akka.remote.serialization.MiscMessageSerializer$$Lambda$379/209360730
1655:             2             32  akka.remote.serialization.MiscMessageSerializer$$Lambda$380/1971152916
1656:             2             32  akka.remote.serialization.MiscMessageSerializer$$Lambda$381/1324173038
1657:             2             32  akka.remote.serialization.MiscMessageSerializer$$Lambda$382/1663488386
1658:             2             32  akka.remote.serialization.MiscMessageSerializer$$Lambda$383/577127077
1659:             2             32  akka.remote.serialization.MiscMessageSerializer$$Lambda$384/1924990666
1660:             2             32  akka.remote.serialization.MiscMessageSerializer$$Lambda$385/1572745406
1661:             2             32  akka.remote.serialization.MiscMessageSerializer$$Lambda$386/295640874
1662:             2             32  akka.remote.serialization.MiscMessageSerializer$$Lambda$387/375097969
1663:             2             32  akka.remote.serialization.MiscMessageSerializer$$Lambda$388/1060042118
1664:             1             32  akka.remote.transport.AkkaPduProtobufCodec$
1665:             2             32  akka.remote.transport.AkkaProtocolManager$$anonfun$1
1666:             2             32  akka.remote.transport.AkkaProtocolManager$$anonfun$ready$1
1667:             2             32  akka.remote.transport.FailureInjectorProvider
1668:             2             32  akka.remote.transport.ProtocolStateActor$$anonfun$2
1669:             2             32  akka.remote.transport.ProtocolStateActor$$anonfun$3
1670:             2             32  akka.remote.transport.ProtocolStateActor$$anonfun$4
1671:             2             32  akka.remote.transport.ProtocolStateActor$$anonfun$5
1672:             2             32  akka.remote.transport.ThrottlerProvider
1673:             2             32  akka.remote.transport.netty.NettyTransport$$anon$3
1674:             1             32  akka.remote.transport.netty.TcpClientHandler
1675:             2             32  akka.stream.ActorAttributes$DebugLogging
1676:             2             32  akka.stream.ActorAttributes$Dispatcher
1677:             2             32  akka.stream.ActorAttributes$FuzzingMode
1678:             2             32  akka.stream.ActorAttributes$MaxFixedBufferSize
1679:             2             32  akka.stream.ActorAttributes$OutputBurstLimit
1680:             2             32  akka.stream.ActorAttributes$SupervisionStrategy
1681:             2             32  akka.stream.ActorAttributes$SyncProcessingLimit
1682:             2             32  akka.stream.Attributes
1683:             2             32  akka.stream.Attributes$NestedMaterializationCancellationPolicy
1684:             2             32  akka.stream.IOSettings
1685:             2             32  akka.stream.impl.FlowNames
1686:             2             32  akka.stream.impl.MaterializerGuardian$$anonfun$receive$1
1687:             2             32  akka.stream.impl.StreamSupervisor$$$Lambda$416/1058432446
1688:             2             32  akka.stream.impl.StreamSupervisor$$anonfun$receive$1
1689:             1             32  akka.util.ByteString$
1690:             2             32  akka.util.ReentrantGuard
1691:             2             32  akka.util.Switch
1692:             1             32  com.github.yck.datasource.WebLogDataGenerator
1693:             1             32  com.github.yck.datasource.WebLogDataGenerator
1694:             1             32  com.github.yck.datasource.WebLogDataGenerator
1695:             1             32  com.github.yck.datasource.WebLogDataGenerator
1696:             1             32  com.github.yck.datasource.WebLogDataGenerator
1697:             2             32  com.github.yck.simpletask.StatelessTask$1
1698:             1             32  com.sun.jmx.mbeanserver.Repository
1699:             1             32  java.io.UnixFileSystem
1700:             1             32  java.lang.ArithmeticException
1701:             1             32  java.lang.ArrayIndexOutOfBoundsException
1702:             1             32  java.lang.ClassCastException
1703:             2             32  java.lang.ClassValue$Identity
1704:             1             32  java.lang.NullPointerException
1705:             2             32  java.lang.Shutdown$Lock
1706:             1             32  java.lang.StackTraceElement
1707:             1             32  java.lang.Throwable
1708:             1             32  java.lang.reflect.WeakCache
1709:             1             32  java.net.Socket
1710:             2             32  java.nio.ByteOrder
1711:             1             32  java.nio.file.attribute.FileTime
1712:             2             32  java.nio.file.attribute.PosixFilePermissions$1
1713:             1             32  java.security.MessageDigest$Delegate
1714:             2             32  java.time.format.DateTimeFormatterBuilder$StringLiteralPrinterParser
1715:             2             32  java.util.IdentityHashMap$KeySet
1716:             2             32  java.util.Timer$1
1717:             2             32  java.util.concurrent.CompletableFuture$AltResult
1718:             1             32  java.util.concurrent.Semaphore$NonfairSync
1719:             1             32  java.util.concurrent.ThreadLocalRandom
1720:             1             32  java.util.concurrent.atomic.AtomicLongFieldUpdater$CASUpdater
1721:             2             32  java.util.jar.Attributes
1722:             1             32  java.util.logging.LogManager$SystemLoggerContext
1723:             1             32  java.util.regex.Pattern$BnM
1724:             2             32  java.util.regex.Pattern$Dot
1725:             2             32  javax.script.SimpleBindings
1726:             2             32  jdk.nashorn.api.scripting.NashornScriptEngineFactory
1727:             2             32  org.apache.flink.runtime.blob.VoidBlobStore
1728:             1             32  org.apache.flink.runtime.checkpoint.CheckpointOptions
1729:             1             32  org.apache.flink.runtime.execution.librarycache.BlobLibraryCacheManager
1730:             1             32  org.apache.flink.runtime.execution.librarycache.BlobLibraryCacheManager$DefaultClassLoaderFactory
1731:             2             32  org.apache.flink.runtime.heartbeat.HeartbeatMonitorImpl$Factory
1732:             1             32  org.apache.flink.runtime.instance.InstanceID
1733:             1             32  org.apache.flink.runtime.io.disk.iomanager.IOManagerAsync
1734:             1             32  org.apache.flink.runtime.io.network.netty.NettyClient
1735:             1             32  org.apache.flink.runtime.io.network.netty.NettyConfig
1736:             1             32  org.apache.flink.runtime.io.network.netty.NettyConnectionManager
1737:             1             32  org.apache.flink.runtime.io.network.netty.NettyServer
1738:             1             32  org.apache.flink.runtime.io.network.netty.NettyServer$ServerChannelInitializer
1739:             1             32  org.apache.flink.runtime.io.network.partition.TaskExecutorPartitionTrackerImpl
1740:             1             32  org.apache.flink.runtime.metrics.dump.MetricDumpSerialization$MetricDumpSerializer
1741:             1             32  org.apache.flink.runtime.metrics.scope.JobManagerJobScopeFormat
1742:             1             32  org.apache.flink.runtime.metrics.scope.JobManagerScopeFormat
1743:             1             32  org.apache.flink.runtime.metrics.scope.OperatorScopeFormat
1744:             1             32  org.apache.flink.runtime.metrics.scope.TaskManagerJobScopeFormat
1745:             1             32  org.apache.flink.runtime.metrics.scope.TaskManagerScopeFormat
1746:             1             32  org.apache.flink.runtime.metrics.scope.TaskScopeFormat
1747:             2             32  org.apache.flink.runtime.metrics.util.MetricUtils$$Lambda$455/829737737
1748:             2             32  org.apache.flink.runtime.metrics.util.MetricUtils$$Lambda$456/1296109622
1749:             1             32  org.apache.flink.runtime.resourcemanager.ResourceManagerId
1750:             2             32  org.apache.flink.runtime.rpc.MainThreadValidatorUtil
1751:             2             32  org.apache.flink.runtime.rpc.RpcEndpoint$$Lambda$439/614580607
1752:             2             32  org.apache.flink.runtime.rpc.akka.AkkaRpcActor$$Lambda$436/1072785421
1753:             2             32  org.apache.flink.runtime.rpc.akka.AkkaRpcActor$$Lambda$437/1607035972
1754:             2             32  org.apache.flink.runtime.rpc.akka.AkkaRpcActor$$Lambda$438/1712226107
1755:             2             32  org.apache.flink.runtime.rpc.akka.DeadLettersActor$$Lambda$431/1960365035
1756:             2             32  org.apache.flink.runtime.rpc.akka.SupervisorActor$$Lambda$429/2002899046
1757:             2             32  org.apache.flink.runtime.rpc.akka.SupervisorActor$$Lambda$430/1359376425
1758:             1             32  org.apache.flink.runtime.security.modules.JaasModule
1759:             1             32  org.apache.flink.runtime.security.modules.ZooKeeperModule
1760:             1             32  org.apache.flink.runtime.state.TaskExecutorStateChangelogStoragesManager
1761:             1             32  org.apache.flink.runtime.taskexecutor.KvStateService
1762:             1             32  org.apache.flink.runtime.taskexecutor.slot.DefaultTimerService
1763:             1             32  org.apache.flink.shaded.guava30.com.google.common.collect.Iterators$ArrayItr
1764:             1             32  org.apache.flink.shaded.guava30.com.google.common.util.concurrent.ThreadFactoryBuilder
1765:             2             32  org.apache.flink.shaded.netty4.io.netty.buffer.PooledByteBufAllocator$1
1766:             2             32  org.apache.flink.shaded.netty4.io.netty.buffer.PooledByteBufAllocatorMetric
1767:             1             32  org.apache.flink.shaded.netty4.io.netty.channel.DefaultChannelId
1768:             2             32  org.apache.flink.shaded.netty4.io.netty.channel.ReflectiveChannelFactory
1769:             1             32  org.apache.flink.shaded.netty4.io.netty.util.ResourceLeakDetector
1770:             1             32  org.apache.flink.shaded.netty4.io.netty.util.concurrent.DefaultPromise$StacklessCancellationException
1771:             1             32  org.apache.flink.shaded.netty4.io.netty.util.concurrent.DefaultThreadFactory
1772:             2             32  org.apache.flink.shaded.netty4.io.netty.util.concurrent.MultithreadEventExecutorGroup$1
1773:             2             32  org.apache.flink.shaded.netty4.io.netty.util.concurrent.ThreadPerTaskExecutor
1774:             2             32  org.apache.flink.shaded.netty4.io.netty.util.internal.logging.Slf4JLoggerFactory
1775:             2             32  org.apache.flink.streaming.runtime.watermarkstatus.WatermarkStatus
1776:             1             32  org.apache.logging.log4j.core.appender.rolling.SizeBasedTriggeringPolicy
1777:             1             32  org.apache.logging.log4j.core.impl.ThrowableFormatOptions
1778:             2             32  org.apache.logging.log4j.core.layout.PatternLayout$PatternFormatterPatternSerializer
1779:             2             32  org.apache.logging.log4j.core.lookup.ContextMapLookup
1780:             2             32  org.apache.logging.log4j.core.lookup.EventLookup
1781:             2             32  org.apache.logging.log4j.core.lookup.MainMapLookup
1782:             2             32  org.apache.logging.log4j.core.lookup.ResourceBundleLookup
1783:             2             32  org.apache.logging.log4j.core.lookup.StrMatcher$CharSetMatcher
1784:             2             32  org.apache.logging.log4j.core.lookup.StructuredDataLookup
1785:             1             32  org.apache.logging.log4j.core.util.DefaultShutdownCallbackRegistry
1786:             2             32  org.apache.logging.log4j.core.util.SystemClock
1787:             1             32  org.apache.logging.log4j.core.util.datetime.FastDatePrinter
1788:             2             32  org.apache.logging.log4j.spi.LoggerRegistry$ConcurrentMapFactory
1789:             1             32  org.apache.logging.log4j.status.StatusLogger$BoundedQueue
1790:             2             32  org.apache.logging.log4j.util.EnvironmentPropertySource
1791:             2             32  org.apache.logging.log4j.util.PropertiesUtil
1792:             2             32  org.apache.logging.log4j.util.PropertyFilePropertySource
1793:             2             32  org.apache.logging.log4j.util.PropertySource$Comparator
1794:             2             32  org.apache.logging.log4j.util.SystemPropertiesPropertySource
1795:             1             32  org.jboss.netty.buffer.EmptyChannelBuffer
1796:             2             32  org.jboss.netty.buffer.HeapChannelBufferFactory
1797:             2             32  org.jboss.netty.channel.group.DefaultChannelGroup$1
1798:             2             32  org.jboss.netty.channel.socket.nio.AbstractNioChannel$WriteTask
1799:             2             32  org.jboss.netty.channel.socket.nio.NioClientBoss$1
1800:             2             32  org.jboss.netty.channel.socket.nio.NioClientSocketPipelineSink
1801:             2             32  org.jboss.netty.channel.socket.nio.NioServerSocketPipelineSink
1802:             1             32  scala.collection.immutable.Map$WithDefault
1803:             2             32  scala.concurrent.Promise$$Lambda$239/1250499735
1804:             2             32  scala.concurrent.duration.Deadline
1805:             1             32  scala.math.BigDecimal$
1806:             1             32  scala.math.BigInt$
1807:             1             32  scala.reflect.ManifestFactory$AnyManifest
1808:             1             32  scala.reflect.ManifestFactory$AnyValPhantomManifest
1809:             1             32  scala.reflect.ManifestFactory$NothingManifest
1810:             1             32  scala.reflect.ManifestFactory$NullManifest
1811:             1             32  scala.reflect.ManifestFactory$ObjectManifest
1812:             1             32  scala.sys.SystemProperties$
1813:             2             32  scala.util.Right
1814:             1             32  scala.util.control.BreakControl
1815:             2             32  sun.nio.ch.SocketDispatcher
1816:             1             32  sun.nio.cs.StandardCharsets
1817:             1             32  sun.nio.fs.LinuxFileSystem
1818:             1             32  sun.reflect.generics.reflectiveObjects.WildcardTypeImpl
1819:             2             32  sun.reflect.generics.tree.ArrayTypeSignature
1820:             2             32  sun.security.provider.NativePRNG
1821:             1             32  sun.security.provider.SecureRandom
1822:             1             24  [Lcom.typesafe.config.impl.FromMapMode;
1823:             1             24  [Lcom.typesafe.config.impl.ResolveStatus;
1824:             1             24  [Ljava.io.File$PathStatus;
1825:             1             24  [Ljava.net.InetAddress$Cache$Type;
1826:             1             24  [Ljava.net.InterfaceAddress;
1827:             1             24  [Ljava.net.StandardProtocolFamily;
1828:             1             24  [Ljava.nio.file.LinkOption;
1829:             1             24  [Ljava.time.temporal.IsoFields$Unit;
1830:             1             24  [Ljava.time.zone.ZoneOffsetTransition;
1831:             1             24  [Ljava.util.Comparators$NaturalOrderComparator;
1832:             1             24  [Ljava.util.Locale$Category;
1833:             1             24  [Lorg.apache.flink.configuration.ClusterOptions$UncaughtExceptionHandleMode;
1834:             1             24  [Lorg.apache.flink.configuration.JobManagerOptions$SchedulerType;
1835:             1             24  [Lorg.apache.flink.configuration.SchedulerExecutionMode;
1836:             1             24  [Lorg.apache.flink.core.memory.ManagedMemoryUseCase$Scope;
1837:             1             24  [Lorg.apache.flink.runtime.execution.librarycache.FlinkUserCodeClassLoaders$ResolveOrder;
1838:             1             24  [Lorg.apache.flink.runtime.io.disk.iomanager.IOManagerAsync$ReaderThread;
1839:             1             24  [Lorg.apache.flink.runtime.io.disk.iomanager.IOManagerAsync$WriterThread;
1840:             1             24  [Lorg.apache.flink.runtime.rpc.AddressResolution;
1841:             1             24  [Lorg.apache.flink.runtime.rpc.akka.AkkaRpcActor$StartedState;
1842:             1             24  [Lorg.apache.flink.runtime.rpc.akka.AkkaRpcActor$StoppedState;
1843:             1             24  [Lorg.apache.flink.runtime.rpc.akka.AkkaRpcServiceUtils$AkkaProtocol;
1844:             1             24  [Lorg.apache.flink.runtime.state.SnapshotExecutionType;
1845:             1             24  [Lorg.apache.flink.streaming.api.CheckpointingMode;
1846:             1             24  [Lorg.apache.logging.log4j.core.appender.ConsoleAppender$Target;
1847:             1             24  [Lorg.apache.logging.log4j.core.appender.rolling.TriggeringPolicy;
1848:             1             24  [Lorg.apache.logging.log4j.core.async.ThreadNameCachingStrategy;
1849:             1             24  [Lorg.apache.logging.log4j.core.config.status.StatusConfiguration$Verbosity;
1850:             1             24  [Lorg.apache.logging.log4j.core.pattern.ArrayPatternConverter;
1851:             1             24  [Lorg.apache.logging.log4j.core.pattern.FormattingInfo;
1852:             1             24  [Lorg.apache.logging.log4j.core.pattern.NameAbbreviator$MaxElementAbbreviator$Strategy;
1853:             1             24  [Lsun.launcher.LauncherHelper;
1854:             1             24  akka.actor.Actor$
1855:             1             24  akka.actor.Address$
1856:             1             24  akka.actor.Cancellable$
1857:             1             24  akka.actor.FSM$
1858:             1             24  akka.actor.IgnoreActorRef$
1859:             1             24  akka.actor.IndirectActorProducer$
1860:             1             24  akka.actor.Nobody$
1861:             1             24  akka.actor.ProviderSelection$
1862:             1             24  akka.actor.ProviderSelection$Remote$
1863:             1             24  akka.dispatch.Dispatchers$
1864:             1             24  akka.dispatch.Mailbox$
1865:             1             24  akka.dispatch.internal.SameThreadExecutionContext$$anon$1
1866:             1             24  akka.dispatch.sysmsg.SystemMessageList$
1867:             1             24  akka.event.Logging$StandardOutLogger
1868:             1             24  akka.pattern.PromiseActorRef$
1869:             1             24  akka.protobufv3.internal.ByteString$LiteralByteString
1870:             1             24  akka.protobufv3.internal.UnknownFieldSet
1871:             1             24  akka.remote.transport.AkkaProtocolTransport$
1872:             1             24  akka.remote.transport.netty.ChannelLocalActor$
1873:             1             24  akka.remote.transport.netty.NettyTransport$
1874:             1             24  akka.remote.transport.netty.TcpServerHandler
1875:             1             24  akka.serialization.JavaSerializer$CurrentSystem
1876:             1             24  akka.stream.Attributes$NestedMaterializationCancellationPolicy$
1877:             1             24  akka.stream.impl.PhasedFusingActorMaterializer$
1878:             1             24  akka.stream.impl.StreamSupervisor$
1879:             1             24  akka.util.ByteString$ByteString1
1880:             1             24  akka.util.ByteString$ByteString1$
1881:             1             24  akka.util.Helpers$
1882:             1             24  com.sun.jmx.mbeanserver.ClassLoaderRepositorySupport
1883:             1             24  com.sun.jmx.mbeanserver.MXBeanLookup
1884:             1             24  com.sun.jmx.remote.util.ClassLogger
1885:             1             24  com.typesafe.config.impl.ConfigDelayedMerge
1886:             1             24  com.typesafe.config.impl.ConfigDelayedMergeObject
1887:             1             24  com.typesafe.config.impl.ConfigImpl$LoaderCache
1888:             1             24  java.io.ExpiringCache$Entry
1889:             1             24  java.io.InputStreamReader
1890:             1             24  java.lang.ProcessEnvironment$StringEnvironment
1891:             1             24  java.lang.invoke.MethodHandleImpl$4
1892:             1             24  java.lang.invoke.MethodHandleImpl$ArrayAccessor$1
1893:             1             24  java.lang.invoke.MethodType$ConcurrentWeakInternSet
1894:             1             24  java.math.MutableBigInteger
1895:             1             24  java.net.Inet6AddressImpl
1896:             1             24  java.net.InetAddress$CacheEntry
1897:             1             24  java.net.Proxy
1898:             1             24  java.nio.file.LinkOption
1899:             1             24  java.time.Period
1900:             1             24  java.time.ZoneRegion
1901:             1             24  java.time.format.DecimalStyle
1902:             1             24  java.time.temporal.IsoFields$Field$1
1903:             1             24  java.time.temporal.IsoFields$Field$2
1904:             1             24  java.time.temporal.IsoFields$Field$3
1905:             1             24  java.time.temporal.IsoFields$Field$4
1906:             1             24  java.time.zone.TzdbZoneRulesProvider
1907:             1             24  java.util.Collections$3
1908:             1             24  java.util.Collections$EmptyMap
1909:             1             24  java.util.Collections$SynchronizedRandomAccessList
1910:             1             24  java.util.Comparators$NaturalOrderComparator
1911:             1             24  java.util.Locale$Cache
1912:             1             24  java.util.OptionalLong
1913:             1             24  java.util.ResourceBundle$Control$CandidateListCache
1914:             1             24  java.util.concurrent.ConcurrentLinkedDeque
1915:             1             24  java.util.concurrent.TimeUnit$1
1916:             1             24  java.util.concurrent.TimeUnit$2
1917:             1             24  java.util.concurrent.TimeUnit$3
1918:             1             24  java.util.concurrent.TimeUnit$4
1919:             1             24  java.util.concurrent.TimeUnit$5
1920:             1             24  java.util.concurrent.TimeUnit$6
1921:             1             24  java.util.concurrent.TimeUnit$7
1922:             1             24  java.util.logging.LogManager$LoggerContext
1923:             1             24  java.util.logging.LoggingPermission
1924:             1             24  javax.management.NotificationBroadcasterSupport
1925:             1             24  javax.security.auth.login.AppConfigurationEntry
1926:             1             24  org.apache.flink.api.common.state.StateTtlConfig$TtlTimeCharacteristic
1927:             1             24  org.apache.flink.configuration.SchedulerExecutionMode
1928:             1             24  org.apache.flink.configuration.description.TextElement$TextStyle
1929:             1             24  org.apache.flink.core.fs.UnsupportedSchemeFactory
1930:             1             24  org.apache.flink.core.fs.local.LocalFileSystem
1931:             1             24  org.apache.flink.core.plugin.DefaultPluginManager
1932:             1             24  org.apache.flink.runtime.blob.BlobCacheService
1933:             1             24  org.apache.flink.runtime.clusterframework.types.ResourceBudgetManager
1934:             1             24  org.apache.flink.runtime.entrypoint.ClusterInformation
1935:             1             24  org.apache.flink.runtime.io.network.netty.NettyProtocol
1936:             1             24  org.apache.flink.runtime.io.network.netty.PartitionRequestClientFactory
1937:             1             24  org.apache.flink.runtime.io.network.partition.BoundedBlockingSubpartitionType$1
1938:             1             24  org.apache.flink.runtime.io.network.partition.BoundedBlockingSubpartitionType$2
1939:             1             24  org.apache.flink.runtime.io.network.partition.BoundedBlockingSubpartitionType$3
1940:             1             24  org.apache.flink.runtime.io.network.partition.BoundedBlockingSubpartitionType$4
1941:             1             24  org.apache.flink.runtime.io.network.partition.ResultPartitionManager
1942:             1             24  org.apache.flink.runtime.jobmaster.ResourceManagerAddress
1943:             1             24  org.apache.flink.runtime.metrics.ViewUpdater
1944:             1             24  org.apache.flink.runtime.query.KvStateRegistry
1945:             1             24  org.apache.flink.runtime.rpc.akka.AkkaRpcActor$StartedState
1946:             1             24  org.apache.flink.runtime.rpc.akka.AkkaRpcActor$StoppedState
1947:             1             24  org.apache.flink.runtime.rpc.akka.CleanupOnCloseRpcSystem
1948:             1             24  org.apache.flink.runtime.rpc.akka.PrioritySettingThreadFactory
1949:             1             24  org.apache.flink.runtime.rpc.akka.PriorityThreadsDispatcher
1950:             1             24  org.apache.flink.runtime.rpc.messages.HandshakeSuccessMessage
1951:             1             24  org.apache.flink.runtime.security.DynamicConfiguration
1952:             1             24  org.apache.flink.runtime.taskexecutor.DefaultJobTable
1953:             1             24  org.apache.flink.runtime.taskexecutor.EstablishedResourceManagerConnection
1954:             1             24  org.apache.flink.runtime.taskexecutor.TaskExecutorRegistrationSuccess
1955:             1             24  org.apache.flink.runtime.taskexecutor.TaskManagerRunner$$Lambda$76/1760126453
1956:             1             24  org.apache.flink.runtime.taskmanager.UnresolvedTaskManagerLocation
1957:             1             24  org.apache.flink.runtime.util.JvmShutdownSafeguard$DelayedTerminator
1958:             1             24  org.apache.flink.shaded.netty4.io.netty.bootstrap.ServerBootstrap$ServerBootstrapAcceptor$1
1959:             1             24  org.apache.flink.shaded.netty4.io.netty.channel.ChannelOption$1
1960:             1             24  org.apache.flink.shaded.netty4.io.netty.channel.SucceededChannelFuture
1961:             1             24  org.apache.flink.shaded.netty4.io.netty.channel.WriteBufferWaterMark
1962:             1             24  org.apache.flink.shaded.netty4.io.netty.channel.epoll.LinuxSocket
1963:             1             24  org.apache.flink.shaded.netty4.io.netty.resolver.DefaultAddressResolverGroup
1964:             1             24  org.apache.flink.shaded.netty4.io.netty.util.ResourceLeakDetectorFactory$DefaultResourceLeakDetectorFactory
1965:             1             24  org.apache.flink.shaded.netty4.io.netty.util.concurrent.FailedFuture
1966:             1             24  org.apache.flink.shaded.netty4.io.netty.util.internal.DefaultPriorityQueue
1967:             1             24  org.apache.flink.shaded.netty4.io.netty.util.internal.ThreadExecutorMap$2
1968:             1             24  org.apache.flink.shaded.netty4.io.netty.util.internal.ThreadExecutorMap$3
1969:             1             24  org.apache.flink.streaming.api.windowing.assigners.WindowStagger$1
1970:             1             24  org.apache.flink.streaming.api.windowing.assigners.WindowStagger$2
1971:             1             24  org.apache.flink.streaming.api.windowing.assigners.WindowStagger$3
1972:             1             24  org.apache.flink.streaming.util.LatencyStats$Granularity$1
1973:             1             24  org.apache.flink.streaming.util.LatencyStats$Granularity$2
1974:             1             24  org.apache.flink.streaming.util.LatencyStats$Granularity$3
1975:             1             24  org.apache.logging.log4j.core.appender.ConsoleAppender$Target$1
1976:             1             24  org.apache.logging.log4j.core.appender.ConsoleAppender$Target$2
1977:             1             24  org.apache.logging.log4j.core.appender.rolling.CompositeTriggeringPolicy
1978:             1             24  org.apache.logging.log4j.core.appender.rolling.FileExtension$1
1979:             1             24  org.apache.logging.log4j.core.appender.rolling.FileExtension$2
1980:             1             24  org.apache.logging.log4j.core.appender.rolling.FileExtension$3
1981:             1             24  org.apache.logging.log4j.core.appender.rolling.FileExtension$4
1982:             1             24  org.apache.logging.log4j.core.appender.rolling.FileExtension$5
1983:             1             24  org.apache.logging.log4j.core.appender.rolling.FileExtension$6
1984:             1             24  org.apache.logging.log4j.core.appender.rolling.OnStartupTriggeringPolicy
1985:             1             24  org.apache.logging.log4j.core.async.ThreadNameCachingStrategy$1
1986:             1             24  org.apache.logging.log4j.core.async.ThreadNameCachingStrategy$2
1987:             1             24  org.apache.logging.log4j.core.config.LoggerConfig$LoggerConfigPredicate$1
1988:             1             24  org.apache.logging.log4j.core.config.LoggerConfig$LoggerConfigPredicate$2
1989:             1             24  org.apache.logging.log4j.core.config.LoggerConfig$LoggerConfigPredicate$3
1990:             1             24  org.apache.logging.log4j.core.config.json.JsonConfigurationFactory
1991:             1             24  org.apache.logging.log4j.core.config.plugins.util.PluginRegistry
1992:             1             24  org.apache.logging.log4j.core.config.yaml.YamlConfigurationFactory
1993:             1             24  org.apache.logging.log4j.core.impl.Log4jContextFactory
1994:             1             24  org.apache.logging.log4j.core.pattern.IntegerPatternConverter
1995:             1             24  org.apache.logging.log4j.core.pattern.LevelPatternConverter$SimpleLevelPatternConverter
1996:             1             24  org.apache.logging.log4j.core.pattern.LineSeparatorPatternConverter
1997:             1             24  org.apache.logging.log4j.core.pattern.LoggerPatternConverter
1998:             1             24  org.apache.logging.log4j.core.pattern.MessagePatternConverter$SimpleMessagePatternConverter
1999:             1             24  org.apache.logging.log4j.core.pattern.NameAbbreviator$MaxElementAbbreviator$Strategy$1
2000:             1             24  org.apache.logging.log4j.core.pattern.NameAbbreviator$MaxElementAbbreviator$Strategy$2
2001:             1             24  org.apache.logging.log4j.core.pattern.NdcPatternConverter
2002:             1             24  org.apache.logging.log4j.core.pattern.SimpleLiteralPatternConverter$Space
2003:             1             24  org.apache.logging.log4j.core.pattern.ThreadNamePatternConverter
2004:             1             24  org.apache.logging.log4j.core.util.datetime.FastDateFormat
2005:             1             24  org.apache.logging.log4j.core.util.datetime.FastDatePrinter$PaddedNumberField
2006:             1             24  org.apache.logging.log4j.core.util.datetime.FormatCache$MultipartKey
2007:             1             24  org.apache.logging.log4j.message.SimpleMessage
2008:             1             24  org.apache.logging.log4j.status.StatusConsoleListener
2009:             1             24  org.apache.logging.slf4j.Log4jLoggerFactory
2010:             1             24  org.apache.logging.slf4j.Log4jMarker
2011:             1             24  org.jboss.netty.channel.AdaptiveReceiveBufferSizePredictorFactory
2012:             1             24  org.jboss.netty.channel.socket.nio.NioClientSocketPipelineSink$1
2013:             1             24  org.jboss.netty.util.internal.SharedResourceMisuseDetector
2014:             1             24  org.slf4j.helpers.SubstituteLoggerFactory
2015:             1             24  scala.PartialFunction$
2016:             1             24  scala.collection.IndexedSeq$
2017:             1             24  scala.collection.Traversable$
2018:             1             24  scala.collection.immutable.HashMap$$anon$2
2019:             1             24  scala.collection.immutable.List$
2020:             1             24  scala.collection.immutable.MapLike$$anon$2
2021:             1             24  scala.collection.immutable.Queue$EmptyQueue$
2022:             1             24  scala.collection.immutable.Vector$
2023:             1             24  scala.collection.mutable.WrappedArray$ofRef
2024:             1             24  scala.compat.java8.OptionConverters$
2025:             1             24  scala.concurrent.Future$
2026:             1             24  scala.reflect.ManifestFactory$BooleanManifest
2027:             1             24  scala.reflect.ManifestFactory$ByteManifest
2028:             1             24  scala.reflect.ManifestFactory$CharManifest
2029:             1             24  scala.reflect.ManifestFactory$DoubleManifest
2030:             1             24  scala.reflect.ManifestFactory$FloatManifest
2031:             1             24  scala.reflect.ManifestFactory$IntManifest
2032:             1             24  scala.reflect.ManifestFactory$LongManifest
2033:             1             24  scala.reflect.ManifestFactory$ShortManifest
2034:             1             24  scala.reflect.ManifestFactory$UnitManifest
2035:             1             24  scala.reflect.package$
2036:             1             24  scala.sys.BooleanProp$BooleanPropImpl
2037:             1             24  scala.util.DynamicVariable
2038:             1             24  scala.util.hashing.MurmurHash3$
2039:             1             24  scala.util.matching.Regex
2040:             1             24  sun.launcher.LauncherHelper
2041:             1             24  sun.management.CompilationImpl
2042:             1             24  sun.management.MemoryImpl
2043:             1             24  sun.management.OperatingSystemImpl
2044:             1             24  sun.management.RuntimeImpl
2045:             1             24  sun.management.ThreadImpl
2046:             1             24  sun.management.VMManagementImpl
2047:             1             24  sun.misc.URLClassPath$FileLoader
2048:             1             24  sun.net.ProgressMonitor
2049:             1             24  sun.net.sdp.SdpProvider
2050:             1             24  sun.net.www.MimeTable
2051:             1             24  sun.nio.ch.Util$BufferCache
2052:             1             24  sun.nio.cs.ISO_8859_1
2053:             1             24  sun.nio.cs.US_ASCII
2054:             1             24  sun.nio.cs.UTF_16
2055:             1             24  sun.nio.cs.UTF_16BE
2056:             1             24  sun.nio.cs.UTF_16LE
2057:             1             24  sun.nio.cs.UTF_8
2058:             1             24  sun.reflect.generics.tree.Wildcard
2059:             1             24  sun.security.provider.ConfigFile
2060:             1             24  sun.util.locale.BaseLocale$Cache
2061:             1             24  sun.util.locale.provider.CalendarDataProviderImpl
2062:             1             24  sun.util.locale.provider.CalendarProviderImpl
2063:             1             24  sun.util.locale.provider.CurrencyNameProviderImpl
2064:             1             24  sun.util.locale.provider.DateFormatSymbolsProviderImpl
2065:             1             24  sun.util.locale.provider.DecimalFormatSymbolsProviderImpl
2066:             1             24  sun.util.locale.provider.NumberFormatProviderImpl
2067:             1             16  [Lcom.typesafe.config.impl.BadMap$Entry;
2068:             1             16  [Ljava.lang.Throwable;
2069:             1             16  [Ljava.net.NetworkInterface;
2070:             1             16  [Ljava.nio.file.attribute.FileAttribute;
2071:             1             16  [Ljava.security.Provider;
2072:             1             16  [Ljava.security.cert.X509Certificate;
2073:             1             16  [Ljava.text.FieldPosition;
2074:             1             16  [Ljava.util.logging.Handler;
2075:             1             16  [Ljavax.security.cert.X509Certificate;
2076:             1             16  [Lorg.apache.flink.runtime.checkpoint.InflightDataRescalingDescriptor$InflightDataGateOrPartitionRescalingDescriptor;
2077:             1             16  [Lorg.apache.flink.runtime.shuffle.ShuffleServiceLoader;
2078:             1             16  [Lorg.apache.flink.runtime.util.config.memory.ManagedMemoryUtils;
2079:             1             16  [Lorg.apache.flink.shaded.netty4.io.netty.util.AsciiString;
2080:             1             16  [Lorg.apache.flink.shaded.netty4.io.netty.util.DefaultAttributeMap$DefaultAttribute;
2081:             1             16  [Lorg.apache.logging.log4j.core.appender.rolling.action.Action;
2082:             1             16  akka.Version$
2083:             1             16  akka.actor.Actor$$$Lambda$257/1558395480
2084:             1             16  akka.actor.ActorCell$$$Lambda$227/399373008
2085:             1             16  akka.actor.ActorCell$$Lambda$245/1907021208
2086:             1             16  akka.actor.ActorCell$$anon$1
2087:             1             16  akka.actor.ActorCell$$anon$2
2088:             1             16  akka.actor.ActorKilledException$
2089:             1             16  akka.actor.ActorPath$
2090:             1             16  akka.actor.ActorPath$$Lambda$555/1681157863
2091:             1             16  akka.actor.ActorPathExtractor$
2092:             1             16  akka.actor.ActorRef$
2093:             1             16  akka.actor.ActorSelection$
2094:             1             16  akka.actor.ActorSystem$
2095:             1             16  akka.actor.ActorSystem$Settings$
2096:             1             16  akka.actor.ActorSystem$Settings$$Lambda$122/949581868
2097:             1             16  akka.actor.ActorSystem$Settings$$Lambda$123/940087898
2098:             1             16  akka.actor.Address$$$Lambda$101/2100440237
2099:             1             16  akka.actor.AddressFromURIString$
2100:             1             16  akka.actor.BootstrapSetup$
2101:             1             16  akka.actor.Cancellable$$anon$8
2102:             1             16  akka.actor.Cancellable$$anon$9
2103:             1             16  akka.actor.ChildActorPath$$Lambda$228/2069500590
2104:             1             16  akka.actor.ChildActorPath$$Lambda$559/1555089093
2105:             1             16  akka.actor.ChildNameReserved$
2106:             1             16  akka.actor.ChildRestartStats$
2107:             1             16  akka.actor.CreatorFunctionConsumer
2108:             1             16  akka.actor.DeadLetter$$Lambda$573/1013059084
2109:             1             16  akka.actor.DeadLetter$$Lambda$574/1086894693
2110:             1             16  akka.actor.Deploy$
2111:             1             16  akka.actor.FSM$$minus$greater$
2112:             1             16  akka.actor.FSM$Event$
2113:             1             16  akka.actor.FSM$FixedDelayMode$
2114:             1             16  akka.actor.FSM$NullFunction$
2115:             1             16  akka.actor.FSM$SingleMode$
2116:             1             16  akka.actor.FSM$State$
2117:             1             16  akka.actor.FSM$StateTimeout$
2118:             1             16  akka.actor.FSM$StopEvent$
2119:             1             16  akka.actor.InternalActorRef$
2120:             1             16  akka.actor.Kill$
2121:             1             16  akka.actor.LightArrayRevolverScheduler$$Lambda$161/40191541
2122:             1             16  akka.actor.LightArrayRevolverScheduler$$Lambda$162/1937380187
2123:             1             16  akka.actor.LightArrayRevolverScheduler$$Lambda$163/366803687
2124:             1             16  akka.actor.LightArrayRevolverScheduler$$Lambda$164/1033917063
2125:             1             16  akka.actor.LightArrayRevolverScheduler$$Lambda$165/801569151
2126:             1             16  akka.actor.LightArrayRevolverScheduler$$Lambda$166/1026483832
2127:             1             16  akka.actor.LightArrayRevolverScheduler$$anon$3$$Lambda$169/58488213
2128:             1             16  akka.actor.LightArrayRevolverScheduler$$anon$4
2129:             1             16  akka.actor.LightArrayRevolverScheduler$$anon$5
2130:             1             16  akka.actor.LightArrayRevolverScheduler$$anon$6
2131:             1             16  akka.actor.LightArrayRevolverScheduler$$anon$7
2132:             1             16  akka.actor.LocalActorRefProvider$$Lambda$544/861673068
2133:             1             16  akka.actor.LocalActorRefProvider$$Lambda$556/1072114567
2134:             1             16  akka.actor.LocalScope$
2135:             1             16  akka.actor.NoScopeGiven$
2136:             1             16  akka.actor.OneForOneStrategy$
2137:             1             16  akka.actor.OneForOneStrategy$$Lambda$215/1966355106
2138:             1             16  akka.actor.PoisonPill$
2139:             1             16  akka.actor.Props$$$Lambda$223/79290250
2140:             1             16  akka.actor.ReflectiveDynamicAccess$$Lambda$159/85415531
2141:             1             16  akka.actor.ReflectiveDynamicAccess$$Lambda$160/1341404543
2142:             1             16  akka.actor.RelativeActorPath$
2143:             1             16  akka.actor.RootActorPath$
2144:             1             16  akka.actor.SelectParent$
2145:             1             16  akka.actor.SerializedNobody
2146:             1             16  akka.actor.SupervisorStrategy$$$Lambda$216/1141113940
2147:             1             16  akka.actor.SupervisorStrategy$$anonfun$1
2148:             1             16  akka.actor.SupervisorStrategy$$anonfun$stoppingDecider$1$1
2149:             1             16  akka.actor.SystemGuardian$RegisterTerminationHook$
2150:             1             16  akka.actor.dungeon.ChildrenContainer$EmptyChildrenContainer$
2151:             1             16  akka.actor.dungeon.FaultHandling$NoFailedInfo$
2152:             1             16  akka.actor.dungeon.ReceiveTimeout$
2153:             1             16  akka.actor.setup.ActorSystemSetup$
2154:             1             16  akka.actor.setup.ActorSystemSetup$$$Lambda$109/691098155
2155:             1             16  akka.actor.setup.ActorSystemSetup$$Lambda$112/1759250827
2156:             1             16  akka.actor.setup.ActorSystemSetup$$Lambda$121/1537772520
2157:             1             16  akka.dispatch.CachingConfig$ValuePathEntry$
2158:             1             16  akka.dispatch.Envelope$
2159:             1             16  akka.dispatch.ExecutionContexts$
2160:             1             16  akka.dispatch.MonitorableThreadFactory$
2161:             1             16  akka.dispatch.MonitorableThreadFactory$$anon$2
2162:             1             16  akka.dispatch.SaneRejectedExecutionHandler
2163:             1             16  akka.dispatch.ThreadPoolConfig$$$Lambda$417/559050604
2164:             1             16  akka.dispatch.ThreadPoolConfigBuilder$$Lambda$419/1726616678
2165:             1             16  akka.dispatch.internal.SameThreadExecutionContext$
2166:             1             16  akka.dispatch.internal.ScalaBatchable$
2167:             1             16  akka.dispatch.sysmsg.EarliestFirstSystemMessageList$
2168:             1             16  akka.dispatch.sysmsg.LatestFirstSystemMessageList$
2169:             1             16  akka.dispatch.sysmsg.NoMessage$
2170:             1             16  akka.event.AddressTerminatedTopic$
2171:             1             16  akka.event.EventStreamUnsubscriber$
2172:             1             16  akka.event.LogSource$$anon$2
2173:             1             16  akka.event.LogSource$$anon$3
2174:             1             16  akka.event.LogSource$$anon$4
2175:             1             16  akka.event.LogSource$$anon$5
2176:             1             16  akka.event.LogSource$$anon$6
2177:             1             16  akka.event.Logging$Info$
2178:             1             16  akka.event.Logging$LogExt$
2179:             1             16  akka.event.Logging$LogLevel$
2180:             1             16  akka.event.Logging$LoggerInitialized$
2181:             1             16  akka.event.Logging$SerializedStandardOutLogger
2182:             1             16  akka.event.LoggingBus$$Lambda$247/369805307
2183:             1             16  akka.event.LoggingFilterWithMarker$
2184:             1             16  akka.event.SubchannelClassification$$Lambda$153/1963075870
2185:             1             16  akka.event.SubchannelClassification$$Lambda$154/397071633
2186:             1             16  akka.event.SubchannelClassification$$Lambda$271/913242382
2187:             1             16  akka.event.slf4j.Logger$
2188:             1             16  akka.event.slf4j.Slf4jLogger$$Lambda$274/105040415
2189:             1             16  akka.japi.Util$
2190:             1             16  akka.japi.pf.CaseStatement$
2191:             1             16  akka.japi.pf.ReceiveBuilder$$Lambda$428/1437178315
2192:             1             16  akka.pattern.AskableActorRef$
2193:             1             16  akka.pattern.AskableActorSelection$
2194:             1             16  akka.pattern.Patterns$
2195:             1             16  akka.pattern.PromiseActorRef$$$Lambda$258/628392976
2196:             1             16  akka.pattern.PromiseActorRef$Registering$
2197:             1             16  akka.pattern.PromiseActorRef$Stopped$
2198:             1             16  akka.pattern.package$
2199:             1             16  akka.protobufv3.internal.ByteString$2
2200:             1             16  akka.protobufv3.internal.ByteString$ArraysByteArrayCopier
2201:             1             16  akka.protobufv3.internal.ExtensionRegistryLite
2202:             1             16  akka.protobufv3.internal.UnknownFieldSet$Parser
2203:             1             16  akka.protobufv3.internal.UnsafeUtil$JvmMemoryAccessor
2204:             1             16  akka.protobufv3.internal.Utf8$UnsafeProcessor
2205:             1             16  akka.remote.AckedReceiveBuffer$
2206:             1             16  akka.remote.AckedSendBuffer$
2207:             1             16  akka.remote.AddressUidExtension$
2208:             1             16  akka.remote.AddressUrlEncoder$
2209:             1             16  akka.remote.ByteStringUtils$
2210:             1             16  akka.remote.ContainerFormats$ActorIdentity$1
2211:             1             16  akka.remote.ContainerFormats$ActorRef$1
2212:             1             16  akka.remote.ContainerFormats$Identify$1
2213:             1             16  akka.remote.ContainerFormats$PatternType$1
2214:             1             16  akka.remote.ContainerFormats$Payload$1
2215:             1             16  akka.remote.ContainerFormats$Selection$1
2216:             1             16  akka.remote.ContainerFormats$SelectionEnvelope$1
2217:             1             16  akka.remote.DeadlineFailureDetector$$Lambda$517/427781561
2218:             1             16  akka.remote.DeadlineFailureDetector$$Lambda$518/1633821326
2219:             1             16  akka.remote.EndpointManager$$Lambda$277/1236813222
2220:             1             16  akka.remote.EndpointManager$$Lambda$513/280356907
2221:             1             16  akka.remote.EndpointManager$$Lambda$539/1238080956
2222:             1             16  akka.remote.EndpointManager$$anonfun$receive$2$$Lambda$330/1574933282
2223:             1             16  akka.remote.EndpointManager$$anonfun$receive$2$$Lambda$336/1447246040
2224:             1             16  akka.remote.EndpointManager$EndpointRegistry$$Lambda$514/1768442210
2225:             1             16  akka.remote.EndpointManager$Prune$
2226:             1             16  akka.remote.EndpointManager$Send$
2227:             1             16  akka.remote.EndpointManager$StartupFinished$
2228:             1             16  akka.remote.EndpointReader$
2229:             1             16  akka.remote.EndpointWriter$$Lambda$516/1806592648
2230:             1             16  akka.remote.EndpointWriter$AckIdleCheckTimer$
2231:             1             16  akka.remote.EndpointWriter$FlushAndStop$
2232:             1             16  akka.remote.FailureDetector$
2233:             1             16  akka.remote.FailureDetector$$anon$1
2234:             1             16  akka.remote.FailureDetectorLoader$
2235:             1             16  akka.remote.HasSequenceNumber$
2236:             1             16  akka.remote.MessageSerializer$
2237:             1             16  akka.remote.RARP$
2238:             1             16  akka.remote.ReliableDeliverySupervisor$
2239:             1             16  akka.remote.ReliableDeliverySupervisor$$Lambda$515/1944716734
2240:             1             16  akka.remote.ReliableDeliverySupervisor$AttemptSysMsgRedelivery$
2241:             1             16  akka.remote.ReliableDeliverySupervisor$Idle$
2242:             1             16  akka.remote.ReliableDeliverySupervisor$IsIdle$
2243:             1             16  akka.remote.RemoteActorRefProvider$$Lambda$327/72386655
2244:             1             16  akka.remote.RemoteActorRefProvider$Idle$
2245:             1             16  akka.remote.RemoteActorRefProvider$Uninitialized$
2246:             1             16  akka.remote.RemoteActorRefProvider$WaitDaemonShutdown$
2247:             1             16  akka.remote.RemoteActorRefProvider$WaitTransportShutdown$
2248:             1             16  akka.remote.RemoteDeployer$$Lambda$217/938463537
2249:             1             16  akka.remote.RemoteMetricsExtension$
2250:             1             16  akka.remote.RemoteSettings$$Lambda$172/1161148117
2251:             1             16  akka.remote.RemoteSettings$$Lambda$173/516875052
2252:             1             16  akka.remote.RemoteSettings$$Lambda$174/1131592118
2253:             1             16  akka.remote.RemoteSettings$$Lambda$175/589987187
2254:             1             16  akka.remote.RemoteSettings$$Lambda$176/1262609629
2255:             1             16  akka.remote.RemoteSettings$$Lambda$177/587180314
2256:             1             16  akka.remote.RemoteSettings$$Lambda$178/1955990522
2257:             1             16  akka.remote.RemoteSettings$$Lambda$179/69673470
2258:             1             16  akka.remote.RemoteSettings$$Lambda$180/1082411691
2259:             1             16  akka.remote.RemoteSettings$$Lambda$181/527211736
2260:             1             16  akka.remote.RemoteSettings$$Lambda$182/1533123860
2261:             1             16  akka.remote.RemoteSettings$$Lambda$183/1718906711
2262:             1             16  akka.remote.RemoteSettings$$Lambda$184/71802912
2263:             1             16  akka.remote.RemoteSettings$$Lambda$185/2134271532
2264:             1             16  akka.remote.RemoteSettings$$Lambda$186/686349795
2265:             1             16  akka.remote.RemoteSettings$$Lambda$187/1831010686
2266:             1             16  akka.remote.RemoteSettings$$Lambda$188/1423768154
2267:             1             16  akka.remote.RemoteSettings$$Lambda$189/404222443
2268:             1             16  akka.remote.RemoteSettings$$Lambda$190/1987977423
2269:             1             16  akka.remote.RemoteSettings$$Lambda$191/61073295
2270:             1             16  akka.remote.RemoteSettings$$Lambda$192/807322507
2271:             1             16  akka.remote.RemoteSettings$$Lambda$193/396485834
2272:             1             16  akka.remote.RemoteSettings$$Lambda$194/283039401
2273:             1             16  akka.remote.RemoteSettings$$Lambda$195/207471778
2274:             1             16  akka.remote.RemoteSettings$$Lambda$196/1243171897
2275:             1             16  akka.remote.RemoteSettings$$Lambda$197/1376151044
2276:             1             16  akka.remote.RemoteSettings$$Lambda$198/873175411
2277:             1             16  akka.remote.RemoteSettings$$Lambda$199/1443967876
2278:             1             16  akka.remote.RemoteSettings$$Lambda$200/1449772539
2279:             1             16  akka.remote.RemoteSettings$$Lambda$201/926859124
2280:             1             16  akka.remote.RemoteSettings$$Lambda$202/1603696865
2281:             1             16  akka.remote.RemoteSettings$$Lambda$203/12905860
2282:             1             16  akka.remote.RemoteSettings$$Lambda$207/1816522350
2283:             1             16  akka.remote.RemoteWatcher$
2284:             1             16  akka.remote.RemoteWatcher$ArteryHeartbeat$
2285:             1             16  akka.remote.RemoteWatcher$Heartbeat$
2286:             1             16  akka.remote.RemoteWatcher$HeartbeatTick$
2287:             1             16  akka.remote.RemoteWatcher$ReapUnreachableTick$
2288:             1             16  akka.remote.Remoting$
2289:             1             16  akka.remote.Remoting$$Lambda$338/475394679
2290:             1             16  akka.remote.Remoting$$Lambda$339/1574615832
2291:             1             16  akka.remote.Remoting$$Lambda$340/1049590050
2292:             1             16  akka.remote.WireFormats$AckAndEnvelopeContainer$1
2293:             1             16  akka.remote.WireFormats$ActorRefData$1
2294:             1             16  akka.remote.WireFormats$AddressData$1
2295:             1             16  akka.remote.WireFormats$AkkaControlMessage$1
2296:             1             16  akka.remote.WireFormats$AkkaHandshakeInfo$1
2297:             1             16  akka.remote.WireFormats$AkkaProtocolMessage$1
2298:             1             16  akka.remote.WireFormats$CommandType$1
2299:             1             16  akka.remote.WireFormats$RemoteEnvelope$1
2300:             1             16  akka.remote.WireFormats$SerializedMessage$1
2301:             1             16  akka.remote.artery.ArterySettings$
2302:             1             16  akka.remote.artery.ArterySettings$$Lambda$171/1714688478
2303:             1             16  akka.remote.artery.ArterySettings$AeronUpd$
2304:             1             16  akka.remote.artery.ArterySettings$Tcp$
2305:             1             16  akka.remote.artery.LruBoundedCache$$Lambda$551/633135266
2306:             1             16  akka.remote.artery.LruBoundedCache$$Lambda$552/422608764
2307:             1             16  akka.remote.artery.LruBoundedCache$$Lambda$553/1000780922
2308:             1             16  akka.remote.serialization.ActorRefResolveThreadLocalCache$
2309:             1             16  akka.remote.serialization.MessageContainerSerializer$$Lambda$571/1790810067
2310:             1             16  akka.remote.serialization.MiscMessageSerializer$$Lambda$359/1758893871
2311:             1             16  akka.remote.serialization.MiscMessageSerializer$$Lambda$367/1415439780
2312:             1             16  akka.remote.serialization.MiscMessageSerializer$$Lambda$368/1632789609
2313:             1             16  akka.remote.serialization.MiscMessageSerializer$$Lambda$369/124494140
2314:             1             16  akka.remote.serialization.MiscMessageSerializer$$Lambda$370/708443754
2315:             1             16  akka.remote.serialization.MiscMessageSerializer$$Lambda$371/50720817
2316:             1             16  akka.remote.serialization.MiscMessageSerializer$$Lambda$377/2144067911
2317:             1             16  akka.remote.transport.AbstractTransportAdapter$$Lambda$302/2140746958
2318:             1             16  akka.remote.transport.ActorTransportAdapter$
2319:             1             16  akka.remote.transport.ActorTransportAdapterManager$$anonfun$receive$1$$Lambda$341/684225619
2320:             1             16  akka.remote.transport.AkkaPduCodec$Heartbeat$
2321:             1             16  akka.remote.transport.AkkaProtocolSettings$$Lambda$294/98114058
2322:             1             16  akka.remote.transport.AkkaProtocolSettings$$Lambda$295/1002352813
2323:             1             16  akka.remote.transport.AssociationHandle$Unknown$
2324:             1             16  akka.remote.transport.HandshakeInfo$
2325:             1             16  akka.remote.transport.ProtocolStateActor$
2326:             1             16  akka.remote.transport.ProtocolStateActor$$Lambda$524/771983892
2327:             1             16  akka.remote.transport.ProtocolStateActor$$Lambda$534/1452318846
2328:             1             16  akka.remote.transport.ProtocolStateActor$Closed$
2329:             1             16  akka.remote.transport.ProtocolStateActor$HandshakeTimer$
2330:             1             16  akka.remote.transport.ProtocolStateActor$HeartbeatTimer$
2331:             1             16  akka.remote.transport.ProtocolStateActor$Open$
2332:             1             16  akka.remote.transport.ProtocolStateActor$WaitHandshake$
2333:             1             16  akka.remote.transport.TransportAdapters$$Lambda$290/1674731464
2334:             1             16  akka.remote.transport.TransportAdaptersExtension$
2335:             1             16  akka.remote.transport.netty.NettyFutureBridge$
2336:             1             16  akka.remote.transport.netty.NettyTransport$$Lambda$531/1638852559
2337:             1             16  akka.remote.transport.netty.NettyTransportSettings$$Lambda$279/970588110
2338:             1             16  akka.remote.transport.netty.NettyTransportSettings$$Lambda$280/935510475
2339:             1             16  akka.routing.ConsistentHashingPool$
2340:             1             16  akka.routing.ConsistentHashingRouter$emptyConsistentHashMapping$
2341:             1             16  akka.routing.MurmurHash$$$Lambda$253/1976023393
2342:             1             16  akka.routing.MurmurHash$$$Lambda$254/1611021477
2343:             1             16  akka.routing.NoRouter$
2344:             1             16  akka.routing.Pool$
2345:             1             16  akka.routing.Pool$$anonfun$1
2346:             1             16  akka.routing.Resizer$
2347:             1             16  akka.routing.RoundRobinPool$
2348:             1             16  akka.serialization.BaseSerializer$
2349:             1             16  akka.serialization.JavaSerializer$
2350:             1             16  akka.serialization.NullSerializer$
2351:             1             16  akka.serialization.Serialization$
2352:             1             16  akka.serialization.Serialization$$Lambda$353/1541433310
2353:             1             16  akka.serialization.Serialization$$Lambda$389/388802347
2354:             1             16  akka.serialization.Serialization$$Lambda$390/1107579932
2355:             1             16  akka.serialization.Serialization$$Lambda$391/1627010197
2356:             1             16  akka.serialization.Serialization$$Lambda$395/1373949107
2357:             1             16  akka.serialization.Serialization$$Lambda$396/1230013344
2358:             1             16  akka.serialization.Serialization$$Lambda$403/575360353
2359:             1             16  akka.serialization.Serialization$$Lambda$405/809383315
2360:             1             16  akka.serialization.Serialization$$Lambda$407/1627883152
2361:             1             16  akka.serialization.Serialization$Settings$$Lambda$352/259319861
2362:             1             16  akka.serialization.SerializationExtension$
2363:             1             16  akka.serialization.Serializers$
2364:             1             16  akka.stream.ActorMaterializerSettings$
2365:             1             16  akka.stream.ActorMaterializerSettings$$Lambda$409/207988207
2366:             1             16  akka.stream.ActorMaterializerSettings$$Lambda$410/1800500978
2367:             1             16  akka.stream.Attributes$CancellationStrategy
2368:             1             16  akka.stream.Attributes$CancellationStrategy$
2369:             1             16  akka.stream.Attributes$CancellationStrategy$PropagateFailure$
2370:             1             16  akka.stream.IOSettings$
2371:             1             16  akka.stream.StreamRefSettings$
2372:             1             16  akka.stream.StreamSubscriptionTimeoutSettings$
2373:             1             16  akka.stream.StreamSubscriptionTimeoutTerminationMode$CancelTermination$
2374:             1             16  akka.stream.Supervision$$anon$1
2375:             1             16  akka.stream.Supervision$$anon$2
2376:             1             16  akka.stream.Supervision$$anon$3
2377:             1             16  akka.stream.SystemMaterializer$
2378:             1             16  akka.stream.impl.FlowNames$
2379:             1             16  akka.stream.impl.GraphStageTag$
2380:             1             16  akka.stream.impl.MaterializerGuardian$
2381:             1             16  akka.stream.impl.PhasedFusingActorMaterializer$$anon$1
2382:             1             16  akka.stream.impl.PhasedFusingActorMaterializer$$anon$2
2383:             1             16  akka.stream.impl.PhasedFusingActorMaterializer$$anon$3
2384:             1             16  akka.stream.impl.PhasedFusingActorMaterializer$$anon$4
2385:             1             16  akka.stream.impl.PhasedFusingActorMaterializer$$anon$5
2386:             1             16  akka.stream.impl.ProcessorModuleIslandTag$
2387:             1             16  akka.stream.impl.SeqActorName$
2388:             1             16  akka.stream.impl.SinkModuleIslandTag$
2389:             1             16  akka.stream.impl.SourceModuleIslandTag$
2390:             1             16  akka.stream.impl.TlsModuleIslandTag$
2391:             1             16  akka.stream.impl.streamref.StreamRefSettingsImpl$
2392:             1             16  akka.util.BoxedType$
2393:             1             16  akka.util.ByteString$$anon$1
2394:             1             16  akka.util.ByteString$ByteString1C$
2395:             1             16  akka.util.Collections$EmptyImmutableSeq$
2396:             1             16  akka.util.CompactByteString$
2397:             1             16  akka.util.Helpers$ConfigOps$
2398:             1             16  akka.util.Helpers$Requiring$
2399:             1             16  akka.util.JavaDurationConverters$
2400:             1             16  akka.util.JavaDurationConverters$JavaDurationOps$
2401:             1             16  akka.util.OptionVal$
2402:             1             16  akka.util.OptionVal$Some$
2403:             1             16  akka.util.Reflect$
2404:             1             16  akka.util.Reflect$$$Lambda$224/2016828666
2405:             1             16  akka.util.Reflect$$$Lambda$226/2015301874
2406:             1             16  akka.util.Reflect$$$Lambda$241/1660223291
2407:             1             16  akka.util.SubclassifiedIndex$
2408:             1             16  akka.util.SubclassifiedIndex$$Lambda$148/1361393151
2409:             1             16  akka.util.SubclassifiedIndex$$Lambda$150/1998949977
2410:             1             16  akka.util.Timeout$
2411:             1             16  akka.util.Unsafe$$Lambda$167/473053293
2412:             1             16  akka.util.WildcardIndex$
2413:             1             16  akka.util.WildcardTree$
2414:             1             16  akka.util.WildcardTree$$Lambda$220/2123222442
2415:             1             16  akka.util.ccompat.CompatImpl$
2416:             1             16  akka.util.ccompat.package$
2417:             1             16  akka.util.ccompat.package$JavaConverters$
2418:             1             16  com.github.yck.simpletask.StatefulTask$2
2419:             1             16  com.github.yck.simpletask.StatefulTask$2
2420:             1             16  com.github.yck.simpletask.StatefulTask$2
2421:             1             16  com.github.yck.simpletask.StatelessTask$2
2422:             1             16  com.github.yck.simpletask.StatelessTask$2
2423:             1             16  com.sun.jmx.interceptor.DefaultMBeanServerInterceptor$ResourceContext$1
2424:             1             16  com.sun.jmx.mbeanserver.DefaultMXBeanMappingFactory
2425:             1             16  com.sun.jmx.mbeanserver.DescriptorCache
2426:             1             16  com.sun.jmx.mbeanserver.MBeanAnalyzer$MethodOrder
2427:             1             16  com.sun.jmx.mbeanserver.MBeanInstantiator
2428:             1             16  com.sun.jmx.mbeanserver.MXBeanIntrospector
2429:             1             16  com.sun.jmx.mbeanserver.SecureClassLoaderRepository
2430:             1             16  com.sun.jmx.mbeanserver.StandardMBeanIntrospector
2431:             1             16  com.sun.proxy.$Proxy14
2432:             1             16  com.sun.proxy.$Proxy20
2433:             1             16  com.sun.proxy.$Proxy23
2434:             1             16  com.sun.proxy.$Proxy4
2435:             1             16  com.typesafe.config.ConfigResolveOptions$1
2436:             1             16  com.typesafe.config.impl.Parseable$1
2437:             1             16  com.typesafe.config.impl.SimpleIncluder
2438:             1             16  java.io.DeleteOnExitHook$1
2439:             1             16  java.io.FileDescriptor$1
2440:             1             16  java.io.ObjectInputStream$$Lambda$560/354494603
2441:             1             16  java.io.ObjectInputStream$1
2442:             1             16  java.lang.ApplicationShutdownHooks$1
2443:             1             16  java.lang.CharacterDataLatin1
2444:             1             16  java.lang.InheritableThreadLocal
2445:             1             16  java.lang.ProcessEnvironment$StringEntrySet
2446:             1             16  java.lang.Runtime
2447:             1             16  java.lang.String$CaseInsensitiveComparator
2448:             1             16  java.lang.System$2
2449:             1             16  java.lang.Terminator$1
2450:             1             16  java.lang.invoke.MemberName$Factory
2451:             1             16  java.lang.invoke.MethodHandleImpl$2
2452:             1             16  java.lang.invoke.MethodHandleImpl$3
2453:             1             16  java.lang.management.PlatformComponent$1
2454:             1             16  java.lang.management.PlatformComponent$10
2455:             1             16  java.lang.management.PlatformComponent$11
2456:             1             16  java.lang.management.PlatformComponent$12
2457:             1             16  java.lang.management.PlatformComponent$13
2458:             1             16  java.lang.management.PlatformComponent$14
2459:             1             16  java.lang.management.PlatformComponent$15
2460:             1             16  java.lang.management.PlatformComponent$2
2461:             1             16  java.lang.management.PlatformComponent$3
2462:             1             16  java.lang.management.PlatformComponent$4
2463:             1             16  java.lang.management.PlatformComponent$5
2464:             1             16  java.lang.management.PlatformComponent$6
2465:             1             16  java.lang.management.PlatformComponent$7
2466:             1             16  java.lang.management.PlatformComponent$8
2467:             1             16  java.lang.management.PlatformComponent$9
2468:             1             16  java.lang.ref.Reference$1
2469:             1             16  java.lang.ref.Reference$Lock
2470:             1             16  java.lang.reflect.Proxy$KeyFactory
2471:             1             16  java.lang.reflect.Proxy$ProxyClassFactory
2472:             1             16  java.lang.reflect.ReflectAccess
2473:             1             16  java.math.BigDecimal$1
2474:             1             16  java.net.InetAddress$2
2475:             1             16  java.net.URLClassLoader$7
2476:             1             16  java.nio.Bits$1
2477:             1             16  java.nio.Bits$1$1
2478:             1             16  java.nio.charset.CoderResult$1
2479:             1             16  java.nio.charset.CoderResult$2
2480:             1             16  java.nio.file.Files$AcceptAllFilter
2481:             1             16  java.security.AllPermission
2482:             1             16  java.security.ProtectionDomain$2
2483:             1             16  java.security.ProtectionDomain$JavaSecurityAccessImpl
2484:             1             16  java.time.chrono.AbstractChronology$$Lambda$22/1264213713
2485:             1             16  java.time.chrono.AbstractChronology$$Lambda$23/1019384604
2486:             1             16  java.time.chrono.AbstractChronology$$Lambda$24/963110412
2487:             1             16  java.time.chrono.IsoChronology
2488:             1             16  java.time.format.DateTimeFormatter$$Lambda$25/2061347276
2489:             1             16  java.time.format.DateTimeFormatter$$Lambda$26/1559122513
2490:             1             16  java.time.format.DateTimeFormatterBuilder$$Lambda$21/158199555
2491:             1             16  java.time.format.DateTimeFormatterBuilder$2
2492:             1             16  java.time.format.DateTimeFormatterBuilder$InstantPrinterParser
2493:             1             16  java.time.format.DateTimeTextProvider$1
2494:             1             16  java.time.temporal.TemporalQueries$$Lambda$28/1541857308
2495:             1             16  java.time.temporal.TemporalQueries$$Lambda$29/1861781750
2496:             1             16  java.time.temporal.TemporalQueries$$Lambda$30/2095303566
2497:             1             16  java.time.temporal.TemporalQueries$$Lambda$31/1378084334
2498:             1             16  java.time.temporal.TemporalQueries$$Lambda$32/200224114
2499:             1             16  java.time.temporal.TemporalQueries$$Lambda$33/581318631
2500:             1             16  java.time.temporal.TemporalQueries$$Lambda$34/487694075
2501:             1             16  java.util.Collections$EmptyEnumeration
2502:             1             16  java.util.Collections$EmptyIterator
2503:             1             16  java.util.Collections$EmptyList
2504:             1             16  java.util.Collections$EmptySet
2505:             1             16  java.util.Collections$UnmodifiableMap$UnmodifiableEntrySet
2506:             1             16  java.util.Currency$CurrencyNameGetter
2507:             1             16  java.util.EnumMap$1
2508:             1             16  java.util.Hashtable$KeySet
2509:             1             16  java.util.ResourceBundle$Control
2510:             1             16  java.util.Spliterators$EmptySpliterator$OfDouble
2511:             1             16  java.util.Spliterators$EmptySpliterator$OfInt
2512:             1             16  java.util.Spliterators$EmptySpliterator$OfLong
2513:             1             16  java.util.Spliterators$EmptySpliterator$OfRef
2514:             1             16  java.util.WeakHashMap$KeySet
2515:             1             16  java.util.concurrent.CompletableFuture$ThreadPerTaskExecutor
2516:             1             16  java.util.concurrent.ForkJoinPool$DefaultForkJoinWorkerThreadFactory
2517:             1             16  java.util.concurrent.Semaphore
2518:             1             16  java.util.concurrent.ThreadPoolExecutor$AbortPolicy
2519:             1             16  java.util.function.Function$$Lambda$447/883678948
2520:             1             16  java.util.jar.JavaUtilJarAccessImpl
2521:             1             16  java.util.logging.LoggingProxyImpl
2522:             1             16  java.util.regex.Pattern$4
2523:             1             16  java.util.regex.Pattern$LastNode
2524:             1             16  java.util.regex.Pattern$Node
2525:             1             16  java.util.stream.Collectors$$Lambda$106/1800976873
2526:             1             16  java.util.stream.Collectors$$Lambda$107/253011924
2527:             1             16  java.util.stream.Collectors$$Lambda$108/1390913202
2528:             1             16  java.util.stream.Collectors$$Lambda$423/1410367298
2529:             1             16  java.util.stream.Collectors$$Lambda$424/454160179
2530:             1             16  java.util.stream.Collectors$$Lambda$425/74885833
2531:             1             16  java.util.stream.Collectors$$Lambda$448/1906947271
2532:             1             16  java.util.stream.Collectors$$Lambda$449/2010070923
2533:             1             16  java.util.stream.Collectors$$Lambda$54/1710989308
2534:             1             16  java.util.stream.Collectors$$Lambda$55/2020152163
2535:             1             16  java.util.stream.Collectors$$Lambda$56/60292059
2536:             1             16  java.util.stream.Collectors$$Lambda$57/869601985
2537:             1             16  java.util.stream.Collectors$$Lambda$658/662900259
2538:             1             16  java.util.stream.FindOps$$Lambda$83/879583678
2539:             1             16  java.util.stream.FindOps$$Lambda$84/1025309396
2540:             1             16  java.util.stream.IntPipeline$$Lambda$168/1344519051
2541:             1             16  java.util.stream.IntPipeline$$Lambda$666/613832121
2542:             1             16  java.util.stream.IntPipeline$$Lambda$82/1504642150
2543:             1             16  java.util.stream.Nodes$EmptyNode$OfDouble
2544:             1             16  java.util.stream.Nodes$EmptyNode$OfInt
2545:             1             16  java.util.stream.Nodes$EmptyNode$OfLong
2546:             1             16  java.util.stream.Nodes$EmptyNode$OfRef
2547:             1             16  java.util.zip.ZipFile$1
2548:             1             16  javax.management.JMX
2549:             1             16  javax.management.MBeanServerBuilder
2550:             1             16  javax.management.NotificationBroadcasterSupport$1
2551:             1             16  org.apache.flink.api.common.eventtime.IndexedCombinedWatermarkStatus$$Lambda$641/2134754678
2552:             1             16  org.apache.flink.api.common.eventtime.IndexedCombinedWatermarkStatus$$Lambda$642/1733051492
2553:             1             16  org.apache.flink.api.common.state.StateTtlConfig$CleanupStrategies$EmptyCleanupStrategy
2554:             1             16  org.apache.flink.api.common.typeutils.base.BigDecSerializer
2555:             1             16  org.apache.flink.api.common.typeutils.base.BigIntSerializer
2556:             1             16  org.apache.flink.api.common.typeutils.base.BooleanSerializer
2557:             1             16  org.apache.flink.api.common.typeutils.base.ByteSerializer
2558:             1             16  org.apache.flink.api.common.typeutils.base.CharSerializer
2559:             1             16  org.apache.flink.api.common.typeutils.base.DateSerializer
2560:             1             16  org.apache.flink.api.common.typeutils.base.DoubleSerializer
2561:             1             16  org.apache.flink.api.common.typeutils.base.FloatSerializer
2562:             1             16  org.apache.flink.api.common.typeutils.base.InstantSerializer
2563:             1             16  org.apache.flink.api.common.typeutils.base.LongSerializer
2564:             1             16  org.apache.flink.api.common.typeutils.base.ShortSerializer
2565:             1             16  org.apache.flink.api.common.typeutils.base.VoidSerializer
2566:             1             16  org.apache.flink.configuration.ConfigOption$$Lambda$42/1390869998
2567:             1             16  org.apache.flink.configuration.ConfigOption$$Lambda$44/1608297024
2568:             1             16  org.apache.flink.configuration.ConfigOption$$Lambda$95/1910438136
2569:             1             16  org.apache.flink.configuration.ConfigOption$$Lambda$96/943454742
2570:             1             16  org.apache.flink.configuration.Configuration$$Lambda$495/703627308
2571:             1             16  org.apache.flink.configuration.Configuration$$Lambda$623/1495617411
2572:             1             16  org.apache.flink.configuration.Configuration$$Lambda$625/839274148
2573:             1             16  org.apache.flink.configuration.Configuration$$Lambda$640/6349014
2574:             1             16  org.apache.flink.configuration.Configuration$$Lambda$91/671046933
2575:             1             16  org.apache.flink.configuration.MemorySize$$Lambda$89/1716093734
2576:             1             16  org.apache.flink.configuration.UnmodifiableConfiguration
2577:             1             16  org.apache.flink.core.classloading.ComponentClassLoader$$Lambda$65/1583159071
2578:             1             16  org.apache.flink.core.classloading.ComponentClassLoader$$Lambda$66/607207372
2579:             1             16  org.apache.flink.core.fs.FileSystem$$Lambda$63/664792509
2580:             1             16  org.apache.flink.core.fs.FileSystem$$Lambda$67/2151717
2581:             1             16  org.apache.flink.core.fs.SafetyNetCloseableRegistry$$Lambda$609/259411774
2582:             1             16  org.apache.flink.core.fs.local.LocalFileSystemFactory
2583:             1             16  org.apache.flink.core.memory.MemorySegmentFactory$$Lambda$471/1957282992
2584:             1             16  org.apache.flink.core.plugin.DirectoryBasedPluginFinder$$Lambda$49/447718425
2585:             1             16  org.apache.flink.core.plugin.DirectoryBasedPluginFinder$$Lambda$59/1609124502
2586:             1             16  org.apache.flink.core.plugin.DirectoryBasedPluginFinder$$Lambda$60/1985836631
2587:             1             16  org.apache.flink.core.plugin.DirectoryBasedPluginFinder$$Lambda$61/1948471365
2588:             1             16  org.apache.flink.core.plugin.PluginConfig$$Lambda$41/496729294
2589:             1             16  org.apache.flink.management.jmx.JMXService$$Lambda$501/618512906
2590:             1             16  org.apache.flink.runtime.broadcast.BroadcastVariableManager
2591:             1             16  org.apache.flink.runtime.checkpoint.InflightDataRescalingDescriptor$NoRescalingDescriptor
2592:             1             16  org.apache.flink.runtime.checkpoint.PrioritizedOperatorSubtaskState$Builder$$Lambda$682/910411351
2593:             1             16  org.apache.flink.runtime.checkpoint.PrioritizedOperatorSubtaskState$Builder$$Lambda$684/1304198903
2594:             1             16  org.apache.flink.runtime.checkpoint.PrioritizedOperatorSubtaskState$Builder$$Lambda$685/1619347127
2595:             1             16  org.apache.flink.runtime.checkpoint.PrioritizedOperatorSubtaskState$Builder$$Lambda$686/1198116048
2596:             1             16  org.apache.flink.runtime.checkpoint.PrioritizedOperatorSubtaskState$Builder$$Lambda$687/1300511695
2597:             1             16  org.apache.flink.runtime.checkpoint.PrioritizedOperatorSubtaskState$Builder$$Lambda$688/897478275
2598:             1             16  org.apache.flink.runtime.checkpoint.StateObjectCollection
2599:             1             16  org.apache.flink.runtime.checkpoint.TaskStateSnapshot$$Lambda$649/769229201
2600:             1             16  org.apache.flink.runtime.checkpoint.TaskStateSnapshot$$Lambda$650/34909730
2601:             1             16  org.apache.flink.runtime.checkpoint.TaskStateSnapshot$$Lambda$695/2107779616
2602:             1             16  org.apache.flink.runtime.checkpoint.channel.ChannelStateWriter$NoOpChannelStateWriter
2603:             1             16  org.apache.flink.runtime.checkpoint.channel.SequentialChannelStateReaderImpl$$Lambda$653/1028561387
2604:             1             16  org.apache.flink.runtime.checkpoint.channel.SequentialChannelStateReaderImpl$$Lambda$654/1974439320
2605:             1             16  org.apache.flink.runtime.checkpoint.channel.SequentialChannelStateReaderImpl$$Lambda$655/576496592
2606:             1             16  org.apache.flink.runtime.checkpoint.channel.SequentialChannelStateReaderImpl$$Lambda$657/430921806
2607:             1             16  org.apache.flink.runtime.checkpoint.channel.SequentialChannelStateReaderImpl$$Lambda$696/950053872
2608:             1             16  org.apache.flink.runtime.clusterframework.types.ResourceProfile$$Lambda$484/351970188
2609:             1             16  org.apache.flink.runtime.clusterframework.types.ResourceProfile$$Lambda$485/2146613458
2610:             1             16  org.apache.flink.runtime.clusterframework.types.ResourceProfile$$Lambda$486/115086468
2611:             1             16  org.apache.flink.runtime.clusterframework.types.ResourceProfile$Builder$$Lambda$487/1855112877
2612:             1             16  org.apache.flink.runtime.concurrent.akka.AkkaFutureUtils$DirectExecutionContext
2613:             1             16  org.apache.flink.runtime.execution.librarycache.BlobLibraryCacheManager$$Lambda$491/222300483
2614:             1             16  org.apache.flink.runtime.execution.librarycache.BlobLibraryCacheManager$ResolvedClassLoader$$Lambda$622/48779684
2615:             1             16  org.apache.flink.runtime.externalresource.ExternalResourceUtils$$Lambda$444/669725336
2616:             1             16  org.apache.flink.runtime.externalresource.StaticExternalResourceInfoProvider
2617:             1             16  org.apache.flink.runtime.filecache.FileCache$$Lambda$499/275211348
2618:             1             16  org.apache.flink.runtime.fs.maprfs.MapRFsFactory
2619:             1             16  org.apache.flink.runtime.heartbeat.HeartbeatManagerImpl$$Lambda$584/1658155028
2620:             1             16  org.apache.flink.runtime.highavailability.nonha.standalone.StandaloneRunningJobsRegistry
2621:             1             16  org.apache.flink.runtime.io.disk.iomanager.IOManager$$Lambda$468/1540832538
2622:             1             16  org.apache.flink.runtime.io.disk.iomanager.IOManagerAsync$$Lambda$469/2081964843
2623:             1             16  org.apache.flink.runtime.io.network.NettyShuffleServiceFactory$$Lambda$470/788048067
2624:             1             16  org.apache.flink.runtime.io.network.TaskEventDispatcher
2625:             1             16  org.apache.flink.runtime.io.network.buffer.FreeingBufferRecycler
2626:             1             16  org.apache.flink.runtime.io.network.logger.NetworkActionsLogger$$Lambda$711/1831881462
2627:             1             16  org.apache.flink.runtime.io.network.metrics.NettyShuffleMetricFactory$$Lambda$475/2042917213
2628:             1             16  org.apache.flink.runtime.io.network.metrics.NettyShuffleMetricFactory$$Lambda$476/1520656618
2629:             1             16  org.apache.flink.runtime.io.network.metrics.NettyShuffleMetricFactory$$Lambda$477/1699265405
2630:             1             16  org.apache.flink.runtime.io.network.metrics.NettyShuffleMetricFactory$$Lambda$478/1412656257
2631:             1             16  org.apache.flink.runtime.io.network.metrics.NettyShuffleMetricFactory$$Lambda$479/358019805
2632:             1             16  org.apache.flink.runtime.io.network.metrics.NettyShuffleMetricFactory$$Lambda$480/904208473
2633:             1             16  org.apache.flink.runtime.io.network.metrics.NettyShuffleMetricFactory$$Lambda$481/103118806
2634:             1             16  org.apache.flink.runtime.io.network.metrics.NettyShuffleMetricFactory$$Lambda$482/1237144823
2635:             1             16  org.apache.flink.runtime.io.network.netty.NettyMessage$NettyMessageEncoder
2636:             1             16  org.apache.flink.runtime.io.network.partition.TaskExecutorPartitionTrackerImpl$$Lambda$580/780179419
2637:             1             16  org.apache.flink.runtime.io.network.partition.consumer.EndOfChannelStateEvent
2638:             1             16  org.apache.flink.runtime.messages.Acknowledge
2639:             1             16  org.apache.flink.runtime.metrics.ReporterSetup$$Lambda$422/1997344422
2640:             1             16  org.apache.flink.runtime.metrics.ReporterSetup$$Lambda$426/1827303532
2641:             1             16  org.apache.flink.runtime.metrics.dump.MetricQueryService$1
2642:             1             16  org.apache.flink.runtime.metrics.util.MetricUtils$$Lambda$452/1215029765
2643:             1             16  org.apache.flink.runtime.metrics.util.MetricUtils$$Lambda$454/766696861
2644:             1             16  org.apache.flink.runtime.metrics.util.MetricUtils$$Lambda$457/1103017075
2645:             1             16  org.apache.flink.runtime.metrics.util.MetricUtils$$Lambda$461/55755528
2646:             1             16  org.apache.flink.runtime.metrics.util.MetricUtils$$Lambda$463/2100771791
2647:             1             16  org.apache.flink.runtime.metrics.util.MetricUtils$$Lambda$464/98412281
2648:             1             16  org.apache.flink.runtime.metrics.util.MetricUtils$$Lambda$465/201392112
2649:             1             16  org.apache.flink.runtime.metrics.util.MetricUtils$$Lambda$466/748975217
2650:             1             16  org.apache.flink.runtime.metrics.util.MetricUtils$$Lambda$467/1510087865
2651:             1             16  org.apache.flink.runtime.metrics.util.MetricUtils$$Lambda$493/2015007762
2652:             1             16  org.apache.flink.runtime.metrics.util.MetricUtils$$Lambda$494/1514955661
2653:             1             16  org.apache.flink.runtime.rpc.akka.$Proxy18
2654:             1             16  org.apache.flink.runtime.rpc.akka.$Proxy22
2655:             1             16  org.apache.flink.runtime.rpc.akka.AkkaRpcServiceUtils$$Lambda$92/1606286799
2656:             1             16  org.apache.flink.runtime.rpc.akka.AkkaRpcServiceUtils$$Lambda$93/1325144078
2657:             1             16  org.apache.flink.runtime.rpc.akka.AkkaRpcServiceUtils$AkkaRpcServiceBuilder$$Lambda$102/605052357
2658:             1             16  org.apache.flink.runtime.rpc.akka.AkkaRpcSystem
2659:             1             16  org.apache.flink.runtime.rpc.akka.EscalatingSupervisorStrategy$$Lambda$244/1129869771
2660:             1             16  org.apache.flink.runtime.rpc.akka.RobustActorSystem$$Lambda$113/220695851
2661:             1             16  org.apache.flink.runtime.rpc.akka.RobustActorSystem$$Lambda$114/636782475
2662:             1             16  org.apache.flink.runtime.rpc.akka.RobustActorSystem$$Lambda$115/1312963234
2663:             1             16  org.apache.flink.runtime.rpc.akka.RobustActorSystem$$Lambda$117/826865256
2664:             1             16  org.apache.flink.runtime.rpc.akka.RobustActorSystem$$Lambda$118/1845517769
2665:             1             16  org.apache.flink.runtime.rpc.akka.RobustActorSystem$$Lambda$119/2095788421
2666:             1             16  org.apache.flink.runtime.security.contexts.NoOpSecurityContext
2667:             1             16  org.apache.flink.runtime.state.CheckpointStorageLocationReference
2668:             1             16  org.apache.flink.runtime.state.KeyExtractorFunction$1
2669:             1             16  org.apache.flink.runtime.state.PriorityComparator$$Lambda$708/1152252614
2670:             1             16  org.apache.flink.runtime.state.StateSnapshotTransformer$StateSnapshotTransformFactory$1
2671:             1             16  org.apache.flink.runtime.state.TaskExecutorLocalStateStoresManager$$Lambda$489/1519911160
2672:             1             16  org.apache.flink.runtime.state.TaskExecutorStateChangelogStoragesManager$$Lambda$490/600657906
2673:             1             16  org.apache.flink.runtime.state.UncompressedStreamCompressionDecorator
2674:             1             16  org.apache.flink.runtime.state.changelog.StateChangelogStorageLoader$$Lambda$72/2129144075
2675:             1             16  org.apache.flink.runtime.state.changelog.inmemory.InMemoryStateChangelogStorageFactory
2676:             1             16  org.apache.flink.runtime.state.heap.HeapKeyedStateBackend$$Lambda$700/309834216
2677:             1             16  org.apache.flink.runtime.state.heap.HeapKeyedStateBackend$$Lambda$701/611168827
2678:             1             16  org.apache.flink.runtime.state.heap.HeapKeyedStateBackend$$Lambda$702/1722100683
2679:             1             16  org.apache.flink.runtime.state.heap.HeapKeyedStateBackend$$Lambda$703/1487663833
2680:             1             16  org.apache.flink.runtime.state.heap.HeapKeyedStateBackend$$Lambda$704/2107921113
2681:             1             16  org.apache.flink.runtime.state.heap.HeapKeyedStateBackend$$Lambda$705/605524712
2682:             1             16  org.apache.flink.runtime.state.heap.HeapKeyedStateBackend$$Lambda$706/2079993385
2683:             1             16  org.apache.flink.runtime.state.heap.HeapKeyedStateBackendBuilder$$Lambda$699/1248505834
2684:             1             16  org.apache.flink.runtime.state.storage.ExternalizedSnapshotLocation$$Lambda$629/240213776
2685:             1             16  org.apache.flink.runtime.state.ttl.TtlTimeProvider$$Lambda$674/706971861
2686:             1             16  org.apache.flink.runtime.taskexecutor.DefaultJobTable$$Lambda$595/1196559102
2687:             1             16  org.apache.flink.runtime.taskexecutor.TaskExecutor$$Lambda$601/322248380
2688:             1             16  org.apache.flink.runtime.taskexecutor.TaskExecutor$$Lambda$602/867186802
2689:             1             16  org.apache.flink.runtime.taskexecutor.TaskExecutor$$Lambda$604/1998289746
2690:             1             16  org.apache.flink.runtime.taskexecutor.TaskExecutor$$Lambda$605/1163570795
2691:             1             16  org.apache.flink.runtime.taskexecutor.TaskExecutor$$Lambda$721/996569339
2692:             1             16  org.apache.flink.runtime.taskexecutor.TaskExecutor$JobLeaderListenerImpl
2693:             1             16  org.apache.flink.runtime.taskexecutor.TaskExecutor$JobManagerHeartbeatListener
2694:             1             16  org.apache.flink.runtime.taskexecutor.TaskExecutor$JobManagerHeartbeatListener$$Lambda$724/1565846985
2695:             1             16  org.apache.flink.runtime.taskexecutor.TaskExecutor$ResourceManagerHeartbeatListener
2696:             1             16  org.apache.flink.runtime.taskexecutor.TaskExecutor$ResourceManagerHeartbeatTarget
2697:             1             16  org.apache.flink.runtime.taskexecutor.TaskExecutor$ResourceManagerRegistrationListener
2698:             1             16  org.apache.flink.runtime.taskexecutor.TaskExecutor$SlotActionsImpl
2699:             1             16  org.apache.flink.runtime.taskexecutor.TaskExecutorResourceSpec$$Lambda$445/458998685
2700:             1             16  org.apache.flink.runtime.taskexecutor.TaskExecutorResourceSpec$$Lambda$446/345290829
2701:             1             16  org.apache.flink.runtime.taskexecutor.TaskExecutorToServiceAdapter
2702:             1             16  org.apache.flink.runtime.taskexecutor.TaskManagerRunner$$Lambda$492/838800272
2703:             1             16  org.apache.flink.runtime.taskexecutor.TaskManagerRunner$$Lambda$496/1869177530
2704:             1             16  org.apache.flink.runtime.taskexecutor.TaskManagerRunner$$Lambda$497/824900551
2705:             1             16  org.apache.flink.runtime.taskexecutor.TaskManagerRunner$$Lambda$77/931496835
2706:             1             16  org.apache.flink.runtime.taskexecutor.ThreadInfoSampleService
2707:             1             16  org.apache.flink.runtime.taskexecutor.partition.PartitionTable
2708:             1             16  org.apache.flink.runtime.taskexecutor.slot.TaskSlotTableImpl$TaskSlotIterator$$Lambda$620/1363234535
2709:             1             16  org.apache.flink.runtime.util.ClusterUncaughtExceptionHandler
2710:             1             16  org.apache.flink.runtime.util.EnvironmentInformation$Versions$$Lambda$27/1552978964
2711:             1             16  org.apache.flink.runtime.util.EnvironmentInformation$Versions$$Lambda$36/117009527
2712:             1             16  org.apache.flink.shaded.guava30.com.google.common.base.Absent
2713:             1             16  org.apache.flink.shaded.guava30.com.google.common.base.CharMatcher$None
2714:             1             16  org.apache.flink.shaded.guava30.com.google.common.base.CharMatcher$Whitespace
2715:             1             16  org.apache.flink.shaded.guava30.com.google.common.base.Java8Usage$$Lambda$47/1130894323
2716:             1             16  org.apache.flink.shaded.guava30.com.google.common.io.Closer$SuppressingSuppressor
2717:             1             16  org.apache.flink.shaded.netty4.io.netty.bootstrap.BootstrapConfig
2718:             1             16  org.apache.flink.shaded.netty4.io.netty.bootstrap.ServerBootstrapConfig
2719:             1             16  org.apache.flink.shaded.netty4.io.netty.buffer.AbstractReferenceCountedByteBuf$1
2720:             1             16  org.apache.flink.shaded.netty4.io.netty.buffer.ByteBufUtil$1
2721:             1             16  org.apache.flink.shaded.netty4.io.netty.buffer.ByteBufUtil$2
2722:             1             16  org.apache.flink.shaded.netty4.io.netty.channel.ChannelFutureListener$1
2723:             1             16  org.apache.flink.shaded.netty4.io.netty.channel.ChannelFutureListener$2
2724:             1             16  org.apache.flink.shaded.netty4.io.netty.channel.ChannelFutureListener$3
2725:             1             16  org.apache.flink.shaded.netty4.io.netty.channel.ChannelHandlerMask$1
2726:             1             16  org.apache.flink.shaded.netty4.io.netty.channel.ChannelOutboundBuffer$1
2727:             1             16  org.apache.flink.shaded.netty4.io.netty.channel.DefaultChannelPipeline$1
2728:             1             16  org.apache.flink.shaded.netty4.io.netty.channel.DefaultMessageSizeEstimator
2729:             1             16  org.apache.flink.shaded.netty4.io.netty.channel.DefaultMessageSizeEstimator$HandleImpl
2730:             1             16  org.apache.flink.shaded.netty4.io.netty.channel.DefaultSelectStrategy
2731:             1             16  org.apache.flink.shaded.netty4.io.netty.channel.DefaultSelectStrategyFactory
2732:             1             16  org.apache.flink.shaded.netty4.io.netty.channel.VoidChannelPromise$1
2733:             1             16  org.apache.flink.shaded.netty4.io.netty.channel.epoll.AbstractEpollChannel$AbstractEpollUnsafe$1
2734:             1             16  org.apache.flink.shaded.netty4.io.netty.util.AbstractReferenceCounted$1
2735:             1             16  org.apache.flink.shaded.netty4.io.netty.util.NettyRuntime$AvailableProcessorsHolder
2736:             1             16  org.apache.flink.shaded.netty4.io.netty.util.concurrent.AbstractScheduledEventExecutor$1
2737:             1             16  org.apache.flink.shaded.netty4.io.netty.util.concurrent.AbstractScheduledEventExecutor$2
2738:             1             16  org.apache.flink.shaded.netty4.io.netty.util.concurrent.DefaultEventExecutorChooserFactory
2739:             1             16  org.apache.flink.shaded.netty4.io.netty.util.concurrent.DefaultPromise$CauseHolder
2740:             1             16  org.apache.flink.shaded.netty4.io.netty.util.concurrent.FastThreadLocal
2741:             1             16  org.apache.flink.shaded.netty4.io.netty.util.concurrent.GlobalEventExecutor$1
2742:             1             16  org.apache.flink.shaded.netty4.io.netty.util.concurrent.GlobalEventExecutor$TaskRunner
2743:             1             16  org.apache.flink.shaded.netty4.io.netty.util.concurrent.RejectedExecutionHandlers$1
2744:             1             16  org.apache.flink.shaded.netty4.io.netty.util.concurrent.SingleThreadEventExecutor$1
2745:             1             16  org.apache.flink.shaded.netty4.io.netty.util.concurrent.SingleThreadEventExecutor$4
2746:             1             16  org.apache.flink.shaded.netty4.io.netty.util.internal.CleanerJava6
2747:             1             16  org.apache.flink.shaded.netty4.io.netty.util.internal.PlatformDependent$1
2748:             1             16  org.apache.flink.shaded.netty4.io.netty.util.internal.PlatformDependent$2
2749:             1             16  org.apache.flink.streaming.api.graph.StreamConfig$$Lambda$680/1985673912
2750:             1             16  org.apache.flink.streaming.api.graph.StreamConfig$$Lambda$681/614779486
2751:             1             16  org.apache.flink.streaming.runtime.io.checkpointing.InputProcessorUtil$$Lambda$661/781009128
2752:             1             16  org.apache.flink.streaming.runtime.io.checkpointing.InputProcessorUtil$$Lambda$662/1888120657
2753:             1             16  org.apache.flink.streaming.runtime.io.checkpointing.InputProcessorUtil$$Lambda$663/1487358261
2754:             1             16  org.apache.flink.streaming.runtime.io.checkpointing.InputProcessorUtil$$Lambda$665/702224894
2755:             1             16  org.apache.flink.streaming.runtime.io.checkpointing.InputProcessorUtil$$Lambda$669/1613418752
2756:             1             16  org.apache.flink.streaming.runtime.io.checkpointing.InputProcessorUtil$$Lambda$670/2040519104
2757:             1             16  org.apache.flink.streaming.runtime.io.checkpointing.InputProcessorUtil$$Lambda$672/1462362950
2758:             1             16  org.apache.flink.streaming.runtime.io.checkpointing.UpstreamRecoveryTracker$1
2759:             1             16  org.apache.flink.streaming.runtime.tasks.OperatorChain$$Lambda$645/405965720
2760:             1             16  org.apache.flink.streaming.runtime.tasks.StreamTask$$Lambda$679/1581129876
2761:             1             16  org.apache.flink.streaming.runtime.tasks.StreamTaskActionExecutor$1
2762:             1             16  org.apache.flink.types.SerializableOptional
2763:             1             16  org.apache.flink.types.StringValue$$Lambda$707/502508970
2764:             1             16  org.apache.flink.util.FatalExitExceptionHandler
2765:             1             16  org.apache.flink.util.FlinkUserCodeClassLoader$$Lambda$621/1215493513
2766:             1             16  org.apache.flink.util.TimeUtils$TimeUnit$$Lambda$80/1987169128
2767:             1             16  org.apache.flink.util.clock.SystemClock
2768:             1             16  org.apache.flink.util.function.FunctionUtils$$Lambda$51/1939990953
2769:             1             16  org.apache.flink.util.function.FunctionUtils$$Lambda$52/2073621255
2770:             1             16  org.apache.log4j.config.PropertiesConfigurationFactory
2771:             1             16  org.apache.log4j.xml.XmlConfigurationFactory
2772:             1             16  org.apache.logging.log4j.ThreadContext$EmptyIterator
2773:             1             16  org.apache.logging.log4j.ThreadContext$EmptyThreadContextStack
2774:             1             16  org.apache.logging.log4j.core.LoggerContext$$Lambda$15/633075331
2775:             1             16  org.apache.logging.log4j.core.appender.ConsoleAppender$ConsoleManagerFactory
2776:             1             16  org.apache.logging.log4j.core.appender.FileManager$FileManagerFactory
2777:             1             16  org.apache.logging.log4j.core.appender.rolling.RollingFileManager$RollingFileManagerFactory
2778:             1             16  org.apache.logging.log4j.core.config.ConfigurationFactory$Factory
2779:             1             16  org.apache.logging.log4j.core.config.DefaultReliabilityStrategy
2780:             1             16  org.apache.logging.log4j.core.config.OrderComparator
2781:             1             16  org.apache.logging.log4j.core.config.plugins.convert.TypeConverterRegistry
2782:             1             16  org.apache.logging.log4j.core.config.plugins.convert.TypeConverters$BigDecimalConverter
2783:             1             16  org.apache.logging.log4j.core.config.plugins.convert.TypeConverters$BigIntegerConverter
2784:             1             16  org.apache.logging.log4j.core.config.plugins.convert.TypeConverters$BooleanConverter
2785:             1             16  org.apache.logging.log4j.core.config.plugins.convert.TypeConverters$ByteArrayConverter
2786:             1             16  org.apache.logging.log4j.core.config.plugins.convert.TypeConverters$ByteConverter
2787:             1             16  org.apache.logging.log4j.core.config.plugins.convert.TypeConverters$CharArrayConverter
2788:             1             16  org.apache.logging.log4j.core.config.plugins.convert.TypeConverters$CharacterConverter
2789:             1             16  org.apache.logging.log4j.core.config.plugins.convert.TypeConverters$CharsetConverter
2790:             1             16  org.apache.logging.log4j.core.config.plugins.convert.TypeConverters$ClassConverter
2791:             1             16  org.apache.logging.log4j.core.config.plugins.convert.TypeConverters$CronExpressionConverter
2792:             1             16  org.apache.logging.log4j.core.config.plugins.convert.TypeConverters$DoubleConverter
2793:             1             16  org.apache.logging.log4j.core.config.plugins.convert.TypeConverters$DurationConverter
2794:             1             16  org.apache.logging.log4j.core.config.plugins.convert.TypeConverters$FileConverter
2795:             1             16  org.apache.logging.log4j.core.config.plugins.convert.TypeConverters$FloatConverter
2796:             1             16  org.apache.logging.log4j.core.config.plugins.convert.TypeConverters$InetAddressConverter
2797:             1             16  org.apache.logging.log4j.core.config.plugins.convert.TypeConverters$IntegerConverter
2798:             1             16  org.apache.logging.log4j.core.config.plugins.convert.TypeConverters$LevelConverter
2799:             1             16  org.apache.logging.log4j.core.config.plugins.convert.TypeConverters$LongConverter
2800:             1             16  org.apache.logging.log4j.core.config.plugins.convert.TypeConverters$PathConverter
2801:             1             16  org.apache.logging.log4j.core.config.plugins.convert.TypeConverters$PatternConverter
2802:             1             16  org.apache.logging.log4j.core.config.plugins.convert.TypeConverters$SecurityProviderConverter
2803:             1             16  org.apache.logging.log4j.core.config.plugins.convert.TypeConverters$ShortConverter
2804:             1             16  org.apache.logging.log4j.core.config.plugins.convert.TypeConverters$StringConverter
2805:             1             16  org.apache.logging.log4j.core.config.plugins.convert.TypeConverters$UriConverter
2806:             1             16  org.apache.logging.log4j.core.config.plugins.convert.TypeConverters$UrlConverter
2807:             1             16  org.apache.logging.log4j.core.config.plugins.convert.TypeConverters$UuidConverter
2808:             1             16  org.apache.logging.log4j.core.config.plugins.processor.PluginCache$$Lambda$8/706277948
2809:             1             16  org.apache.logging.log4j.core.config.properties.PropertiesConfigurationFactory
2810:             1             16  org.apache.logging.log4j.core.config.xml.XmlConfigurationFactory
2811:             1             16  org.apache.logging.log4j.core.impl.ReusableLogEventFactory
2812:             1             16  org.apache.logging.log4j.core.impl.ThreadContextDataProvider
2813:             1             16  org.apache.logging.log4j.core.lookup.StrMatcher$NoMatcher
2814:             1             16  org.apache.logging.log4j.core.lookup.StrMatcher$TrimMatcher
2815:             1             16  org.apache.logging.log4j.core.net.JndiManager$JndiManagerFactory
2816:             1             16  org.apache.logging.log4j.core.pattern.NameAbbreviator$NOPAbbreviator
2817:             1             16  org.apache.logging.log4j.core.pattern.NotANumber
2818:             1             16  org.apache.logging.log4j.core.pattern.PlainTextRenderer
2819:             1             16  org.apache.logging.log4j.core.selector.ClassLoaderContextSelector
2820:             1             16  org.apache.logging.log4j.core.util.BasicAuthorizationProvider
2821:             1             16  org.apache.logging.log4j.core.util.datetime.FastDateFormat$1
2822:             1             16  org.apache.logging.log4j.core.util.datetime.FastDateParser$$Lambda$20/1742920067
2823:             1             16  org.apache.logging.log4j.core.util.datetime.FastDateParser$1
2824:             1             16  org.apache.logging.log4j.core.util.datetime.FastDateParser$2
2825:             1             16  org.apache.logging.log4j.core.util.datetime.FastDateParser$3
2826:             1             16  org.apache.logging.log4j.core.util.datetime.FastDateParser$4
2827:             1             16  org.apache.logging.log4j.core.util.datetime.FastDateParser$5
2828:             1             16  org.apache.logging.log4j.core.util.datetime.FastDatePrinter$TwoDigitMonthField
2829:             1             16  org.apache.logging.log4j.core.util.datetime.FastDatePrinter$TwoDigitNumberField
2830:             1             16  org.apache.logging.log4j.message.ParameterFormatter$$Lambda$37/568221876
2831:             1             16  org.apache.logging.log4j.message.ParameterizedNoReferenceMessageFactory
2832:             1             16  org.apache.logging.log4j.spi.CopyOnWriteSortedArrayThreadContextMap
2833:             1             16  org.apache.logging.log4j.spi.DefaultThreadContextStack
2834:             1             16  org.apache.logging.log4j.util.LoaderUtil$ThreadContextClassLoaderGetter
2835:             1             16  org.apache.logging.log4j.util.PropertiesUtil$Environment$$Lambda$1/1144748369
2836:             1             16  org.apache.logging.log4j.util.ProviderUtil
2837:             1             16  org.apache.logging.log4j.util.SortedArrayStringMap$$Lambda$5/353842779
2838:             1             16  org.apache.logging.log4j.util.StackLocator
2839:             1             16  org.apache.logging.log4j.util.Strings$$Lambda$3/1190035432
2840:             1             16  org.apache.logging.slf4j.Log4jLoggerFactory$$Lambda$4/2027961269
2841:             1             16  org.apache.logging.slf4j.Log4jMDCAdapter
2842:             1             16  org.apache.logging.slf4j.Log4jMarkerFactory
2843:             1             16  org.jboss.netty.channel.ChannelFutureListener$1
2844:             1             16  org.jboss.netty.channel.ChannelFutureListener$2
2845:             1             16  org.jboss.netty.channel.ChannelLocal$1
2846:             1             16  org.jboss.netty.channel.DefaultChannelPipeline$DiscardingChannelSink
2847:             1             16  org.jboss.netty.channel.socket.nio.SocketSendBufferPool$EmptySendBuffer
2848:             1             16  org.jboss.netty.logging.Slf4JLoggerFactory
2849:             1             16  org.jboss.netty.util.ThreadNameDeterminer$1
2850:             1             16  org.jboss.netty.util.ThreadNameDeterminer$2
2851:             1             16  org.slf4j.helpers.NOPLoggerFactory
2852:             1             16  org.slf4j.impl.StaticLoggerBinder
2853:             1             16  org.slf4j.impl.StaticMDCBinder
2854:             1             16  org.slf4j.impl.StaticMarkerBinder
2855:             1             16  scala.None$
2856:             1             16  scala.None$
2857:             1             16  scala.Option$
2858:             1             16  scala.Option$
2859:             1             16  scala.PartialFunction$$$Lambda$210/692998280
2860:             1             16  scala.PartialFunction$$anon$1
2861:             1             16  scala.PartialFunction$$anon$1$$Lambda$211/822087264
2862:             1             16  scala.PartialFunction$$anonfun$1
2863:             1             16  scala.Predef$$anon$1
2864:             1             16  scala.Predef$$anon$2
2865:             1             16  scala.Predef$$anon$3
2866:             1             16  scala.Predef$ArrowAssoc$
2867:             1             16  scala.Some
2868:             1             16  scala.collection.$colon$plus$
2869:             1             16  scala.collection.$plus$colon$
2870:             1             16  scala.collection.IndexedSeq$$anon$1
2871:             1             16  scala.collection.Iterable$
2872:             1             16  scala.collection.Iterator$
2873:             1             16  scala.collection.Iterator$$anon$2
2874:             1             16  scala.collection.Seq$
2875:             1             16  scala.collection.SetLike$$Lambda$151/2117173674
2876:             1             16  scala.collection.TraversableLike$$Lambda$333/858447901
2877:             1             16  scala.collection.TraversableOnce$
2878:             1             16  scala.collection.convert.WrapAsScala$
2879:             1             16  scala.collection.immutable.$colon$colon$
2880:             1             16  scala.collection.immutable.HashMap$
2881:             1             16  scala.collection.immutable.HashMap$$$Lambda$125/735085430
2882:             1             16  scala.collection.immutable.HashMap$$anon$2$$anon$3
2883:             1             16  scala.collection.immutable.HashMap$EmptyHashMap$
2884:             1             16  scala.collection.immutable.HashSet$
2885:             1             16  scala.collection.immutable.HashSet$EmptyHashSet$
2886:             1             16  scala.collection.immutable.IndexedSeq$
2887:             1             16  scala.collection.immutable.Iterable$
2888:             1             16  scala.collection.immutable.List$$anon$1
2889:             1             16  scala.collection.immutable.Map$
2890:             1             16  scala.collection.immutable.Map$$Lambda$149/1895143699
2891:             1             16  scala.collection.immutable.Map$EmptyMap$
2892:             1             16  scala.collection.immutable.MapLike$$Lambda$272/1205580258
2893:             1             16  scala.collection.immutable.Nil$
2894:             1             16  scala.collection.immutable.Queue$
2895:             1             16  scala.collection.immutable.Range$
2896:             1             16  scala.collection.immutable.RedBlackTree$
2897:             1             16  scala.collection.immutable.RedBlackTree$BlackTree$
2898:             1             16  scala.collection.immutable.RedBlackTree$RedTree$
2899:             1             16  scala.collection.immutable.Seq$
2900:             1             16  scala.collection.immutable.Set$
2901:             1             16  scala.collection.immutable.Set$EmptySet$
2902:             1             16  scala.collection.immutable.Stream$
2903:             1             16  scala.collection.immutable.Stream$$hash$colon$colon$
2904:             1             16  scala.collection.immutable.StringOps$
2905:             1             16  scala.collection.immutable.TreeMap$
2906:             1             16  scala.collection.immutable.TreeSet$
2907:             1             16  scala.collection.mutable.ArrayBuffer$
2908:             1             16  scala.collection.mutable.ArrayBuilder$
2909:             1             16  scala.collection.mutable.ArrayOps$ofByte$
2910:             1             16  scala.collection.mutable.ArrayOps$ofRef$
2911:             1             16  scala.collection.mutable.HashTable$
2912:             1             16  scala.collection.mutable.IndexedSeq$
2913:             1             16  scala.collection.mutable.Iterable$
2914:             1             16  scala.collection.mutable.Map$
2915:             1             16  scala.collection.mutable.StringBuilder$
2916:             1             16  scala.collection.mutable.WrappedArray$
2917:             1             16  scala.compat.Platform$
2918:             1             16  scala.compat.java8.FutureConverters$
2919:             1             16  scala.compat.java8.FutureConverters$FutureOps$
2920:             1             16  scala.compat.java8.OptionConverters$$anon$1
2921:             1             16  scala.compat.java8.OptionConverters$$anon$2
2922:             1             16  scala.compat.java8.OptionConverters$$anon$3
2923:             1             16  scala.compat.java8.OptionConverters$RichOptionForJava8$
2924:             1             16  scala.compat.java8.OptionConverters$RichOptionalGeneric$
2925:             1             16  scala.concurrent.Await$
2926:             1             16  scala.concurrent.AwaitPermission$
2927:             1             16  scala.concurrent.BlockContext$
2928:             1             16  scala.concurrent.BlockContext$DefaultBlockContext$
2929:             1             16  scala.concurrent.Future$$$Lambda$309/2077297548
2930:             1             16  scala.concurrent.Future$$$Lambda$312/1384911519
2931:             1             16  scala.concurrent.Future$$Lambda$329/155435018
2932:             1             16  scala.concurrent.Future$InternalCallbackExecutor$
2933:             1             16  scala.concurrent.Promise$
2934:             1             16  scala.concurrent.duration.Deadline$
2935:             1             16  scala.concurrent.duration.Duration$$$Lambda$126/835146383
2936:             1             16  scala.concurrent.duration.Duration$$$Lambda$127/322112198
2937:             1             16  scala.concurrent.duration.Duration$$$Lambda$128/187457031
2938:             1             16  scala.concurrent.duration.Duration$$anon$1
2939:             1             16  scala.concurrent.duration.Duration$$anon$2
2940:             1             16  scala.concurrent.duration.Duration$$anon$3
2941:             1             16  scala.concurrent.duration.package$
2942:             1             16  scala.concurrent.duration.package$DurationInt$
2943:             1             16  scala.concurrent.duration.package$DurationLong$
2944:             1             16  scala.concurrent.impl.Promise$
2945:             1             16  scala.concurrent.impl.Promise$KeptPromise$
2946:             1             16  scala.concurrent.impl.Promise$KeptPromise$Successful
2947:             1             16  scala.concurrent.java8.FuturesConvertersImpl$
2948:             1             16  scala.concurrent.package$
2949:             1             16  scala.math.Equiv$
2950:             1             16  scala.math.Fractional$
2951:             1             16  scala.math.Integral$
2952:             1             16  scala.math.Numeric$
2953:             1             16  scala.math.Ordered$
2954:             1             16  scala.math.Ordering$
2955:             1             16  scala.math.Ordering$$anon$9
2956:             1             16  scala.math.Ordering$Long$
2957:             1             16  scala.math.Ordering$String$
2958:             1             16  scala.math.package$
2959:             1             16  scala.package$$anon$1
2960:             1             16  scala.reflect.NoManifest$
2961:             1             16  scala.runtime.BoxedUnit
2962:             1             16  scala.runtime.RichDouble$
2963:             1             16  scala.runtime.RichInt$
2964:             1             16  scala.runtime.RichLong$
2965:             1             16  scala.runtime.ScalaRunTime$
2966:             1             16  scala.sys.BooleanProp$
2967:             1             16  scala.sys.BooleanProp$$$Lambda$97/1855610584
2968:             1             16  scala.sys.SystemProperties$$Lambda$100/897848096
2969:             1             16  scala.sys.package$
2970:             1             16  scala.util.Either$
2971:             1             16  scala.util.Failure
2972:             1             16  scala.util.Left$
2973:             1             16  scala.util.PropertiesTrait$$Lambda$16/793315160
2974:             1             16  scala.util.PropertiesTrait$$Lambda$17/1089504328
2975:             1             16  scala.util.PropertiesTrait$$Lambda$18/867398280
2976:             1             16  scala.util.PropertiesTrait$$Lambda$399/1870723838
2977:             1             16  scala.util.PropertiesTrait$$Lambda$400/938613108
2978:             1             16  scala.util.PropertiesTrait$$Lambda$401/1598898814
2979:             1             16  scala.util.Right$
2980:             1             16  scala.util.Try$
2981:             1             16  scala.util.control.Breaks
2982:             1             16  scala.util.control.NoStackTrace$
2983:             1             16  scala.util.control.NonFatal$
2984:             1             16  scala.util.hashing.package$
2985:             1             16  sun.management.ClassLoadingImpl
2986:             1             16  sun.management.HotSpotDiagnostic
2987:             1             16  sun.management.ManagementFactoryHelper$PlatformLoggingImpl
2988:             1             16  sun.misc.ASCIICaseInsensitiveComparator
2989:             1             16  sun.misc.FloatingDecimal$1
2990:             1             16  sun.misc.FormattedFloatingDecimal$1
2991:             1             16  sun.misc.Launcher
2992:             1             16  sun.misc.Launcher$Factory
2993:             1             16  sun.misc.ObjectInputFilter$Config$$Lambda$561/1959468822
2994:             1             16  sun.misc.Perf
2995:             1             16  sun.misc.Unsafe
2996:             1             16  sun.net.DefaultProgressMeteringPolicy
2997:             1             16  sun.net.ExtendedOptionsImpl$$Lambda$525/1532424027
2998:             1             16  sun.net.spi.DefaultProxySelector
2999:             1             16  sun.net.www.protocol.file.Handler
3000:             1             16  sun.net.www.protocol.jar.JarFileFactory
3001:             1             16  sun.nio.ch.EPollSelectorProvider
3002:             1             16  sun.nio.ch.ExtendedSocketOption$1
3003:             1             16  sun.nio.ch.FileChannelImpl$1
3004:             1             16  sun.nio.ch.FileDispatcherImpl
3005:             1             16  sun.nio.ch.Net$1
3006:             1             16  sun.nio.ch.Util$1
3007:             1             16  sun.nio.fs.LinuxFileSystemProvider
3008:             1             16  sun.reflect.GeneratedConstructorAccessor10
3009:             1             16  sun.reflect.GeneratedConstructorAccessor11
3010:             1             16  sun.reflect.GeneratedConstructorAccessor13
3011:             1             16  sun.reflect.GeneratedConstructorAccessor15
3012:             1             16  sun.reflect.GeneratedConstructorAccessor5
3013:             1             16  sun.reflect.GeneratedConstructorAccessor7
3014:             1             16  sun.reflect.GeneratedConstructorAccessor9
3015:             1             16  sun.reflect.GeneratedMethodAccessor1
3016:             1             16  sun.reflect.GeneratedMethodAccessor10
3017:             1             16  sun.reflect.GeneratedMethodAccessor11
3018:             1             16  sun.reflect.GeneratedMethodAccessor12
3019:             1             16  sun.reflect.GeneratedMethodAccessor13
3020:             1             16  sun.reflect.GeneratedMethodAccessor14
3021:             1             16  sun.reflect.GeneratedMethodAccessor15
3022:             1             16  sun.reflect.GeneratedMethodAccessor16
3023:             1             16  sun.reflect.GeneratedMethodAccessor17
3024:             1             16  sun.reflect.GeneratedMethodAccessor18
3025:             1             16  sun.reflect.GeneratedMethodAccessor19
3026:             1             16  sun.reflect.GeneratedMethodAccessor2
3027:             1             16  sun.reflect.GeneratedMethodAccessor20
3028:             1             16  sun.reflect.GeneratedMethodAccessor21
3029:             1             16  sun.reflect.GeneratedMethodAccessor22
3030:             1             16  sun.reflect.GeneratedMethodAccessor23
3031:             1             16  sun.reflect.GeneratedMethodAccessor24
3032:             1             16  sun.reflect.GeneratedMethodAccessor25
3033:             1             16  sun.reflect.GeneratedMethodAccessor27
3034:             1             16  sun.reflect.GeneratedMethodAccessor29
3035:             1             16  sun.reflect.GeneratedMethodAccessor3
3036:             1             16  sun.reflect.GeneratedMethodAccessor30
3037:             1             16  sun.reflect.GeneratedMethodAccessor4
3038:             1             16  sun.reflect.GeneratedMethodAccessor5
3039:             1             16  sun.reflect.GeneratedMethodAccessor6
3040:             1             16  sun.reflect.GeneratedMethodAccessor7
3041:             1             16  sun.reflect.GeneratedMethodAccessor8
3042:             1             16  sun.reflect.GeneratedMethodAccessor9
3043:             1             16  sun.reflect.GeneratedSerializationConstructorAccessor10
3044:             1             16  sun.reflect.GeneratedSerializationConstructorAccessor11
3045:             1             16  sun.reflect.GeneratedSerializationConstructorAccessor12
3046:             1             16  sun.reflect.GeneratedSerializationConstructorAccessor13
3047:             1             16  sun.reflect.GeneratedSerializationConstructorAccessor140
3048:             1             16  sun.reflect.GeneratedSerializationConstructorAccessor141
3049:             1             16  sun.reflect.GeneratedSerializationConstructorAccessor142
3050:             1             16  sun.reflect.GeneratedSerializationConstructorAccessor143
3051:             1             16  sun.reflect.GeneratedSerializationConstructorAccessor144
3052:             1             16  sun.reflect.GeneratedSerializationConstructorAccessor145
3053:             1             16  sun.reflect.GeneratedSerializationConstructorAccessor146
3054:             1             16  sun.reflect.GeneratedSerializationConstructorAccessor147
3055:             1             16  sun.reflect.GeneratedSerializationConstructorAccessor148
3056:             1             16  sun.reflect.GeneratedSerializationConstructorAccessor149
3057:             1             16  sun.reflect.GeneratedSerializationConstructorAccessor150
3058:             1             16  sun.reflect.GeneratedSerializationConstructorAccessor151
3059:             1             16  sun.reflect.GeneratedSerializationConstructorAccessor152
3060:             1             16  sun.reflect.GeneratedSerializationConstructorAccessor157
3061:             1             16  sun.reflect.GeneratedSerializationConstructorAccessor159
3062:             1             16  sun.reflect.GeneratedSerializationConstructorAccessor17
3063:             1             16  sun.reflect.GeneratedSerializationConstructorAccessor18
3064:             1             16  sun.reflect.GeneratedSerializationConstructorAccessor19
3065:             1             16  sun.reflect.GeneratedSerializationConstructorAccessor2
3066:             1             16  sun.reflect.GeneratedSerializationConstructorAccessor20
3067:             1             16  sun.reflect.GeneratedSerializationConstructorAccessor21
3068:             1             16  sun.reflect.GeneratedSerializationConstructorAccessor22
3069:             1             16  sun.reflect.GeneratedSerializationConstructorAccessor23
3070:             1             16  sun.reflect.GeneratedSerializationConstructorAccessor266
3071:             1             16  sun.reflect.GeneratedSerializationConstructorAccessor267
3072:             1             16  sun.reflect.GeneratedSerializationConstructorAccessor268
3073:             1             16  sun.reflect.GeneratedSerializationConstructorAccessor269
3074:             1             16  sun.reflect.GeneratedSerializationConstructorAccessor270
3075:             1             16  sun.reflect.GeneratedSerializationConstructorAccessor271
3076:             1             16  sun.reflect.GeneratedSerializationConstructorAccessor272
3077:             1             16  sun.reflect.GeneratedSerializationConstructorAccessor273
3078:             1             16  sun.reflect.GeneratedSerializationConstructorAccessor274
3079:             1             16  sun.reflect.GeneratedSerializationConstructorAccessor275
3080:             1             16  sun.reflect.GeneratedSerializationConstructorAccessor276
3081:             1             16  sun.reflect.GeneratedSerializationConstructorAccessor277
3082:             1             16  sun.reflect.GeneratedSerializationConstructorAccessor278
3083:             1             16  sun.reflect.GeneratedSerializationConstructorAccessor279
3084:             1             16  sun.reflect.GeneratedSerializationConstructorAccessor280
3085:             1             16  sun.reflect.GeneratedSerializationConstructorAccessor281
3086:             1             16  sun.reflect.GeneratedSerializationConstructorAccessor282
3087:             1             16  sun.reflect.GeneratedSerializationConstructorAccessor283
3088:             1             16  sun.reflect.GeneratedSerializationConstructorAccessor284
3089:             1             16  sun.reflect.GeneratedSerializationConstructorAccessor285
3090:             1             16  sun.reflect.GeneratedSerializationConstructorAccessor286
3091:             1             16  sun.reflect.GeneratedSerializationConstructorAccessor287
3092:             1             16  sun.reflect.GeneratedSerializationConstructorAccessor288
3093:             1             16  sun.reflect.GeneratedSerializationConstructorAccessor289
3094:             1             16  sun.reflect.GeneratedSerializationConstructorAccessor29
3095:             1             16  sun.reflect.GeneratedSerializationConstructorAccessor290
3096:             1             16  sun.reflect.GeneratedSerializationConstructorAccessor291
3097:             1             16  sun.reflect.GeneratedSerializationConstructorAccessor292
3098:             1             16  sun.reflect.GeneratedSerializationConstructorAccessor293
3099:             1             16  sun.reflect.GeneratedSerializationConstructorAccessor294
3100:             1             16  sun.reflect.GeneratedSerializationConstructorAccessor295
3101:             1             16  sun.reflect.GeneratedSerializationConstructorAccessor296
3102:             1             16  sun.reflect.GeneratedSerializationConstructorAccessor297
3103:             1             16  sun.reflect.GeneratedSerializationConstructorAccessor298
3104:             1             16  sun.reflect.GeneratedSerializationConstructorAccessor299
3105:             1             16  sun.reflect.GeneratedSerializationConstructorAccessor30
3106:             1             16  sun.reflect.GeneratedSerializationConstructorAccessor300
3107:             1             16  sun.reflect.GeneratedSerializationConstructorAccessor301
3108:             1             16  sun.reflect.GeneratedSerializationConstructorAccessor302
3109:             1             16  sun.reflect.GeneratedSerializationConstructorAccessor303
3110:             1             16  sun.reflect.GeneratedSerializationConstructorAccessor304
3111:             1             16  sun.reflect.GeneratedSerializationConstructorAccessor305
3112:             1             16  sun.reflect.GeneratedSerializationConstructorAccessor306
3113:             1             16  sun.reflect.GeneratedSerializationConstructorAccessor307
3114:             1             16  sun.reflect.GeneratedSerializationConstructorAccessor308
3115:             1             16  sun.reflect.GeneratedSerializationConstructorAccessor309
3116:             1             16  sun.reflect.GeneratedSerializationConstructorAccessor31
3117:             1             16  sun.reflect.GeneratedSerializationConstructorAccessor310
3118:             1             16  sun.reflect.GeneratedSerializationConstructorAccessor311
3119:             1             16  sun.reflect.GeneratedSerializationConstructorAccessor312
3120:             1             16  sun.reflect.GeneratedSerializationConstructorAccessor313
3121:             1             16  sun.reflect.GeneratedSerializationConstructorAccessor314
3122:             1             16  sun.reflect.GeneratedSerializationConstructorAccessor315
3123:             1             16  sun.reflect.GeneratedSerializationConstructorAccessor316
3124:             1             16  sun.reflect.GeneratedSerializationConstructorAccessor317
3125:             1             16  sun.reflect.GeneratedSerializationConstructorAccessor318
3126:             1             16  sun.reflect.GeneratedSerializationConstructorAccessor319
3127:             1             16  sun.reflect.GeneratedSerializationConstructorAccessor32
3128:             1             16  sun.reflect.GeneratedSerializationConstructorAccessor320
3129:             1             16  sun.reflect.GeneratedSerializationConstructorAccessor321
3130:             1             16  sun.reflect.GeneratedSerializationConstructorAccessor322
3131:             1             16  sun.reflect.GeneratedSerializationConstructorAccessor323
3132:             1             16  sun.reflect.GeneratedSerializationConstructorAccessor324
3133:             1             16  sun.reflect.GeneratedSerializationConstructorAccessor325
3134:             1             16  sun.reflect.GeneratedSerializationConstructorAccessor326
3135:             1             16  sun.reflect.GeneratedSerializationConstructorAccessor327
3136:             1             16  sun.reflect.GeneratedSerializationConstructorAccessor328
3137:             1             16  sun.reflect.GeneratedSerializationConstructorAccessor329
3138:             1             16  sun.reflect.GeneratedSerializationConstructorAccessor330
3139:             1             16  sun.reflect.GeneratedSerializationConstructorAccessor331
3140:             1             16  sun.reflect.GeneratedSerializationConstructorAccessor332
3141:             1             16  sun.reflect.GeneratedSerializationConstructorAccessor333
3142:             1             16  sun.reflect.GeneratedSerializationConstructorAccessor334
3143:             1             16  sun.reflect.GeneratedSerializationConstructorAccessor335
3144:             1             16  sun.reflect.GeneratedSerializationConstructorAccessor336
3145:             1             16  sun.reflect.GeneratedSerializationConstructorAccessor337
3146:             1             16  sun.reflect.GeneratedSerializationConstructorAccessor338
3147:             1             16  sun.reflect.GeneratedSerializationConstructorAccessor339
3148:             1             16  sun.reflect.GeneratedSerializationConstructorAccessor34
3149:             1             16  sun.reflect.GeneratedSerializationConstructorAccessor340
3150:             1             16  sun.reflect.GeneratedSerializationConstructorAccessor341
3151:             1             16  sun.reflect.GeneratedSerializationConstructorAccessor342
3152:             1             16  sun.reflect.GeneratedSerializationConstructorAccessor343
3153:             1             16  sun.reflect.GeneratedSerializationConstructorAccessor344
3154:             1             16  sun.reflect.GeneratedSerializationConstructorAccessor345
3155:             1             16  sun.reflect.GeneratedSerializationConstructorAccessor346
3156:             1             16  sun.reflect.GeneratedSerializationConstructorAccessor347
3157:             1             16  sun.reflect.GeneratedSerializationConstructorAccessor348
3158:             1             16  sun.reflect.GeneratedSerializationConstructorAccessor349
3159:             1             16  sun.reflect.GeneratedSerializationConstructorAccessor35
3160:             1             16  sun.reflect.GeneratedSerializationConstructorAccessor350
3161:             1             16  sun.reflect.GeneratedSerializationConstructorAccessor351
3162:             1             16  sun.reflect.GeneratedSerializationConstructorAccessor352
3163:             1             16  sun.reflect.GeneratedSerializationConstructorAccessor353
3164:             1             16  sun.reflect.GeneratedSerializationConstructorAccessor354
3165:             1             16  sun.reflect.GeneratedSerializationConstructorAccessor355
3166:             1             16  sun.reflect.GeneratedSerializationConstructorAccessor356
3167:             1             16  sun.reflect.GeneratedSerializationConstructorAccessor357
3168:             1             16  sun.reflect.GeneratedSerializationConstructorAccessor358
3169:             1             16  sun.reflect.GeneratedSerializationConstructorAccessor359
3170:             1             16  sun.reflect.GeneratedSerializationConstructorAccessor360
3171:             1             16  sun.reflect.GeneratedSerializationConstructorAccessor361
3172:             1             16  sun.reflect.GeneratedSerializationConstructorAccessor362
3173:             1             16  sun.reflect.GeneratedSerializationConstructorAccessor363
3174:             1             16  sun.reflect.GeneratedSerializationConstructorAccessor364
3175:             1             16  sun.reflect.GeneratedSerializationConstructorAccessor365
3176:             1             16  sun.reflect.GeneratedSerializationConstructorAccessor366
3177:             1             16  sun.reflect.GeneratedSerializationConstructorAccessor367
3178:             1             16  sun.reflect.GeneratedSerializationConstructorAccessor368
3179:             1             16  sun.reflect.GeneratedSerializationConstructorAccessor369
3180:             1             16  sun.reflect.GeneratedSerializationConstructorAccessor37
3181:             1             16  sun.reflect.GeneratedSerializationConstructorAccessor38
3182:             1             16  sun.reflect.GeneratedSerializationConstructorAccessor40
3183:             1             16  sun.reflect.GeneratedSerializationConstructorAccessor42
3184:             1             16  sun.reflect.GeneratedSerializationConstructorAccessor45
3185:             1             16  sun.reflect.GeneratedSerializationConstructorAccessor5
3186:             1             16  sun.reflect.GeneratedSerializationConstructorAccessor6
3187:             1             16  sun.reflect.GeneratedSerializationConstructorAccessor7
3188:             1             16  sun.reflect.GeneratedSerializationConstructorAccessor8
3189:             1             16  sun.reflect.GeneratedSerializationConstructorAccessor9
3190:             1             16  sun.reflect.ReflectionFactory
3191:             1             16  sun.reflect.generics.tree.BottomSignature
3192:             1             16  sun.reflect.generics.tree.ByteSignature
3193:             1             16  sun.reflect.generics.tree.CharSignature
3194:             1             16  sun.reflect.generics.tree.TypeVariableSignature
3195:             1             16  sun.util.calendar.Gregorian
3196:             1             16  sun.util.locale.provider.AuxLocaleProviderAdapter$NullProvider
3197:             1             16  sun.util.locale.provider.CalendarDataUtility$CalendarWeekParameterGetter
3198:             1             16  sun.util.locale.provider.SPILocaleProviderAdapter
3199:             1             16  sun.util.resources.LocaleData
3200:             1             16  sun.util.resources.LocaleData$LocaleDataResourceBundleControl
Total        180215       12545112
