Flink 中只有一个作业,用到:
com.github.yck.datasource.WebLogDataGenerator
com.github.yck.datasource.DataGenerateStrategy
com.github.yck.simpletask.StatelessTask
三个类
 num     #instances         #bytes  class name
----------------------------------------------
   1:         25430        2361240  [C
   2:          6818        1361216  [Ljava.lang.Object;
   3:          8157         894056  java.lang.Class
   4:            26         852384  [Ljava.util.concurrent.ForkJoinTask;
   5:          3320         829200  [I
   6:         25414         609936  java.lang.String
   7:          1088         531184  [B
   8:         10976         351232  java.util.concurrent.ConcurrentHashMap$Node
   9:          4537         145184  java.util.HashMap$Node
  10:          2106         134784  java.nio.DirectByteBuffer
  11:          2049         114744  org.apache.flink.core.memory.MemorySegment
  12:           104         110768  [Ljava.util.concurrent.ConcurrentHashMap$Node;
  13:          6520         104320  java.lang.Object
  14:           916          87416  [Ljava.util.HashMap$Node;
  15:          1536          86016  java.lang.invoke.MemberName
  16:          2104          84160  sun.misc.Cleaner
  17:           879          77352  java.lang.reflect.Method
  18:           129          67608  [Lorg.apache.flink.runtime.state.heap.CopyOnWriteStateMap$StateMapEntry;
  19:          2100          67200  java.nio.DirectByteBuffer$Deallocator
  20:          1588          63520  java.lang.ref.SoftReference
  21:          1286          61728  java.util.HashMap
  22:          1793          60192  [S
  23:          1461          58440  java.lang.invoke.MethodType
  24:           897          57408  org.apache.flink.shaded.netty4.io.netty.buffer.PoolSubpage
  25:          1297          51880  java.util.LinkedHashMap$Entry
  26:          1999          51000  [Ljava.lang.Class;
  27:          1543          49376  java.lang.invoke.MethodType$ConcurrentWeakInternSet$WeakEntry
  28:            80          46080  org.apache.flink.shaded.netty4.io.netty.util.internal.shaded.org.jctools.queues.MpscUnboundedArrayQueue
  29:           990          39600  com.typesafe.config.impl.SimpleConfigOrigin
  30:          1217          38944  java.lang.invoke.DirectMethodHandle
  31:           712          35168  [Ljava.lang.String;
  32:          2117          33872  java.util.concurrent.atomic.AtomicBoolean
  33:          1407          33768  java.util.ArrayList
  34:           324          25920  java.lang.reflect.Constructor
  35:          1051          25224  akka.dispatch.AbstractNodeQueue$Node
  36:          1028          24672  akka.actor.LightArrayRevolverScheduler$TaskQueue
  37:          1024          24576  org.jboss.netty.util.HashedWheelTimer$HashedWheelBucket
  38:           358          20048  java.util.LinkedHashMap
  39:           336          18816  java.lang.Package
  40:           520          16640  java.util.Hashtable$Entry
  41:           410          16400  java.math.BigInteger
  42:           270          16200  [Ljava.lang.ref.SoftReference;
  43:            40          15040  java.lang.Thread
  44:           458          14656  java.lang.invoke.BoundMethodHandle$Species_L
  45:           451          14432  java.lang.invoke.LambdaForm$Name
  46:           430          13760  java.util.RegularEnumSet
  47:           341          13640  org.apache.flink.configuration.ConfigOption
  48:           425          13600  scala.collection.immutable.HashMap$HashMap1
  49:           501          12024  scala.Tuple2
  50:           282          11280  java.lang.invoke.BoundMethodHandle$Species_LL
  51:           341          10912  sun.misc.FDBigInteger
  52:           425          10200  org.apache.flink.configuration.description.TextElement
  53:           152           9728  java.util.concurrent.ConcurrentHashMap
  54:            99           9664  [Ljava.util.Hashtable$Entry;
  55:           299           9568  com.typesafe.config.impl.SimpleConfigObject
  56:           148           9456  [J
  57:            26           8528  java.util.concurrent.ForkJoinPool$WorkQueue
  58:           152           8512  java.lang.invoke.MethodTypeForm
  59:           354           8496  com.typesafe.config.impl.ConfigString$Quoted
  60:             2           8224  [Lakka.actor.ActorRef;
  61:             2           8224  [Lakka.serialization.Serializer;
  62:             1           8216  [Lscala.math.BigInt;
  63:           114           8208  java.lang.reflect.Field
  64:           128           8192  org.apache.flink.runtime.state.heap.CopyOnWriteStateMap
  65:           169           8112  java.lang.invoke.LambdaForm
  66:           174           7944  [Ljava.lang.invoke.LambdaForm$Name;
  67:           245           7840  org.apache.logging.log4j.core.config.plugins.processor.PluginEntry
  68:           323           7752  java.lang.Long
  69:           321           7704  scala.collection.immutable.$colon$colon
  70:           189           7560  java.io.ObjectStreamField
  71:            23           7456  [[S
  72:           152           7296  java.util.TreeMap
  73:           175           7000  org.apache.logging.log4j.core.Logger
  74:           175           7000  org.apache.logging.log4j.core.Logger$PrivateConfig
  75:           138           6624  org.apache.flink.shaded.netty4.io.netty.buffer.PoolChunkList
  76:            40           6400  org.apache.flink.shaded.netty4.io.netty.channel.epoll.EpollEventLoop
  77:            26           6064  [Z
  78:           187           5984  java.io.ObjectStreamClass$WeakClassKey
  79:           245           5880  org.apache.logging.log4j.core.config.plugins.util.PluginType
  80:            64           5792  [Ljava.util.WeakHashMap$Entry;
  81:           357           5712  java.lang.Integer
  82:           139           5560  java.util.WeakHashMap$Entry
  83:            74           5328  sun.reflect.DelegatingClassLoader
  84:           133           5320  java.lang.ref.Finalizer
  85:           332           5312  org.apache.flink.configuration.description.Description
  86:           164           5248  java.util.Vector
  87:           216           5184  com.typesafe.config.impl.ConfigString$Unquoted
  88:           127           5080  java.lang.invoke.MethodHandleImpl$AsVarargsCollector
  89:            78           4992  java.net.URL
  90:           205           4920  java.lang.invoke.LambdaForm$NamedFunction
  91:           153           4896  java.util.concurrent.locks.ReentrantLock$NonfairSync
  92:           201           4824  javax.management.ImmutableDescriptor
  93:           301           4816  com.typesafe.config.impl.SimpleConfig
  94:            94           4512  java.lang.invoke.BoundMethodHandle$Species_L4
  95:            43           4472  java.io.ObjectStreamClass
  96:           184           4416  java.time.LocalDateTime
  97:           183           4392  sun.reflect.generics.tree.SimpleClassTypeSignature
  98:           177           4248  org.apache.logging.log4j.message.DefaultFlowMessageFactory
  99:           177           4248  org.apache.logging.log4j.spi.AbstractLogger$LocalLogBuilder
 100:            88           4224  java.util.Hashtable
 101:           175           4200  org.apache.logging.slf4j.Log4jLogger
 102:           130           4160  com.sun.jmx.mbeanserver.ConvertingMethod
 103:           259           4144  java.util.HashMap$Values
 104:             2           4128  [Lakka.actor.LightArrayRevolverScheduler$TaskQueue;
 105:             2           4128  [Ljava.nio.ByteBuffer;
 106:             2           4128  [Lorg.jboss.netty.util.HashedWheelTimer$HashedWheelBucket;
 107:           119           4096  [Lscala.collection.immutable.HashMap;
 108:           256           4096  java.lang.Byte
 109:           256           4096  java.lang.Short
 110:           102           4080  java.io.ObjectStreamClass$FieldReflectorKey
 111:            23           4048  [Lorg.apache.flink.shaded.netty4.io.netty.buffer.PoolSubpage;
 112:           161           3864  org.apache.flink.api.java.tuple.Tuple2
 113:            96           3840  java.util.TreeMap$Entry
 114:           117           3744  java.lang.ref.WeakReference
 115:            93           3720  java.security.ProtectionDomain
 116:           115           3680  java.lang.ThreadLocal$ThreadLocalMap$Entry
 117:           148           3552  sun.reflect.annotation.AnnotationInvocationHandler
 118:            40           3520  akka.actor.ActorCell
 119:            47           3512  [Ljava.lang.invoke.MethodHandle;
 120:           142           3408  com.typesafe.config.impl.ConfigInt
 121:            22           3344  org.apache.flink.shaded.netty4.io.netty.buffer.PoolArena$DirectArena
 122:           183           3328  [Lsun.reflect.generics.tree.TypeArgument;
 123:            63           3160  [Ljavax.management.MBeanAttributeInfo;
 124:            98           3136  java.lang.ref.ReferenceQueue
 125:             8           3072  akka.dispatch.MonitorableThreadFactory$AkkaForkJoinWorkerThread
 126:           190           3040  java.util.HashMap$KeySet
 127:            62           2976  javax.management.MBeanInfo
 128:           185           2960  java.util.HashSet
 129:            92           2944  java.security.CodeSource
 130:            92           2944  org.apache.flink.shaded.netty4.io.netty.util.internal.LongAdderCounter
 131:            31           2928  [Ljava.lang.ThreadLocal$ThreadLocalMap$Entry;
 132:           182           2912  sun.reflect.generics.tree.ClassTypeSignature
 133:           121           2904  scala.concurrent.duration.FiniteDuration
 134:            45           2880  javax.management.openmbean.OpenMBeanAttributeInfoSupport
 135:           120           2880  org.apache.flink.shaded.netty4.io.netty.channel.unix.FileDescriptor
 136:           119           2856  scala.collection.immutable.HashMap$HashTrieMap
 137:           118           2832  java.lang.Class$AnnotationData
 138:            88           2816  javax.management.MBeanAttributeInfo
 139:           176           2816  org.apache.logging.log4j.message.ReusableMessageFactory
 140:            58           2784  java.util.WeakHashMap
 141:            82           2624  java.lang.invoke.DirectMethodHandle$Special
 142:            54           2592  sun.net.www.MimeEntry
 143:           137           2568  [Lcom.sun.jmx.mbeanserver.MXBeanMapping;
 144:            95           2528  [Ljavax.management.ObjectName$Property;
 145:           103           2472  java.time.LocalDate
 146:           101           2424  java.util.Arrays$ArrayList
 147:            39           2416  [Ljava.math.BigInteger;
 148:           147           2352  java.util.concurrent.atomic.AtomicInteger
 149:            97           2328  javax.management.ObjectName$Property
 150:            41           2296  org.apache.flink.runtime.metrics.groups.GenericMetricGroup
 151:            83           2248  [Ljava.io.ObjectStreamField;
 152:            94           2240  [Ljava.lang.reflect.Type;
 153:           138           2208  java.util.HashMap$EntrySet
 154:           137           2192  java.util.concurrent.locks.ReentrantLock
 155:            91           2184  java.util.concurrent.locks.AbstractQueuedSynchronizer$ConditionObject
 156:           134           2144  java.util.TreeSet
 157:            89           2136  java.util.concurrent.atomic.AtomicLong
 158:            66           2112  java.util.concurrent.CountDownLatch$Sync
 159:            44           2112  sun.util.locale.LocaleObjectCache$CacheEntry
 160:            52           2080  java.util.Collections$SingletonMap
 161:           128           2048  java.lang.Character
 162:            35           1960  sun.nio.cs.UTF_8$Encoder
 163:            81           1944  org.apache.flink.configuration.FallbackKey
 164:            80           1920  java.util.concurrent.ConcurrentLinkedQueue$Node
 165:            48           1920  javax.management.ObjectName
 166:            40           1920  org.apache.flink.shaded.netty4.io.netty.util.collection.IntObjectHashMap
 167:            79           1896  sun.reflect.NativeConstructorAccessorImpl
 168:            77           1848  [Lorg.apache.flink.configuration.FallbackKey;
 169:            53           1696  akka.actor.ChildActorPath
 170:            30           1680  java.security.Provider$Service
 171:            69           1656  java.security.Provider$ServiceKey
 172:            29           1624  sun.misc.URLClassPath$JarLoader
 173:           100           1600  java.lang.ref.ReferenceQueue$Lock
 174:            40           1600  sun.management.DiagnosticCommandArgumentInfo
 175:            99           1584  java.util.Collections$SingletonSet
 176:             1           1568  [[B
 177:            49           1568  org.apache.flink.shaded.netty4.io.netty.channel.ChannelOption
 178:            49           1568  sun.reflect.generics.repository.ClassRepository
 179:             5           1560  akka.dispatch.ForkJoinExecutorConfigurator$AkkaForkJoinPool
 180:            32           1536  java.util.logging.LogManager$LoggerWeakRef
 181:            38           1520  akka.actor.Deploy
 182:            93           1488  [Ljava.security.Principal;
 183:            93           1488  java.security.ProtectionDomain$Key
 184:            36           1440  java.security.AccessControlContext
 185:            30           1440  java.time.temporal.ValueRange
 186:            18           1440  java.util.concurrent.ThreadPoolExecutor
 187:            15           1440  java.util.jar.JarFile$JarFileEntry
 188:             1           1376  [Lsun.misc.FDBigInteger;
 189:            43           1376  akka.actor.Props
 190:            86           1376  sun.reflect.DelegatingConstructorAccessorImpl
 191:            34           1360  org.apache.flink.metrics.MeterView
 192:            42           1344  org.apache.flink.shaded.netty4.io.netty.util.concurrent.DefaultPromise
 193:            54           1296  sun.reflect.generics.factory.CoreReflectionFactory
 194:            16           1280  [Lscala.collection.mutable.HashEntry;
 195:            40           1280  akka.dispatch.Dispatcher$$anon$1
 196:            40           1280  org.apache.flink.shaded.netty4.io.netty.channel.epoll.EpollEventArray
 197:            40           1280  org.apache.logging.log4j.core.config.builder.api.Component
 198:            31           1240  java.io.ObjectStreamClass$FieldReflector
 199:            38           1216  akka.actor.ChildRestartStats
 200:            38           1216  org.apache.flink.configuration.MemorySize
 201:            30           1200  java.math.BigDecimal
 202:            30           1200  java.time.temporal.ChronoField
 203:            37           1184  java.util.regex.Pattern$Curly
 204:            49           1176  [Ljava.util.Map;
 205:            21           1176  org.apache.logging.log4j.core.util.datetime.FixedDateFormat$FixedFormat
 206:            49           1176  sun.reflect.generics.reflectiveObjects.ParameterizedTypeImpl
 207:            49           1176  sun.reflect.generics.tree.ClassSignature
 208:            47           1168  [Ljavax.management.MBeanOperationInfo;
 209:            49           1168  [Lsun.reflect.generics.tree.ClassTypeSignature;
 210:            48           1152  java.util.concurrent.CompletableFuture
 211:            48           1152  sun.reflect.generics.scope.ClassScope
 212:            47           1128  com.typesafe.config.impl.Path
 213:            47           1128  com.typesafe.config.impl.SimpleConfigList
 214:            28           1120  java.lang.invoke.DirectMethodHandle$Interface
 215:            35           1120  java.util.concurrent.locks.AbstractQueuedSynchronizer$Node
 216:            23           1104  java.util.zip.Inflater
 217:            23           1104  sun.management.DiagnosticCommandInfo
 218:            17           1088  java.util.jar.JarFile
 219:            15           1080  java.util.logging.Logger
 220:            15           1080  org.apache.logging.log4j.core.config.LoggerConfig
 221:             2           1072  [Lorg.apache.flink.runtime.state.heap.HeapPriorityQueueElement;
 222:             2           1056  [Ljava.util.HashMap;
 223:             2           1056  [Ljava.util.TimerTask;
 224:            44           1056  com.sun.jmx.mbeanserver.NamedObject
 225:            66           1056  com.sun.proxy.$Proxy1
 226:            66           1056  java.util.concurrent.CountDownLatch
 227:             1           1040  [Ljava.lang.Byte;
 228:             1           1040  [Ljava.lang.Integer;
 229:             1           1040  [Ljava.lang.Long;
 230:             1           1040  [Ljava.lang.Short;
 231:            65           1040  scala.Some
 232:            43           1032  java.io.ObjectStreamClass$ClassDataSlot
 233:            41           1024  [Lorg.apache.flink.configuration.description.InlineElement;
 234:            32           1024  scala.collection.immutable.RedBlackTree$BlackTree
 235:            14           1008  java.util.regex.Pattern
 236:            31            992  java.io.File
 237:            31            992  java.util.logging.LogManager$LogNode
 238:            31            992  javax.management.MBeanParameterInfo
 239:            41            984  java.util.Collections$UnmodifiableRandomAccessList
 240:            41            984  java.util.regex.Pattern$GroupHead
 241:            41            984  java.util.regex.Pattern$GroupTail
 242:            24            960  akka.actor.Address
 243:            20            960  akka.actor.RepointableActorRef
 244:            30            960  java.security.Provider$EngineDescription
 245:            40            960  org.apache.flink.shaded.netty4.io.netty.util.internal.ThreadExecutorMap$1
 246:            24            960  sun.nio.cs.UTF_8$Decoder
 247:            29            952  [Ljava.time.format.DateTimeFormatterBuilder$DateTimePrinterParser;
 248:            55            952  [Lsun.reflect.generics.tree.FormalTypeParameter;
 249:            39            936  java.util.ArrayDeque
 250:            38            912  akka.dispatch.UnboundedMailbox$MessageQueue
 251:            38            912  java.time.Duration
 252:             9            896  [D
 253:            11            880  [Ljava.util.concurrent.RunnableScheduledFuture;
 254:            10            880  akka.dispatch.Dispatcher
 255:            22            880  javax.management.MBeanOperationInfo
 256:            22            880  sun.util.locale.BaseLocale$Key
 257:            18            864  java.util.concurrent.ThreadPoolExecutor$Worker
 258:            12            864  sun.nio.ch.EPollArrayWrapper
 259:            12            864  sun.nio.ch.EPollSelectorImpl
 260:            15            840  javax.management.openmbean.ArrayType
 261:            26            832  java.lang.reflect.WeakCache$CacheValue
 262:            26            832  java.time.format.DateTimeFormatterBuilder$NumberPrinterParser
 263:            34            816  java.lang.ProcessEnvironment$Value
 264:            34            816  java.lang.ProcessEnvironment$Variable
 265:            51            816  java.lang.ThreadLocal
 266:            17            816  java.nio.HeapByteBuffer
 267:            34            816  java.util.concurrent.CopyOnWriteArrayList
 268:            34            816  org.apache.flink.shaded.netty4.io.netty.util.internal.logging.LocationAwareSlf4JLogger
 269:            20            800  com.sun.jmx.mbeanserver.MXBeanSupport
 270:            33            792  java.util.Collections$SingletonList
 271:            49            784  com.sun.proxy.$Proxy2
 272:            49            784  java.util.LinkedHashSet
 273:            14            784  scala.collection.immutable.Vector
 274:            32            776  [Ljava.io.ObjectStreamClass$ClassDataSlot;
 275:             3            768  [Ljava.time.LocalDateTime;
 276:            32            768  com.sun.jmx.mbeanserver.DefaultMXBeanMappingFactory$IdentityMapping
 277:            32            768  com.typesafe.config.impl.ConfigBoolean
 278:            24            768  java.lang.reflect.Proxy$Key1
 279:             2            768  java.util.TimerThread
 280:            24            768  java.util.regex.Pattern$Branch
 281:            24            768  java.util.zip.ZipCoder
 282:            32            768  scala.collection.immutable.HashSet$HashSet1
 283:            48            768  sun.reflect.BootstrapConstructorAccessorImpl
 284:             2            752  org.apache.logging.log4j.core.util.Log4jThread
 285:            31            744  java.lang.ThreadLocal$ThreadLocalMap
 286:            31            744  org.apache.flink.metrics.SimpleCounter
 287:            23            736  java.util.concurrent.atomic.AtomicReferenceFieldUpdater$AtomicReferenceFieldUpdaterImpl
 288:            23            736  sun.management.DiagnosticCommandImpl$Wrapper
 289:            13            728  sun.util.calendar.ZoneInfo
 290:            30            720  java.lang.invoke.Invokers
 291:            15            720  java.lang.management.PlatformComponent
 292:            30            720  scala.collection.mutable.DefaultEntry
 293:            22            704  sun.reflect.annotation.AnnotationType
 294:            22            704  sun.util.locale.BaseLocale
 295:            29            696  java.time.format.DateTimeFormatterBuilder$CompositePrinterParser
 296:            17            680  com.sun.jmx.mbeanserver.PerInterface
 297:            17            680  com.typesafe.config.impl.SimpleConfig$MemoryUnit
 298:            17            680  java.time.format.DateTimeFormatter
 299:            21            672  com.sun.jmx.mbeanserver.WeakIdentityHashMap$IdentityWeakReference
 300:            28            672  java.security.Provider$UString
 301:            41            656  sun.reflect.DelegatingMethodAccessorImpl
 302:            27            648  java.time.LocalTime
 303:            16            640  akka.util.SubclassifiedIndex$Nonroot
 304:            20            640  java.net.InetAddress$InetAddressHolder
 305:            20            640  java.util.Locale
 306:            40            640  org.apache.flink.shaded.netty4.io.netty.channel.epoll.EpollEventLoop$1
 307:            40            640  org.apache.flink.shaded.netty4.io.netty.util.collection.IntObjectHashMap$1
 308:            40            640  org.apache.flink.shaded.netty4.io.netty.util.collection.IntObjectHashMap$EntrySet
 309:            40            640  org.apache.flink.shaded.netty4.io.netty.util.collection.IntObjectHashMap$KeySet
 310:             8            640  org.apache.logging.log4j.core.util.datetime.FixedDateFormat
 311:            16            640  org.jboss.netty.util.internal.ConcurrentIdentityWeakKeyHashMap$Segment
 312:             3            624  [Ljava.lang.invoke.LambdaForm;
 313:            26            624  [Ljavax.management.MBeanParameterInfo;
 314:            26            624  akka.actor.ArgsReflectConstructor
 315:            26            624  akka.dispatch.CachingConfig$StringPathEntry
 316:            13            624  java.util.concurrent.LinkedBlockingQueue
 317:            25            600  com.sun.jmx.mbeanserver.PerInterface$MethodAndSig
 318:            15            600  java.lang.invoke.MethodHandleImpl$IntrinsicMethodHandle
 319:            24            592  [Ljava.util.regex.Pattern$Node;
 320:            37            592  org.apache.flink.configuration.description.LineBreakElement
 321:            23            584  [Ljava.security.ProtectionDomain;
 322:            26            584  [Ljavax.management.MBeanNotificationInfo;
 323:            24            576  java.util.AbstractMap$SimpleImmutableEntry
 324:             7            560  java.util.concurrent.ScheduledThreadPoolExecutor
 325:            14            560  javax.management.openmbean.SimpleType
 326:            10            560  sun.invoke.util.Wrapper
 327:             7            560  sun.net.www.protocol.jar.URLJarFile
 328:            23            552  [Lsun.management.DiagnosticCommandArgumentInfo;
 329:            23            552  akka.actor.LightArrayRevolverScheduler$TaskHolder
 330:            23            552  java.util.zip.ZStreamRef
 331:            34            544  java.util.concurrent.atomic.AtomicReference
 332:             1            528  [Ljava.lang.Character;
 333:             1            528  [Lorg.apache.flink.runtime.state.heap.StateMap;
 334:            22            528  com.sun.jmx.mbeanserver.StandardMBeanSupport
 335:            33            528  java.util.LinkedHashMap$LinkedEntrySet
 336:            22            528  java.util.LinkedList$Node
 337:            22            528  java.util.regex.Pattern$BitClass
 338:            22            528  org.apache.logging.log4j.core.pattern.PatternFormatter
 339:             5            520  org.apache.logging.log4j.core.impl.MutableLogEvent
 340:            16            512  akka.event.BusLogging
 341:             4            512  akka.remote.RemoteSettings
 342:            16            512  java.io.FileDescriptor
 343:            16            512  java.time.temporal.ChronoUnit
 344:            16            512  java.util.LinkedList
 345:            16            512  org.apache.flink.runtime.metrics.dump.QueryScopeInfo$TaskQueryScopeInfo
 346:             8            512  org.jboss.netty.channel.socket.nio.NioWorker
 347:            21            504  java.util.Locale$LocaleKey
 348:             9            504  javax.management.openmbean.CompositeType
 349:            21            504  org.apache.flink.runtime.metrics.dump.QueryScopeInfo$TaskManagerQueryScopeInfo
 350:            21            504  scala.collection.immutable.TreeMap
 351:            15            480  akka.actor.OneForOneStrategy
 352:            10            480  org.apache.logging.log4j.core.lookup.ConfigurationStrSubstitutor
 353:            20            480  scala.PartialFunction$OrElse
 354:            12            480  scala.collection.mutable.HashMap
 355:             6            456  [Lsun.invoke.util.Wrapper;
 356:            19            456  java.util.jar.Attributes$Name
 357:            19            456  java.util.regex.Pattern$Ctype
 358:             4            448  [Ljava.time.ZoneOffset;
 359:            14            448  akka.event.MarkerLoggingAdapter
 360:             8            448  javax.management.openmbean.OpenMBeanParameterInfoSupport
 361:            14            448  org.apache.logging.log4j.core.config.AwaitCompletionReliabilityStrategy
 362:            28            448  scala.collection.immutable.Set$Set1
 363:            11            440  org.apache.flink.runtime.state.heap.CopyOnWriteStateMap$StateMapEntry
 364:            22            432  [Ljavax.management.MBeanConstructorInfo;
 365:            18            432  akka.actor.LocalActorRef
 366:            18            432  java.lang.RuntimePermission
 367:             9            432  java.util.Properties
 368:            20            424  [Lsun.reflect.generics.tree.FieldTypeSignature;
 369:            13            416  akka.dispatch.MonitorableThreadFactory
 370:            13            416  java.lang.invoke.SimpleMethodHandle
 371:            13            416  javax.management.MBeanNotificationInfo
 372:            17            408  com.typesafe.config.impl.TokenType
 373:            17            408  java.lang.management.ManagementPermission
 374:            17            408  java.util.BitSet
 375:             8            400  [Ljava.lang.reflect.Method;
 376:            10            400  java.lang.invoke.DirectMethodHandle$Accessor
 377:             5            400  java.net.URI
 378:             7            392  java.util.ResourceBundle$CacheKey
 379:             1            392  org.apache.flink.runtime.io.network.api.writer.RecordWriter$OutputFlusher
 380:             4            384  [Ljava.lang.Thread;
 381:            16            384  [Lorg.jboss.netty.util.internal.ConcurrentIdentityWeakKeyHashMap$HashEntry;
 382:            12            384  akka.actor.Scheduler$$anon$1$$anon$2
 383:             1            384  java.lang.ref.Finalizer$FinalizerThread
 384:            12            384  java.security.Permissions
 385:            16            384  java.util.concurrent.ConcurrentLinkedQueue
 386:             1            384  java.util.logging.LogManager$Cleaner
 387:            24            384  java.util.regex.Pattern$BranchConn
 388:            16            384  java.util.regex.Pattern$Ques
 389:             1            384  org.apache.flink.core.fs.SafetyNetCloseableRegistry$CloseableReaperThread
 390:             1            384  org.apache.flink.runtime.io.disk.iomanager.IOManagerAsync$ReaderThread
 391:             1            384  org.apache.flink.runtime.io.disk.iomanager.IOManagerAsync$WriterThread
 392:             2            384  org.apache.flink.runtime.taskmanager.Task
 393:             1            384  org.apache.flink.runtime.util.JvmShutdownSafeguard
 394:            12            384  org.apache.flink.streaming.api.windowing.windows.TimeWindow
 395:             1            384  org.apache.flink.streaming.runtime.tasks.SourceStreamTask$LegacySourceFunctionThread
 396:            12            384  org.apache.flink.util.concurrent.ExecutorThreadFactory
 397:            24            384  org.apache.logging.log4j.core.lookup.SystemPropertiesLookup
 398:            16            384  scala.collection.immutable.Map$Map1
 399:            16            384  sun.misc.MetaIndex
 400:            12            384  sun.nio.ch.AllocatedNativeObject
 401:            16            384  sun.nio.ch.OptionKey
 402:            16            384  sun.nio.ch.SocketOptionRegistry$RegistryKey
 403:             1            376  java.lang.ref.Reference$ReferenceHandler
 404:             2            368  akka.remote.serialization.MiscMessageSerializer
 405:            23            368  java.time.format.DateTimeFormatterBuilder$CharLiteralPrinterParser
 406:            23            368  java.util.Collections$UnmodifiableSet
 407:            15            360  java.net.InetSocketAddress$InetSocketAddressHolder
 408:             9            360  java.util.IdentityHashMap
 409:            15            360  java.util.concurrent.LinkedBlockingQueue$Node
 410:             5            360  java.util.concurrent.ScheduledThreadPoolExecutor$ScheduledFutureTask
 411:            15            360  java.util.regex.Pattern$SingleI
 412:            15            360  javax.management.StandardMBean
 413:            15            360  org.apache.flink.core.fs.CloseableRegistry
 414:            15            360  sun.reflect.NativeMethodAccessorImpl
 415:             2            352  akka.remote.EndpointWriter
 416:            22            352  akka.util.Timeout
 417:            11            352  java.util.concurrent.ScheduledThreadPoolExecutor$DelayedWorkQueue
 418:            11            352  java.util.regex.Pattern$3
 419:             4            352  org.apache.flink.streaming.runtime.tasks.SystemProcessingTimeService$ScheduledTaskExecutor
 420:            11            352  sun.reflect.generics.reflectiveObjects.TypeVariableImpl
 421:             7            336  com.sun.jmx.mbeanserver.DefaultMXBeanMappingFactory$CompositeMapping
 422:            14            336  java.lang.invoke.LambdaFormEditor$Transform$Kind
 423:             6            336  java.nio.DirectLongBufferU
 424:             7            336  java.util.ResourceBundle$BundleReference
 425:            14            336  java.util.regex.Pattern$Single
 426:             2            336  org.apache.logging.log4j.core.config.properties.PropertiesConfiguration
 427:            14            336  org.apache.logging.log4j.core.jmx.LoggerConfigAdmin
 428:            14            336  org.jboss.netty.util.ThreadRenamingRunnable
 429:            14            336  scala.collection.generic.GenTraversableFactory$$anon$1
 430:             6            336  sun.management.MemoryPoolImpl
 431:            16            328  [Ljava.lang.management.PlatformComponent;
 432:            20            320  akka.actor.dungeon.ChildrenContainer$NormalChildrenContainer
 433:            10            320  akka.dispatch.Dispatcher$LazyExecutorServiceDelegate
 434:            10            320  com.typesafe.config.impl.ConfigDouble
 435:            10            320  com.typesafe.config.impl.Token
 436:            10            320  java.io.FilePermission
 437:            10            320  java.lang.OutOfMemoryError
 438:             8            320  java.lang.invoke.DirectMethodHandle$Constructor
 439:            10            320  java.util.concurrent.FutureTask
 440:            10            320  java.util.concurrent.SynchronousQueue
 441:            10            320  java.util.concurrent.atomic.AtomicIntegerFieldUpdater$AtomicIntegerFieldUpdaterImpl
 442:             8            320  org.apache.flink.runtime.clusterframework.types.ResourceProfile
 443:            10            320  org.apache.flink.streaming.api.operators.TimerHeapInternalTimer
 444:            10            320  org.apache.flink.streaming.runtime.tasks.mailbox.MailboxExecutorImpl
 445:             8            320  org.apache.logging.log4j.core.pattern.DatePatternConverter$FixedFormatter
 446:             8            320  org.jboss.netty.channel.DefaultChannelPipeline$DefaultChannelHandlerContext
 447:            10            320  scala.collection.immutable.Map$Map2
 448:            20            320  scala.concurrent.impl.Promise$DefaultPromise
 449:            13            312  akka.dispatch.CachingConfig$ValuePathEntry
 450:            13            312  java.net.Inet4Address
 451:             1            312  java.util.concurrent.ForkJoinPool
 452:            12            288  akka.actor.Scheduler$$anon$1
 453:            12            288  akka.actor.Scheduler$$anon$3
 454:            12            288  akka.dispatch.CachingConfig
 455:            12            288  akka.japi.pf.UnitCaseStatement
 456:             9            288  java.io.FileInputStream
 457:             6            288  java.nio.HeapCharBuffer
 458:            12            288  java.time.Month
 459:            12            288  java.time.ZoneOffset
 460:             9            288  java.util.logging.Level
 461:            12            288  java.util.regex.Pattern$Start
 462:             9            288  jdk.internal.org.objectweb.asm.Type
 463:            12            288  org.apache.logging.log4j.core.lookup.Interpolator
 464:            12            288  org.jboss.netty.util.internal.DeadLockProofWorker$1
 465:             6            288  sun.misc.URLClassPath
 466:             9            288  sun.security.jca.ProviderConfig
 467:             6            288  sun.util.locale.provider.LocaleResources$ResourceReference
 468:             7            280  java.util.EnumMap
 469:             7            280  org.apache.logging.log4j.core.config.Node
 470:             2            272  org.apache.flink.shaded.netty4.io.netty.util.internal.InternalThreadLocalMap
 471:            17            272  org.jboss.netty.logging.Slf4JLogger
 472:            11            264  akka.util.WildcardTree
 473:            11            264  com.typesafe.config.impl.ConfigReference
 474:            11            264  com.typesafe.config.impl.SubstitutionExpression
 475:            11            264  java.lang.StringBuilder
 476:            11            264  java.net.StandardSocketOptions$StdSocketOption
 477:            11            264  org.apache.flink.api.common.JobStatus
 478:            11            264  sun.reflect.generics.tree.FormalTypeParameter
 479:             2            256  akka.remote.transport.ProtocolStateActor
 480:             8            256  org.apache.flink.api.common.typeinfo.BasicTypeInfo
 481:             8            256  org.apache.flink.runtime.jobgraph.OperatorID
 482:             4            256  org.apache.flink.runtime.metrics.groups.InternalOperatorMetricGroup
 483:             2            256  org.apache.flink.runtime.taskmanager.RuntimeEnvironment
 484:             4            256  org.apache.flink.streaming.api.operators.StreamingRuntimeContext
 485:             8            256  org.jboss.netty.channel.socket.nio.SocketReceiveBufferAllocator
 486:             8            256  sun.misc.ProxyGenerator$PrimitiveTypeInfo
 487:             8            256  sun.nio.fs.UnixPath
 488:             8            248  [Ljava.lang.invoke.LambdaForm$BasicType;
 489:             6            240  [Ljava.lang.invoke.BoundMethodHandle$SpeciesData;
 490:             5            240  [Ljava.util.concurrent.ForkJoinPool$WorkQueue;
 491:            14            240  [Lorg.apache.logging.log4j.core.config.AppenderRef;
 492:             2            240  akka.actor.ActorSystem$Settings
 493:            10            240  akka.actor.Scheduler$$anon$6
 494:             3            240  akka.dispatch.ThreadPoolConfig$ThreadPoolExecutorServiceFactory$$anon$1
 495:            15            240  com.typesafe.config.impl.ConfigNull
 496:            10            240  java.io.FilePermissionCollection
 497:            10            240  java.lang.Double
 498:            10            240  java.lang.annotation.ElementType
 499:            15            240  java.net.InetSocketAddress
 500:            10            240  java.nio.file.StandardOpenOption
 501:             5            240  org.apache.commons.cli.Option
 502:            10            240  org.apache.flink.configuration.description.LinkElement
 503:            10            240  org.apache.flink.runtime.execution.ExecutionState
 504:            10            240  org.apache.flink.runtime.rpc.messages.RunAsync
 505:            15            240  org.apache.logging.log4j.core.config.AppenderControlArraySet
 506:             5            240  org.apache.logging.log4j.message.ReusableParameterizedMessage
 507:             6            240  sun.management.MemoryPoolImpl$CollectionSensor
 508:             6            240  sun.management.MemoryPoolImpl$PoolSensor
 509:             6            240  sun.reflect.generics.repository.MethodRepository
 510:             7            232  [Ljava.lang.annotation.ElementType;
 511:             7            224  akka.actor.RootActorPath
 512:             7            224  akka.dispatch.ForkJoinExecutorConfigurator$ForkJoinExecutorServiceFactory
 513:             4            224  akka.remote.artery.ArterySettings
 514:             7            224  java.net.Inet6Address
 515:             7            224  java.net.Inet6Address$Inet6AddressHolder
 516:             2            224  java.net.SocksSocketImpl
 517:             7            224  java.util.Random
 518:             7            224  java.util.ResourceBundle$LoaderReference
 519:             7            224  java.util.Stack
 520:             2            224  org.apache.flink.api.common.ExecutionConfig
 521:             7            224  org.apache.flink.runtime.io.network.buffer.Buffer$DataType
 522:             2            224  org.apache.flink.runtime.rpc.akka.RobustActorSystem$1
 523:             7            224  org.apache.flink.util.TimeUtils$TimeUnit
 524:             4            224  org.apache.logging.log4j.core.config.ConfigurationSource
 525:             2            224  sun.nio.ch.SocketChannelImpl
 526:             9            216  [Ljava.lang.reflect.TypeVariable;
 527:             9            216  akka.dispatch.DispatcherConfigurator
 528:             9            216  java.nio.file.attribute.PosixFilePermission
 529:             9            216  java.util.logging.Level$KnownLevel
 530:             9            216  java.util.regex.Pattern$1
 531:             9            216  org.apache.flink.api.common.time.Time
 532:             9            216  org.apache.logging.log4j.MarkerManager$Log4jMarker
 533:             3            216  sun.security.provider.NativePRNG$RandomIO
 534:             9            216  sun.util.logging.PlatformLogger$Level
 535:             7            208  [Ljava.lang.invoke.LambdaForm$NamedFunction;
 536:             2            208  akka.actor.LocalActorRefProvider
 537:             2            208  akka.remote.RemoteActorRefProvider$RemotingTerminator
 538:            13            208  org.apache.logging.log4j.core.lookup.JmxRuntimeInputArgumentsLookup
 539:            13            208  org.apache.logging.log4j.core.lookup.MapLookup
 540:             5            200  java.lang.ClassLoader$NativeLibrary
 541:             5            200  java.lang.invoke.BoundMethodHandle$SpeciesData
 542:             5            200  java.util.stream.StreamOpFlag
 543:             8            192  [Ljava.net.URL;
 544:             2            192  [Lorg.apache.flink.shaded.netty4.io.netty.util.concurrent.EventExecutor;
 545:             8            192  akka.japi.pf.ReceiveBuilder$1
 546:             8            192  akka.remote.EventPublisher
 547:             2            192  akka.remote.ReliableDeliverySupervisor
 548:             6            192  akka.remote.serialization.WrappedPayloadSupport
 549:             4            192  java.lang.ThreadGroup
 550:             6            192  java.lang.invoke.LambdaForm$BasicType
 551:             8            192  java.lang.invoke.MethodHandleImpl$Intrinsic
 552:             8            192  java.math.RoundingMode
 553:            12            192  java.nio.channels.spi.AbstractSelector$1
 554:             6            192  java.security.BasicPermissionCollection
 555:             6            192  java.time.format.TextStyle
 556:             8            192  java.util.Collections$SetFromMap
 557:            12            192  java.util.LinkedHashMap$LinkedKeySet
 558:             8            192  java.util.concurrent.Executors$RunnableAdapter
 559:             6            192  javax.management.MBeanConstructorInfo
 560:             8            192  jdk.net.SocketFlow$Status
 561:             6            192  org.apache.flink.api.common.JobID
 562:             8            192  org.apache.flink.api.common.eventtime.CombinedWatermarkStatus$PartialWatermark
 563:             8            192  org.apache.flink.core.plugin.PluginDescriptor
 564:             6            192  org.apache.flink.runtime.metrics.util.MetricUtils$AttributeGauge
 565:             4            192  org.apache.flink.runtime.state.DefaultOperatorStateBackend
 566:             8            192  org.apache.flink.util.ShutdownHookUtil$$Lambda$441/1027569178
 567:             8            192  org.apache.logging.log4j.Level
 568:            12            192  org.apache.logging.log4j.core.lookup.DateLookup
 569:            12            192  org.apache.logging.log4j.core.lookup.EnvironmentLookup
 570:            12            192  org.apache.logging.log4j.core.lookup.JavaLookup
 571:            12            192  org.apache.logging.log4j.core.lookup.Log4jLookup
 572:            12            192  org.apache.logging.log4j.core.lookup.LowerLookup
 573:            12            192  org.apache.logging.log4j.core.lookup.MarkerLookup
 574:            12            192  org.apache.logging.log4j.core.lookup.PropertiesLookup
 575:            12            192  org.apache.logging.log4j.core.lookup.UpperLookup
 576:             6            192  org.apache.logging.log4j.core.util.Log4jThreadFactory
 577:             8            192  org.apache.logging.log4j.spi.StandardLevel
 578:             4            192  org.jboss.netty.channel.AbstractChannel$ChannelCloseFuture
 579:             8            192  org.jboss.netty.channel.socket.nio.SocketSendBufferPool
 580:             8            192  org.jboss.netty.channel.socket.nio.SocketSendBufferPool$Preallocation
 581:             8            192  scala.collection.Iterator$$anon$8
 582:             6            192  scala.collection.immutable.RedBlackTree$RedTree
 583:             2            192  sun.nio.ch.ServerSocketChannelImpl
 584:            12            192  sun.nio.ch.Util$3
 585:             6            192  sun.reflect.generics.tree.MethodTypeSignature
 586:             2            176  akka.remote.EndpointManager
 587:             2            176  akka.remote.transport.netty.NettyTransportSettings
 588:            11            176  org.apache.logging.log4j.core.util.datetime.FastDateParser$NumberStrategy
 589:            11            176  scala.util.Success
 590:             2            168  [Ljava.lang.ClassValue$Entry;
 591:             1            168  [[Ljava.math.BigInteger;
 592:             7            168  akka.actor.TypedCreatorFunctionConsumer
 593:             7            168  com.sun.management.VMOption$Origin
 594:             3            168  java.lang.invoke.LambdaFormEditor$Transform
 595:             7            168  java.net.NetPermission
 596:             7            168  java.time.DayOfWeek
 597:             7            168  java.util.Collections$SynchronizedSet
 598:             7            168  java.util.concurrent.ConcurrentHashMap$KeySetView
 599:             3            168  javax.management.openmbean.OpenMBeanOperationInfoSupport
 600:             7            168  org.apache.flink.api.common.state.StateDescriptor$Type
 601:             1            168  org.apache.flink.runtime.taskexecutor.TaskExecutor
 602:             7            168  org.apache.flink.shaded.guava30.com.google.common.collect.ImmutableMapEntry
 603:             1            168  org.apache.flink.streaming.runtime.tasks.SourceStreamTask
 604:             4            160  [F
 605:             2            160  [[Ljava.lang.String;
 606:            10            160  akka.dispatch.MessageDispatcher$$Lambda$234/695530017
 607:            10            160  akka.dispatch.MessageDispatcher$$anon$3
 608:             2            160  akka.remote.EndpointReader
 609:             2            160  akka.remote.RemoteActorRefProvider
 610:             2            160  akka.remote.RemoteWatcher
 611:            10            160  java.lang.Boolean
 612:             5            160  java.util.Collections$UnmodifiableMap
 613:            10            160  java.util.Formatter$Flags
 614:             5            160  java.util.UUID
 615:             4            160  java.util.concurrent.CompletableFuture$UniWhenComplete
 616:            10            160  java.util.concurrent.SynchronousQueue$TransferStack
 617:             5            160  javax.management.StandardEmitterMBean
 618:             5            160  org.apache.flink.api.common.typeinfo.IntegerTypeInfo
 619:             5            160  org.apache.flink.configuration.MemorySize$MemoryUnit
 620:             5            160  org.apache.flink.runtime.io.network.partition.ResultPartitionType
 621:             4            160  org.apache.flink.runtime.metrics.TimerGauge
 622:             4            160  org.apache.flink.runtime.metrics.groups.InternalOperatorIOMetricGroup
 623:             2            160  org.apache.flink.runtime.metrics.groups.TaskMetricGroup
 624:             5            160  org.apache.flink.runtime.state.StateSerializerProvider$EagerlyRegisteredStateSerializerProvider
 625:             4            160  org.apache.flink.streaming.api.operators.StreamTaskStateInitializerImpl$StreamOperatorStateContextImpl
 626:             5            160  org.apache.flink.streaming.runtime.streamrecord.StreamRecord
 627:             1            160  org.apache.flink.streaming.runtime.tasks.OneInputStreamTask
 628:             4            160  org.apache.flink.streaming.runtime.tasks.StreamOperatorWrapper
 629:             4            160  org.apache.flink.streaming.util.LatencyStats
 630:             5            160  org.apache.flink.util.AbstractID
 631:             2            160  org.jboss.netty.handler.codec.frame.LengthFieldBasedFrameDecoder
 632:             4            160  sun.nio.ch.SelectionKeyImpl
 633:             5            160  sun.util.locale.provider.LocaleProviderAdapter$Type
 634:             6            152  [Ljava.util.Map$Entry;
 635:             1            152  org.apache.flink.shaded.netty4.io.netty.buffer.PoolArena$HeapArena
 636:             6            144  [Ljava.io.File;
 637:             2            144  [Ljava.math.BigDecimal;
 638:             1            144  [Ljava.util.concurrent.ForkJoinTask$ExceptionNode;
 639:             3            144  [Lorg.apache.flink.shaded.netty4.io.netty.buffer.PoolArena;
 640:             3            144  [Lorg.apache.logging.log4j.core.pattern.PatternFormatter;
 641:             4            144  [Lscala.collection.immutable.HashSet;
 642:             2            144  akka.actor.LightArrayRevolverScheduler
 643:             9            144  akka.actor.NoArgsReflectConstructor
 644:             6            144  akka.remote.SeqNo
 645:             2            144  akka.remote.transport.netty.NettyTransport
 646:             6            144  akka.util.WildcardIndex
 647:             6            144  com.typesafe.config.ConfigValueType
 648:             6            144  com.typesafe.config.impl.ConfigConcatenation
 649:             9            144  java.util.concurrent.ConcurrentHashMap$ValuesView
 650:             3            144  java.util.concurrent.locks.ReentrantReadWriteLock$NonfairSync
 651:             6            144  java.util.regex.Pattern$Slice
 652:             6            144  org.apache.flink.api.common.resources.CPUResource
 653:             2            144  org.apache.flink.api.java.typeutils.runtime.kryo.KryoSerializer
 654:             2            144  org.apache.flink.runtime.metrics.groups.TaskIOMetricGroup
 655:             1            144  org.apache.flink.streaming.runtime.operators.windowing.WindowOperator
 656:             2            144  org.apache.flink.streaming.runtime.tasks.SubtaskCheckpointCoordinatorImpl
 657:             6            144  org.apache.flink.util.OperatingSystem
 658:             6            144  org.apache.logging.log4j.core.LifeCycle$State
 659:             3            144  org.apache.logging.log4j.core.lookup.RuntimeStrSubstitutor
 660:             6            144  org.apache.logging.log4j.core.util.datetime.FastDateParser$StrategyAndWidth
 661:             1            144  org.jboss.netty.channel.socket.nio.NioClientSocketChannel
 662:             2            144  org.jboss.netty.channel.socket.nio.NioServerSocketChannel
 663:             6            144  scala.concurrent.impl.CallbackRunnable
 664:             6            144  sun.misc.PerfCounter
 665:             6            144  sun.reflect.generics.scope.MethodScope
 666:             1            136  [Ljava.time.temporal.ChronoField;
 667:             1            136  org.apache.logging.log4j.core.config.NullConfiguration
 668:             4            128  [Ljava.nio.channels.SelectionKey;
 669:             2            128  [Ljava.time.Month;
 670:             8            128  akka.event.DefaultLoggingFilter
 671:             2            128  akka.serialization.Serialization
 672:             2            128  akka.stream.ActorMaterializerSettings
 673:             2            128  akka.stream.serialization.StreamRefSerializer
 674:             4            128  com.sun.jmx.mbeanserver.DefaultMXBeanMappingFactory$ArrayMapping
 675:             2            128  java.io.ExpiringCache$1
 676:             4            128  java.lang.ClassValue$Entry
 677:             8            128  java.lang.Float
 678:             2            128  java.security.SecureRandom
 679:             4            128  org.apache.flink.api.common.eventtime.CombinedWatermarkStatus
 680:             4            128  org.apache.flink.api.java.typeutils.runtime.KryoRegistration
 681:             4            128  org.apache.flink.api.java.typeutils.runtime.TupleSerializer
 682:             4            128  org.apache.flink.runtime.checkpoint.CheckpointType
 683:             2            128  org.apache.flink.runtime.heartbeat.HeartbeatMonitorImpl
 684:             2            128  org.apache.flink.runtime.io.network.buffer.LocalBufferPool
 685:             4            128  org.apache.flink.runtime.metrics.dump.QueryScopeInfo$OperatorQueryScopeInfo
 686:             4            128  org.apache.flink.runtime.metrics.groups.TaskIOMetricGroup$SumCounter
 687:             2            128  org.apache.flink.runtime.rpc.akka.AkkaRpcActor
 688:             8            128  org.apache.flink.runtime.rpc.akka.RemoteAddressExtension
 689:             8            128  org.apache.flink.runtime.rpc.akka.RemoteAddressExtension$RemoteAddressExtensionImpl
 690:             4            128  org.apache.flink.runtime.state.SnapshotStrategyRunner
 691:             8            128  org.apache.flink.shaded.guava30.com.google.common.collect.SingletonImmutableList
 692:             8            128  org.apache.flink.streaming.api.graph.StreamConfig
 693:             4            128  org.apache.flink.streaming.api.operators.StreamOperatorStateHandler
 694:             4            128  org.apache.flink.streaming.runtime.tasks.ProcessingTimeServiceImpl
 695:             2            128  org.apache.flink.streaming.runtime.tasks.SubtaskCheckpointCoordinatorImpl$1
 696:             4            128  org.apache.flink.streaming.runtime.tasks.SystemProcessingTimeService
 697:             2            128  org.apache.logging.log4j.core.appender.RollingFileAppender
 698:             2            128  org.apache.logging.log4j.core.layout.PatternLayout
 699:             4            128  org.jboss.netty.channel.DefaultChannelPipeline
 700:             2            128  org.jboss.netty.channel.socket.nio.NioClientBoss
 701:             4            128  org.jboss.netty.channel.socket.nio.NioWorkerPool
 702:             4            128  sun.nio.fs.NativeBuffer
 703:             3            120  akka.dispatch.DefaultDispatcherPrerequisites
 704:             3            120  akka.dispatch.ThreadPoolConfig
 705:             5            120  akka.remote.WireFormats$CommandType
 706:             5            120  akka.stream.impl.SeqActorNameImpl
 707:             5            120  java.time.Instant
 708:             5            120  java.time.format.SignStyle
 709:             3            120  java.util.concurrent.CompletableFuture$UniRun
 710:             5            120  java.util.concurrent.locks.ReentrantReadWriteLock
 711:             5            120  java.util.stream.StreamOpFlag$Type
 712:             5            120  org.apache.flink.core.memory.DataOutputSerializer
 713:             1            120  org.apache.flink.runtime.io.network.partition.PipelinedResultPartition
 714:             1            120  org.apache.flink.runtime.io.network.partition.consumer.SingleInputGate
 715:             5            120  org.apache.flink.runtime.net.ConnectionUtils$AddressDetectionState
 716:             3            120  org.apache.flink.shaded.guava30.com.google.common.collect.RegularImmutableMap
 717:             5            120  org.apache.flink.streaming.runtime.io.DataInputStatus
 718:             5            120  org.apache.flink.streaming.runtime.metrics.WatermarkGauge
 719:             1            120  org.apache.logging.log4j.core.appender.rolling.RollingFileManager
 720:             3            120  org.apache.logging.log4j.core.jmx.LoggerContextAdmin
 721:             5            120  org.apache.logging.log4j.core.pattern.FormattingInfo
 722:             5            120  org.apache.logging.log4j.core.pattern.PatternParser$ParserState
 723:             5            120  org.apache.logging.log4j.core.time.MutableInstant
 724:             3            120  org.apache.logging.log4j.core.util.WatchManager
 725:             3            120  org.jboss.netty.channel.DefaultChannelFuture
 726:             1            120  org.jboss.netty.channel.socket.nio.NioAcceptedSocketChannel
 727:             1            120  scala.package$
 728:             3            120  sun.misc.FloatingDecimal$BinaryToASCIIBuffer
 729:             5            120  sun.misc.FloatingDecimal$PreparedASCIIToBinaryBuffer
 730:             2            112  [Ljava.lang.invoke.MethodType;
 731:             2            112  [Ljava.nio.file.StandardOpenOption;
 732:             2            112  [Ljava.nio.file.attribute.PosixFilePermission;
 733:             1            112  [Ljava.time.LocalTime;
 734:             7            112  akka.dispatch.ForkJoinExecutorConfigurator
 735:             2            112  akka.dispatch.Mailboxes
 736:             2            112  akka.remote.RemoteSystemDaemon
 737:             2            112  akka.remote.Remoting
 738:             2            112  akka.remote.transport.AkkaProtocolHandle
 739:             2            112  akka.remote.transport.AkkaProtocolManager
 740:             2            112  akka.stream.impl.PhasedFusingActorMaterializer
 741:             7            112  java.util.concurrent.ConcurrentHashMap$EntrySetView
 742:             7            112  org.apache.flink.configuration.Configuration
 743:             1            112  org.apache.flink.core.classloading.SubmoduleClassLoader
 744:             2            112  org.apache.flink.runtime.heartbeat.HeartbeatManagerImpl
 745:             7            112  org.apache.flink.runtime.io.AvailabilityProvider$AvailabilityHelper
 746:             2            112  org.apache.flink.runtime.rpc.akka.AkkaRpcService
 747:             2            112  org.apache.flink.runtime.rpc.akka.FencedAkkaInvocationHandler
 748:             2            112  org.apache.flink.streaming.runtime.tasks.RegularOperatorChain
 749:             2            112  org.apache.logging.log4j.core.LoggerContext
 750:             2            112  org.jboss.netty.channel.socket.nio.NioServerBoss
 751:             2            112  org.jboss.netty.util.HashedWheelTimer
 752:             1            104  [Lorg.apache.logging.log4j.core.util.datetime.FixedDateFormat$FixedFormat;
 753:             1            104  org.apache.flink.shaded.netty4.io.netty.channel.epoll.EpollServerSocketChannel
 754:             5             96  [Ljava.lang.StackTraceElement;
 755:             3             96  [Ljava.lang.ThreadGroup;
 756:             2             96  [Ljava.time.DayOfWeek;
 757:             2             96  [Ljava.util.concurrent.TimeUnit;
 758:             4             96  [Lorg.apache.flink.api.common.eventtime.CombinedWatermarkStatus$PartialWatermark;
 759:             4             96  [Lorg.apache.flink.api.common.typeutils.TypeSerializer;
 760:             4             96  [Lorg.apache.logging.log4j.Marker;
 761:             2             96  [Lorg.apache.logging.log4j.spi.StandardLevel;
 762:             4             96  [Lorg.jboss.netty.channel.socket.nio.AbstractNioWorker;
 763:             4             96  [Lorg.jboss.netty.channel.socket.nio.Boss;
 764:             6             96  [Lsun.reflect.generics.tree.TypeSignature;
 765:             1             96  [[J
 766:             2             96  akka.actor.FSM$Timer
 767:             4             96  akka.actor.LocalActorRefProvider$Guardian
 768:             2             96  akka.event.DiagnosticMarkerBusLoggingAdapter
 769:             2             96  akka.event.EventStream
 770:             6             96  akka.event.MarkerLoggingAdapter$$anonfun$$lessinit$greater$2
 771:             2             96  akka.event.slf4j.Slf4jLogger
 772:             6             96  akka.japi.pf.ReceiveBuilder
 773:             2             96  akka.remote.DeadlineFailureDetector
 774:             2             96  akka.remote.RemoteActorRef
 775:             2             96  akka.remote.serialization.ActorRefResolveCache
 776:             2             96  akka.remote.serialization.ProtobufSerializer
 777:             2             96  akka.remote.transport.AkkaProtocolTransport
 778:             4             96  akka.remote.transport.HandshakeInfo
 779:             3             96  com.sun.jmx.mbeanserver.DefaultMXBeanMappingFactory$EnumMapping
 780:             2             96  com.sun.jmx.mbeanserver.MBeanIntrospector$MBeanInfoMap
 781:             2             96  com.sun.jmx.mbeanserver.MBeanIntrospector$PerInterfaceMap
 782:             6             96  com.sun.proxy.$Proxy3
 783:             4             96  com.typesafe.config.impl.ConfigIncludeKind
 784:             4             96  com.typesafe.config.impl.OriginType
 785:             3             96  java.io.FileOutputStream
 786:             4             96  java.io.ObjectStreamClass$ExceptionInfo
 787:             4             96  java.math.MathContext
 788:             4             96  java.time.format.DateTimeFormatterBuilder$OffsetIdPrinterParser
 789:             4             96  java.time.format.DateTimeFormatterBuilder$SettingsParser
 790:             2             96  java.time.zone.ZoneOffsetTransitionRule
 791:             6             96  java.util.Optional
 792:             6             96  java.util.TreeMap$KeySet
 793:             4             96  java.util.concurrent.Executors$DefaultThreadFactory
 794:             2             96  java.util.concurrent.locks.ReentrantReadWriteLock$FairSync
 795:             4             96  java.util.regex.Pattern$5
 796:             4             96  java.util.regex.Pattern$CharProperty$1
 797:             4             96  java.util.stream.StreamShape
 798:             2             96  javax.management.openmbean.TabularType
 799:             4             96  org.apache.flink.api.common.ExecutionMode
 800:             4             96  org.apache.flink.api.common.eventtime.IndexedCombinedWatermarkStatus
 801:             6             96  org.apache.flink.api.common.typeutils.base.StringSerializer
 802:             6             96  org.apache.flink.configuration.description.ListElement
 803:             4             96  org.apache.flink.runtime.checkpoint.CheckpointOptions$AlignmentType
 804:             4             96  org.apache.flink.runtime.clusterframework.ApplicationStatus
 805:             3             96  org.apache.flink.runtime.clusterframework.types.AllocationID
 806:             1             96  org.apache.flink.runtime.execution.librarycache.FlinkUserCodeClassLoaders$ParentFirstClassLoader
 807:             1             96  org.apache.flink.runtime.execution.librarycache.FlinkUserCodeClassLoaders$SafetyNetWrapperClassLoader
 808:             4             96  org.apache.flink.runtime.heartbeat.HeartbeatMonitorImpl$State
 809:             2             96  org.apache.flink.runtime.io.disk.iomanager.RequestQueue
 810:             4             96  org.apache.flink.runtime.io.network.metrics.CreditBasedInputBuffersUsageGauge
 811:             3             96  org.apache.flink.runtime.jobgraph.IntermediateDataSetID
 812:             2             96  org.apache.flink.runtime.registration.RetryingRegistrationConfiguration
 813:             2             96  org.apache.flink.runtime.rpc.akka.AkkaInvocationHandler
 814:             4             96  org.apache.flink.runtime.state.DefaultOperatorStateBackendSnapshotStrategy
 815:             1             96  org.apache.flink.runtime.state.heap.HeapKeyedStateBackend
 816:             4             96  org.apache.flink.runtime.taskexecutor.slot.TaskSlotTableImpl$State
 817:             4             96  org.apache.flink.runtime.taskmanager.DispatcherThreadFactory
 818:             2             96  org.apache.flink.runtime.throughput.ThroughputCalculator
 819:             4             96  org.apache.flink.shaded.guava30.com.google.common.base.AbstractIterator$State
 820:             4             96  org.apache.flink.shaded.guava30.com.google.common.collect.AbstractIterator$State
 821:             4             96  org.apache.flink.shaded.guava30.com.google.common.collect.ImmutableMapEntry$NonTerminalImmutableMapEntry
 822:             4             96  org.apache.flink.shaded.netty4.io.netty.util.ResourceLeakDetector$Level
 823:             4             96  org.apache.flink.streaming.api.operators.ChainingStrategy
 824:             4             96  org.apache.flink.streaming.api.operators.CountingOutput
 825:             4             96  org.apache.flink.streaming.api.operators.StreamTaskStateInitializerImpl$1
 826:             4             96  org.apache.flink.streaming.api.operators.StreamTaskStateInitializerImpl$2
 827:             4             96  org.apache.flink.streaming.api.windowing.triggers.TriggerResult
 828:             4             96  org.apache.flink.streaming.runtime.tasks.StreamTask$$Lambda$637/2094958888
 829:             2             96  org.apache.logging.log4j.core.config.AppenderControl
 830:             2             96  org.apache.logging.log4j.core.config.ConfigurationFileWatcher
 831:             3             96  org.apache.logging.log4j.core.config.ConfigurationScheduler
 832:             3             96  org.apache.logging.log4j.core.util.datetime.FixedDateFormat$FixedTimeZoneFormat
 833:             4             96  org.jboss.netty.channel.ChannelState
 834:             2             96  org.jboss.netty.channel.socket.nio.DefaultNioSocketChannelConfig
 835:             4             96  scala.Tuple3
 836:             4             96  scala.collection.immutable.HashSet$HashTrieSet
 837:             2             96  sun.management.GarbageCollectorImpl
 838:             4             96  sun.misc.FormattedFloatingDecimal$Form
 839:             1             96  sun.misc.Launcher$AppClassLoader
 840:             3             96  sun.net.spi.DefaultProxySelector$NonProxyInfo
 841:             2             96  sun.nio.cs.StreamEncoder
 842:             4             96  sun.nio.fs.NativeBuffer$Deallocator
 843:             1             96  sun.security.jca.ProviderList$1
 844:             1             96  sun.security.provider.Sun
 845:             1             88  [Lcom.typesafe.config.impl.SimpleConfig$MemoryUnit;
 846:             1             88  [Lcom.typesafe.config.impl.TokenType;
 847:             1             88  [Ljava.util.concurrent.ConcurrentMap;
 848:             2             88  [Lorg.apache.flink.configuration.ConfigOption;
 849:             1             88  scala.collection.convert.Wrappers$
 850:             1             88  scala.reflect.ClassTag$
 851:             1             88  scala.reflect.ManifestFactory$
 852:             1             88  sun.misc.Launcher$ExtClassLoader
 853:             2             80  [Lakka.remote.WireFormats$CommandType;
 854:             1             80  [Ljava.time.temporal.ChronoUnit;
 855:             2             80  [Ljava.util.stream.StreamOpFlag$Type;
 856:             2             80  [Lorg.apache.flink.configuration.MemorySize$MemoryUnit;
 857:             4             80  [Lorg.apache.flink.runtime.io.network.partition.ResultPartition;
 858:             2             80  [Lorg.apache.flink.runtime.io.network.partition.ResultPartitionType;
 859:             4             80  [Lorg.apache.flink.runtime.io.network.partition.consumer.SingleInputGate;
 860:             2             80  [Lorg.apache.flink.shaded.guava30.com.google.common.collect.ImmutableMapEntry;
 861:             2             80  [Lorg.apache.flink.shaded.netty4.io.netty.util.internal.PriorityQueueNode;
 862:             1             80  [Lorg.jboss.netty.util.internal.ConcurrentIdentityWeakKeyHashMap$Segment;
 863:             2             80  akka.actor.LightArrayRevolverScheduler$$anon$3
 864:             2             80  akka.dispatch.Dispatchers
 865:             2             80  akka.dispatch.Mailboxes$$anon$1
 866:             2             80  akka.remote.RemoteDeployer
 867:             2             80  akka.remote.RemoteWatcher$$anon$1
 868:             2             80  akka.remote.RemoteWatcher$$anon$2
 869:             2             80  akka.routing.ConsistentHashingPool
 870:             2             80  akka.stream.impl.MaterializerGuardian
 871:             5             80  akka.util.ByteString$ByteString1C
 872:             2             80  com.sun.jmx.mbeanserver.DefaultMXBeanMappingFactory$TabularMapping
 873:             5             80  com.sun.proxy.$Proxy0
 874:             5             80  com.sun.proxy.$Proxy11
 875:             5             80  com.sun.proxy.$Proxy12
 876:             5             80  com.sun.proxy.$Proxy17
 877:             2             80  java.io.BufferedInputStream
 878:             2             80  java.io.BufferedWriter
 879:             2             80  java.io.ExpiringCache
 880:             2             80  java.time.zone.ZoneRules
 881:             5             80  java.util.LinkedHashMap$LinkedValues
 882:             2             80  java.util.Locale$Category
 883:             2             80  java.util.concurrent.CompletableFuture$UniApply
 884:             5             80  java.util.concurrent.locks.ReentrantReadWriteLock$ReadLock
 885:             5             80  java.util.concurrent.locks.ReentrantReadWriteLock$Sync$ThreadLocalHoldCounter
 886:             5             80  java.util.concurrent.locks.ReentrantReadWriteLock$WriteLock
 887:             2             80  org.apache.flink.api.common.TaskInfo
 888:             5             80  org.apache.flink.api.common.typeutils.base.IntSerializer
 889:             2             80  org.apache.flink.runtime.io.disk.FileChannelManagerImpl
 890:             1             80  org.apache.flink.runtime.io.network.api.serialization.SpanningWrapper
 891:             2             80  org.apache.flink.runtime.state.TaskStateManagerImpl
 892:             2             80  org.apache.flink.runtime.state.heap.HeapPriorityQueueSet
 893:             1             80  org.apache.flink.runtime.taskmanager.NettyShuffleEnvironmentConfiguration
 894:             2             80  org.apache.flink.shaded.guava30.com.google.common.util.concurrent.ThreadFactoryBuilder$1
 895:             1             80  org.apache.flink.streaming.api.operators.InternalTimerServiceImpl
 896:             1             80  org.apache.flink.streaming.api.operators.StreamSink
 897:             1             80  org.apache.flink.streaming.api.operators.StreamSource
 898:             1             80  org.apache.flink.streaming.runtime.io.checkpointing.CheckpointBarrierTracker
 899:             2             80  org.apache.flink.streaming.runtime.tasks.CopyingChainingOutput
 900:             2             80  org.apache.flink.streaming.runtime.tasks.SystemProcessingTimeService$ScheduledTask
 901:             2             80  org.apache.flink.streaming.runtime.tasks.mailbox.TaskMailboxImpl
 902:             2             80  org.apache.flink.util.XORShiftRandom
 903:             2             80  org.apache.logging.log4j.core.config.status.StatusConfiguration
 904:             2             80  org.apache.logging.log4j.core.jmx.StatusLoggerAdmin
 905:             5             80  org.apache.logging.log4j.core.lookup.StrMatcher$CharMatcher
 906:             2             80  org.apache.logging.log4j.core.pattern.DatePatternConverter
 907:             2             80  org.apache.logging.log4j.core.pattern.ExtendedThrowablePatternConverter
 908:             2             80  org.jboss.netty.channel.socket.nio.NioClientBossPool
 909:             2             80  scala.tools.nsc.interpreter.Scripted$Factory
 910:             2             80  sun.management.MemoryManagerImpl
 911:             2             80  sun.nio.ch.SocketAdaptor
 912:             1             80  sun.reflect.misc.MethodUtil
 913:             1             72  [Ljava.lang.invoke.LambdaFormEditor$Transform$Kind;
 914:             3             72  [Ljava.net.InetAddress;
 915:             1             72  [Ljavax.management.openmbean.SimpleType;
 916:             2             72  [Lsun.security.jca.ProviderConfig;
 917:             3             72  akka.dispatch.ThreadPoolConfig$ThreadPoolExecutorServiceFactory
 918:             3             72  akka.remote.ContainerFormats$PatternType
 919:             3             72  com.typesafe.config.ConfigSyntax
 920:             3             72  java.lang.ThreadLocal$SuppliedThreadLocal
 921:             3             72  java.lang.annotation.RetentionPolicy
 922:             3             72  java.net.Proxy$Type
 923:             3             72  java.nio.file.StandardCopyOption
 924:             3             72  java.security.SecurityPermission
 925:             3             72  java.time.format.ResolverStyle
 926:             3             72  java.time.zone.ZoneOffsetTransitionRule$TimeDefinition
 927:             1             72  java.util.ResourceBundle$RBClassLoader
 928:             3             72  java.util.concurrent.ConcurrentLinkedDeque$Node
 929:             1             72  java.util.logging.LogManager$RootLogger
 930:             3             72  java.util.regex.Pattern$Dollar
 931:             3             72  java.util.stream.Collector$Characteristics
 932:             3             72  java.util.stream.MatchOps$MatchKind
 933:             3             72  org.apache.flink.api.common.ExecutionConfig$ClosureCleanerLevel
 934:             3             72  org.apache.flink.api.common.JobStatus$TerminalState
 935:             3             72  org.apache.flink.api.common.state.StateTtlConfig$CleanupStrategies$Strategies
 936:             3             72  org.apache.flink.api.common.state.StateTtlConfig$UpdateType
 937:             3             72  org.apache.flink.api.java.typeutils.runtime.KryoRegistration$SerializerDefinitionType
 938:             3             72  org.apache.flink.configuration.ClusterOptions$UserSystemExitMode
 939:             3             72  org.apache.flink.core.memory.ManagedMemoryUseCase
 940:             1             72  org.apache.flink.runtime.blob.PermanentBlobCache
 941:             1             72  org.apache.flink.runtime.blob.TransientBlobCache
 942:             3             72  org.apache.flink.runtime.checkpoint.CheckpointType$PostCheckpointAction
 943:             3             72  org.apache.flink.runtime.checkpoint.TaskStateSnapshot
 944:             3             72  org.apache.flink.runtime.clusterframework.types.ResourceID
 945:             1             72  org.apache.flink.runtime.io.network.NettyShuffleEnvironment
 946:             3             72  org.apache.flink.runtime.io.network.api.serialization.RecordDeserializer$DeserializationResult
 947:             1             72  org.apache.flink.runtime.io.network.netty.NettyBufferPool
 948:             3             72  org.apache.flink.runtime.io.network.netty.NettyConfig$TransportType
 949:             1             72  org.apache.flink.runtime.io.network.partition.PipelinedSubpartition
 950:             1             72  org.apache.flink.runtime.io.network.partition.ResultPartitionFactory
 951:             3             72  org.apache.flink.runtime.io.network.partition.consumer.ChannelStatePersister$CheckpointStatus
 952:             1             72  org.apache.flink.runtime.io.network.partition.consumer.LocalInputChannel
 953:             3             72  org.apache.flink.runtime.jobmanager.HighAvailabilityMode
 954:             1             72  org.apache.flink.runtime.metrics.dump.MetricQueryService
 955:             3             72  org.apache.flink.runtime.metrics.groups.AbstractMetricGroup$ChildType
 956:             3             72  org.apache.flink.runtime.net.ConnectionUtils$LeaderConnectingAddressListener$LeaderRetrievalState
 957:             3             72  org.apache.flink.runtime.rpc.akka.ControlMessages
 958:             3             72  org.apache.flink.runtime.taskexecutor.DefaultJobLeaderService$State
 959:             1             72  org.apache.flink.runtime.taskexecutor.TaskManagerConfiguration
 960:             1             72  org.apache.flink.runtime.taskexecutor.TaskManagerServices
 961:             3             72  org.apache.flink.runtime.taskexecutor.slot.TaskSlotState
 962:             1             72  org.apache.flink.runtime.taskexecutor.slot.TaskSlotTableImpl
 963:             3             72  org.apache.flink.runtime.util.SignalHandler$Handler
 964:             1             72  org.apache.flink.shaded.netty4.io.netty.channel.epoll.EpollServerSocketChannelConfig
 965:             3             72  org.apache.flink.streaming.api.TimeCharacteristic
 966:             3             72  org.apache.flink.streaming.api.environment.CheckpointConfig$ExternalizedCheckpointCleanup
 967:             1             72  org.apache.flink.streaming.api.operators.StreamMap
 968:             3             72  org.apache.flink.streaming.api.transformations.StreamExchangeMode
 969:             3             72  org.apache.flink.streaming.runtime.tasks.SourceStreamTask$FinishingReason
 970:             3             72  org.apache.flink.streaming.runtime.tasks.mailbox.TaskMailbox$State
 971:             3             72  org.apache.flink.util.TernaryBoolean
 972:             3             72  org.apache.logging.log4j.core.config.plugins.util.PluginManager
 973:             3             72  org.apache.logging.log4j.core.pattern.SimpleLiteralPatternConverter$StringValue
 974:             3             72  org.apache.logging.log4j.core.util.DummyNanoClock
 975:             1             72  scala.reflect.ClassManifestFactory$
 976:             3             72  sun.misc.FloatingDecimal$ExceptionalBinaryToASCIIBuffer
 977:             3             72  sun.misc.Signal
 978:             3             72  sun.security.provider.NativePRNG$Variant
 979:             1             72  sun.util.locale.provider.JRELocaleProviderAdapter
 980:             2             64  [Lakka.remote.ContainerFormats$PatternType;
 981:             2             64  [Ljava.lang.annotation.RetentionPolicy;
 982:             2             64  [Ljava.lang.ref.WeakReference;
 983:             2             64  [Ljava.util.stream.Collector$Characteristics;
 984:             2             64  [Lorg.apache.flink.api.common.ExecutionConfig$ClosureCleanerLevel;
 985:             2             64  [Lorg.apache.flink.api.common.ExecutionMode;
 986:             1             64  [Lorg.apache.flink.api.common.JobStatus;
 987:             2             64  [Lorg.apache.flink.api.common.state.StateTtlConfig$CleanupStrategies$Strategies;
 988:             2             64  [Lorg.apache.flink.api.common.state.StateTtlConfig$UpdateType;
 989:             2             64  [Lorg.apache.flink.api.java.typeutils.runtime.KryoRegistration$SerializerDefinitionType;
 990:             2             64  [Lorg.apache.flink.core.memory.ManagedMemoryUseCase;
 991:             2             64  [Lorg.apache.flink.runtime.jobmanager.HighAvailabilityMode;
 992:             2             64  [Lorg.apache.flink.streaming.api.operators.ChainingStrategy;
 993:             2             64  [Lorg.apache.flink.streaming.api.transformations.StreamExchangeMode;
 994:             2             64  [Lorg.apache.flink.streaming.api.windowing.assigners.WindowStagger;
 995:             2             64  [Lorg.apache.flink.streaming.util.LatencyStats$Granularity;
 996:             2             64  [Lorg.apache.flink.util.TernaryBoolean;
 997:             3             64  [Lorg.apache.logging.log4j.core.config.AppenderControl;
 998:             2             64  [Lsun.nio.fs.NativeBuffer;
 999:             2             64  akka.actor.BootstrapSetup
1000:             4             64  akka.actor.FSM$$anonfun$akka$actor$FSM$$handleEventDefault$1
1001:             4             64  akka.actor.FSM$$anonfun$receive$1
1002:             2             64  akka.actor.FSM$SilentState
1003:             2             64  akka.actor.FSM$State
1004:             4             64  akka.actor.LocalActorRefProvider$Guardian$$anonfun$receive$1
1005:             2             64  akka.actor.LocalActorRefProvider$SystemGuardian
1006:             4             64  akka.dispatch.UnboundedMailbox
1007:             2             64  akka.event.EventStreamUnsubscriber
1008:             4             64  akka.event.Logging$LogLevel
1009:             1             64  akka.protobufv3.internal.CodedInputStream$ArrayDecoder
1010:             2             64  akka.remote.AckedReceiveBuffer
1011:             2             64  akka.remote.AckedSendBuffer
1012:             2             64  akka.remote.AddressUidExtension
1013:             2             64  akka.remote.DefaultMessageDispatcher
1014:             2             64  akka.remote.EndpointManager$EndpointRegistry
1015:             4             64  akka.remote.HasSequenceNumber$$anon$2
1016:             2             64  akka.remote.serialization.ArteryMessageSerializer
1017:             2             64  akka.remote.serialization.DaemonMsgCreateSerializer
1018:             2             64  akka.remote.serialization.MessageContainerSerializer
1019:             2             64  akka.remote.serialization.SystemMessageSerializer
1020:             2             64  akka.remote.serialization.ThrowableSupport
1021:             2             64  akka.remote.transport.AkkaProtocolSettings
1022:             4             64  akka.remote.transport.AssociationHandle$ActorHandleEventListener
1023:             4             64  akka.remote.transport.Transport$ActorAssociationEventListener
1024:             2             64  akka.remote.transport.netty.TcpAssociationHandle
1025:             1             64  akka.routing.MurmurHash$
1026:             2             64  akka.routing.RoundRobinPool
1027:             2             64  akka.stream.SystemMaterializer
1028:             2             64  akka.stream.impl.StreamSupervisor
1029:             2             64  akka.stream.impl.streamref.StreamRefSettingsImpl
1030:             2             64  akka.util.SubclassifiedIndex
1031:             2             64  com.sun.jmx.mbeanserver.DefaultMXBeanMappingFactory$CollectionMapping
1032:             4             64  com.sun.proxy.$Proxy13
1033:             2             64  java.io.ByteArrayInputStream
1034:             2             64  java.io.PrintStream
1035:             1             64  java.io.StreamTokenizer
1036:             1             64  java.lang.ClassValue$ClassValueMap
1037:             2             64  java.lang.StringCoding$StringEncoder
1038:             2             64  java.lang.UnsupportedOperationException
1039:             2             64  java.lang.VirtualMachineError
1040:             2             64  java.lang.ref.ReferenceQueue$Null
1041:             2             64  java.lang.reflect.WeakCache$CacheKey
1042:             2             64  java.time.format.DateTimeFormatterBuilder$FractionPrinterParser
1043:             2             64  java.time.format.DateTimeFormatterBuilder$TextPrinterParser
1044:             2             64  java.time.temporal.IsoFields$Unit
1045:             2             64  java.util.PropertyPermission
1046:             4             64  java.util.concurrent.Executors$FinalizableDelegatedExecutorService
1047:             2             64  java.util.concurrent.locks.ReentrantLock$FairSync
1048:             2             64  javax.script.ScriptEngineManager
1049:             4             64  javax.security.auth.login.AppConfigurationEntry$LoginModuleControlFlag
1050:             4             64  org.apache.flink.api.common.cache.DistributedCache
1051:             2             64  org.apache.flink.api.common.state.StateTtlConfig
1052:             2             64  org.apache.flink.api.common.typeinfo.FractionalTypeInfo
1053:             2             64  org.apache.flink.runtime.concurrent.ScheduledFutureAdapter
1054:             1             64  org.apache.flink.runtime.io.network.buffer.NetworkBuffer
1055:             4             64  org.apache.flink.runtime.io.network.metrics.ExclusiveBuffersUsageGauge
1056:             4             64  org.apache.flink.runtime.io.network.metrics.FloatingBuffersUsageGauge
1057:             4             64  org.apache.flink.runtime.io.network.metrics.InputBuffersGauge
1058:             4             64  org.apache.flink.runtime.io.network.metrics.OutputBufferPoolUsageGauge
1059:             4             64  org.apache.flink.runtime.io.network.metrics.OutputBuffersGauge
1060:             1             64  org.apache.flink.runtime.io.network.partition.consumer.SingleInputGateFactory
1061:             2             64  org.apache.flink.runtime.jobgraph.JobVertexID
1062:             2             64  org.apache.flink.runtime.leaderretrieval.StandaloneLeaderRetrievalService
1063:             1             64  org.apache.flink.runtime.metrics.groups.TaskManagerJobMetricGroup
1064:             1             64  org.apache.flink.runtime.metrics.groups.TaskManagerMetricGroup
1065:             2             64  org.apache.flink.runtime.query.TaskKvStateRegistry
1066:             2             64  org.apache.flink.runtime.rpc.akka.AkkaRpcServiceConfiguration
1067:             2             64  org.apache.flink.runtime.rpc.akka.SupervisorActor
1068:             2             64  org.apache.flink.runtime.rpc.akka.SupervisorActor$AkkaRpcActorRegistration
1069:             2             64  org.apache.flink.runtime.rpc.akka.exceptions.AkkaRpcException
1070:             4             64  org.apache.flink.runtime.state.JavaSerializer
1071:             2             64  org.apache.flink.runtime.state.LocalRecoveryDirectoryProviderImpl
1072:             2             64  org.apache.flink.runtime.state.heap.HeapPriorityQueueSnapshotRestoreWrapper
1073:             2             64  org.apache.flink.runtime.state.memory.MemoryBackendCheckpointStorageAccess
1074:             2             64  org.apache.flink.runtime.state.metrics.LatencyTrackingStateConfig$Builder
1075:             1             64  org.apache.flink.runtime.taskexecutor.DefaultJobLeaderService$JobManagerRetryingRegistration
1076:             1             64  org.apache.flink.runtime.taskexecutor.TaskManagerRunner
1077:             2             64  org.apache.flink.runtime.taskexecutor.rpc.RpcInputSplitProvider
1078:             2             64  org.apache.flink.runtime.throughput.ThroughputEMA
1079:             4             64  org.apache.flink.shaded.guava30.com.google.common.collect.RegularImmutableList
1080:             2             64  org.apache.flink.shaded.netty4.io.netty.buffer.EmptyByteBuf
1081:             1             64  org.apache.flink.shaded.netty4.io.netty.buffer.PooledByteBufAllocator
1082:             2             64  org.apache.flink.shaded.netty4.io.netty.channel.AdaptiveRecvByteBufAllocator
1083:             1             64  org.apache.flink.shaded.netty4.io.netty.channel.ChannelOutboundBuffer
1084:             1             64  org.apache.flink.shaded.netty4.io.netty.channel.DefaultChannelPipeline$HeadContext
1085:             2             64  org.apache.flink.shaded.netty4.io.netty.channel.epoll.EpollEventLoopGroup
1086:             1             64  org.apache.flink.shaded.netty4.io.netty.util.concurrent.GlobalEventExecutor
1087:             1             64  org.apache.flink.shaded.netty4.io.netty.util.concurrent.ScheduledFutureTask
1088:             2             64  org.apache.flink.streaming.api.operators.StreamTaskStateInitializerImpl
1089:             4             64  org.apache.flink.streaming.runtime.tasks.StreamTask$$Lambda$631/1625168412
1090:             2             64  org.apache.flink.streaming.runtime.tasks.mailbox.MailboxProcessor
1091:             2             64  org.apache.logging.log4j.core.appender.DefaultErrorHandler
1092:             1             64  org.apache.logging.log4j.core.appender.rolling.PatternProcessor
1093:             4             64  org.apache.logging.log4j.core.impl.ThreadContextDataInjector$ForCopyOnWriteThreadContextMap
1094:             2             64  org.apache.logging.log4j.core.layout.StringBuilderEncoder
1095:             4             64  org.apache.logging.log4j.core.lookup.StrMatcher$StringMatcher
1096:             2             64  org.apache.logging.log4j.core.pattern.DatePatternConverter$CachedTime
1097:             2             64  org.apache.logging.log4j.core.script.ScriptManager
1098:             2             64  org.apache.logging.log4j.core.util.WatchManager$ConfigurationMonitor
1099:             2             64  org.apache.logging.log4j.util.PropertiesUtil$Environment
1100:             2             64  org.apache.logging.log4j.util.SortedArrayStringMap
1101:             2             64  org.jboss.netty.bootstrap.ServerBootstrap
1102:             2             64  org.jboss.netty.bootstrap.ServerBootstrap$Binder
1103:             2             64  org.jboss.netty.channel.AdaptiveReceiveBufferSizePredictor
1104:             4             64  org.jboss.netty.channel.SucceededChannelFuture
1105:             2             64  org.jboss.netty.channel.group.DefaultChannelGroup
1106:             2             64  org.jboss.netty.channel.socket.DefaultServerSocketChannelConfig
1107:             2             64  org.jboss.netty.channel.socket.nio.NioClientSocketChannelFactory
1108:             2             64  org.jboss.netty.channel.socket.nio.NioServerBossPool
1109:             2             64  org.jboss.netty.channel.socket.nio.NioServerSocketChannelFactory
1110:             2             64  org.jboss.netty.util.HashedWheelTimer$Worker
1111:             2             64  org.jboss.netty.util.internal.ConcurrentIdentityWeakKeyHashMap$HashEntry
1112:             2             64  org.jboss.netty.util.internal.ConcurrentIdentityWeakKeyHashMap$WeakKeyReference
1113:             4             64  sun.net.www.protocol.jar.Handler
1114:             2             64  sun.nio.ch.ServerSocketAdaptor
1115:             2             64  sun.util.locale.UnicodeLocaleExtension
1116:             2             64  sun.util.locale.provider.LocaleResources
1117:             2             64  sun.util.locale.provider.LocaleServiceProviderPool
1118:             1             56  [Ljava.lang.Runnable;
1119:             1             56  [Lorg.apache.flink.runtime.execution.ExecutionState;
1120:             1             56  [Lsun.util.logging.PlatformLogger$Level;
1121:             1             56  [[I
1122:             1             56  akka.remote.WireFormats$RemoteEnvelope
1123:             1             56  java.lang.Class$ReflectionData
1124:             1             56  java.net.SocketPermission
1125:             1             56  java.util.logging.LogManager
1126:             1             56  org.apache.flink.runtime.blob.TransientBlobCleanupTask
1127:             1             56  org.apache.flink.runtime.checkpoint.OperatorSubtaskState
1128:             1             56  org.apache.flink.runtime.filecache.FileCache
1129:             1             56  org.apache.flink.runtime.io.network.api.writer.ChannelSelectorRecordWriter
1130:             1             56  org.apache.flink.runtime.metrics.MetricRegistryImpl
1131:             1             56  org.apache.flink.runtime.metrics.ViewUpdater$ViewUpdaterTask
1132:             1             56  org.apache.flink.runtime.taskexecutor.TaskExecutorMemoryConfiguration
1133:             1             56  org.apache.flink.runtime.taskexecutor.TaskExecutorToResourceManagerConnection
1134:             1             56  org.apache.flink.runtime.taskexecutor.TaskExecutorToResourceManagerConnection$ResourceManagerRegistration
1135:             1             56  org.apache.flink.shaded.netty4.io.netty.bootstrap.ServerBootstrap
1136:             1             56  org.apache.flink.shaded.netty4.io.netty.channel.DefaultChannelHandlerContext
1137:             1             56  org.apache.flink.shaded.netty4.io.netty.channel.DefaultChannelPipeline$TailContext
1138:             1             56  org.apache.flink.shaded.netty4.io.netty.channel.epoll.AbstractEpollServerChannel$EpollServerSocketUnsafe
1139:             1             56  org.apache.logging.log4j.status.StatusLogger
1140:             1             56  org.jboss.netty.util.HashedWheelTimer$HashedWheelTimeout
1141:             1             56  sun.security.provider.SHA
1142:             2             48  [Lcom.github.yck.datasource.DataGenerateStrategy;
1143:             1             48  [Lcom.sun.management.VMOption$Origin;
1144:             3             48  [Ljava.lang.annotation.Annotation;
1145:             1             48  [Ljava.lang.invoke.MethodHandleImpl$Intrinsic;
1146:             1             48  [Ljava.math.RoundingMode;
1147:             1             48  [Ljdk.net.SocketFlow$Status;
1148:             1             48  [Lorg.apache.flink.api.common.state.StateDescriptor$Type;
1149:             2             48  [Lorg.apache.flink.api.common.state.StateTtlConfig$StateVisibility;
1150:             2             48  [Lorg.apache.flink.api.common.state.StateTtlConfig$TtlTimeCharacteristic;
1151:             2             48  [Lorg.apache.flink.configuration.description.TextElement$TextStyle;
1152:             2             48  [Lorg.apache.flink.metrics.Counter;
1153:             2             48  [Lorg.apache.flink.runtime.blob.BlobKey$BlobType;
1154:             1             48  [Lorg.apache.flink.runtime.io.network.buffer.Buffer$DataType;
1155:             2             48  [Lorg.apache.flink.runtime.rpc.messages.HandshakeSuccessMessage;
1156:             2             48  [Lorg.apache.flink.runtime.taskexecutor.HostBindPolicy;
1157:             2             48  [Lorg.apache.flink.streaming.api.graph.StreamConfig$InputRequirement;
1158:             1             48  [Lorg.apache.flink.util.TimeUtils$TimeUnit;
1159:             3             48  [Lorg.apache.logging.log4j.core.config.Property;
1160:             1             48  [[Ljava.lang.Object;
1161:             2             48  akka.actor.ActorSystemImpl$TerminationCallbacks
1162:             2             48  akka.actor.IgnoreActorRef
1163:             2             48  akka.actor.LocalActorRefProvider$$anon$1
1164:             2             48  akka.actor.LocalActorRefProvider$$anon$2
1165:             3             48  akka.actor.setup.ActorSystemSetup
1166:             2             48  akka.event.LoggerMailbox
1167:             1             48  akka.event.Logging$
1168:             2             48  akka.japi.pf.CaseStatement
1169:             1             48  akka.remote.ContainerFormats$Payload
1170:             1             48  akka.remote.ContainerFormats$SelectionEnvelope
1171:             2             48  akka.remote.DefaultFailureDetectorRegistry
1172:             2             48  akka.remote.EndpointManager$Pass
1173:             1             48  akka.remote.EndpointWriter$
1174:             2             48  akka.remote.RemoteActorRefProvider$$Lambda$344/742255664
1175:             2             48  akka.remote.RemoteActorRefProvider$Internals
1176:             2             48  akka.remote.RemoteActorRefProvider$RemoteDeadLetterActorRef
1177:             2             48  akka.remote.RemoteDeploymentWatcher
1178:             2             48  akka.remote.RemoteWatcher$$$Lambda$345/749486981
1179:             2             48  akka.remote.Remoting$TransportSupervisor
1180:             1             48  akka.remote.WireFormats$AddressData
1181:             1             48  akka.remote.WireFormats$AkkaHandshakeInfo
1182:             1             48  akka.remote.WireFormats$SerializedMessage
1183:             2             48  akka.remote.serialization.ActorRefResolveThreadLocalCache
1184:             2             48  akka.remote.serialization.ActorRefResolveThreadLocalCache$$anon$1
1185:             2             48  akka.remote.transport.ProtocolStateActor$ListenerReady
1186:             2             48  akka.remote.transport.TransportAdapters
1187:             2             48  akka.serialization.BooleanSerializer
1188:             2             48  akka.serialization.ByteArraySerializer
1189:             2             48  akka.serialization.ByteStringSerializer
1190:             2             48  akka.serialization.IntSerializer
1191:             2             48  akka.serialization.JavaSerializer
1192:             2             48  akka.serialization.LongSerializer
1193:             2             48  akka.serialization.Serialization$Information
1194:             2             48  akka.serialization.Serialization$Settings
1195:             2             48  akka.serialization.StringSerializer
1196:             2             48  akka.stream.ActorAttributes$StreamSubscriptionTimeout
1197:             2             48  akka.stream.Attributes$InputBuffer
1198:             2             48  akka.stream.StreamSubscriptionTimeoutSettings
1199:             2             48  akka.stream.impl.MaterializerGuardian$$$Lambda$414/1990733619
1200:             2             48  akka.util.ManifestInfo
1201:             2             48  com.github.yck.datasource.DataGenerateStrategy
1202:             3             48  com.github.yck.simpletask.StatelessTask$1
1203:             2             48  com.sun.jmx.mbeanserver.ClassLoaderRepositorySupport$LoaderEntry
1204:             1             48  com.sun.jmx.mbeanserver.DefaultMXBeanMappingFactory$Mappings
1205:             2             48  com.sun.jmx.mbeanserver.WeakIdentityHashMap
1206:             2             48  com.typesafe.config.impl.FromMapMode
1207:             2             48  com.typesafe.config.impl.ResolveStatus
1208:             2             48  java.io.BufferedOutputStream
1209:             1             48  java.io.BufferedReader
1210:             2             48  java.io.ExpiringCache$Entry
1211:             2             48  java.io.File$PathStatus
1212:             2             48  java.io.OutputStreamWriter
1213:             2             48  java.lang.ClassValue$Version
1214:             1             48  java.lang.invoke.MethodHandleImpl$WrappedMember
1215:             2             48  java.lang.invoke.MethodHandles$Lookup
1216:             2             48  java.lang.reflect.Proxy$KeyX
1217:             2             48  java.lang.reflect.ReflectPermission
1218:             2             48  java.net.InetAddress$Cache
1219:             2             48  java.net.InetAddress$Cache$Type
1220:             2             48  java.net.InterfaceAddress
1221:             1             48  java.net.NetworkInterface
1222:             2             48  java.net.StandardProtocolFamily
1223:             3             48  java.nio.channels.spi.AbstractInterruptibleChannel$1
1224:             2             48  java.nio.charset.CoderResult
1225:             3             48  java.nio.charset.CodingErrorAction
1226:             2             48  java.security.AllPermissionCollection
1227:             2             48  java.time.format.DateTimeFormatterBuilder$1
1228:             2             48  java.time.format.DateTimeFormatterBuilder$ZoneIdPrinterParser
1229:             2             48  java.time.format.DateTimeTextProvider$LocaleStore
1230:             2             48  java.time.zone.ZoneOffsetTransition
1231:             2             48  java.util.Currency
1232:             3             48  java.util.Hashtable$EntrySet
1233:             2             48  java.util.TaskQueue
1234:             2             48  java.util.Timer
1235:             1             48  java.util.concurrent.CompletableFuture$Signaller
1236:             2             48  java.util.concurrent.Executors$DelegatedScheduledExecutorService
1237:             2             48  java.util.logging.Logger$LoggerBundle
1238:             2             48  java.util.regex.Pattern$6
1239:             3             48  java.util.regex.Pattern$Begin
1240:             2             48  java.util.regex.Pattern$SliceI
1241:             2             48  org.apache.flink.api.common.state.StateTtlConfig$CleanupStrategies
1242:             2             48  org.apache.flink.api.common.state.StateTtlConfig$StateVisibility
1243:             2             48  org.apache.flink.configuration.ClusterOptions$UncaughtExceptionHandleMode
1244:             2             48  org.apache.flink.configuration.JobManagerOptions$SchedulerType
1245:             1             48  org.apache.flink.configuration.TaskManagerOptions$1
1246:             2             48  org.apache.flink.core.fs.SafetyNetCloseableRegistry
1247:             2             48  org.apache.flink.core.memory.ManagedMemoryUseCase$Scope
1248:             2             48  org.apache.flink.runtime.accumulators.AccumulatorRegistry
1249:             2             48  org.apache.flink.runtime.blob.BlobKey$BlobType
1250:             2             48  org.apache.flink.runtime.blob.PermanentBlobKey
1251:             2             48  org.apache.flink.runtime.checkpoint.channel.InputChannelInfo
1252:             2             48  org.apache.flink.runtime.checkpoint.channel.SequentialChannelStateReaderImpl
1253:             2             48  org.apache.flink.runtime.concurrent.akka.ActorSystemScheduledExecutorAdapter
1254:             2             48  org.apache.flink.runtime.concurrent.akka.ClassLoadingUtils$ContextClassLoaderSettingExecutor
1255:             2             48  org.apache.flink.runtime.execution.librarycache.FlinkUserCodeClassLoaders$ResolveOrder
1256:             3             48  org.apache.flink.runtime.executiongraph.ExecutionAttemptID
1257:             1             48  org.apache.flink.runtime.io.disk.BatchShuffleReadBufferPool
1258:             1             48  org.apache.flink.runtime.io.network.buffer.NetworkBufferPool
1259:             2             48  org.apache.flink.runtime.io.network.partition.PrioritizedDeque
1260:             2             48  org.apache.flink.runtime.io.network.partition.ResultPartitionID
1261:             2             48  org.apache.flink.runtime.jobgraph.IntermediateResultPartitionID
1262:             1             48  org.apache.flink.runtime.memory.MemoryManager
1263:             3             48  org.apache.flink.runtime.metrics.util.MetricUtils$$Lambda$458/1443173326
1264:             3             48  org.apache.flink.runtime.metrics.util.MetricUtils$$Lambda$459/318794136
1265:             3             48  org.apache.flink.runtime.metrics.util.MetricUtils$$Lambda$460/939254952
1266:             2             48  org.apache.flink.runtime.registration.RetryingRegistration$RetryingRegistrationResult
1267:             1             48  org.apache.flink.runtime.resourcemanager.TaskExecutorRegistration
1268:             2             48  org.apache.flink.runtime.rpc.AddressResolution
1269:             2             48  org.apache.flink.runtime.rpc.RpcEndpoint$MainThreadExecutor
1270:             3             48  org.apache.flink.runtime.rpc.akka.AkkaRpcActor$RpcEndpointTerminationResult
1271:             2             48  org.apache.flink.runtime.rpc.akka.AkkaRpcService$Supervisor
1272:             2             48  org.apache.flink.runtime.rpc.akka.AkkaRpcServiceUtils$AkkaProtocol
1273:             2             48  org.apache.flink.runtime.rpc.akka.DeadLettersActor
1274:             1             48  org.apache.flink.runtime.security.SecurityConfiguration
1275:             2             48  org.apache.flink.runtime.state.KeyGroupRange
1276:             2             48  org.apache.flink.runtime.state.LocalRecoveryConfig
1277:             2             48  org.apache.flink.runtime.state.RegisteredPriorityQueueStateBackendMetaInfo
1278:             2             48  org.apache.flink.runtime.state.SnapshotExecutionType
1279:             2             48  org.apache.flink.runtime.state.TaskExecutorLocalStateStoresManager$JobVertexSubtaskKey
1280:             1             48  org.apache.flink.runtime.state.heap.HeapReducingState
1281:             2             48  org.apache.flink.runtime.state.storage.ExternalizedSnapshotLocation
1282:             2             48  org.apache.flink.runtime.state.storage.JobManagerCheckpointStorage
1283:             1             48  org.apache.flink.runtime.taskexecutor.DefaultJobLeaderService
1284:             1             48  org.apache.flink.runtime.taskexecutor.DefaultJobLeaderService$JobManagerLeaderListener$JobManagerRegisteredRpcConnection
1285:             2             48  org.apache.flink.runtime.taskexecutor.FileType
1286:             2             48  org.apache.flink.runtime.taskexecutor.HostBindPolicy
1287:             2             48  org.apache.flink.runtime.taskexecutor.TaskExecutor$$Lambda$598/556313092
1288:             2             48  org.apache.flink.runtime.taskexecutor.TaskExecutor$$Lambda$606/565459065
1289:             2             48  org.apache.flink.runtime.taskexecutor.rpc.RpcTaskOperatorEventGateway
1290:             1             48  org.apache.flink.runtime.taskexecutor.slot.TaskSlot
1291:             2             48  org.apache.flink.runtime.taskexecutor.slot.TaskSlotTableImpl$TaskSlotMapping
1292:             1             48  org.apache.flink.runtime.util.EnvironmentInformation$Versions
1293:             1             48  org.apache.flink.shaded.guava30.com.google.common.collect.HashMultimap
1294:             1             48  org.apache.flink.shaded.guava30.com.google.common.collect.ImmutableListMultimap
1295:             2             48  org.apache.flink.shaded.guava30.com.google.common.io.Closer
1296:             1             48  org.apache.flink.shaded.netty4.io.netty.bootstrap.AbstractBootstrap$PendingRegistrationPromise
1297:             1             48  org.apache.flink.shaded.netty4.io.netty.bootstrap.Bootstrap
1298:             2             48  org.apache.flink.shaded.netty4.io.netty.buffer.PooledByteBufAllocator$PoolThreadLocalCache
1299:             2             48  org.apache.flink.shaded.netty4.io.netty.channel.ChannelMetadata
1300:             1             48  org.apache.flink.shaded.netty4.io.netty.channel.DefaultChannelPipeline
1301:             2             48  org.apache.flink.shaded.netty4.io.netty.channel.VoidChannelPromise
1302:             2             48  org.apache.flink.shaded.netty4.io.netty.util.concurrent.DefaultEventExecutorChooserFactory$GenericEventExecutorChooser
1303:             3             48  org.apache.flink.shaded.netty4.io.netty.util.concurrent.PromiseTask$SentinelRunnable
1304:             2             48  org.apache.flink.streaming.api.CheckpointingMode
1305:             2             48  org.apache.flink.streaming.api.graph.StreamConfig$InputRequirement
1306:             1             48  org.apache.flink.streaming.api.operators.StreamSourceContexts$ManualWatermarkContext
1307:             1             48  org.apache.flink.streaming.runtime.io.StreamTaskNetworkInput
1308:             2             48  org.apache.flink.streaming.runtime.tasks.OperatorEventDispatcherImpl
1309:             2             48  org.apache.flink.streaming.runtime.tasks.SubtaskCheckpointCoordinatorImpl$CachingCheckpointStorageWorkerView
1310:             2             48  org.apache.flink.streaming.runtime.tasks.mailbox.MailboxProcessor$DefaultActionSuspension
1311:             2             48  org.apache.logging.log4j.core.LoggerContext$1
1312:             1             48  org.apache.logging.log4j.core.appender.rolling.RollingFileManager$EmptyQueue
1313:             2             48  org.apache.logging.log4j.core.config.AppenderRef
1314:             3             48  org.apache.logging.log4j.core.config.DefaultAdvertiser
1315:             2             48  org.apache.logging.log4j.core.config.Loggers
1316:             2             48  org.apache.logging.log4j.core.config.status.StatusConfiguration$Verbosity
1317:             1             48  org.apache.logging.log4j.core.impl.Log4jProvider
1318:             2             48  org.apache.logging.log4j.core.jmx.AppenderAdmin
1319:             2             48  org.apache.logging.log4j.core.jmx.ContextSelectorAdmin
1320:             2             48  org.apache.logging.log4j.core.pattern.PatternParser
1321:             2             48  org.apache.logging.log4j.core.util.DefaultShutdownCallbackRegistry$RegisteredCancellable
1322:             2             48  org.apache.logging.log4j.core.util.Source
1323:             2             48  org.apache.logging.log4j.core.util.WatchManager$WatchRunnable
1324:             3             48  org.apache.logging.log4j.core.util.datetime.FastDateParser$CopyQuotedStrategy
1325:             3             48  org.apache.logging.log4j.core.util.datetime.FastDatePrinter$CharacterLiteral
1326:             1             48  org.apache.logging.log4j.simple.SimpleLogger
1327:             2             48  org.apache.logging.log4j.spi.LoggerRegistry
1328:             2             48  org.jboss.netty.channel.socket.nio.AbstractNioChannel$WriteRequestQueue
1329:             2             48  org.jboss.netty.handler.codec.frame.LengthFieldPrepender
1330:             1             48  org.jboss.netty.util.internal.ConcurrentIdentityWeakKeyHashMap
1331:             2             48  org.jboss.netty.util.internal.ThreadLocalBoolean
1332:             1             48  scala.Array$
1333:             1             48  scala.Predef$
1334:             2             48  scala.collection.immutable.TreeSet
1335:             2             48  scala.concurrent.Future$$Lambda$237/864221358
1336:             2             48  scala.concurrent.impl.Promise$$Lambda$238/1860886124
1337:             2             48  scala.util.DynamicVariable$$anon$1
1338:             1             48  scala.util.Properties$
1339:             1             48  scala.util.Properties$
1340:             2             48  sun.management.ManagementFactoryHelper$1
1341:             2             48  sun.misc.NativeSignalHandler
1342:             1             48  sun.nio.cs.StreamDecoder
1343:             2             48  sun.security.jca.ProviderList
1344:             2             48  sun.security.jca.ProviderList$3
1345:             2             48  sun.util.locale.LocaleExtensions
1346:             2             40  [Lcom.sun.jmx.mbeanserver.ClassLoaderRepositorySupport$LoaderEntry;
1347:             1             40  [Lcom.typesafe.config.ConfigValueType;
1348:             1             40  [Ljava.lang.management.MemoryPoolMXBean;
1349:             1             40  [Ljava.nio.charset.Charset;
1350:             1             40  [Ljava.time.format.SignStyle;
1351:             1             40  [Ljava.time.format.TextStyle;
1352:             2             40  [Ljava.time.zone.ZoneOffsetTransitionRule;
1353:             1             40  [Ljava.util.stream.StreamOpFlag;
1354:             2             40  [Lorg.apache.flink.runtime.io.network.api.writer.ResultPartitionWriter;
1355:             2             40  [Lorg.apache.flink.runtime.io.network.buffer.BufferRecycler;
1356:             2             40  [Lorg.apache.flink.runtime.io.network.partition.consumer.IndexedInputGate;
1357:             1             40  [Lorg.apache.flink.runtime.net.ConnectionUtils$AddressDetectionState;
1358:             1             40  [Lorg.apache.flink.streaming.runtime.io.DataInputStatus;
1359:             2             40  [Lorg.apache.flink.streaming.runtime.io.RecordWriterOutput;
1360:             1             40  [Lorg.apache.flink.util.OperatingSystem;
1361:             1             40  [Lorg.apache.logging.log4j.core.LifeCycle$State;
1362:             1             40  [Lorg.apache.logging.log4j.core.appender.rolling.FileExtension;
1363:             1             40  [Lorg.apache.logging.log4j.core.pattern.PatternParser$ParserState;
1364:             1             40  [Lorg.apache.logging.log4j.core.util.datetime.FastDatePrinter$Rule;
1365:             1             40  [Lsun.util.locale.provider.LocaleProviderAdapter$Type;
1366:             1             40  [[Ljava.lang.invoke.LambdaForm$Name;
1367:             1             40  akka.actor.ActorKilledException
1368:             1             40  akka.actor.LightArrayRevolverScheduler$
1369:             1             40  akka.remote.ContainerFormats$ActorIdentity
1370:             1             40  akka.remote.ContainerFormats$ActorRef
1371:             1             40  akka.remote.ContainerFormats$Identify
1372:             1             40  akka.remote.ContainerFormats$Selection
1373:             1             40  akka.remote.WireFormats$AckAndEnvelopeContainer
1374:             1             40  akka.remote.WireFormats$ActorRefData
1375:             1             40  akka.remote.WireFormats$AkkaControlMessage
1376:             1             40  akka.remote.WireFormats$AkkaProtocolMessage
1377:             1             40  akka.stream.Supervision$
1378:             1             40  akka.util.ManifestInfo$
1379:             1             40  com.sun.jmx.interceptor.DefaultMBeanServerInterceptor
1380:             1             40  com.sun.jmx.mbeanserver.JmxMBeanServer
1381:             1             40  com.sun.jmx.mbeanserver.MBeanServerDelegateImpl
1382:             1             40  java.time.format.DateTimeFormatterBuilder
1383:             1             40  java.util.ResourceBundle$1
1384:             1             40  java.util.concurrent.CompletableFuture$UniAccept
1385:             1             40  org.apache.flink.api.common.state.ReducingStateDescriptor
1386:             1             40  org.apache.flink.runtime.blob.BlobCacheSizeTracker
1387:             1             40  org.apache.flink.runtime.blob.PermanentBlobCache$PermanentBlobCleanupTask
1388:             1             40  org.apache.flink.runtime.checkpoint.PrioritizedOperatorSubtaskState
1389:             1             40  org.apache.flink.runtime.highavailability.nonha.standalone.StandaloneHaServices
1390:             1             40  org.apache.flink.runtime.instance.HardwareDescription
1391:             1             40  org.apache.flink.runtime.metrics.scope.ScopeFormats
1392:             1             40  org.apache.flink.runtime.state.TaskExecutorLocalStateStoresManager
1393:             1             40  org.apache.flink.runtime.state.heap.HeapSnapshotStrategy
1394:             1             40  org.apache.flink.runtime.taskexecutor.DefaultJobLeaderService$JobManagerLeaderListener
1395:             1             40  org.apache.flink.runtime.taskexecutor.DefaultJobTable$EstablishedConnection
1396:             1             40  org.apache.flink.shaded.netty4.io.netty.bootstrap.ServerBootstrap$ServerBootstrapAcceptor
1397:             1             40  org.apache.flink.shaded.netty4.io.netty.channel.AbstractChannel$CloseFuture
1398:             1             40  org.apache.flink.streaming.api.windowing.assigners.TumblingProcessingTimeWindows
1399:             1             40  org.apache.flink.streaming.runtime.io.RecordWriterOutput
1400:             1             40  org.apache.logging.log4j.core.appender.rolling.DefaultRolloverStrategy
1401:             1             40  org.apache.logging.log4j.core.util.datetime.FastDateParser
1402:             1             40  scala.concurrent.duration.Duration$
1403:             1             40  sun.management.DiagnosticCommandImpl
1404:             1             40  sun.nio.cs.StandardCharsets$Aliases
1405:             1             40  sun.nio.cs.StandardCharsets$Cache
1406:             1             40  sun.nio.cs.StandardCharsets$Classes
1407:             1             40  sun.security.provider.ConfigFile$Spi
1408:             1             32  [Lcom.typesafe.config.ConfigSyntax;
1409:             1             32  [Lcom.typesafe.config.impl.ConfigIncludeKind;
1410:             1             32  [Lcom.typesafe.config.impl.OriginType;
1411:             2             32  [Ljava.lang.Enum;
1412:             1             32  [Ljava.lang.OutOfMemoryError;
1413:             1             32  [Ljava.lang.management.MemoryManagerMXBean;
1414:             1             32  [Ljava.net.Proxy$Type;
1415:             1             32  [Ljava.nio.file.StandardCopyOption;
1416:             2             32  [Ljava.security.cert.Certificate;
1417:             1             32  [Ljava.time.format.DateTimeFormatterBuilder$SettingsParser;
1418:             1             32  [Ljava.time.format.ResolverStyle;
1419:             1             32  [Ljava.time.temporal.IsoFields$Field;
1420:             1             32  [Ljava.time.temporal.TemporalUnit;
1421:             1             32  [Ljava.time.zone.ZoneOffsetTransitionRule$TimeDefinition;
1422:             1             32  [Ljava.util.stream.MatchOps$MatchKind;
1423:             1             32  [Ljava.util.stream.StreamShape;
1424:             1             32  [Lorg.apache.flink.api.common.JobStatus$TerminalState;
1425:             1             32  [Lorg.apache.flink.configuration.ClusterOptions$UserSystemExitMode;
1426:             1             32  [Lorg.apache.flink.runtime.checkpoint.CheckpointOptions$AlignmentType;
1427:             1             32  [Lorg.apache.flink.runtime.checkpoint.CheckpointType$PostCheckpointAction;
1428:             1             32  [Lorg.apache.flink.runtime.checkpoint.CheckpointType;
1429:             1             32  [Lorg.apache.flink.runtime.clusterframework.ApplicationStatus;
1430:             1             32  [Lorg.apache.flink.runtime.heartbeat.HeartbeatMonitorImpl$State;
1431:             1             32  [Lorg.apache.flink.runtime.io.network.api.serialization.RecordDeserializer$DeserializationResult;
1432:             1             32  [Lorg.apache.flink.runtime.io.network.netty.NettyConfig$TransportType;
1433:             1             32  [Lorg.apache.flink.runtime.io.network.partition.BoundedBlockingSubpartitionType;
1434:             1             32  [Lorg.apache.flink.runtime.io.network.partition.consumer.ChannelStatePersister$CheckpointStatus;
1435:             1             32  [Lorg.apache.flink.runtime.metrics.groups.AbstractMetricGroup$ChildType;
1436:             1             32  [Lorg.apache.flink.runtime.net.ConnectionUtils$LeaderConnectingAddressListener$LeaderRetrievalState;
1437:             1             32  [Lorg.apache.flink.runtime.rpc.akka.ControlMessages;
1438:             1             32  [Lorg.apache.flink.runtime.taskexecutor.DefaultJobLeaderService$State;
1439:             1             32  [Lorg.apache.flink.runtime.taskexecutor.slot.TaskSlotState;
1440:             1             32  [Lorg.apache.flink.runtime.taskexecutor.slot.TaskSlotTableImpl$State;
1441:             1             32  [Lorg.apache.flink.shaded.guava30.com.google.common.base.AbstractIterator$State;
1442:             1             32  [Lorg.apache.flink.shaded.guava30.com.google.common.collect.AbstractIterator$State;
1443:             1             32  [Lorg.apache.flink.shaded.netty4.io.netty.util.ResourceLeakDetector$Level;
1444:             1             32  [Lorg.apache.flink.streaming.api.TimeCharacteristic;
1445:             1             32  [Lorg.apache.flink.streaming.api.environment.CheckpointConfig$ExternalizedCheckpointCleanup;
1446:             1             32  [Lorg.apache.flink.streaming.api.windowing.triggers.TriggerResult;
1447:             1             32  [Lorg.apache.flink.streaming.runtime.tasks.SourceStreamTask$FinishingReason;
1448:             1             32  [Lorg.apache.flink.streaming.runtime.tasks.mailbox.TaskMailbox$State;
1449:             1             32  [Lorg.apache.logging.log4j.core.config.LoggerConfig$LoggerConfigPredicate;
1450:             1             32  [Lorg.apache.logging.log4j.core.util.datetime.FixedDateFormat$FixedTimeZoneFormat;
1451:             1             32  [Lorg.jboss.netty.channel.ChannelState;
1452:             1             32  [Lsun.misc.FormattedFloatingDecimal$Form;
1453:             1             32  [Lsun.security.provider.NativePRNG$Variant;
1454:             1             32  akka.actor.ActorCell$
1455:             2             32  akka.actor.ActorSystemImpl$$Lambda$236/2143739483
1456:             2             32  akka.actor.ActorSystemImpl$$anon$2
1457:             2             32  akka.actor.ActorSystemImpl$TerminationCallbacks$$Lambda$235/1302725372
1458:             2             32  akka.actor.ActorSystemImpl$TerminationCallbacks$$anonfun$addRec$1$1
1459:             2             32  akka.actor.LocalActorRefProvider$$anonfun$rootGuardianStrategy$1
1460:             2             32  akka.actor.LocalActorRefProvider$SystemGuardian$$anonfun$receive$2
1461:             1             32  akka.actor.Props$
1462:             2             32  akka.actor.ReflectiveDynamicAccess
1463:             1             32  akka.actor.SupervisorStrategy$
1464:             1             32  akka.actor.VirtualPathContainer
1465:             1             32  akka.dispatch.CachingConfig$
1466:             2             32  akka.dispatch.Mailboxes$$anon$1$$anon$2
1467:             1             32  akka.dispatch.ThreadPoolConfig$
1468:             2             32  akka.event.AddressTerminatedTopic
1469:             2             32  akka.event.BusLogging$$anonfun$$lessinit$greater$3
1470:             2             32  akka.event.EventStream$$anon$1
1471:             2             32  akka.event.EventStreamUnsubscriber$$anonfun$receive$1
1472:             1             32  akka.event.LogSource$
1473:             2             32  akka.event.LoggerMailboxType
1474:             2             32  akka.event.Logging$LogExt
1475:             2             32  akka.event.slf4j.Slf4jLogger$$anonfun$receive$1
1476:             2             32  akka.event.slf4j.Slf4jLoggingFilter
1477:             2             32  akka.japi.pf.PFBuilder
1478:             2             32  akka.japi.pf.PFBuilder$4
1479:             1             32  akka.protobufv3.internal.ExtensionRegistry
1480:             2             32  akka.remote.EndpointManager$$anonfun$1
1481:             2             32  akka.remote.EndpointManager$$anonfun$2
1482:             2             32  akka.remote.EndpointReader$$anonfun$receive$2
1483:             2             32  akka.remote.EndpointWriter$$anonfun$2
1484:             2             32  akka.remote.EndpointWriter$$anonfun$3
1485:             2             32  akka.remote.EndpointWriter$$anonfun$4
1486:             2             32  akka.remote.RARP
1487:             2             32  akka.remote.ReliableDeliverySupervisor$$anonfun$1
1488:             2             32  akka.remote.ReliableDeliverySupervisor$$anonfun$receive$1
1489:             2             32  akka.remote.RemoteActorRefProvider$RemotingTerminator$$anonfun$1
1490:             2             32  akka.remote.RemoteActorRefProvider$RemotingTerminator$$anonfun$2
1491:             2             32  akka.remote.RemoteActorRefProvider$RemotingTerminator$$anonfun$3
1492:             2             32  akka.remote.RemoteActorRefProvider$RemotingTerminator$$anonfun$4
1493:             2             32  akka.remote.RemoteDeploymentWatcher$$anonfun$receive$1
1494:             2             32  akka.remote.RemoteMetricsOff
1495:             2             32  akka.remote.RemoteWatcher$$anonfun$receive$1
1496:             2             32  akka.remote.RemoteWatcher$HeartbeatRsp
1497:             2             32  akka.remote.Remoting$TransportSupervisor$$anonfun$receive$1
1498:             1             32  akka.remote.artery.ArteryTransport$
1499:             2             32  akka.remote.serialization.MiscMessageSerializer$$Lambda$355/696165690
1500:             2             32  akka.remote.serialization.MiscMessageSerializer$$Lambda$356/2054451662
1501:             2             32  akka.remote.serialization.MiscMessageSerializer$$Lambda$357/1659309731
1502:             2             32  akka.remote.serialization.MiscMessageSerializer$$Lambda$358/1734184086
1503:             2             32  akka.remote.serialization.MiscMessageSerializer$$Lambda$360/1170111701
1504:             2             32  akka.remote.serialization.MiscMessageSerializer$$Lambda$361/1985028494
1505:             2             32  akka.remote.serialization.MiscMessageSerializer$$Lambda$362/830863979
1506:             2             32  akka.remote.serialization.MiscMessageSerializer$$Lambda$363/1832283291
1507:             2             32  akka.remote.serialization.MiscMessageSerializer$$Lambda$364/1532554556
1508:             2             32  akka.remote.serialization.MiscMessageSerializer$$Lambda$365/620423816
1509:             2             32  akka.remote.serialization.MiscMessageSerializer$$Lambda$366/976358110
1510:             2             32  akka.remote.serialization.MiscMessageSerializer$$Lambda$372/1496220730
1511:             2             32  akka.remote.serialization.MiscMessageSerializer$$Lambda$373/1135935001
1512:             2             32  akka.remote.serialization.MiscMessageSerializer$$Lambda$374/355885103
1513:             2             32  akka.remote.serialization.MiscMessageSerializer$$Lambda$375/1321115948
1514:             2             32  akka.remote.serialization.MiscMessageSerializer$$Lambda$376/1649847375
1515:             2             32  akka.remote.serialization.MiscMessageSerializer$$Lambda$378/1950136544
1516:             2             32  akka.remote.serialization.MiscMessageSerializer$$Lambda$379/209360730
1517:             2             32  akka.remote.serialization.MiscMessageSerializer$$Lambda$380/1971152916
1518:             2             32  akka.remote.serialization.MiscMessageSerializer$$Lambda$381/1324173038
1519:             2             32  akka.remote.serialization.MiscMessageSerializer$$Lambda$382/1663488386
1520:             2             32  akka.remote.serialization.MiscMessageSerializer$$Lambda$383/577127077
1521:             2             32  akka.remote.serialization.MiscMessageSerializer$$Lambda$384/1924990666
1522:             2             32  akka.remote.serialization.MiscMessageSerializer$$Lambda$385/1572745406
1523:             2             32  akka.remote.serialization.MiscMessageSerializer$$Lambda$386/295640874
1524:             2             32  akka.remote.serialization.MiscMessageSerializer$$Lambda$387/375097969
1525:             2             32  akka.remote.serialization.MiscMessageSerializer$$Lambda$388/1060042118
1526:             1             32  akka.remote.transport.AkkaPduProtobufCodec$
1527:             2             32  akka.remote.transport.AkkaProtocolManager$$anonfun$1
1528:             2             32  akka.remote.transport.AkkaProtocolManager$$anonfun$ready$1
1529:             2             32  akka.remote.transport.FailureInjectorProvider
1530:             2             32  akka.remote.transport.ProtocolStateActor$$anonfun$2
1531:             2             32  akka.remote.transport.ProtocolStateActor$$anonfun$3
1532:             2             32  akka.remote.transport.ProtocolStateActor$$anonfun$4
1533:             2             32  akka.remote.transport.ProtocolStateActor$$anonfun$5
1534:             2             32  akka.remote.transport.ThrottlerProvider
1535:             2             32  akka.remote.transport.netty.NettyTransport$$anon$3
1536:             1             32  akka.remote.transport.netty.TcpClientHandler
1537:             2             32  akka.stream.ActorAttributes$DebugLogging
1538:             2             32  akka.stream.ActorAttributes$Dispatcher
1539:             2             32  akka.stream.ActorAttributes$FuzzingMode
1540:             2             32  akka.stream.ActorAttributes$MaxFixedBufferSize
1541:             2             32  akka.stream.ActorAttributes$OutputBurstLimit
1542:             2             32  akka.stream.ActorAttributes$SupervisionStrategy
1543:             2             32  akka.stream.ActorAttributes$SyncProcessingLimit
1544:             2             32  akka.stream.Attributes
1545:             2             32  akka.stream.Attributes$NestedMaterializationCancellationPolicy
1546:             2             32  akka.stream.IOSettings
1547:             2             32  akka.stream.impl.FlowNames
1548:             2             32  akka.stream.impl.MaterializerGuardian$$anonfun$receive$1
1549:             2             32  akka.stream.impl.StreamSupervisor$$$Lambda$416/1058432446
1550:             2             32  akka.stream.impl.StreamSupervisor$$anonfun$receive$1
1551:             1             32  akka.util.ByteString$
1552:             2             32  akka.util.ReentrantGuard
1553:             2             32  akka.util.Switch
1554:             1             32  com.github.yck.datasource.WebLogDataGenerator
1555:             1             32  com.sun.jmx.mbeanserver.Repository
1556:             1             32  java.io.UnixFileSystem
1557:             1             32  java.lang.ArithmeticException
1558:             1             32  java.lang.ArrayIndexOutOfBoundsException
1559:             2             32  java.lang.ClassValue$Identity
1560:             1             32  java.lang.NullPointerException
1561:             2             32  java.lang.Shutdown$Lock
1562:             1             32  java.lang.StackTraceElement
1563:             1             32  java.lang.Throwable
1564:             1             32  java.lang.reflect.WeakCache
1565:             2             32  java.nio.ByteOrder
1566:             1             32  java.nio.file.attribute.FileTime
1567:             2             32  java.nio.file.attribute.PosixFilePermissions$1
1568:             1             32  java.security.MessageDigest$Delegate
1569:             2             32  java.time.format.DateTimeFormatterBuilder$StringLiteralPrinterParser
1570:             2             32  java.util.IdentityHashMap$KeySet
1571:             2             32  java.util.Timer$1
1572:             2             32  java.util.concurrent.CompletableFuture$AltResult
1573:             1             32  java.util.concurrent.Semaphore$NonfairSync
1574:             1             32  java.util.concurrent.ThreadLocalRandom
1575:             1             32  java.util.concurrent.atomic.AtomicLongFieldUpdater$CASUpdater
1576:             1             32  java.util.logging.LogManager$SystemLoggerContext
1577:             1             32  java.util.regex.Pattern$BnM
1578:             2             32  java.util.regex.Pattern$Dot
1579:             2             32  javax.script.SimpleBindings
1580:             2             32  jdk.nashorn.api.scripting.NashornScriptEngineFactory
1581:             2             32  org.apache.flink.api.common.ExecutionConfig$GlobalJobParameters
1582:             1             32  org.apache.flink.api.common.functions.util.PrintSinkOutputWriter
1583:             2             32  org.apache.flink.api.common.restartstrategy.RestartStrategies$FallbackRestartStrategyConfiguration
1584:             2             32  org.apache.flink.runtime.blob.VoidBlobStore
1585:             1             32  org.apache.flink.runtime.checkpoint.CheckpointOptions
1586:             2             32  org.apache.flink.runtime.checkpoint.channel.ChannelStateChunkReader
1587:             2             32  org.apache.flink.runtime.checkpoint.channel.ChannelStateSerializerImpl
1588:             1             32  org.apache.flink.runtime.execution.librarycache.BlobLibraryCacheManager
1589:             1             32  org.apache.flink.runtime.execution.librarycache.BlobLibraryCacheManager$DefaultClassLoaderFactory
1590:             1             32  org.apache.flink.runtime.execution.librarycache.BlobLibraryCacheManager$LibraryCacheEntry
1591:             1             32  org.apache.flink.runtime.execution.librarycache.BlobLibraryCacheManager$ResolvedClassLoader
1592:             2             32  org.apache.flink.runtime.heartbeat.HeartbeatMonitorImpl$Factory
1593:             1             32  org.apache.flink.runtime.instance.InstanceID
1594:             1             32  org.apache.flink.runtime.io.disk.iomanager.IOManagerAsync
1595:             1             32  org.apache.flink.runtime.io.network.api.serialization.NonSpanningWrapper
1596:             1             32  org.apache.flink.runtime.io.network.buffer.BufferBuilder
1597:             2             32  org.apache.flink.runtime.io.network.metrics.InputChannelMetrics$MultiCounterWrapper
1598:             1             32  org.apache.flink.runtime.io.network.netty.NettyClient
1599:             1             32  org.apache.flink.runtime.io.network.netty.NettyConfig
1600:             1             32  org.apache.flink.runtime.io.network.netty.NettyConnectionManager
1601:             1             32  org.apache.flink.runtime.io.network.netty.NettyServer
1602:             1             32  org.apache.flink.runtime.io.network.netty.NettyServer$ServerChannelInitializer
1603:             1             32  org.apache.flink.runtime.io.network.partition.TaskExecutorPartitionTrackerImpl
1604:             1             32  org.apache.flink.runtime.io.network.partition.consumer.ChannelStatePersister
1605:             1             32  org.apache.flink.runtime.jobmaster.JobMasterId
1606:             1             32  org.apache.flink.runtime.metrics.dump.MetricDumpSerialization$MetricDumpSerializer
1607:             2             32  org.apache.flink.runtime.metrics.groups.TaskIOMetricGroup$$Lambda$597/219362357
1608:             1             32  org.apache.flink.runtime.metrics.scope.JobManagerJobScopeFormat
1609:             1             32  org.apache.flink.runtime.metrics.scope.JobManagerScopeFormat
1610:             1             32  org.apache.flink.runtime.metrics.scope.OperatorScopeFormat
1611:             1             32  org.apache.flink.runtime.metrics.scope.TaskManagerJobScopeFormat
1612:             1             32  org.apache.flink.runtime.metrics.scope.TaskManagerScopeFormat
1613:             1             32  org.apache.flink.runtime.metrics.scope.TaskScopeFormat
1614:             2             32  org.apache.flink.runtime.metrics.util.MetricUtils$$Lambda$455/829737737
1615:             2             32  org.apache.flink.runtime.metrics.util.MetricUtils$$Lambda$456/1296109622
1616:             1             32  org.apache.flink.runtime.resourcemanager.ResourceManagerId
1617:             2             32  org.apache.flink.runtime.rpc.MainThreadValidatorUtil
1618:             2             32  org.apache.flink.runtime.rpc.RpcEndpoint$$Lambda$439/614580607
1619:             2             32  org.apache.flink.runtime.rpc.akka.AkkaRpcActor$$Lambda$436/1072785421
1620:             2             32  org.apache.flink.runtime.rpc.akka.AkkaRpcActor$$Lambda$437/1607035972
1621:             2             32  org.apache.flink.runtime.rpc.akka.AkkaRpcActor$$Lambda$438/1712226107
1622:             2             32  org.apache.flink.runtime.rpc.akka.AkkaRpcService$$Lambda$563/1278701753
1623:             2             32  org.apache.flink.runtime.rpc.akka.DeadLettersActor$$Lambda$431/1960365035
1624:             2             32  org.apache.flink.runtime.rpc.akka.SupervisorActor$$Lambda$429/2002899046
1625:             2             32  org.apache.flink.runtime.rpc.akka.SupervisorActor$$Lambda$430/1359376425
1626:             1             32  org.apache.flink.runtime.security.modules.JaasModule
1627:             1             32  org.apache.flink.runtime.security.modules.ZooKeeperModule
1628:             1             32  org.apache.flink.runtime.state.HeapPriorityQueuesManager
1629:             2             32  org.apache.flink.runtime.state.NoOpTaskLocalStateStoreImpl
1630:             1             32  org.apache.flink.runtime.state.RegisteredKeyValueStateBackendMetaInfo
1631:             1             32  org.apache.flink.runtime.state.TaskExecutorStateChangelogStoragesManager
1632:             2             32  org.apache.flink.runtime.state.hashmap.HashMapStateBackend
1633:             1             32  org.apache.flink.runtime.state.heap.CopyOnWriteStateTable
1634:             1             32  org.apache.flink.runtime.state.heap.InternalKeyContextImpl
1635:             1             32  org.apache.flink.runtime.state.metrics.LatencyTrackingStateConfig
1636:             1             32  org.apache.flink.runtime.taskexecutor.DefaultJobTable$JobOrConnection
1637:             1             32  org.apache.flink.runtime.taskexecutor.KvStateService
1638:             2             32  org.apache.flink.runtime.taskexecutor.TaskExecutor$$Lambda$600/1651001769
1639:             1             32  org.apache.flink.runtime.taskexecutor.slot.DefaultTimerService
1640:             1             32  org.apache.flink.runtime.taskmanager.InputGateWithMetrics
1641:             2             32  org.apache.flink.runtime.taskmanager.Task$$Lambda$694/1853540223
1642:             1             32  org.apache.flink.shaded.guava30.com.google.common.collect.Iterators$ArrayItr
1643:             1             32  org.apache.flink.shaded.guava30.com.google.common.util.concurrent.ThreadFactoryBuilder
1644:             2             32  org.apache.flink.shaded.netty4.io.netty.buffer.PooledByteBufAllocator$1
1645:             2             32  org.apache.flink.shaded.netty4.io.netty.buffer.PooledByteBufAllocatorMetric
1646:             1             32  org.apache.flink.shaded.netty4.io.netty.channel.DefaultChannelId
1647:             2             32  org.apache.flink.shaded.netty4.io.netty.channel.ReflectiveChannelFactory
1648:             1             32  org.apache.flink.shaded.netty4.io.netty.util.ResourceLeakDetector
1649:             1             32  org.apache.flink.shaded.netty4.io.netty.util.concurrent.DefaultPromise$StacklessCancellationException
1650:             1             32  org.apache.flink.shaded.netty4.io.netty.util.concurrent.DefaultThreadFactory
1651:             2             32  org.apache.flink.shaded.netty4.io.netty.util.concurrent.MultithreadEventExecutorGroup$1
1652:             2             32  org.apache.flink.shaded.netty4.io.netty.util.concurrent.ThreadPerTaskExecutor
1653:             2             32  org.apache.flink.shaded.netty4.io.netty.util.internal.logging.Slf4JLoggerFactory
1654:             1             32  org.apache.flink.streaming.api.functions.aggregation.SumAggregator
1655:             1             32  org.apache.flink.streaming.api.operators.InternalTimeServiceManagerImpl
1656:             1             32  org.apache.flink.streaming.api.operators.TimerSerializer
1657:             1             32  org.apache.flink.streaming.runtime.io.checkpointing.CheckpointedInputGate
1658:             1             32  org.apache.flink.streaming.runtime.operators.windowing.WindowOperator$Context
1659:             1             32  org.apache.flink.streaming.runtime.operators.windowing.WindowOperator$PerWindowStateStore
1660:             2             32  org.apache.flink.streaming.runtime.streamrecord.StreamElementSerializer
1661:             2             32  org.apache.flink.streaming.runtime.tasks.OperatorChain$$Lambda$643/1820661558
1662:             2             32  org.apache.flink.streaming.runtime.tasks.OperatorChain$$Lambda$644/1631841581
1663:             2             32  org.apache.flink.streaming.runtime.tasks.StreamTask$$Lambda$626/1333007369
1664:             2             32  org.apache.flink.streaming.runtime.tasks.StreamTask$$Lambda$630/696706785
1665:             2             32  org.apache.flink.streaming.runtime.tasks.StreamTask$StreamTaskAsyncExceptionHandler
1666:             2             32  org.apache.flink.streaming.runtime.tasks.mailbox.MailboxProcessor$MailboxController
1667:             1             32  org.apache.flink.streaming.runtime.watermarkstatus.StatusWatermarkValve
1668:             1             32  org.apache.flink.streaming.runtime.watermarkstatus.StatusWatermarkValve$InputChannelStatus
1669:             2             32  org.apache.flink.streaming.runtime.watermarkstatus.WatermarkStatus
1670:             2             32  org.apache.flink.util.SerializedValue
1671:             2             32  org.apache.flink.util.concurrent.FutureUtils$$Lambda$583/580624374
1672:             1             32  org.apache.logging.log4j.core.appender.rolling.SizeBasedTriggeringPolicy
1673:             1             32  org.apache.logging.log4j.core.impl.ThrowableFormatOptions
1674:             2             32  org.apache.logging.log4j.core.layout.PatternLayout$PatternFormatterPatternSerializer
1675:             2             32  org.apache.logging.log4j.core.lookup.ContextMapLookup
1676:             2             32  org.apache.logging.log4j.core.lookup.EventLookup
1677:             2             32  org.apache.logging.log4j.core.lookup.MainMapLookup
1678:             2             32  org.apache.logging.log4j.core.lookup.ResourceBundleLookup
1679:             2             32  org.apache.logging.log4j.core.lookup.StrMatcher$CharSetMatcher
1680:             2             32  org.apache.logging.log4j.core.lookup.StructuredDataLookup
1681:             1             32  org.apache.logging.log4j.core.util.DefaultShutdownCallbackRegistry
1682:             2             32  org.apache.logging.log4j.core.util.SystemClock
1683:             1             32  org.apache.logging.log4j.core.util.datetime.FastDatePrinter
1684:             2             32  org.apache.logging.log4j.message.ReusableSimpleMessage
1685:             2             32  org.apache.logging.log4j.spi.LoggerRegistry$ConcurrentMapFactory
1686:             1             32  org.apache.logging.log4j.status.StatusLogger$BoundedQueue
1687:             2             32  org.apache.logging.log4j.util.EnvironmentPropertySource
1688:             2             32  org.apache.logging.log4j.util.PropertiesUtil
1689:             2             32  org.apache.logging.log4j.util.PropertyFilePropertySource
1690:             2             32  org.apache.logging.log4j.util.PropertySource$Comparator
1691:             2             32  org.apache.logging.log4j.util.SystemPropertiesPropertySource
1692:             1             32  org.jboss.netty.buffer.EmptyChannelBuffer
1693:             2             32  org.jboss.netty.buffer.HeapChannelBufferFactory
1694:             2             32  org.jboss.netty.channel.group.DefaultChannelGroup$1
1695:             2             32  org.jboss.netty.channel.socket.nio.AbstractNioChannel$WriteTask
1696:             2             32  org.jboss.netty.channel.socket.nio.NioClientBoss$1
1697:             2             32  org.jboss.netty.channel.socket.nio.NioClientSocketPipelineSink
1698:             2             32  org.jboss.netty.channel.socket.nio.NioServerSocketPipelineSink
1699:             1             32  scala.collection.immutable.Map$WithDefault
1700:             2             32  scala.concurrent.Promise$$Lambda$239/1250499735
1701:             2             32  scala.concurrent.duration.Deadline
1702:             1             32  scala.math.BigDecimal$
1703:             1             32  scala.math.BigInt$
1704:             1             32  scala.reflect.ManifestFactory$AnyManifest
1705:             1             32  scala.reflect.ManifestFactory$AnyValPhantomManifest
1706:             1             32  scala.reflect.ManifestFactory$NothingManifest
1707:             1             32  scala.reflect.ManifestFactory$NullManifest
1708:             1             32  scala.reflect.ManifestFactory$ObjectManifest
1709:             1             32  scala.sys.SystemProperties$
1710:             2             32  scala.util.Right
1711:             1             32  scala.util.control.BreakControl
1712:             2             32  sun.nio.ch.SocketDispatcher
1713:             1             32  sun.nio.cs.StandardCharsets
1714:             1             32  sun.nio.fs.LinuxFileSystem
1715:             1             32  sun.reflect.generics.reflectiveObjects.WildcardTypeImpl
1716:             2             32  sun.reflect.generics.tree.ArrayTypeSignature
1717:             2             32  sun.security.provider.NativePRNG
1718:             1             32  sun.security.provider.SecureRandom
1719:             1             24  [Lcom.typesafe.config.impl.FromMapMode;
1720:             1             24  [Lcom.typesafe.config.impl.ResolveStatus;
1721:             1             24  [Ljava.io.File$PathStatus;
1722:             1             24  [Ljava.net.InetAddress$Cache$Type;
1723:             1             24  [Ljava.net.InterfaceAddress;
1724:             1             24  [Ljava.net.StandardProtocolFamily;
1725:             1             24  [Ljava.nio.file.LinkOption;
1726:             1             24  [Ljava.time.temporal.IsoFields$Unit;
1727:             1             24  [Ljava.time.zone.ZoneOffsetTransition;
1728:             1             24  [Ljava.util.Comparators$NaturalOrderComparator;
1729:             1             24  [Ljava.util.Locale$Category;
1730:             1             24  [Lorg.apache.flink.configuration.ClusterOptions$UncaughtExceptionHandleMode;
1731:             1             24  [Lorg.apache.flink.configuration.JobManagerOptions$SchedulerType;
1732:             1             24  [Lorg.apache.flink.configuration.SchedulerExecutionMode;
1733:             1             24  [Lorg.apache.flink.core.memory.ManagedMemoryUseCase$Scope;
1734:             1             24  [Lorg.apache.flink.runtime.execution.librarycache.FlinkUserCodeClassLoaders$ResolveOrder;
1735:             1             24  [Lorg.apache.flink.runtime.io.disk.iomanager.IOManagerAsync$ReaderThread;
1736:             1             24  [Lorg.apache.flink.runtime.io.disk.iomanager.IOManagerAsync$WriterThread;
1737:             1             24  [Lorg.apache.flink.runtime.io.network.buffer.BufferBuilder;
1738:             1             24  [Lorg.apache.flink.runtime.io.network.partition.ResultSubpartition;
1739:             1             24  [Lorg.apache.flink.runtime.io.network.partition.consumer.InputChannel;
1740:             1             24  [Lorg.apache.flink.runtime.rpc.AddressResolution;
1741:             1             24  [Lorg.apache.flink.runtime.rpc.akka.AkkaRpcActor$StartedState;
1742:             1             24  [Lorg.apache.flink.runtime.rpc.akka.AkkaRpcActor$StoppedState;
1743:             1             24  [Lorg.apache.flink.runtime.rpc.akka.AkkaRpcServiceUtils$AkkaProtocol;
1744:             1             24  [Lorg.apache.flink.runtime.state.SnapshotExecutionType;
1745:             1             24  [Lorg.apache.flink.runtime.taskexecutor.FileType;
1746:             1             24  [Lorg.apache.flink.streaming.api.CheckpointingMode;
1747:             1             24  [Lorg.apache.flink.streaming.runtime.watermarkstatus.StatusWatermarkValve$InputChannelStatus;
1748:             1             24  [Lorg.apache.logging.log4j.core.appender.ConsoleAppender$Target;
1749:             1             24  [Lorg.apache.logging.log4j.core.appender.rolling.TriggeringPolicy;
1750:             1             24  [Lorg.apache.logging.log4j.core.async.ThreadNameCachingStrategy;
1751:             1             24  [Lorg.apache.logging.log4j.core.config.status.StatusConfiguration$Verbosity;
1752:             1             24  [Lorg.apache.logging.log4j.core.pattern.ArrayPatternConverter;
1753:             1             24  [Lorg.apache.logging.log4j.core.pattern.FormattingInfo;
1754:             1             24  [Lorg.apache.logging.log4j.core.pattern.NameAbbreviator$MaxElementAbbreviator$Strategy;
1755:             1             24  [Lsun.launcher.LauncherHelper;
1756:             1             24  akka.actor.Actor$
1757:             1             24  akka.actor.Address$
1758:             1             24  akka.actor.Cancellable$
1759:             1             24  akka.actor.FSM$
1760:             1             24  akka.actor.IgnoreActorRef$
1761:             1             24  akka.actor.IndirectActorProducer$
1762:             1             24  akka.actor.Nobody$
1763:             1             24  akka.actor.ProviderSelection$
1764:             1             24  akka.actor.ProviderSelection$Remote$
1765:             1             24  akka.dispatch.Dispatchers$
1766:             1             24  akka.dispatch.Mailbox$
1767:             1             24  akka.dispatch.internal.SameThreadExecutionContext$$anon$1
1768:             1             24  akka.dispatch.sysmsg.SystemMessageList$
1769:             1             24  akka.event.Logging$StandardOutLogger
1770:             1             24  akka.pattern.PromiseActorRef$
1771:             1             24  akka.protobufv3.internal.ByteString$LiteralByteString
1772:             1             24  akka.protobufv3.internal.UnknownFieldSet
1773:             1             24  akka.remote.transport.AkkaProtocolTransport$
1774:             1             24  akka.remote.transport.netty.ChannelLocalActor$
1775:             1             24  akka.remote.transport.netty.NettyTransport$
1776:             1             24  akka.remote.transport.netty.TcpServerHandler
1777:             1             24  akka.serialization.JavaSerializer$CurrentSystem
1778:             1             24  akka.stream.Attributes$NestedMaterializationCancellationPolicy$
1779:             1             24  akka.stream.impl.PhasedFusingActorMaterializer$
1780:             1             24  akka.stream.impl.StreamSupervisor$
1781:             1             24  akka.util.ByteString$ByteString1
1782:             1             24  akka.util.ByteString$ByteString1$
1783:             1             24  akka.util.Helpers$
1784:             1             24  com.sun.jmx.mbeanserver.ClassLoaderRepositorySupport
1785:             1             24  com.sun.jmx.mbeanserver.MXBeanLookup
1786:             1             24  com.sun.jmx.remote.util.ClassLogger
1787:             1             24  com.typesafe.config.impl.ConfigDelayedMerge
1788:             1             24  com.typesafe.config.impl.ConfigDelayedMergeObject
1789:             1             24  com.typesafe.config.impl.ConfigImpl$LoaderCache
1790:             1             24  java.io.InputStreamReader
1791:             1             24  java.lang.ProcessEnvironment$StringEnvironment
1792:             1             24  java.lang.invoke.MethodHandleImpl$4
1793:             1             24  java.lang.invoke.MethodHandleImpl$ArrayAccessor$1
1794:             1             24  java.lang.invoke.MethodType$ConcurrentWeakInternSet
1795:             1             24  java.math.MutableBigInteger
1796:             1             24  java.net.Inet6AddressImpl
1797:             1             24  java.net.InetAddress$CacheEntry
1798:             1             24  java.net.Proxy
1799:             1             24  java.nio.file.LinkOption
1800:             1             24  java.time.Period
1801:             1             24  java.time.ZoneRegion
1802:             1             24  java.time.format.DecimalStyle
1803:             1             24  java.time.temporal.IsoFields$Field$1
1804:             1             24  java.time.temporal.IsoFields$Field$2
1805:             1             24  java.time.temporal.IsoFields$Field$3
1806:             1             24  java.time.temporal.IsoFields$Field$4
1807:             1             24  java.time.zone.TzdbZoneRulesProvider
1808:             1             24  java.util.Collections$3
1809:             1             24  java.util.Collections$EmptyMap
1810:             1             24  java.util.Collections$SynchronizedRandomAccessList
1811:             1             24  java.util.Comparators$NaturalOrderComparator
1812:             1             24  java.util.Locale$Cache
1813:             1             24  java.util.OptionalLong
1814:             1             24  java.util.ResourceBundle$Control$CandidateListCache
1815:             1             24  java.util.concurrent.ConcurrentLinkedDeque
1816:             1             24  java.util.concurrent.TimeUnit$1
1817:             1             24  java.util.concurrent.TimeUnit$2
1818:             1             24  java.util.concurrent.TimeUnit$3
1819:             1             24  java.util.concurrent.TimeUnit$4
1820:             1             24  java.util.concurrent.TimeUnit$5
1821:             1             24  java.util.concurrent.TimeUnit$6
1822:             1             24  java.util.concurrent.TimeUnit$7
1823:             1             24  java.util.logging.LogManager$LoggerContext
1824:             1             24  java.util.logging.LoggingPermission
1825:             1             24  javax.management.NotificationBroadcasterSupport
1826:             1             24  javax.security.auth.login.AppConfigurationEntry
1827:             1             24  org.apache.commons.lang3.tuple.ImmutablePair
1828:             1             24  org.apache.flink.api.common.state.StateTtlConfig$TtlTimeCharacteristic
1829:             1             24  org.apache.flink.configuration.SchedulerExecutionMode
1830:             1             24  org.apache.flink.configuration.description.TextElement$TextStyle
1831:             1             24  org.apache.flink.core.fs.UnsupportedSchemeFactory
1832:             1             24  org.apache.flink.core.fs.local.LocalFileSystem
1833:             1             24  org.apache.flink.core.memory.DataInputDeserializer
1834:             1             24  org.apache.flink.core.plugin.DefaultPluginManager
1835:             1             24  org.apache.flink.runtime.blob.BlobCacheService
1836:             1             24  org.apache.flink.runtime.blob.PermanentBlobCache$RefCount
1837:             1             24  org.apache.flink.runtime.checkpoint.channel.ResultSubpartitionInfo
1838:             1             24  org.apache.flink.runtime.clusterframework.types.ResourceBudgetManager
1839:             1             24  org.apache.flink.runtime.entrypoint.ClusterInformation
1840:             1             24  org.apache.flink.runtime.execution.librarycache.BlobLibraryCacheManager$DefaultClassLoaderLease
1841:             1             24  org.apache.flink.runtime.io.network.NettyShuffleEnvironment$$Lambda$613/983432936
1842:             1             24  org.apache.flink.runtime.io.network.api.serialization.SpillingAdaptiveSpanningRecordDeserializer
1843:             1             24  org.apache.flink.runtime.io.network.buffer.BufferBuilder$SettablePositionMarker
1844:             1             24  org.apache.flink.runtime.io.network.buffer.BufferConsumer
1845:             1             24  org.apache.flink.runtime.io.network.buffer.BufferConsumer$CachedPositionMarker
1846:             1             24  org.apache.flink.runtime.io.network.buffer.BufferConsumerWithPartialRecordLength
1847:             1             24  org.apache.flink.runtime.io.network.buffer.LocalBufferPool$SubpartitionBufferRecycler
1848:             1             24  org.apache.flink.runtime.io.network.netty.NettyProtocol
1849:             1             24  org.apache.flink.runtime.io.network.netty.PartitionRequestClientFactory
1850:             1             24  org.apache.flink.runtime.io.network.partition.BoundedBlockingSubpartitionType$1
1851:             1             24  org.apache.flink.runtime.io.network.partition.BoundedBlockingSubpartitionType$2
1852:             1             24  org.apache.flink.runtime.io.network.partition.BoundedBlockingSubpartitionType$3
1853:             1             24  org.apache.flink.runtime.io.network.partition.BoundedBlockingSubpartitionType$4
1854:             1             24  org.apache.flink.runtime.io.network.partition.PipelinedSubpartitionView
1855:             1             24  org.apache.flink.runtime.io.network.partition.ResultPartitionFactory$$Lambda$599/2083816037
1856:             1             24  org.apache.flink.runtime.io.network.partition.ResultPartitionManager
1857:             1             24  org.apache.flink.runtime.io.network.partition.consumer.InputGateID
1858:             1             24  org.apache.flink.runtime.io.network.partition.consumer.SingleInputGateFactory$$Lambda$610/987708488
1859:             1             24  org.apache.flink.runtime.jobmaster.ResourceManagerAddress
1860:             1             24  org.apache.flink.runtime.memory.SharedResources
1861:             1             24  org.apache.flink.runtime.memory.UnsafeMemoryBudget
1862:             1             24  org.apache.flink.runtime.metrics.ViewUpdater
1863:             1             24  org.apache.flink.runtime.plugable.NonReusingDeserializationDelegate
1864:             1             24  org.apache.flink.runtime.plugable.SerializationDelegate
1865:             1             24  org.apache.flink.runtime.query.KvStateRegistry
1866:             1             24  org.apache.flink.runtime.rpc.akka.AkkaRpcActor$StartedState
1867:             1             24  org.apache.flink.runtime.rpc.akka.AkkaRpcActor$StoppedState
1868:             1             24  org.apache.flink.runtime.rpc.akka.CleanupOnCloseRpcSystem
1869:             1             24  org.apache.flink.runtime.rpc.akka.PrioritySettingThreadFactory
1870:             1             24  org.apache.flink.runtime.rpc.akka.PriorityThreadsDispatcher
1871:             1             24  org.apache.flink.runtime.rpc.messages.HandshakeSuccessMessage
1872:             1             24  org.apache.flink.runtime.security.DynamicConfiguration
1873:             1             24  org.apache.flink.runtime.state.DefaultKeyedStateStore
1874:             1             24  org.apache.flink.runtime.state.heap.HeapPriorityQueueSetFactory
1875:             1             24  org.apache.flink.runtime.taskexecutor.DefaultJobTable
1876:             1             24  org.apache.flink.runtime.taskexecutor.EstablishedResourceManagerConnection
1877:             1             24  org.apache.flink.runtime.taskexecutor.TaskExecutor$$Lambda$589/1575606977
1878:             1             24  org.apache.flink.runtime.taskexecutor.TaskExecutor$TaskExecutorJobServices
1879:             1             24  org.apache.flink.runtime.taskexecutor.TaskExecutor$TaskManagerActionsImpl
1880:             1             24  org.apache.flink.runtime.taskexecutor.TaskExecutorRegistrationSuccess
1881:             1             24  org.apache.flink.runtime.taskexecutor.TaskManagerRunner$$Lambda$76/1760126453
1882:             1             24  org.apache.flink.runtime.taskexecutor.rpc.RpcResultPartitionConsumableNotifier
1883:             1             24  org.apache.flink.runtime.taskmanager.UnresolvedTaskManagerLocation
1884:             1             24  org.apache.flink.runtime.util.JvmShutdownSafeguard$DelayedTerminator
1885:             1             24  org.apache.flink.shaded.netty4.io.netty.bootstrap.ServerBootstrap$ServerBootstrapAcceptor$1
1886:             1             24  org.apache.flink.shaded.netty4.io.netty.channel.ChannelOption$1
1887:             1             24  org.apache.flink.shaded.netty4.io.netty.channel.SucceededChannelFuture
1888:             1             24  org.apache.flink.shaded.netty4.io.netty.channel.WriteBufferWaterMark
1889:             1             24  org.apache.flink.shaded.netty4.io.netty.channel.epoll.LinuxSocket
1890:             1             24  org.apache.flink.shaded.netty4.io.netty.resolver.DefaultAddressResolverGroup
1891:             1             24  org.apache.flink.shaded.netty4.io.netty.util.ResourceLeakDetectorFactory$DefaultResourceLeakDetectorFactory
1892:             1             24  org.apache.flink.shaded.netty4.io.netty.util.concurrent.FailedFuture
1893:             1             24  org.apache.flink.shaded.netty4.io.netty.util.internal.DefaultPriorityQueue
1894:             1             24  org.apache.flink.shaded.netty4.io.netty.util.internal.ThreadExecutorMap$2
1895:             1             24  org.apache.flink.shaded.netty4.io.netty.util.internal.ThreadExecutorMap$3
1896:             1             24  org.apache.flink.streaming.api.functions.sink.PrintSinkFunction
1897:             1             24  org.apache.flink.streaming.api.operators.StreamSink$SimpleContext
1898:             1             24  org.apache.flink.streaming.api.operators.TimestampedCollector
1899:             1             24  org.apache.flink.streaming.api.windowing.assigners.WindowStagger$1
1900:             1             24  org.apache.flink.streaming.api.windowing.assigners.WindowStagger$2
1901:             1             24  org.apache.flink.streaming.api.windowing.assigners.WindowStagger$3
1902:             1             24  org.apache.flink.streaming.runtime.io.StreamOneInputProcessor
1903:             1             24  org.apache.flink.streaming.runtime.io.checkpointing.CheckpointedInputGate$$Lambda$673/1340202956
1904:             1             24  org.apache.flink.streaming.runtime.io.checkpointing.UpstreamRecoveryTrackerImpl
1905:             1             24  org.apache.flink.streaming.runtime.operators.windowing.WindowOperator$WindowContext
1906:             1             24  org.apache.flink.streaming.runtime.operators.windowing.functions.InternalSingleValueWindowFunction
1907:             1             24  org.apache.flink.streaming.runtime.partitioner.KeyGroupStreamPartitioner
1908:             1             24  org.apache.flink.streaming.runtime.tasks.BroadcastingOutputCollector
1909:             1             24  org.apache.flink.streaming.runtime.tasks.OneInputStreamTask$StreamTaskNetworkOutput
1910:             1             24  org.apache.flink.streaming.runtime.tasks.ProcessingTimeServiceImpl$$Lambda$717/2097855773
1911:             1             24  org.apache.flink.streaming.runtime.tasks.StreamTask$$Lambda$716/1285579898
1912:             1             24  org.apache.flink.streaming.runtime.tasks.StreamTask$ResumeWrapper
1913:             1             24  org.apache.flink.streaming.runtime.tasks.StreamTask$ThroughputPeriodTimer
1914:             1             24  org.apache.flink.streaming.util.LatencyStats$Granularity$1
1915:             1             24  org.apache.flink.streaming.util.LatencyStats$Granularity$2
1916:             1             24  org.apache.flink.streaming.util.LatencyStats$Granularity$3
1917:             1             24  org.apache.flink.streaming.util.typeutils.FieldAccessor$SimpleTupleFieldAccessor
1918:             1             24  org.apache.logging.log4j.core.appender.ConsoleAppender$Target$1
1919:             1             24  org.apache.logging.log4j.core.appender.ConsoleAppender$Target$2
1920:             1             24  org.apache.logging.log4j.core.appender.rolling.CompositeTriggeringPolicy
1921:             1             24  org.apache.logging.log4j.core.appender.rolling.FileExtension$1
1922:             1             24  org.apache.logging.log4j.core.appender.rolling.FileExtension$2
1923:             1             24  org.apache.logging.log4j.core.appender.rolling.FileExtension$3
1924:             1             24  org.apache.logging.log4j.core.appender.rolling.FileExtension$4
1925:             1             24  org.apache.logging.log4j.core.appender.rolling.FileExtension$5
1926:             1             24  org.apache.logging.log4j.core.appender.rolling.FileExtension$6
1927:             1             24  org.apache.logging.log4j.core.appender.rolling.OnStartupTriggeringPolicy
1928:             1             24  org.apache.logging.log4j.core.async.ThreadNameCachingStrategy$1
1929:             1             24  org.apache.logging.log4j.core.async.ThreadNameCachingStrategy$2
1930:             1             24  org.apache.logging.log4j.core.config.LoggerConfig$LoggerConfigPredicate$1
1931:             1             24  org.apache.logging.log4j.core.config.LoggerConfig$LoggerConfigPredicate$2
1932:             1             24  org.apache.logging.log4j.core.config.LoggerConfig$LoggerConfigPredicate$3
1933:             1             24  org.apache.logging.log4j.core.config.json.JsonConfigurationFactory
1934:             1             24  org.apache.logging.log4j.core.config.plugins.util.PluginRegistry
1935:             1             24  org.apache.logging.log4j.core.config.yaml.YamlConfigurationFactory
1936:             1             24  org.apache.logging.log4j.core.impl.Log4jContextFactory
1937:             1             24  org.apache.logging.log4j.core.pattern.IntegerPatternConverter
1938:             1             24  org.apache.logging.log4j.core.pattern.LevelPatternConverter$SimpleLevelPatternConverter
1939:             1             24  org.apache.logging.log4j.core.pattern.LineSeparatorPatternConverter
1940:             1             24  org.apache.logging.log4j.core.pattern.LoggerPatternConverter
1941:             1             24  org.apache.logging.log4j.core.pattern.MessagePatternConverter$SimpleMessagePatternConverter
1942:             1             24  org.apache.logging.log4j.core.pattern.NameAbbreviator$MaxElementAbbreviator$Strategy$1
1943:             1             24  org.apache.logging.log4j.core.pattern.NameAbbreviator$MaxElementAbbreviator$Strategy$2
1944:             1             24  org.apache.logging.log4j.core.pattern.NdcPatternConverter
1945:             1             24  org.apache.logging.log4j.core.pattern.SimpleLiteralPatternConverter$Space
1946:             1             24  org.apache.logging.log4j.core.pattern.ThreadNamePatternConverter
1947:             1             24  org.apache.logging.log4j.core.util.datetime.FastDateFormat
1948:             1             24  org.apache.logging.log4j.core.util.datetime.FastDatePrinter$PaddedNumberField
1949:             1             24  org.apache.logging.log4j.core.util.datetime.FormatCache$MultipartKey
1950:             1             24  org.apache.logging.log4j.message.SimpleMessage
1951:             1             24  org.apache.logging.log4j.status.StatusConsoleListener
1952:             1             24  org.apache.logging.slf4j.Log4jLoggerFactory
1953:             1             24  org.apache.logging.slf4j.Log4jMarker
1954:             1             24  org.jboss.netty.channel.AdaptiveReceiveBufferSizePredictorFactory
1955:             1             24  org.jboss.netty.channel.socket.nio.NioClientSocketPipelineSink$1
1956:             1             24  org.jboss.netty.util.internal.SharedResourceMisuseDetector
1957:             1             24  org.slf4j.helpers.SubstituteLoggerFactory
1958:             1             24  scala.PartialFunction$
1959:             1             24  scala.collection.IndexedSeq$
1960:             1             24  scala.collection.Traversable$
1961:             1             24  scala.collection.immutable.HashMap$$anon$2
1962:             1             24  scala.collection.immutable.List$
1963:             1             24  scala.collection.immutable.MapLike$$anon$2
1964:             1             24  scala.collection.immutable.Queue$EmptyQueue$
1965:             1             24  scala.collection.immutable.Vector$
1966:             1             24  scala.collection.mutable.WrappedArray$ofRef
1967:             1             24  scala.compat.java8.OptionConverters$
1968:             1             24  scala.concurrent.Future$
1969:             1             24  scala.reflect.ManifestFactory$BooleanManifest
1970:             1             24  scala.reflect.ManifestFactory$ByteManifest
1971:             1             24  scala.reflect.ManifestFactory$CharManifest
1972:             1             24  scala.reflect.ManifestFactory$DoubleManifest
1973:             1             24  scala.reflect.ManifestFactory$FloatManifest
1974:             1             24  scala.reflect.ManifestFactory$IntManifest
1975:             1             24  scala.reflect.ManifestFactory$LongManifest
1976:             1             24  scala.reflect.ManifestFactory$ShortManifest
1977:             1             24  scala.reflect.ManifestFactory$UnitManifest
1978:             1             24  scala.reflect.package$
1979:             1             24  scala.sys.BooleanProp$BooleanPropImpl
1980:             1             24  scala.util.DynamicVariable
1981:             1             24  scala.util.hashing.MurmurHash3$
1982:             1             24  scala.util.matching.Regex
1983:             1             24  sun.launcher.LauncherHelper
1984:             1             24  sun.management.CompilationImpl
1985:             1             24  sun.management.MemoryImpl
1986:             1             24  sun.management.OperatingSystemImpl
1987:             1             24  sun.management.RuntimeImpl
1988:             1             24  sun.management.ThreadImpl
1989:             1             24  sun.management.VMManagementImpl
1990:             1             24  sun.misc.JarIndex
1991:             1             24  sun.misc.URLClassPath$FileLoader
1992:             1             24  sun.net.ProgressMonitor
1993:             1             24  sun.net.sdp.SdpProvider
1994:             1             24  sun.net.www.MimeTable
1995:             1             24  sun.nio.ch.Util$BufferCache
1996:             1             24  sun.nio.cs.ISO_8859_1
1997:             1             24  sun.nio.cs.US_ASCII
1998:             1             24  sun.nio.cs.UTF_16
1999:             1             24  sun.nio.cs.UTF_16BE
2000:             1             24  sun.nio.cs.UTF_16LE
2001:             1             24  sun.nio.cs.UTF_8
2002:             1             24  sun.reflect.generics.tree.Wildcard
2003:             1             24  sun.security.provider.ConfigFile
2004:             1             24  sun.util.locale.BaseLocale$Cache
2005:             1             24  sun.util.locale.provider.CalendarDataProviderImpl
2006:             1             24  sun.util.locale.provider.CalendarProviderImpl
2007:             1             24  sun.util.locale.provider.CurrencyNameProviderImpl
2008:             1             24  sun.util.locale.provider.DateFormatSymbolsProviderImpl
2009:             1             24  sun.util.locale.provider.DecimalFormatSymbolsProviderImpl
2010:             1             24  sun.util.locale.provider.NumberFormatProviderImpl
2011:             1             16  [Lcom.typesafe.config.impl.BadMap$Entry;
2012:             1             16  [Ljava.lang.Throwable;
2013:             1             16  [Ljava.net.NetworkInterface;
2014:             1             16  [Ljava.nio.file.attribute.FileAttribute;
2015:             1             16  [Ljava.security.Provider;
2016:             1             16  [Ljava.security.cert.X509Certificate;
2017:             1             16  [Ljava.text.FieldPosition;
2018:             1             16  [Ljava.util.logging.Handler;
2019:             1             16  [Ljavax.security.cert.X509Certificate;
2020:             1             16  [Lorg.apache.flink.runtime.checkpoint.InflightDataRescalingDescriptor$InflightDataGateOrPartitionRescalingDescriptor;
2021:             1             16  [Lorg.apache.flink.runtime.shuffle.ShuffleServiceLoader;
2022:             1             16  [Lorg.apache.flink.runtime.util.config.memory.ManagedMemoryUtils;
2023:             1             16  [Lorg.apache.flink.shaded.netty4.io.netty.util.AsciiString;
2024:             1             16  [Lorg.apache.flink.shaded.netty4.io.netty.util.DefaultAttributeMap$DefaultAttribute;
2025:             1             16  [Lorg.apache.flink.streaming.api.operators.Output;
2026:             1             16  [Lorg.apache.logging.log4j.core.appender.rolling.action.Action;
2027:             1             16  akka.Version$
2028:             1             16  akka.actor.Actor$$$Lambda$257/1558395480
2029:             1             16  akka.actor.ActorCell$$$Lambda$227/399373008
2030:             1             16  akka.actor.ActorCell$$Lambda$245/1907021208
2031:             1             16  akka.actor.ActorCell$$anon$1
2032:             1             16  akka.actor.ActorCell$$anon$2
2033:             1             16  akka.actor.ActorKilledException$
2034:             1             16  akka.actor.ActorPath$
2035:             1             16  akka.actor.ActorPath$$Lambda$555/1681157863
2036:             1             16  akka.actor.ActorPathExtractor$
2037:             1             16  akka.actor.ActorRef$
2038:             1             16  akka.actor.ActorSelection$
2039:             1             16  akka.actor.ActorSystem$
2040:             1             16  akka.actor.ActorSystem$Settings$
2041:             1             16  akka.actor.ActorSystem$Settings$$Lambda$122/949581868
2042:             1             16  akka.actor.ActorSystem$Settings$$Lambda$123/940087898
2043:             1             16  akka.actor.Address$$$Lambda$101/2100440237
2044:             1             16  akka.actor.AddressFromURIString$
2045:             1             16  akka.actor.BootstrapSetup$
2046:             1             16  akka.actor.Cancellable$$anon$8
2047:             1             16  akka.actor.Cancellable$$anon$9
2048:             1             16  akka.actor.ChildActorPath$$Lambda$228/2069500590
2049:             1             16  akka.actor.ChildActorPath$$Lambda$559/1555089093
2050:             1             16  akka.actor.ChildNameReserved$
2051:             1             16  akka.actor.ChildRestartStats$
2052:             1             16  akka.actor.CreatorFunctionConsumer
2053:             1             16  akka.actor.DeadLetter$$Lambda$573/1013059084
2054:             1             16  akka.actor.DeadLetter$$Lambda$574/1086894693
2055:             1             16  akka.actor.Deploy$
2056:             1             16  akka.actor.FSM$$minus$greater$
2057:             1             16  akka.actor.FSM$Event$
2058:             1             16  akka.actor.FSM$FixedDelayMode$
2059:             1             16  akka.actor.FSM$NullFunction$
2060:             1             16  akka.actor.FSM$SingleMode$
2061:             1             16  akka.actor.FSM$State$
2062:             1             16  akka.actor.FSM$StateTimeout$
2063:             1             16  akka.actor.FSM$StopEvent$
2064:             1             16  akka.actor.InternalActorRef$
2065:             1             16  akka.actor.Kill$
2066:             1             16  akka.actor.LightArrayRevolverScheduler$$Lambda$161/40191541
2067:             1             16  akka.actor.LightArrayRevolverScheduler$$Lambda$162/1937380187
2068:             1             16  akka.actor.LightArrayRevolverScheduler$$Lambda$163/366803687
2069:             1             16  akka.actor.LightArrayRevolverScheduler$$Lambda$164/1033917063
2070:             1             16  akka.actor.LightArrayRevolverScheduler$$Lambda$165/801569151
2071:             1             16  akka.actor.LightArrayRevolverScheduler$$Lambda$166/1026483832
2072:             1             16  akka.actor.LightArrayRevolverScheduler$$anon$3$$Lambda$169/58488213
2073:             1             16  akka.actor.LightArrayRevolverScheduler$$anon$4
2074:             1             16  akka.actor.LightArrayRevolverScheduler$$anon$5
2075:             1             16  akka.actor.LightArrayRevolverScheduler$$anon$6
2076:             1             16  akka.actor.LightArrayRevolverScheduler$$anon$7
2077:             1             16  akka.actor.LocalActorRefProvider$$Lambda$544/861673068
2078:             1             16  akka.actor.LocalActorRefProvider$$Lambda$556/1072114567
2079:             1             16  akka.actor.LocalScope$
2080:             1             16  akka.actor.NoScopeGiven$
2081:             1             16  akka.actor.OneForOneStrategy$
2082:             1             16  akka.actor.OneForOneStrategy$$Lambda$215/1966355106
2083:             1             16  akka.actor.PoisonPill$
2084:             1             16  akka.actor.Props$$$Lambda$223/79290250
2085:             1             16  akka.actor.ReflectiveDynamicAccess$$Lambda$159/85415531
2086:             1             16  akka.actor.ReflectiveDynamicAccess$$Lambda$160/1341404543
2087:             1             16  akka.actor.RelativeActorPath$
2088:             1             16  akka.actor.RootActorPath$
2089:             1             16  akka.actor.SelectParent$
2090:             1             16  akka.actor.SerializedNobody
2091:             1             16  akka.actor.SupervisorStrategy$$$Lambda$216/1141113940
2092:             1             16  akka.actor.SupervisorStrategy$$anonfun$1
2093:             1             16  akka.actor.SupervisorStrategy$$anonfun$stoppingDecider$1$1
2094:             1             16  akka.actor.SystemGuardian$RegisterTerminationHook$
2095:             1             16  akka.actor.dungeon.ChildrenContainer$EmptyChildrenContainer$
2096:             1             16  akka.actor.dungeon.FaultHandling$NoFailedInfo$
2097:             1             16  akka.actor.dungeon.ReceiveTimeout$
2098:             1             16  akka.actor.setup.ActorSystemSetup$
2099:             1             16  akka.actor.setup.ActorSystemSetup$$$Lambda$109/691098155
2100:             1             16  akka.actor.setup.ActorSystemSetup$$Lambda$112/1759250827
2101:             1             16  akka.actor.setup.ActorSystemSetup$$Lambda$121/1537772520
2102:             1             16  akka.dispatch.CachingConfig$ValuePathEntry$
2103:             1             16  akka.dispatch.Envelope$
2104:             1             16  akka.dispatch.ExecutionContexts$
2105:             1             16  akka.dispatch.MonitorableThreadFactory$
2106:             1             16  akka.dispatch.MonitorableThreadFactory$$anon$2
2107:             1             16  akka.dispatch.SaneRejectedExecutionHandler
2108:             1             16  akka.dispatch.ThreadPoolConfig$$$Lambda$417/559050604
2109:             1             16  akka.dispatch.ThreadPoolConfigBuilder$$Lambda$419/1726616678
2110:             1             16  akka.dispatch.internal.SameThreadExecutionContext$
2111:             1             16  akka.dispatch.internal.ScalaBatchable$
2112:             1             16  akka.dispatch.sysmsg.EarliestFirstSystemMessageList$
2113:             1             16  akka.dispatch.sysmsg.LatestFirstSystemMessageList$
2114:             1             16  akka.dispatch.sysmsg.NoMessage$
2115:             1             16  akka.event.AddressTerminatedTopic$
2116:             1             16  akka.event.EventStreamUnsubscriber$
2117:             1             16  akka.event.LogSource$$anon$2
2118:             1             16  akka.event.LogSource$$anon$3
2119:             1             16  akka.event.LogSource$$anon$4
2120:             1             16  akka.event.LogSource$$anon$5
2121:             1             16  akka.event.LogSource$$anon$6
2122:             1             16  akka.event.Logging$Info$
2123:             1             16  akka.event.Logging$LogExt$
2124:             1             16  akka.event.Logging$LogLevel$
2125:             1             16  akka.event.Logging$LoggerInitialized$
2126:             1             16  akka.event.Logging$SerializedStandardOutLogger
2127:             1             16  akka.event.LoggingBus$$Lambda$247/369805307
2128:             1             16  akka.event.LoggingFilterWithMarker$
2129:             1             16  akka.event.SubchannelClassification$$Lambda$153/1963075870
2130:             1             16  akka.event.SubchannelClassification$$Lambda$154/397071633
2131:             1             16  akka.event.SubchannelClassification$$Lambda$271/913242382
2132:             1             16  akka.event.slf4j.Logger$
2133:             1             16  akka.event.slf4j.Slf4jLogger$$Lambda$274/105040415
2134:             1             16  akka.japi.Util$
2135:             1             16  akka.japi.pf.CaseStatement$
2136:             1             16  akka.japi.pf.ReceiveBuilder$$Lambda$428/1437178315
2137:             1             16  akka.pattern.AskableActorRef$
2138:             1             16  akka.pattern.AskableActorSelection$
2139:             1             16  akka.pattern.Patterns$
2140:             1             16  akka.pattern.PromiseActorRef$$$Lambda$258/628392976
2141:             1             16  akka.pattern.PromiseActorRef$Registering$
2142:             1             16  akka.pattern.PromiseActorRef$Stopped$
2143:             1             16  akka.pattern.package$
2144:             1             16  akka.protobufv3.internal.ByteString$2
2145:             1             16  akka.protobufv3.internal.ByteString$ArraysByteArrayCopier
2146:             1             16  akka.protobufv3.internal.ExtensionRegistryLite
2147:             1             16  akka.protobufv3.internal.UnknownFieldSet$Parser
2148:             1             16  akka.protobufv3.internal.UnsafeUtil$JvmMemoryAccessor
2149:             1             16  akka.protobufv3.internal.Utf8$UnsafeProcessor
2150:             1             16  akka.remote.AckedReceiveBuffer$
2151:             1             16  akka.remote.AckedSendBuffer$
2152:             1             16  akka.remote.AddressUidExtension$
2153:             1             16  akka.remote.AddressUrlEncoder$
2154:             1             16  akka.remote.ByteStringUtils$
2155:             1             16  akka.remote.ContainerFormats$ActorIdentity$1
2156:             1             16  akka.remote.ContainerFormats$ActorRef$1
2157:             1             16  akka.remote.ContainerFormats$Identify$1
2158:             1             16  akka.remote.ContainerFormats$PatternType$1
2159:             1             16  akka.remote.ContainerFormats$Payload$1
2160:             1             16  akka.remote.ContainerFormats$Selection$1
2161:             1             16  akka.remote.ContainerFormats$SelectionEnvelope$1
2162:             1             16  akka.remote.DeadlineFailureDetector$$Lambda$517/427781561
2163:             1             16  akka.remote.DeadlineFailureDetector$$Lambda$518/1633821326
2164:             1             16  akka.remote.EndpointManager$$Lambda$277/1236813222
2165:             1             16  akka.remote.EndpointManager$$Lambda$513/280356907
2166:             1             16  akka.remote.EndpointManager$$Lambda$539/1238080956
2167:             1             16  akka.remote.EndpointManager$$anonfun$receive$2$$Lambda$330/1574933282
2168:             1             16  akka.remote.EndpointManager$$anonfun$receive$2$$Lambda$336/1447246040
2169:             1             16  akka.remote.EndpointManager$EndpointRegistry$$Lambda$514/1768442210
2170:             1             16  akka.remote.EndpointManager$Prune$
2171:             1             16  akka.remote.EndpointManager$Send$
2172:             1             16  akka.remote.EndpointManager$StartupFinished$
2173:             1             16  akka.remote.EndpointReader$
2174:             1             16  akka.remote.EndpointWriter$$Lambda$516/1806592648
2175:             1             16  akka.remote.EndpointWriter$AckIdleCheckTimer$
2176:             1             16  akka.remote.EndpointWriter$FlushAndStop$
2177:             1             16  akka.remote.FailureDetector$
2178:             1             16  akka.remote.FailureDetector$$anon$1
2179:             1             16  akka.remote.FailureDetectorLoader$
2180:             1             16  akka.remote.HasSequenceNumber$
2181:             1             16  akka.remote.MessageSerializer$
2182:             1             16  akka.remote.RARP$
2183:             1             16  akka.remote.ReliableDeliverySupervisor$
2184:             1             16  akka.remote.ReliableDeliverySupervisor$$Lambda$515/1944716734
2185:             1             16  akka.remote.ReliableDeliverySupervisor$AttemptSysMsgRedelivery$
2186:             1             16  akka.remote.ReliableDeliverySupervisor$Idle$
2187:             1             16  akka.remote.ReliableDeliverySupervisor$IsIdle$
2188:             1             16  akka.remote.RemoteActorRefProvider$$Lambda$327/72386655
2189:             1             16  akka.remote.RemoteActorRefProvider$Idle$
2190:             1             16  akka.remote.RemoteActorRefProvider$Uninitialized$
2191:             1             16  akka.remote.RemoteActorRefProvider$WaitDaemonShutdown$
2192:             1             16  akka.remote.RemoteActorRefProvider$WaitTransportShutdown$
2193:             1             16  akka.remote.RemoteDeployer$$Lambda$217/938463537
2194:             1             16  akka.remote.RemoteMetricsExtension$
2195:             1             16  akka.remote.RemoteSettings$$Lambda$172/1161148117
2196:             1             16  akka.remote.RemoteSettings$$Lambda$173/516875052
2197:             1             16  akka.remote.RemoteSettings$$Lambda$174/1131592118
2198:             1             16  akka.remote.RemoteSettings$$Lambda$175/589987187
2199:             1             16  akka.remote.RemoteSettings$$Lambda$176/1262609629
2200:             1             16  akka.remote.RemoteSettings$$Lambda$177/587180314
2201:             1             16  akka.remote.RemoteSettings$$Lambda$178/1955990522
2202:             1             16  akka.remote.RemoteSettings$$Lambda$179/69673470
2203:             1             16  akka.remote.RemoteSettings$$Lambda$180/1082411691
2204:             1             16  akka.remote.RemoteSettings$$Lambda$181/527211736
2205:             1             16  akka.remote.RemoteSettings$$Lambda$182/1533123860
2206:             1             16  akka.remote.RemoteSettings$$Lambda$183/1718906711
2207:             1             16  akka.remote.RemoteSettings$$Lambda$184/71802912
2208:             1             16  akka.remote.RemoteSettings$$Lambda$185/2134271532
2209:             1             16  akka.remote.RemoteSettings$$Lambda$186/686349795
2210:             1             16  akka.remote.RemoteSettings$$Lambda$187/1831010686
2211:             1             16  akka.remote.RemoteSettings$$Lambda$188/1423768154
2212:             1             16  akka.remote.RemoteSettings$$Lambda$189/404222443
2213:             1             16  akka.remote.RemoteSettings$$Lambda$190/1987977423
2214:             1             16  akka.remote.RemoteSettings$$Lambda$191/61073295
2215:             1             16  akka.remote.RemoteSettings$$Lambda$192/807322507
2216:             1             16  akka.remote.RemoteSettings$$Lambda$193/396485834
2217:             1             16  akka.remote.RemoteSettings$$Lambda$194/283039401
2218:             1             16  akka.remote.RemoteSettings$$Lambda$195/207471778
2219:             1             16  akka.remote.RemoteSettings$$Lambda$196/1243171897
2220:             1             16  akka.remote.RemoteSettings$$Lambda$197/1376151044
2221:             1             16  akka.remote.RemoteSettings$$Lambda$198/873175411
2222:             1             16  akka.remote.RemoteSettings$$Lambda$199/1443967876
2223:             1             16  akka.remote.RemoteSettings$$Lambda$200/1449772539
2224:             1             16  akka.remote.RemoteSettings$$Lambda$201/926859124
2225:             1             16  akka.remote.RemoteSettings$$Lambda$202/1603696865
2226:             1             16  akka.remote.RemoteSettings$$Lambda$203/12905860
2227:             1             16  akka.remote.RemoteSettings$$Lambda$207/1816522350
2228:             1             16  akka.remote.RemoteWatcher$
2229:             1             16  akka.remote.RemoteWatcher$ArteryHeartbeat$
2230:             1             16  akka.remote.RemoteWatcher$Heartbeat$
2231:             1             16  akka.remote.RemoteWatcher$HeartbeatTick$
2232:             1             16  akka.remote.RemoteWatcher$ReapUnreachableTick$
2233:             1             16  akka.remote.Remoting$
2234:             1             16  akka.remote.Remoting$$Lambda$338/475394679
2235:             1             16  akka.remote.Remoting$$Lambda$339/1574615832
2236:             1             16  akka.remote.Remoting$$Lambda$340/1049590050
2237:             1             16  akka.remote.WireFormats$AckAndEnvelopeContainer$1
2238:             1             16  akka.remote.WireFormats$ActorRefData$1
2239:             1             16  akka.remote.WireFormats$AddressData$1
2240:             1             16  akka.remote.WireFormats$AkkaControlMessage$1
2241:             1             16  akka.remote.WireFormats$AkkaHandshakeInfo$1
2242:             1             16  akka.remote.WireFormats$AkkaProtocolMessage$1
2243:             1             16  akka.remote.WireFormats$CommandType$1
2244:             1             16  akka.remote.WireFormats$RemoteEnvelope$1
2245:             1             16  akka.remote.WireFormats$SerializedMessage$1
2246:             1             16  akka.remote.artery.ArterySettings$
2247:             1             16  akka.remote.artery.ArterySettings$$Lambda$171/1714688478
2248:             1             16  akka.remote.artery.ArterySettings$AeronUpd$
2249:             1             16  akka.remote.artery.ArterySettings$Tcp$
2250:             1             16  akka.remote.artery.LruBoundedCache$$Lambda$551/633135266
2251:             1             16  akka.remote.artery.LruBoundedCache$$Lambda$552/422608764
2252:             1             16  akka.remote.artery.LruBoundedCache$$Lambda$553/1000780922
2253:             1             16  akka.remote.serialization.ActorRefResolveThreadLocalCache$
2254:             1             16  akka.remote.serialization.MessageContainerSerializer$$Lambda$571/1790810067
2255:             1             16  akka.remote.serialization.MiscMessageSerializer$$Lambda$359/1758893871
2256:             1             16  akka.remote.serialization.MiscMessageSerializer$$Lambda$367/1415439780
2257:             1             16  akka.remote.serialization.MiscMessageSerializer$$Lambda$368/1632789609
2258:             1             16  akka.remote.serialization.MiscMessageSerializer$$Lambda$369/124494140
2259:             1             16  akka.remote.serialization.MiscMessageSerializer$$Lambda$370/708443754
2260:             1             16  akka.remote.serialization.MiscMessageSerializer$$Lambda$371/50720817
2261:             1             16  akka.remote.serialization.MiscMessageSerializer$$Lambda$377/2144067911
2262:             1             16  akka.remote.transport.AbstractTransportAdapter$$Lambda$302/2140746958
2263:             1             16  akka.remote.transport.ActorTransportAdapter$
2264:             1             16  akka.remote.transport.ActorTransportAdapterManager$$anonfun$receive$1$$Lambda$341/684225619
2265:             1             16  akka.remote.transport.AkkaPduCodec$Heartbeat$
2266:             1             16  akka.remote.transport.AkkaProtocolSettings$$Lambda$294/98114058
2267:             1             16  akka.remote.transport.AkkaProtocolSettings$$Lambda$295/1002352813
2268:             1             16  akka.remote.transport.AssociationHandle$Unknown$
2269:             1             16  akka.remote.transport.HandshakeInfo$
2270:             1             16  akka.remote.transport.ProtocolStateActor$
2271:             1             16  akka.remote.transport.ProtocolStateActor$$Lambda$524/771983892
2272:             1             16  akka.remote.transport.ProtocolStateActor$$Lambda$534/1452318846
2273:             1             16  akka.remote.transport.ProtocolStateActor$Closed$
2274:             1             16  akka.remote.transport.ProtocolStateActor$HandshakeTimer$
2275:             1             16  akka.remote.transport.ProtocolStateActor$HeartbeatTimer$
2276:             1             16  akka.remote.transport.ProtocolStateActor$Open$
2277:             1             16  akka.remote.transport.ProtocolStateActor$WaitHandshake$
2278:             1             16  akka.remote.transport.TransportAdapters$$Lambda$290/1674731464
2279:             1             16  akka.remote.transport.TransportAdaptersExtension$
2280:             1             16  akka.remote.transport.netty.NettyFutureBridge$
2281:             1             16  akka.remote.transport.netty.NettyTransport$$Lambda$531/1638852559
2282:             1             16  akka.remote.transport.netty.NettyTransportSettings$$Lambda$279/970588110
2283:             1             16  akka.remote.transport.netty.NettyTransportSettings$$Lambda$280/935510475
2284:             1             16  akka.routing.ConsistentHashingPool$
2285:             1             16  akka.routing.ConsistentHashingRouter$emptyConsistentHashMapping$
2286:             1             16  akka.routing.MurmurHash$$$Lambda$253/1976023393
2287:             1             16  akka.routing.MurmurHash$$$Lambda$254/1611021477
2288:             1             16  akka.routing.NoRouter$
2289:             1             16  akka.routing.Pool$
2290:             1             16  akka.routing.Pool$$anonfun$1
2291:             1             16  akka.routing.Resizer$
2292:             1             16  akka.routing.RoundRobinPool$
2293:             1             16  akka.serialization.BaseSerializer$
2294:             1             16  akka.serialization.JavaSerializer$
2295:             1             16  akka.serialization.NullSerializer$
2296:             1             16  akka.serialization.Serialization$
2297:             1             16  akka.serialization.Serialization$$Lambda$353/1541433310
2298:             1             16  akka.serialization.Serialization$$Lambda$389/388802347
2299:             1             16  akka.serialization.Serialization$$Lambda$390/1107579932
2300:             1             16  akka.serialization.Serialization$$Lambda$391/1627010197
2301:             1             16  akka.serialization.Serialization$$Lambda$395/1373949107
2302:             1             16  akka.serialization.Serialization$$Lambda$396/1230013344
2303:             1             16  akka.serialization.Serialization$$Lambda$403/575360353
2304:             1             16  akka.serialization.Serialization$$Lambda$405/809383315
2305:             1             16  akka.serialization.Serialization$$Lambda$407/1627883152
2306:             1             16  akka.serialization.Serialization$Settings$$Lambda$352/259319861
2307:             1             16  akka.serialization.SerializationExtension$
2308:             1             16  akka.serialization.Serializers$
2309:             1             16  akka.stream.ActorMaterializerSettings$
2310:             1             16  akka.stream.ActorMaterializerSettings$$Lambda$409/207988207
2311:             1             16  akka.stream.ActorMaterializerSettings$$Lambda$410/1800500978
2312:             1             16  akka.stream.Attributes$CancellationStrategy
2313:             1             16  akka.stream.Attributes$CancellationStrategy$
2314:             1             16  akka.stream.Attributes$CancellationStrategy$PropagateFailure$
2315:             1             16  akka.stream.IOSettings$
2316:             1             16  akka.stream.StreamRefSettings$
2317:             1             16  akka.stream.StreamSubscriptionTimeoutSettings$
2318:             1             16  akka.stream.StreamSubscriptionTimeoutTerminationMode$CancelTermination$
2319:             1             16  akka.stream.Supervision$$anon$1
2320:             1             16  akka.stream.Supervision$$anon$2
2321:             1             16  akka.stream.Supervision$$anon$3
2322:             1             16  akka.stream.SystemMaterializer$
2323:             1             16  akka.stream.impl.FlowNames$
2324:             1             16  akka.stream.impl.GraphStageTag$
2325:             1             16  akka.stream.impl.MaterializerGuardian$
2326:             1             16  akka.stream.impl.PhasedFusingActorMaterializer$$anon$1
2327:             1             16  akka.stream.impl.PhasedFusingActorMaterializer$$anon$2
2328:             1             16  akka.stream.impl.PhasedFusingActorMaterializer$$anon$3
2329:             1             16  akka.stream.impl.PhasedFusingActorMaterializer$$anon$4
2330:             1             16  akka.stream.impl.PhasedFusingActorMaterializer$$anon$5
2331:             1             16  akka.stream.impl.ProcessorModuleIslandTag$
2332:             1             16  akka.stream.impl.SeqActorName$
2333:             1             16  akka.stream.impl.SinkModuleIslandTag$
2334:             1             16  akka.stream.impl.SourceModuleIslandTag$
2335:             1             16  akka.stream.impl.TlsModuleIslandTag$
2336:             1             16  akka.stream.impl.streamref.StreamRefSettingsImpl$
2337:             1             16  akka.util.BoxedType$
2338:             1             16  akka.util.ByteString$$anon$1
2339:             1             16  akka.util.ByteString$ByteString1C$
2340:             1             16  akka.util.Collections$EmptyImmutableSeq$
2341:             1             16  akka.util.CompactByteString$
2342:             1             16  akka.util.Helpers$ConfigOps$
2343:             1             16  akka.util.Helpers$Requiring$
2344:             1             16  akka.util.JavaDurationConverters$
2345:             1             16  akka.util.JavaDurationConverters$JavaDurationOps$
2346:             1             16  akka.util.OptionVal$
2347:             1             16  akka.util.OptionVal$Some$
2348:             1             16  akka.util.Reflect$
2349:             1             16  akka.util.Reflect$$$Lambda$224/2016828666
2350:             1             16  akka.util.Reflect$$$Lambda$226/2015301874
2351:             1             16  akka.util.Reflect$$$Lambda$241/1660223291
2352:             1             16  akka.util.SubclassifiedIndex$
2353:             1             16  akka.util.SubclassifiedIndex$$Lambda$148/1361393151
2354:             1             16  akka.util.SubclassifiedIndex$$Lambda$150/1998949977
2355:             1             16  akka.util.Timeout$
2356:             1             16  akka.util.Unsafe$$Lambda$167/473053293
2357:             1             16  akka.util.WildcardIndex$
2358:             1             16  akka.util.WildcardTree$
2359:             1             16  akka.util.WildcardTree$$Lambda$220/2123222442
2360:             1             16  akka.util.ccompat.CompatImpl$
2361:             1             16  akka.util.ccompat.package$
2362:             1             16  akka.util.ccompat.package$JavaConverters$
2363:             1             16  com.github.yck.simpletask.StatelessTask$2
2364:             1             16  com.sun.jmx.interceptor.DefaultMBeanServerInterceptor$ResourceContext$1
2365:             1             16  com.sun.jmx.mbeanserver.DefaultMXBeanMappingFactory
2366:             1             16  com.sun.jmx.mbeanserver.DescriptorCache
2367:             1             16  com.sun.jmx.mbeanserver.MBeanAnalyzer$MethodOrder
2368:             1             16  com.sun.jmx.mbeanserver.MBeanInstantiator
2369:             1             16  com.sun.jmx.mbeanserver.MXBeanIntrospector
2370:             1             16  com.sun.jmx.mbeanserver.SecureClassLoaderRepository
2371:             1             16  com.sun.jmx.mbeanserver.StandardMBeanIntrospector
2372:             1             16  com.sun.proxy.$Proxy14
2373:             1             16  com.sun.proxy.$Proxy20
2374:             1             16  com.sun.proxy.$Proxy23
2375:             1             16  com.sun.proxy.$Proxy25
2376:             1             16  com.sun.proxy.$Proxy4
2377:             1             16  com.typesafe.config.ConfigResolveOptions$1
2378:             1             16  com.typesafe.config.impl.Parseable$1
2379:             1             16  com.typesafe.config.impl.SimpleIncluder
2380:             1             16  java.io.DeleteOnExitHook$1
2381:             1             16  java.io.FileDescriptor$1
2382:             1             16  java.io.ObjectInputStream$$Lambda$560/354494603
2383:             1             16  java.io.ObjectInputStream$1
2384:             1             16  java.lang.ApplicationShutdownHooks$1
2385:             1             16  java.lang.CharacterDataLatin1
2386:             1             16  java.lang.InheritableThreadLocal
2387:             1             16  java.lang.ProcessEnvironment$StringEntrySet
2388:             1             16  java.lang.Runtime
2389:             1             16  java.lang.String$CaseInsensitiveComparator
2390:             1             16  java.lang.System$2
2391:             1             16  java.lang.Terminator$1
2392:             1             16  java.lang.invoke.MemberName$Factory
2393:             1             16  java.lang.invoke.MethodHandleImpl$2
2394:             1             16  java.lang.invoke.MethodHandleImpl$3
2395:             1             16  java.lang.management.PlatformComponent$1
2396:             1             16  java.lang.management.PlatformComponent$10
2397:             1             16  java.lang.management.PlatformComponent$11
2398:             1             16  java.lang.management.PlatformComponent$12
2399:             1             16  java.lang.management.PlatformComponent$13
2400:             1             16  java.lang.management.PlatformComponent$14
2401:             1             16  java.lang.management.PlatformComponent$15
2402:             1             16  java.lang.management.PlatformComponent$2
2403:             1             16  java.lang.management.PlatformComponent$3
2404:             1             16  java.lang.management.PlatformComponent$4
2405:             1             16  java.lang.management.PlatformComponent$5
2406:             1             16  java.lang.management.PlatformComponent$6
2407:             1             16  java.lang.management.PlatformComponent$7
2408:             1             16  java.lang.management.PlatformComponent$8
2409:             1             16  java.lang.management.PlatformComponent$9
2410:             1             16  java.lang.ref.Reference$1
2411:             1             16  java.lang.ref.Reference$Lock
2412:             1             16  java.lang.reflect.Proxy$KeyFactory
2413:             1             16  java.lang.reflect.Proxy$ProxyClassFactory
2414:             1             16  java.lang.reflect.ReflectAccess
2415:             1             16  java.math.BigDecimal$1
2416:             1             16  java.net.InetAddress$2
2417:             1             16  java.net.URLClassLoader$7
2418:             1             16  java.nio.Bits$1
2419:             1             16  java.nio.Bits$1$1
2420:             1             16  java.nio.charset.CoderResult$1
2421:             1             16  java.nio.charset.CoderResult$2
2422:             1             16  java.nio.file.Files$AcceptAllFilter
2423:             1             16  java.security.AllPermission
2424:             1             16  java.security.ProtectionDomain$2
2425:             1             16  java.security.ProtectionDomain$JavaSecurityAccessImpl
2426:             1             16  java.time.chrono.AbstractChronology$$Lambda$22/1264213713
2427:             1             16  java.time.chrono.AbstractChronology$$Lambda$23/1019384604
2428:             1             16  java.time.chrono.AbstractChronology$$Lambda$24/963110412
2429:             1             16  java.time.chrono.IsoChronology
2430:             1             16  java.time.format.DateTimeFormatter$$Lambda$25/2061347276
2431:             1             16  java.time.format.DateTimeFormatter$$Lambda$26/1559122513
2432:             1             16  java.time.format.DateTimeFormatterBuilder$$Lambda$21/158199555
2433:             1             16  java.time.format.DateTimeFormatterBuilder$2
2434:             1             16  java.time.format.DateTimeFormatterBuilder$InstantPrinterParser
2435:             1             16  java.time.format.DateTimeTextProvider$1
2436:             1             16  java.time.temporal.TemporalQueries$$Lambda$28/1541857308
2437:             1             16  java.time.temporal.TemporalQueries$$Lambda$29/1861781750
2438:             1             16  java.time.temporal.TemporalQueries$$Lambda$30/2095303566
2439:             1             16  java.time.temporal.TemporalQueries$$Lambda$31/1378084334
2440:             1             16  java.time.temporal.TemporalQueries$$Lambda$32/200224114
2441:             1             16  java.time.temporal.TemporalQueries$$Lambda$33/581318631
2442:             1             16  java.time.temporal.TemporalQueries$$Lambda$34/487694075
2443:             1             16  java.util.Collections$EmptyEnumeration
2444:             1             16  java.util.Collections$EmptyIterator
2445:             1             16  java.util.Collections$EmptyList
2446:             1             16  java.util.Collections$EmptySet
2447:             1             16  java.util.Collections$UnmodifiableMap$UnmodifiableEntrySet
2448:             1             16  java.util.Currency$CurrencyNameGetter
2449:             1             16  java.util.EnumMap$1
2450:             1             16  java.util.Hashtable$KeySet
2451:             1             16  java.util.ResourceBundle$Control
2452:             1             16  java.util.Spliterators$EmptySpliterator$OfDouble
2453:             1             16  java.util.Spliterators$EmptySpliterator$OfInt
2454:             1             16  java.util.Spliterators$EmptySpliterator$OfLong
2455:             1             16  java.util.Spliterators$EmptySpliterator$OfRef
2456:             1             16  java.util.WeakHashMap$KeySet
2457:             1             16  java.util.concurrent.CompletableFuture$ThreadPerTaskExecutor
2458:             1             16  java.util.concurrent.ForkJoinPool$DefaultForkJoinWorkerThreadFactory
2459:             1             16  java.util.concurrent.Semaphore
2460:             1             16  java.util.concurrent.ThreadPoolExecutor$AbortPolicy
2461:             1             16  java.util.function.Function$$Lambda$447/883678948
2462:             1             16  java.util.jar.JavaUtilJarAccessImpl
2463:             1             16  java.util.logging.LoggingProxyImpl
2464:             1             16  java.util.regex.Pattern$4
2465:             1             16  java.util.regex.Pattern$LastNode
2466:             1             16  java.util.regex.Pattern$Node
2467:             1             16  java.util.stream.Collectors$$Lambda$106/1800976873
2468:             1             16  java.util.stream.Collectors$$Lambda$107/253011924
2469:             1             16  java.util.stream.Collectors$$Lambda$108/1390913202
2470:             1             16  java.util.stream.Collectors$$Lambda$423/1410367298
2471:             1             16  java.util.stream.Collectors$$Lambda$424/454160179
2472:             1             16  java.util.stream.Collectors$$Lambda$425/74885833
2473:             1             16  java.util.stream.Collectors$$Lambda$448/1906947271
2474:             1             16  java.util.stream.Collectors$$Lambda$449/2010070923
2475:             1             16  java.util.stream.Collectors$$Lambda$54/1710989308
2476:             1             16  java.util.stream.Collectors$$Lambda$55/2020152163
2477:             1             16  java.util.stream.Collectors$$Lambda$56/60292059
2478:             1             16  java.util.stream.Collectors$$Lambda$57/869601985
2479:             1             16  java.util.stream.Collectors$$Lambda$658/662900259
2480:             1             16  java.util.stream.FindOps$$Lambda$83/879583678
2481:             1             16  java.util.stream.FindOps$$Lambda$84/1025309396
2482:             1             16  java.util.stream.IntPipeline$$Lambda$168/1344519051
2483:             1             16  java.util.stream.IntPipeline$$Lambda$666/613832121
2484:             1             16  java.util.stream.IntPipeline$$Lambda$82/1504642150
2485:             1             16  java.util.stream.Nodes$EmptyNode$OfDouble
2486:             1             16  java.util.stream.Nodes$EmptyNode$OfInt
2487:             1             16  java.util.stream.Nodes$EmptyNode$OfLong
2488:             1             16  java.util.stream.Nodes$EmptyNode$OfRef
2489:             1             16  java.util.zip.ZipFile$1
2490:             1             16  javax.management.JMX
2491:             1             16  javax.management.MBeanServerBuilder
2492:             1             16  javax.management.NotificationBroadcasterSupport$1
2493:             1             16  org.apache.flink.api.common.eventtime.IndexedCombinedWatermarkStatus$$Lambda$641/2134754678
2494:             1             16  org.apache.flink.api.common.eventtime.IndexedCombinedWatermarkStatus$$Lambda$642/1733051492
2495:             1             16  org.apache.flink.api.common.state.StateTtlConfig$CleanupStrategies$EmptyCleanupStrategy
2496:             1             16  org.apache.flink.api.common.typeutils.base.BigDecSerializer
2497:             1             16  org.apache.flink.api.common.typeutils.base.BigIntSerializer
2498:             1             16  org.apache.flink.api.common.typeutils.base.BooleanSerializer
2499:             1             16  org.apache.flink.api.common.typeutils.base.ByteSerializer
2500:             1             16  org.apache.flink.api.common.typeutils.base.CharSerializer
2501:             1             16  org.apache.flink.api.common.typeutils.base.DateSerializer
2502:             1             16  org.apache.flink.api.common.typeutils.base.DoubleSerializer
2503:             1             16  org.apache.flink.api.common.typeutils.base.FloatSerializer
2504:             1             16  org.apache.flink.api.common.typeutils.base.InstantSerializer
2505:             1             16  org.apache.flink.api.common.typeutils.base.LongSerializer
2506:             1             16  org.apache.flink.api.common.typeutils.base.ShortSerializer
2507:             1             16  org.apache.flink.api.common.typeutils.base.VoidSerializer
2508:             1             16  org.apache.flink.configuration.ConfigOption$$Lambda$42/1390869998
2509:             1             16  org.apache.flink.configuration.ConfigOption$$Lambda$44/1608297024
2510:             1             16  org.apache.flink.configuration.ConfigOption$$Lambda$95/1910438136
2511:             1             16  org.apache.flink.configuration.ConfigOption$$Lambda$96/943454742
2512:             1             16  org.apache.flink.configuration.Configuration$$Lambda$495/703627308
2513:             1             16  org.apache.flink.configuration.Configuration$$Lambda$623/1495617411
2514:             1             16  org.apache.flink.configuration.Configuration$$Lambda$625/839274148
2515:             1             16  org.apache.flink.configuration.Configuration$$Lambda$640/6349014
2516:             1             16  org.apache.flink.configuration.Configuration$$Lambda$91/671046933
2517:             1             16  org.apache.flink.configuration.MemorySize$$Lambda$89/1716093734
2518:             1             16  org.apache.flink.configuration.UnmodifiableConfiguration
2519:             1             16  org.apache.flink.core.classloading.ComponentClassLoader$$Lambda$65/1583159071
2520:             1             16  org.apache.flink.core.classloading.ComponentClassLoader$$Lambda$66/607207372
2521:             1             16  org.apache.flink.core.fs.FileSystem$$Lambda$63/664792509
2522:             1             16  org.apache.flink.core.fs.FileSystem$$Lambda$67/2151717
2523:             1             16  org.apache.flink.core.fs.SafetyNetCloseableRegistry$$Lambda$609/259411774
2524:             1             16  org.apache.flink.core.fs.local.LocalFileSystemFactory
2525:             1             16  org.apache.flink.core.memory.MemorySegmentFactory$$Lambda$471/1957282992
2526:             1             16  org.apache.flink.core.plugin.DirectoryBasedPluginFinder$$Lambda$49/447718425
2527:             1             16  org.apache.flink.core.plugin.DirectoryBasedPluginFinder$$Lambda$59/1609124502
2528:             1             16  org.apache.flink.core.plugin.DirectoryBasedPluginFinder$$Lambda$60/1985836631
2529:             1             16  org.apache.flink.core.plugin.DirectoryBasedPluginFinder$$Lambda$61/1948471365
2530:             1             16  org.apache.flink.core.plugin.PluginConfig$$Lambda$41/496729294
2531:             1             16  org.apache.flink.management.jmx.JMXService$$Lambda$501/618512906
2532:             1             16  org.apache.flink.runtime.broadcast.BroadcastVariableManager
2533:             1             16  org.apache.flink.runtime.checkpoint.InflightDataRescalingDescriptor$NoRescalingDescriptor
2534:             1             16  org.apache.flink.runtime.checkpoint.PrioritizedOperatorSubtaskState$Builder$$Lambda$682/910411351
2535:             1             16  org.apache.flink.runtime.checkpoint.PrioritizedOperatorSubtaskState$Builder$$Lambda$684/1304198903
2536:             1             16  org.apache.flink.runtime.checkpoint.PrioritizedOperatorSubtaskState$Builder$$Lambda$685/1619347127
2537:             1             16  org.apache.flink.runtime.checkpoint.PrioritizedOperatorSubtaskState$Builder$$Lambda$686/1198116048
2538:             1             16  org.apache.flink.runtime.checkpoint.PrioritizedOperatorSubtaskState$Builder$$Lambda$687/1300511695
2539:             1             16  org.apache.flink.runtime.checkpoint.PrioritizedOperatorSubtaskState$Builder$$Lambda$688/897478275
2540:             1             16  org.apache.flink.runtime.checkpoint.StateObjectCollection
2541:             1             16  org.apache.flink.runtime.checkpoint.TaskStateSnapshot$$Lambda$649/769229201
2542:             1             16  org.apache.flink.runtime.checkpoint.TaskStateSnapshot$$Lambda$650/34909730
2543:             1             16  org.apache.flink.runtime.checkpoint.TaskStateSnapshot$$Lambda$695/2107779616
2544:             1             16  org.apache.flink.runtime.checkpoint.channel.ChannelStateWriter$NoOpChannelStateWriter
2545:             1             16  org.apache.flink.runtime.checkpoint.channel.SequentialChannelStateReaderImpl$$Lambda$653/1028561387
2546:             1             16  org.apache.flink.runtime.checkpoint.channel.SequentialChannelStateReaderImpl$$Lambda$654/1974439320
2547:             1             16  org.apache.flink.runtime.checkpoint.channel.SequentialChannelStateReaderImpl$$Lambda$655/576496592
2548:             1             16  org.apache.flink.runtime.checkpoint.channel.SequentialChannelStateReaderImpl$$Lambda$657/430921806
2549:             1             16  org.apache.flink.runtime.checkpoint.channel.SequentialChannelStateReaderImpl$$Lambda$696/950053872
2550:             1             16  org.apache.flink.runtime.clusterframework.types.ResourceProfile$$Lambda$484/351970188
2551:             1             16  org.apache.flink.runtime.clusterframework.types.ResourceProfile$$Lambda$485/2146613458
2552:             1             16  org.apache.flink.runtime.clusterframework.types.ResourceProfile$$Lambda$486/115086468
2553:             1             16  org.apache.flink.runtime.clusterframework.types.ResourceProfile$Builder$$Lambda$487/1855112877
2554:             1             16  org.apache.flink.runtime.concurrent.akka.AkkaFutureUtils$DirectExecutionContext
2555:             1             16  org.apache.flink.runtime.execution.librarycache.BlobLibraryCacheManager$$Lambda$491/222300483
2556:             1             16  org.apache.flink.runtime.execution.librarycache.BlobLibraryCacheManager$ResolvedClassLoader$$Lambda$622/48779684
2557:             1             16  org.apache.flink.runtime.externalresource.ExternalResourceUtils$$Lambda$444/669725336
2558:             1             16  org.apache.flink.runtime.externalresource.StaticExternalResourceInfoProvider
2559:             1             16  org.apache.flink.runtime.filecache.FileCache$$Lambda$499/275211348
2560:             1             16  org.apache.flink.runtime.fs.maprfs.MapRFsFactory
2561:             1             16  org.apache.flink.runtime.heartbeat.HeartbeatManagerImpl$$Lambda$584/1658155028
2562:             1             16  org.apache.flink.runtime.highavailability.nonha.standalone.StandaloneRunningJobsRegistry
2563:             1             16  org.apache.flink.runtime.io.disk.iomanager.IOManager$$Lambda$468/1540832538
2564:             1             16  org.apache.flink.runtime.io.disk.iomanager.IOManagerAsync$$Lambda$469/2081964843
2565:             1             16  org.apache.flink.runtime.io.network.NettyShuffleServiceFactory$$Lambda$470/788048067
2566:             1             16  org.apache.flink.runtime.io.network.TaskEventDispatcher
2567:             1             16  org.apache.flink.runtime.io.network.api.TaskEventHandler
2568:             1             16  org.apache.flink.runtime.io.network.api.writer.NonRecordWriter
2569:             1             16  org.apache.flink.runtime.io.network.api.writer.SingleRecordWriter
2570:             1             16  org.apache.flink.runtime.io.network.buffer.FreeingBufferRecycler
2571:             1             16  org.apache.flink.runtime.io.network.logger.NetworkActionsLogger$$Lambda$711/1831881462
2572:             1             16  org.apache.flink.runtime.io.network.metrics.NettyShuffleMetricFactory$$Lambda$475/2042917213
2573:             1             16  org.apache.flink.runtime.io.network.metrics.NettyShuffleMetricFactory$$Lambda$476/1520656618
2574:             1             16  org.apache.flink.runtime.io.network.metrics.NettyShuffleMetricFactory$$Lambda$477/1699265405
2575:             1             16  org.apache.flink.runtime.io.network.metrics.NettyShuffleMetricFactory$$Lambda$478/1412656257
2576:             1             16  org.apache.flink.runtime.io.network.metrics.NettyShuffleMetricFactory$$Lambda$479/358019805
2577:             1             16  org.apache.flink.runtime.io.network.metrics.NettyShuffleMetricFactory$$Lambda$480/904208473
2578:             1             16  org.apache.flink.runtime.io.network.metrics.NettyShuffleMetricFactory$$Lambda$481/103118806
2579:             1             16  org.apache.flink.runtime.io.network.metrics.NettyShuffleMetricFactory$$Lambda$482/1237144823
2580:             1             16  org.apache.flink.runtime.io.network.netty.NettyMessage$NettyMessageEncoder
2581:             1             16  org.apache.flink.runtime.io.network.partition.TaskExecutorPartitionTrackerImpl$$Lambda$580/780179419
2582:             1             16  org.apache.flink.runtime.io.network.partition.consumer.EndOfChannelStateEvent
2583:             1             16  org.apache.flink.runtime.jobmaster.JMTMRegistrationSuccess
2584:             1             16  org.apache.flink.runtime.messages.Acknowledge
2585:             1             16  org.apache.flink.runtime.metrics.ReporterSetup$$Lambda$422/1997344422
2586:             1             16  org.apache.flink.runtime.metrics.ReporterSetup$$Lambda$426/1827303532
2587:             1             16  org.apache.flink.runtime.metrics.dump.MetricQueryService$1
2588:             1             16  org.apache.flink.runtime.metrics.util.MetricUtils$$Lambda$452/1215029765
2589:             1             16  org.apache.flink.runtime.metrics.util.MetricUtils$$Lambda$454/766696861
2590:             1             16  org.apache.flink.runtime.metrics.util.MetricUtils$$Lambda$457/1103017075
2591:             1             16  org.apache.flink.runtime.metrics.util.MetricUtils$$Lambda$461/55755528
2592:             1             16  org.apache.flink.runtime.metrics.util.MetricUtils$$Lambda$463/2100771791
2593:             1             16  org.apache.flink.runtime.metrics.util.MetricUtils$$Lambda$464/98412281
2594:             1             16  org.apache.flink.runtime.metrics.util.MetricUtils$$Lambda$465/201392112
2595:             1             16  org.apache.flink.runtime.metrics.util.MetricUtils$$Lambda$466/748975217
2596:             1             16  org.apache.flink.runtime.metrics.util.MetricUtils$$Lambda$467/1510087865
2597:             1             16  org.apache.flink.runtime.metrics.util.MetricUtils$$Lambda$493/2015007762
2598:             1             16  org.apache.flink.runtime.metrics.util.MetricUtils$$Lambda$494/1514955661
2599:             1             16  org.apache.flink.runtime.rpc.akka.$Proxy18
2600:             1             16  org.apache.flink.runtime.rpc.akka.$Proxy22
2601:             1             16  org.apache.flink.runtime.rpc.akka.AkkaRpcServiceUtils$$Lambda$92/1606286799
2602:             1             16  org.apache.flink.runtime.rpc.akka.AkkaRpcServiceUtils$$Lambda$93/1325144078
2603:             1             16  org.apache.flink.runtime.rpc.akka.AkkaRpcServiceUtils$AkkaRpcServiceBuilder$$Lambda$102/605052357
2604:             1             16  org.apache.flink.runtime.rpc.akka.AkkaRpcSystem
2605:             1             16  org.apache.flink.runtime.rpc.akka.EscalatingSupervisorStrategy$$Lambda$244/1129869771
2606:             1             16  org.apache.flink.runtime.rpc.akka.RobustActorSystem$$Lambda$113/220695851
2607:             1             16  org.apache.flink.runtime.rpc.akka.RobustActorSystem$$Lambda$114/636782475
2608:             1             16  org.apache.flink.runtime.rpc.akka.RobustActorSystem$$Lambda$115/1312963234
2609:             1             16  org.apache.flink.runtime.rpc.akka.RobustActorSystem$$Lambda$117/826865256
2610:             1             16  org.apache.flink.runtime.rpc.akka.RobustActorSystem$$Lambda$118/1845517769
2611:             1             16  org.apache.flink.runtime.rpc.akka.RobustActorSystem$$Lambda$119/2095788421
2612:             1             16  org.apache.flink.runtime.security.contexts.NoOpSecurityContext
2613:             1             16  org.apache.flink.runtime.state.CheckpointStorageLocationReference
2614:             1             16  org.apache.flink.runtime.state.KeyExtractorFunction$1
2615:             1             16  org.apache.flink.runtime.state.PriorityComparator$$Lambda$708/1152252614
2616:             1             16  org.apache.flink.runtime.state.StateSnapshotTransformer$StateSnapshotTransformFactory$1
2617:             1             16  org.apache.flink.runtime.state.TaskExecutorLocalStateStoresManager$$Lambda$489/1519911160
2618:             1             16  org.apache.flink.runtime.state.TaskExecutorStateChangelogStoragesManager$$Lambda$490/600657906
2619:             1             16  org.apache.flink.runtime.state.UncompressedStreamCompressionDecorator
2620:             1             16  org.apache.flink.runtime.state.changelog.StateChangelogStorageLoader$$Lambda$72/2129144075
2621:             1             16  org.apache.flink.runtime.state.changelog.inmemory.InMemoryStateChangelogStorage
2622:             1             16  org.apache.flink.runtime.state.changelog.inmemory.InMemoryStateChangelogStorageFactory
2623:             1             16  org.apache.flink.runtime.state.heap.AbstractHeapMergingState$MergeTransformation
2624:             1             16  org.apache.flink.runtime.state.heap.HeapKeyedStateBackend$$Lambda$700/309834216
2625:             1             16  org.apache.flink.runtime.state.heap.HeapKeyedStateBackend$$Lambda$701/611168827
2626:             1             16  org.apache.flink.runtime.state.heap.HeapKeyedStateBackend$$Lambda$702/1722100683
2627:             1             16  org.apache.flink.runtime.state.heap.HeapKeyedStateBackend$$Lambda$703/1487663833
2628:             1             16  org.apache.flink.runtime.state.heap.HeapKeyedStateBackend$$Lambda$704/2107921113
2629:             1             16  org.apache.flink.runtime.state.heap.HeapKeyedStateBackend$$Lambda$705/605524712
2630:             1             16  org.apache.flink.runtime.state.heap.HeapKeyedStateBackend$$Lambda$706/2079993385
2631:             1             16  org.apache.flink.runtime.state.heap.HeapKeyedStateBackendBuilder$$Lambda$699/1248505834
2632:             1             16  org.apache.flink.runtime.state.heap.HeapReducingState$ReduceTransformation
2633:             1             16  org.apache.flink.runtime.state.storage.ExternalizedSnapshotLocation$$Lambda$629/240213776
2634:             1             16  org.apache.flink.runtime.state.ttl.TtlTimeProvider$$Lambda$674/706971861
2635:             1             16  org.apache.flink.runtime.taskexecutor.DefaultJobTable$$Lambda$595/1196559102
2636:             1             16  org.apache.flink.runtime.taskexecutor.TaskExecutor$$Lambda$601/322248380
2637:             1             16  org.apache.flink.runtime.taskexecutor.TaskExecutor$$Lambda$602/867186802
2638:             1             16  org.apache.flink.runtime.taskexecutor.TaskExecutor$$Lambda$604/1998289746
2639:             1             16  org.apache.flink.runtime.taskexecutor.TaskExecutor$$Lambda$605/1163570795
2640:             1             16  org.apache.flink.runtime.taskexecutor.TaskExecutor$$Lambda$721/996569339
2641:             1             16  org.apache.flink.runtime.taskexecutor.TaskExecutor$JobLeaderListenerImpl
2642:             1             16  org.apache.flink.runtime.taskexecutor.TaskExecutor$JobManagerHeartbeatListener
2643:             1             16  org.apache.flink.runtime.taskexecutor.TaskExecutor$JobManagerHeartbeatListener$$Lambda$724/1565846985
2644:             1             16  org.apache.flink.runtime.taskexecutor.TaskExecutor$JobManagerHeartbeatTarget
2645:             1             16  org.apache.flink.runtime.taskexecutor.TaskExecutor$ResourceManagerHeartbeatListener
2646:             1             16  org.apache.flink.runtime.taskexecutor.TaskExecutor$ResourceManagerHeartbeatTarget
2647:             1             16  org.apache.flink.runtime.taskexecutor.TaskExecutor$ResourceManagerRegistrationListener
2648:             1             16  org.apache.flink.runtime.taskexecutor.TaskExecutor$SlotActionsImpl
2649:             1             16  org.apache.flink.runtime.taskexecutor.TaskExecutorResourceSpec$$Lambda$445/458998685
2650:             1             16  org.apache.flink.runtime.taskexecutor.TaskExecutorResourceSpec$$Lambda$446/345290829
2651:             1             16  org.apache.flink.runtime.taskexecutor.TaskExecutorToServiceAdapter
2652:             1             16  org.apache.flink.runtime.taskexecutor.TaskManagerRunner$$Lambda$492/838800272
2653:             1             16  org.apache.flink.runtime.taskexecutor.TaskManagerRunner$$Lambda$496/1869177530
2654:             1             16  org.apache.flink.runtime.taskexecutor.TaskManagerRunner$$Lambda$497/824900551
2655:             1             16  org.apache.flink.runtime.taskexecutor.TaskManagerRunner$$Lambda$77/931496835
2656:             1             16  org.apache.flink.runtime.taskexecutor.ThreadInfoSampleService
2657:             1             16  org.apache.flink.runtime.taskexecutor.partition.PartitionTable
2658:             1             16  org.apache.flink.runtime.taskexecutor.rpc.RpcCheckpointResponder
2659:             1             16  org.apache.flink.runtime.taskexecutor.rpc.RpcGlobalAggregateManager
2660:             1             16  org.apache.flink.runtime.taskexecutor.rpc.RpcPartitionStateChecker
2661:             1             16  org.apache.flink.runtime.taskexecutor.slot.TaskSlotTableImpl$TaskSlotIterator$$Lambda$620/1363234535
2662:             1             16  org.apache.flink.runtime.util.ClusterUncaughtExceptionHandler
2663:             1             16  org.apache.flink.runtime.util.EnvironmentInformation$Versions$$Lambda$27/1552978964
2664:             1             16  org.apache.flink.runtime.util.EnvironmentInformation$Versions$$Lambda$36/117009527
2665:             1             16  org.apache.flink.shaded.guava30.com.google.common.base.Absent
2666:             1             16  org.apache.flink.shaded.guava30.com.google.common.base.CharMatcher$None
2667:             1             16  org.apache.flink.shaded.guava30.com.google.common.base.CharMatcher$Whitespace
2668:             1             16  org.apache.flink.shaded.guava30.com.google.common.base.Java8Usage$$Lambda$47/1130894323
2669:             1             16  org.apache.flink.shaded.guava30.com.google.common.io.Closer$SuppressingSuppressor
2670:             1             16  org.apache.flink.shaded.netty4.io.netty.bootstrap.BootstrapConfig
2671:             1             16  org.apache.flink.shaded.netty4.io.netty.bootstrap.ServerBootstrapConfig
2672:             1             16  org.apache.flink.shaded.netty4.io.netty.buffer.AbstractReferenceCountedByteBuf$1
2673:             1             16  org.apache.flink.shaded.netty4.io.netty.buffer.ByteBufUtil$1
2674:             1             16  org.apache.flink.shaded.netty4.io.netty.buffer.ByteBufUtil$2
2675:             1             16  org.apache.flink.shaded.netty4.io.netty.channel.ChannelFutureListener$1
2676:             1             16  org.apache.flink.shaded.netty4.io.netty.channel.ChannelFutureListener$2
2677:             1             16  org.apache.flink.shaded.netty4.io.netty.channel.ChannelFutureListener$3
2678:             1             16  org.apache.flink.shaded.netty4.io.netty.channel.ChannelHandlerMask$1
2679:             1             16  org.apache.flink.shaded.netty4.io.netty.channel.ChannelOutboundBuffer$1
2680:             1             16  org.apache.flink.shaded.netty4.io.netty.channel.DefaultChannelPipeline$1
2681:             1             16  org.apache.flink.shaded.netty4.io.netty.channel.DefaultMessageSizeEstimator
2682:             1             16  org.apache.flink.shaded.netty4.io.netty.channel.DefaultMessageSizeEstimator$HandleImpl
2683:             1             16  org.apache.flink.shaded.netty4.io.netty.channel.DefaultSelectStrategy
2684:             1             16  org.apache.flink.shaded.netty4.io.netty.channel.DefaultSelectStrategyFactory
2685:             1             16  org.apache.flink.shaded.netty4.io.netty.channel.VoidChannelPromise$1
2686:             1             16  org.apache.flink.shaded.netty4.io.netty.channel.epoll.AbstractEpollChannel$AbstractEpollUnsafe$1
2687:             1             16  org.apache.flink.shaded.netty4.io.netty.util.AbstractReferenceCounted$1
2688:             1             16  org.apache.flink.shaded.netty4.io.netty.util.NettyRuntime$AvailableProcessorsHolder
2689:             1             16  org.apache.flink.shaded.netty4.io.netty.util.concurrent.AbstractScheduledEventExecutor$1
2690:             1             16  org.apache.flink.shaded.netty4.io.netty.util.concurrent.AbstractScheduledEventExecutor$2
2691:             1             16  org.apache.flink.shaded.netty4.io.netty.util.concurrent.DefaultEventExecutorChooserFactory
2692:             1             16  org.apache.flink.shaded.netty4.io.netty.util.concurrent.DefaultPromise$CauseHolder
2693:             1             16  org.apache.flink.shaded.netty4.io.netty.util.concurrent.FastThreadLocal
2694:             1             16  org.apache.flink.shaded.netty4.io.netty.util.concurrent.GlobalEventExecutor$1
2695:             1             16  org.apache.flink.shaded.netty4.io.netty.util.concurrent.GlobalEventExecutor$TaskRunner
2696:             1             16  org.apache.flink.shaded.netty4.io.netty.util.concurrent.RejectedExecutionHandlers$1
2697:             1             16  org.apache.flink.shaded.netty4.io.netty.util.concurrent.SingleThreadEventExecutor$1
2698:             1             16  org.apache.flink.shaded.netty4.io.netty.util.concurrent.SingleThreadEventExecutor$4
2699:             1             16  org.apache.flink.shaded.netty4.io.netty.util.internal.CleanerJava6
2700:             1             16  org.apache.flink.shaded.netty4.io.netty.util.internal.PlatformDependent$1
2701:             1             16  org.apache.flink.shaded.netty4.io.netty.util.internal.PlatformDependent$2
2702:             1             16  org.apache.flink.streaming.api.functions.aggregation.SumFunction$IntSum
2703:             1             16  org.apache.flink.streaming.api.functions.windowing.PassThroughWindowFunction
2704:             1             16  org.apache.flink.streaming.api.graph.StreamConfig$$Lambda$680/1985673912
2705:             1             16  org.apache.flink.streaming.api.graph.StreamConfig$$Lambda$681/614779486
2706:             1             16  org.apache.flink.streaming.api.operators.InternalTimerServiceImpl$$Lambda$715/1931790851
2707:             1             16  org.apache.flink.streaming.api.operators.StreamSourceContexts$SwitchingOnClose
2708:             1             16  org.apache.flink.streaming.api.windowing.triggers.ProcessingTimeTrigger
2709:             1             16  org.apache.flink.streaming.api.windowing.windows.TimeWindow$Serializer
2710:             1             16  org.apache.flink.streaming.runtime.io.checkpointing.InputProcessorUtil$$Lambda$661/781009128
2711:             1             16  org.apache.flink.streaming.runtime.io.checkpointing.InputProcessorUtil$$Lambda$662/1888120657
2712:             1             16  org.apache.flink.streaming.runtime.io.checkpointing.InputProcessorUtil$$Lambda$663/1487358261
2713:             1             16  org.apache.flink.streaming.runtime.io.checkpointing.InputProcessorUtil$$Lambda$665/702224894
2714:             1             16  org.apache.flink.streaming.runtime.io.checkpointing.InputProcessorUtil$$Lambda$667/648905866
2715:             1             16  org.apache.flink.streaming.runtime.io.checkpointing.InputProcessorUtil$$Lambda$668/60802721
2716:             1             16  org.apache.flink.streaming.runtime.io.checkpointing.InputProcessorUtil$$Lambda$669/1613418752
2717:             1             16  org.apache.flink.streaming.runtime.io.checkpointing.InputProcessorUtil$$Lambda$670/2040519104
2718:             1             16  org.apache.flink.streaming.runtime.io.checkpointing.InputProcessorUtil$$Lambda$672/1462362950
2719:             1             16  org.apache.flink.streaming.runtime.io.checkpointing.UpstreamRecoveryTracker$1
2720:             1             16  org.apache.flink.streaming.runtime.operators.windowing.WindowOperator$1
2721:             1             16  org.apache.flink.streaming.runtime.tasks.OneInputStreamTask$$Lambda$678/1618796835
2722:             1             16  org.apache.flink.streaming.runtime.tasks.OperatorChain$$Lambda$645/405965720
2723:             1             16  org.apache.flink.streaming.runtime.tasks.SourceStreamTask$$Lambda$647/13433292
2724:             1             16  org.apache.flink.streaming.runtime.tasks.SourceStreamTask$$Lambda$698/402556608
2725:             1             16  org.apache.flink.streaming.runtime.tasks.StreamTask$$Lambda$679/1581129876
2726:             1             16  org.apache.flink.streaming.runtime.tasks.StreamTask$$Lambda$714/2112994563
2727:             1             16  org.apache.flink.streaming.runtime.tasks.StreamTaskActionExecutor$1
2728:             1             16  org.apache.flink.streaming.runtime.tasks.StreamTaskActionExecutor$SynchronizedStreamTaskActionExecutor
2729:             1             16  org.apache.flink.types.SerializableOptional
2730:             1             16  org.apache.flink.types.StringValue$$Lambda$707/502508970
2731:             1             16  org.apache.flink.util.FatalExitExceptionHandler
2732:             1             16  org.apache.flink.util.FlinkUserCodeClassLoader$$Lambda$621/1215493513
2733:             1             16  org.apache.flink.util.TimeUtils$TimeUnit$$Lambda$80/1987169128
2734:             1             16  org.apache.flink.util.clock.SystemClock
2735:             1             16  org.apache.flink.util.function.FunctionUtils$$Lambda$51/1939990953
2736:             1             16  org.apache.flink.util.function.FunctionUtils$$Lambda$52/2073621255
2737:             1             16  org.apache.log4j.config.PropertiesConfigurationFactory
2738:             1             16  org.apache.log4j.xml.XmlConfigurationFactory
2739:             1             16  org.apache.logging.log4j.ThreadContext$EmptyIterator
2740:             1             16  org.apache.logging.log4j.ThreadContext$EmptyThreadContextStack
2741:             1             16  org.apache.logging.log4j.core.LoggerContext$$Lambda$15/633075331
2742:             1             16  org.apache.logging.log4j.core.appender.ConsoleAppender$ConsoleManagerFactory
2743:             1             16  org.apache.logging.log4j.core.appender.FileManager$FileManagerFactory
2744:             1             16  org.apache.logging.log4j.core.appender.rolling.RollingFileManager$RollingFileManagerFactory
2745:             1             16  org.apache.logging.log4j.core.config.ConfigurationFactory$Factory
2746:             1             16  org.apache.logging.log4j.core.config.DefaultReliabilityStrategy
2747:             1             16  org.apache.logging.log4j.core.config.OrderComparator
2748:             1             16  org.apache.logging.log4j.core.config.plugins.convert.TypeConverterRegistry
2749:             1             16  org.apache.logging.log4j.core.config.plugins.convert.TypeConverters$BigDecimalConverter
2750:             1             16  org.apache.logging.log4j.core.config.plugins.convert.TypeConverters$BigIntegerConverter
2751:             1             16  org.apache.logging.log4j.core.config.plugins.convert.TypeConverters$BooleanConverter
2752:             1             16  org.apache.logging.log4j.core.config.plugins.convert.TypeConverters$ByteArrayConverter
2753:             1             16  org.apache.logging.log4j.core.config.plugins.convert.TypeConverters$ByteConverter
2754:             1             16  org.apache.logging.log4j.core.config.plugins.convert.TypeConverters$CharArrayConverter
2755:             1             16  org.apache.logging.log4j.core.config.plugins.convert.TypeConverters$CharacterConverter
2756:             1             16  org.apache.logging.log4j.core.config.plugins.convert.TypeConverters$CharsetConverter
2757:             1             16  org.apache.logging.log4j.core.config.plugins.convert.TypeConverters$ClassConverter
2758:             1             16  org.apache.logging.log4j.core.config.plugins.convert.TypeConverters$CronExpressionConverter
2759:             1             16  org.apache.logging.log4j.core.config.plugins.convert.TypeConverters$DoubleConverter
2760:             1             16  org.apache.logging.log4j.core.config.plugins.convert.TypeConverters$DurationConverter
2761:             1             16  org.apache.logging.log4j.core.config.plugins.convert.TypeConverters$FileConverter
2762:             1             16  org.apache.logging.log4j.core.config.plugins.convert.TypeConverters$FloatConverter
2763:             1             16  org.apache.logging.log4j.core.config.plugins.convert.TypeConverters$InetAddressConverter
2764:             1             16  org.apache.logging.log4j.core.config.plugins.convert.TypeConverters$IntegerConverter
2765:             1             16  org.apache.logging.log4j.core.config.plugins.convert.TypeConverters$LevelConverter
2766:             1             16  org.apache.logging.log4j.core.config.plugins.convert.TypeConverters$LongConverter
2767:             1             16  org.apache.logging.log4j.core.config.plugins.convert.TypeConverters$PathConverter
2768:             1             16  org.apache.logging.log4j.core.config.plugins.convert.TypeConverters$PatternConverter
2769:             1             16  org.apache.logging.log4j.core.config.plugins.convert.TypeConverters$SecurityProviderConverter
2770:             1             16  org.apache.logging.log4j.core.config.plugins.convert.TypeConverters$ShortConverter
2771:             1             16  org.apache.logging.log4j.core.config.plugins.convert.TypeConverters$StringConverter
2772:             1             16  org.apache.logging.log4j.core.config.plugins.convert.TypeConverters$UriConverter
2773:             1             16  org.apache.logging.log4j.core.config.plugins.convert.TypeConverters$UrlConverter
2774:             1             16  org.apache.logging.log4j.core.config.plugins.convert.TypeConverters$UuidConverter
2775:             1             16  org.apache.logging.log4j.core.config.plugins.processor.PluginCache$$Lambda$8/706277948
2776:             1             16  org.apache.logging.log4j.core.config.properties.PropertiesConfigurationFactory
2777:             1             16  org.apache.logging.log4j.core.config.xml.XmlConfigurationFactory
2778:             1             16  org.apache.logging.log4j.core.impl.ReusableLogEventFactory
2779:             1             16  org.apache.logging.log4j.core.impl.ThreadContextDataProvider
2780:             1             16  org.apache.logging.log4j.core.lookup.StrMatcher$NoMatcher
2781:             1             16  org.apache.logging.log4j.core.lookup.StrMatcher$TrimMatcher
2782:             1             16  org.apache.logging.log4j.core.net.JndiManager$JndiManagerFactory
2783:             1             16  org.apache.logging.log4j.core.pattern.NameAbbreviator$NOPAbbreviator
2784:             1             16  org.apache.logging.log4j.core.pattern.NotANumber
2785:             1             16  org.apache.logging.log4j.core.pattern.PlainTextRenderer
2786:             1             16  org.apache.logging.log4j.core.selector.ClassLoaderContextSelector
2787:             1             16  org.apache.logging.log4j.core.util.BasicAuthorizationProvider
2788:             1             16  org.apache.logging.log4j.core.util.datetime.FastDateFormat$1
2789:             1             16  org.apache.logging.log4j.core.util.datetime.FastDateParser$$Lambda$20/1742920067
2790:             1             16  org.apache.logging.log4j.core.util.datetime.FastDateParser$1
2791:             1             16  org.apache.logging.log4j.core.util.datetime.FastDateParser$2
2792:             1             16  org.apache.logging.log4j.core.util.datetime.FastDateParser$3
2793:             1             16  org.apache.logging.log4j.core.util.datetime.FastDateParser$4
2794:             1             16  org.apache.logging.log4j.core.util.datetime.FastDateParser$5
2795:             1             16  org.apache.logging.log4j.core.util.datetime.FastDatePrinter$TwoDigitMonthField
2796:             1             16  org.apache.logging.log4j.core.util.datetime.FastDatePrinter$TwoDigitNumberField
2797:             1             16  org.apache.logging.log4j.message.ParameterFormatter$$Lambda$37/568221876
2798:             1             16  org.apache.logging.log4j.message.ParameterizedNoReferenceMessageFactory
2799:             1             16  org.apache.logging.log4j.spi.CopyOnWriteSortedArrayThreadContextMap
2800:             1             16  org.apache.logging.log4j.spi.DefaultThreadContextStack
2801:             1             16  org.apache.logging.log4j.util.LoaderUtil$ThreadContextClassLoaderGetter
2802:             1             16  org.apache.logging.log4j.util.PropertiesUtil$Environment$$Lambda$1/1144748369
2803:             1             16  org.apache.logging.log4j.util.ProviderUtil
2804:             1             16  org.apache.logging.log4j.util.SortedArrayStringMap$$Lambda$5/353842779
2805:             1             16  org.apache.logging.log4j.util.StackLocator
2806:             1             16  org.apache.logging.log4j.util.Strings$$Lambda$3/1190035432
2807:             1             16  org.apache.logging.slf4j.Log4jLoggerFactory$$Lambda$4/2027961269
2808:             1             16  org.apache.logging.slf4j.Log4jMDCAdapter
2809:             1             16  org.apache.logging.slf4j.Log4jMarkerFactory
2810:             1             16  org.jboss.netty.channel.ChannelFutureListener$1
2811:             1             16  org.jboss.netty.channel.ChannelFutureListener$2
2812:             1             16  org.jboss.netty.channel.ChannelLocal$1
2813:             1             16  org.jboss.netty.channel.DefaultChannelPipeline$DiscardingChannelSink
2814:             1             16  org.jboss.netty.channel.socket.nio.SocketSendBufferPool$EmptySendBuffer
2815:             1             16  org.jboss.netty.logging.Slf4JLoggerFactory
2816:             1             16  org.jboss.netty.util.ThreadNameDeterminer$1
2817:             1             16  org.jboss.netty.util.ThreadNameDeterminer$2
2818:             1             16  org.slf4j.helpers.NOPLoggerFactory
2819:             1             16  org.slf4j.impl.StaticLoggerBinder
2820:             1             16  org.slf4j.impl.StaticMDCBinder
2821:             1             16  org.slf4j.impl.StaticMarkerBinder
2822:             1             16  scala.None$
2823:             1             16  scala.None$
2824:             1             16  scala.Option$
2825:             1             16  scala.Option$
2826:             1             16  scala.PartialFunction$$$Lambda$210/692998280
2827:             1             16  scala.PartialFunction$$anon$1
2828:             1             16  scala.PartialFunction$$anon$1$$Lambda$211/822087264
2829:             1             16  scala.PartialFunction$$anonfun$1
2830:             1             16  scala.Predef$$anon$1
2831:             1             16  scala.Predef$$anon$2
2832:             1             16  scala.Predef$$anon$3
2833:             1             16  scala.Predef$ArrowAssoc$
2834:             1             16  scala.Some
2835:             1             16  scala.collection.$colon$plus$
2836:             1             16  scala.collection.$plus$colon$
2837:             1             16  scala.collection.IndexedSeq$$anon$1
2838:             1             16  scala.collection.Iterable$
2839:             1             16  scala.collection.Iterator$
2840:             1             16  scala.collection.Iterator$$anon$2
2841:             1             16  scala.collection.Seq$
2842:             1             16  scala.collection.SetLike$$Lambda$151/2117173674
2843:             1             16  scala.collection.TraversableLike$$Lambda$333/858447901
2844:             1             16  scala.collection.TraversableOnce$
2845:             1             16  scala.collection.convert.WrapAsScala$
2846:             1             16  scala.collection.immutable.$colon$colon$
2847:             1             16  scala.collection.immutable.HashMap$
2848:             1             16  scala.collection.immutable.HashMap$$$Lambda$125/735085430
2849:             1             16  scala.collection.immutable.HashMap$$anon$2$$anon$3
2850:             1             16  scala.collection.immutable.HashMap$EmptyHashMap$
2851:             1             16  scala.collection.immutable.HashSet$
2852:             1             16  scala.collection.immutable.HashSet$EmptyHashSet$
2853:             1             16  scala.collection.immutable.IndexedSeq$
2854:             1             16  scala.collection.immutable.Iterable$
2855:             1             16  scala.collection.immutable.List$$anon$1
2856:             1             16  scala.collection.immutable.Map$
2857:             1             16  scala.collection.immutable.Map$$Lambda$149/1895143699
2858:             1             16  scala.collection.immutable.Map$EmptyMap$
2859:             1             16  scala.collection.immutable.MapLike$$Lambda$272/1205580258
2860:             1             16  scala.collection.immutable.Nil$
2861:             1             16  scala.collection.immutable.Queue$
2862:             1             16  scala.collection.immutable.Range$
2863:             1             16  scala.collection.immutable.RedBlackTree$
2864:             1             16  scala.collection.immutable.RedBlackTree$BlackTree$
2865:             1             16  scala.collection.immutable.RedBlackTree$RedTree$
2866:             1             16  scala.collection.immutable.Seq$
2867:             1             16  scala.collection.immutable.Set$
2868:             1             16  scala.collection.immutable.Set$EmptySet$
2869:             1             16  scala.collection.immutable.Stream$
2870:             1             16  scala.collection.immutable.Stream$$hash$colon$colon$
2871:             1             16  scala.collection.immutable.StringOps$
2872:             1             16  scala.collection.immutable.TreeMap$
2873:             1             16  scala.collection.immutable.TreeSet$
2874:             1             16  scala.collection.mutable.ArrayBuffer$
2875:             1             16  scala.collection.mutable.ArrayBuilder$
2876:             1             16  scala.collection.mutable.ArrayOps$ofByte$
2877:             1             16  scala.collection.mutable.ArrayOps$ofRef$
2878:             1             16  scala.collection.mutable.HashTable$
2879:             1             16  scala.collection.mutable.IndexedSeq$
2880:             1             16  scala.collection.mutable.Iterable$
2881:             1             16  scala.collection.mutable.Map$
2882:             1             16  scala.collection.mutable.StringBuilder$
2883:             1             16  scala.collection.mutable.WrappedArray$
2884:             1             16  scala.compat.Platform$
2885:             1             16  scala.compat.java8.FutureConverters$
2886:             1             16  scala.compat.java8.FutureConverters$FutureOps$
2887:             1             16  scala.compat.java8.OptionConverters$$anon$1
2888:             1             16  scala.compat.java8.OptionConverters$$anon$2
2889:             1             16  scala.compat.java8.OptionConverters$$anon$3
2890:             1             16  scala.compat.java8.OptionConverters$RichOptionForJava8$
2891:             1             16  scala.compat.java8.OptionConverters$RichOptionalGeneric$
2892:             1             16  scala.concurrent.Await$
2893:             1             16  scala.concurrent.AwaitPermission$
2894:             1             16  scala.concurrent.BlockContext$
2895:             1             16  scala.concurrent.BlockContext$DefaultBlockContext$
2896:             1             16  scala.concurrent.Future$$$Lambda$309/2077297548
2897:             1             16  scala.concurrent.Future$$$Lambda$312/1384911519
2898:             1             16  scala.concurrent.Future$$Lambda$329/155435018
2899:             1             16  scala.concurrent.Future$InternalCallbackExecutor$
2900:             1             16  scala.concurrent.Promise$
2901:             1             16  scala.concurrent.duration.Deadline$
2902:             1             16  scala.concurrent.duration.Duration$$$Lambda$126/835146383
2903:             1             16  scala.concurrent.duration.Duration$$$Lambda$127/322112198
2904:             1             16  scala.concurrent.duration.Duration$$$Lambda$128/187457031
2905:             1             16  scala.concurrent.duration.Duration$$anon$1
2906:             1             16  scala.concurrent.duration.Duration$$anon$2
2907:             1             16  scala.concurrent.duration.Duration$$anon$3
2908:             1             16  scala.concurrent.duration.package$
2909:             1             16  scala.concurrent.duration.package$DurationInt$
2910:             1             16  scala.concurrent.duration.package$DurationLong$
2911:             1             16  scala.concurrent.impl.Promise$
2912:             1             16  scala.concurrent.impl.Promise$KeptPromise$
2913:             1             16  scala.concurrent.impl.Promise$KeptPromise$Successful
2914:             1             16  scala.concurrent.java8.FuturesConvertersImpl$
2915:             1             16  scala.concurrent.package$
2916:             1             16  scala.math.Equiv$
2917:             1             16  scala.math.Fractional$
2918:             1             16  scala.math.Integral$
2919:             1             16  scala.math.Numeric$
2920:             1             16  scala.math.Ordered$
2921:             1             16  scala.math.Ordering$
2922:             1             16  scala.math.Ordering$$anon$9
2923:             1             16  scala.math.Ordering$Long$
2924:             1             16  scala.math.Ordering$String$
2925:             1             16  scala.math.package$
2926:             1             16  scala.package$$anon$1
2927:             1             16  scala.reflect.NoManifest$
2928:             1             16  scala.runtime.BoxedUnit
2929:             1             16  scala.runtime.RichDouble$
2930:             1             16  scala.runtime.RichInt$
2931:             1             16  scala.runtime.RichLong$
2932:             1             16  scala.runtime.ScalaRunTime$
2933:             1             16  scala.sys.BooleanProp$
2934:             1             16  scala.sys.BooleanProp$$$Lambda$97/1855610584
2935:             1             16  scala.sys.SystemProperties$$Lambda$100/897848096
2936:             1             16  scala.sys.package$
2937:             1             16  scala.util.Either$
2938:             1             16  scala.util.Failure
2939:             1             16  scala.util.Left$
2940:             1             16  scala.util.PropertiesTrait$$Lambda$16/793315160
2941:             1             16  scala.util.PropertiesTrait$$Lambda$17/1089504328
2942:             1             16  scala.util.PropertiesTrait$$Lambda$18/867398280
2943:             1             16  scala.util.PropertiesTrait$$Lambda$399/1870723838
2944:             1             16  scala.util.PropertiesTrait$$Lambda$400/938613108
2945:             1             16  scala.util.PropertiesTrait$$Lambda$401/1598898814
2946:             1             16  scala.util.Right$
2947:             1             16  scala.util.Try$
2948:             1             16  scala.util.control.Breaks
2949:             1             16  scala.util.control.NoStackTrace$
2950:             1             16  scala.util.control.NonFatal$
2951:             1             16  scala.util.hashing.package$
2952:             1             16  sun.management.ClassLoadingImpl
2953:             1             16  sun.management.HotSpotDiagnostic
2954:             1             16  sun.management.ManagementFactoryHelper$PlatformLoggingImpl
2955:             1             16  sun.misc.ASCIICaseInsensitiveComparator
2956:             1             16  sun.misc.FloatingDecimal$1
2957:             1             16  sun.misc.FormattedFloatingDecimal$1
2958:             1             16  sun.misc.Launcher
2959:             1             16  sun.misc.Launcher$Factory
2960:             1             16  sun.misc.ObjectInputFilter$Config$$Lambda$561/1959468822
2961:             1             16  sun.misc.Perf
2962:             1             16  sun.misc.Unsafe
2963:             1             16  sun.net.DefaultProgressMeteringPolicy
2964:             1             16  sun.net.ExtendedOptionsImpl$$Lambda$525/1532424027
2965:             1             16  sun.net.spi.DefaultProxySelector
2966:             1             16  sun.net.www.protocol.file.Handler
2967:             1             16  sun.net.www.protocol.jar.JarFileFactory
2968:             1             16  sun.nio.ch.EPollSelectorProvider
2969:             1             16  sun.nio.ch.ExtendedSocketOption$1
2970:             1             16  sun.nio.ch.FileChannelImpl$1
2971:             1             16  sun.nio.ch.FileDispatcherImpl
2972:             1             16  sun.nio.ch.Net$1
2973:             1             16  sun.nio.ch.Util$1
2974:             1             16  sun.nio.fs.LinuxFileSystemProvider
2975:             1             16  sun.reflect.GeneratedConstructorAccessor10
2976:             1             16  sun.reflect.GeneratedConstructorAccessor11
2977:             1             16  sun.reflect.GeneratedConstructorAccessor13
2978:             1             16  sun.reflect.GeneratedConstructorAccessor15
2979:             1             16  sun.reflect.GeneratedConstructorAccessor5
2980:             1             16  sun.reflect.GeneratedConstructorAccessor7
2981:             1             16  sun.reflect.GeneratedConstructorAccessor9
2982:             1             16  sun.reflect.GeneratedMethodAccessor1
2983:             1             16  sun.reflect.GeneratedMethodAccessor10
2984:             1             16  sun.reflect.GeneratedMethodAccessor11
2985:             1             16  sun.reflect.GeneratedMethodAccessor12
2986:             1             16  sun.reflect.GeneratedMethodAccessor13
2987:             1             16  sun.reflect.GeneratedMethodAccessor14
2988:             1             16  sun.reflect.GeneratedMethodAccessor15
2989:             1             16  sun.reflect.GeneratedMethodAccessor16
2990:             1             16  sun.reflect.GeneratedMethodAccessor17
2991:             1             16  sun.reflect.GeneratedMethodAccessor18
2992:             1             16  sun.reflect.GeneratedMethodAccessor19
2993:             1             16  sun.reflect.GeneratedMethodAccessor2
2994:             1             16  sun.reflect.GeneratedMethodAccessor20
2995:             1             16  sun.reflect.GeneratedMethodAccessor21
2996:             1             16  sun.reflect.GeneratedMethodAccessor22
2997:             1             16  sun.reflect.GeneratedMethodAccessor23
2998:             1             16  sun.reflect.GeneratedMethodAccessor24
2999:             1             16  sun.reflect.GeneratedMethodAccessor25
3000:             1             16  sun.reflect.GeneratedMethodAccessor27
3001:             1             16  sun.reflect.GeneratedMethodAccessor3
3002:             1             16  sun.reflect.GeneratedMethodAccessor4
3003:             1             16  sun.reflect.GeneratedMethodAccessor5
3004:             1             16  sun.reflect.GeneratedMethodAccessor6
3005:             1             16  sun.reflect.GeneratedMethodAccessor7
3006:             1             16  sun.reflect.GeneratedMethodAccessor8
3007:             1             16  sun.reflect.GeneratedMethodAccessor9
3008:             1             16  sun.reflect.GeneratedSerializationConstructorAccessor10
3009:             1             16  sun.reflect.GeneratedSerializationConstructorAccessor11
3010:             1             16  sun.reflect.GeneratedSerializationConstructorAccessor12
3011:             1             16  sun.reflect.GeneratedSerializationConstructorAccessor13
3012:             1             16  sun.reflect.GeneratedSerializationConstructorAccessor140
3013:             1             16  sun.reflect.GeneratedSerializationConstructorAccessor141
3014:             1             16  sun.reflect.GeneratedSerializationConstructorAccessor142
3015:             1             16  sun.reflect.GeneratedSerializationConstructorAccessor143
3016:             1             16  sun.reflect.GeneratedSerializationConstructorAccessor144
3017:             1             16  sun.reflect.GeneratedSerializationConstructorAccessor145
3018:             1             16  sun.reflect.GeneratedSerializationConstructorAccessor146
3019:             1             16  sun.reflect.GeneratedSerializationConstructorAccessor147
3020:             1             16  sun.reflect.GeneratedSerializationConstructorAccessor148
3021:             1             16  sun.reflect.GeneratedSerializationConstructorAccessor149
3022:             1             16  sun.reflect.GeneratedSerializationConstructorAccessor150
3023:             1             16  sun.reflect.GeneratedSerializationConstructorAccessor151
3024:             1             16  sun.reflect.GeneratedSerializationConstructorAccessor152
3025:             1             16  sun.reflect.GeneratedSerializationConstructorAccessor17
3026:             1             16  sun.reflect.GeneratedSerializationConstructorAccessor18
3027:             1             16  sun.reflect.GeneratedSerializationConstructorAccessor19
3028:             1             16  sun.reflect.GeneratedSerializationConstructorAccessor2
3029:             1             16  sun.reflect.GeneratedSerializationConstructorAccessor20
3030:             1             16  sun.reflect.GeneratedSerializationConstructorAccessor21
3031:             1             16  sun.reflect.GeneratedSerializationConstructorAccessor22
3032:             1             16  sun.reflect.GeneratedSerializationConstructorAccessor23
3033:             1             16  sun.reflect.GeneratedSerializationConstructorAccessor29
3034:             1             16  sun.reflect.GeneratedSerializationConstructorAccessor30
3035:             1             16  sun.reflect.GeneratedSerializationConstructorAccessor31
3036:             1             16  sun.reflect.GeneratedSerializationConstructorAccessor32
3037:             1             16  sun.reflect.GeneratedSerializationConstructorAccessor34
3038:             1             16  sun.reflect.GeneratedSerializationConstructorAccessor35
3039:             1             16  sun.reflect.GeneratedSerializationConstructorAccessor37
3040:             1             16  sun.reflect.GeneratedSerializationConstructorAccessor38
3041:             1             16  sun.reflect.GeneratedSerializationConstructorAccessor40
3042:             1             16  sun.reflect.GeneratedSerializationConstructorAccessor42
3043:             1             16  sun.reflect.GeneratedSerializationConstructorAccessor45
3044:             1             16  sun.reflect.GeneratedSerializationConstructorAccessor5
3045:             1             16  sun.reflect.GeneratedSerializationConstructorAccessor6
3046:             1             16  sun.reflect.GeneratedSerializationConstructorAccessor7
3047:             1             16  sun.reflect.GeneratedSerializationConstructorAccessor8
3048:             1             16  sun.reflect.GeneratedSerializationConstructorAccessor9
3049:             1             16  sun.reflect.ReflectionFactory
3050:             1             16  sun.reflect.generics.tree.BottomSignature
3051:             1             16  sun.reflect.generics.tree.ByteSignature
3052:             1             16  sun.reflect.generics.tree.CharSignature
3053:             1             16  sun.reflect.generics.tree.TypeVariableSignature
3054:             1             16  sun.util.calendar.Gregorian
3055:             1             16  sun.util.locale.provider.AuxLocaleProviderAdapter$NullProvider
3056:             1             16  sun.util.locale.provider.CalendarDataUtility$CalendarWeekParameterGetter
3057:             1             16  sun.util.locale.provider.SPILocaleProviderAdapter
3058:             1             16  sun.util.resources.LocaleData
3059:             1             16  sun.util.resources.LocaleData$LocaleDataResourceBundleControl
Total        157215       10717464
