
 num     #instances         #bytes  class name
 Total        175550       12345920

----------------------------------------------
   1:         26926        2584752  [C
   2:          7217        1383144  [Ljava.lang.Object;
   3:          1370        1019880  [B
   4:            28         917952  [Ljava.util.concurrent.ForkJoinTask;
   5:          8249         903792  java.lang.Class
   6:          3409         846056  [I
   7:         26816         643584  java.lang.String
   8:         10951         350432  java.util.concurrent.ConcurrentHashMap$Node
   9:           513         270360  [Lorg.apache.flink.runtime.state.heap.CopyOnWriteStateMap$StateMapEntry;
  10:          6530         208960  java.util.HashMap$Node
  11:          2107         134848  java.nio.DirectByteBuffer
  12:          2764         132672  java.util.HashMap
  13:          1223         117040  [Ljava.util.HashMap$Node;
  14:          2053         114968  org.apache.flink.core.memory.MemorySegment
  15:           104         111824  [Ljava.util.concurrent.ConcurrentHashMap$Node;
  16:          6697         107152  java.lang.Object
  17:          1538          86128  java.lang.invoke.MemberName
  18:          2115          84600  sun.misc.Cleaner
  19:           928          81664  java.lang.reflect.Method
  20:          1725          69000  java.lang.ref.SoftReference
  21:          2101          67232  java.nio.DirectByteBuffer$Deallocator
  22:          1793          60192  [S
  23:          1465          58600  java.lang.invoke.MethodType
  24:           897          57408  org.apache.flink.shaded.netty4.io.netty.buffer.PoolSubpage
  25:          2273          56280  [Ljava.lang.Class;
  26:          1341          53640  java.util.LinkedHashMap$Entry
  27:          1467          46944  java.lang.invoke.MethodType$ConcurrentWeakInternSet$WeakEntry
  28:            80          46080  org.apache.flink.shaded.netty4.io.netty.util.internal.shaded.org.jctools.queues.MpscUnboundedArrayQueue
  29:          1103          45560  [Ljava.lang.String;
  30:           504          40320  java.lang.reflect.Constructor
  31:           990          39600  com.typesafe.config.impl.SimpleConfigOrigin
  32:          1218          38976  java.lang.invoke.DirectMethodHandle
  33:          1528          36672  java.util.ArrayList
  34:          2143          34288  java.util.concurrent.atomic.AtomicBoolean
  35:           512          32768  org.apache.flink.runtime.state.heap.CopyOnWriteStateMap
  36:           379          31000  [J
  37:           500          28000  java.util.LinkedHashMap
  38:          1076          25824  akka.dispatch.AbstractNodeQueue$Node
  39:           536          25728  java.util.TreeMap
  40:           344          24768  java.lang.reflect.Field
  41:          1028          24672  akka.actor.LightArrayRevolverScheduler$TaskQueue
  42:          1024          24576  org.jboss.netty.util.HashedWheelTimer$HashedWheelBucket
  43:            60          22560  java.lang.Thread
  44:           346          19376  java.lang.Package
  45:           711          17064  org.apache.flink.api.java.tuple.Tuple2
  46:           530          16960  java.util.Hashtable$Entry
  47:           419          16760  java.io.ObjectStreamField
  48:           410          16400  java.math.BigInteger
  49:           270          16200  [Ljava.lang.ref.SoftReference;
  50:           458          14656  java.lang.invoke.BoundMethodHandle$Species_L
  51:           451          14432  java.lang.invoke.LambdaForm$Name
  52:           430          13760  java.util.RegularEnumSet
  53:           341          13640  org.apache.flink.configuration.ConfigOption
  54:           425          13600  scala.collection.immutable.HashMap$HashMap1
  55:           159          13504  [Ljava.util.Hashtable$Entry;
  56:           190          12160  java.util.concurrent.ConcurrentHashMap
  57:           501          12024  scala.Tuple2
  58:           115          11960  java.io.ObjectStreamClass
  59:           282          11280  java.lang.invoke.BoundMethodHandle$Species_LL
  60:           341          10912  sun.misc.FDBigInteger
  61:           425          10200  org.apache.flink.configuration.description.TextElement
  62:           299           9568  com.typesafe.config.impl.SimpleConfigObject
  63:           236           9440  java.lang.ref.Finalizer
  64:           294           9408  java.lang.ThreadLocal$ThreadLocalMap$Entry
  65:           294           9408  java.util.Vector
  66:           129           9288  sun.reflect.DelegatingClassLoader
  67:            28           9184  java.util.concurrent.ForkJoinPool$WorkQueue
  68:           152           8512  java.lang.invoke.MethodTypeForm
  69:           354           8496  com.typesafe.config.impl.ConfigString$Quoted
  70:           353           8472  java.lang.Long
  71:           518           8288  java.util.TreeSet
  72:             3           8240  [Ljava.nio.ByteBuffer;
  73:             2           8224  [Lakka.actor.ActorRef;
  74:             2           8224  [Lakka.serialization.Serializer;
  75:             1           8216  [Lscala.math.BigInt;
  76:           169           8112  java.lang.invoke.LambdaForm
  77:           174           7944  [Ljava.lang.invoke.LambdaForm$Name;
  78:           245           7840  org.apache.logging.log4j.core.config.plugins.processor.PluginEntry
  79:           321           7704  scala.collection.immutable.$colon$colon
  80:           239           7648  java.util.concurrent.locks.ReentrantLock$NonfairSync
  81:           136           7616  org.apache.flink.runtime.metrics.groups.GenericMetricGroup
  82:           187           7480  org.apache.flink.metrics.MeterView
  83:            23           7456  [[S
  84:           148           7104  java.util.Hashtable
  85:           176           7040  org.apache.logging.log4j.core.Logger
  86:           176           7040  org.apache.logging.log4j.core.Logger$PrivateConfig
  87:            79           6992  [Ljava.util.WeakHashMap$Entry;
  88:           428           6848  java.lang.Integer
  89:           208           6656  java.io.ObjectStreamClass$WeakClassKey
  90:           138           6624  org.apache.flink.shaded.netty4.io.netty.buffer.PoolChunkList
  91:           163           6520  java.security.ProtectionDomain
  92:            40           6400  org.apache.flink.shaded.netty4.io.netty.channel.epoll.EpollEventLoop
  93:            34           6256  [Z
  94:           245           5880  org.apache.logging.log4j.core.config.plugins.util.PluginType
  95:           141           5640  java.util.WeakHashMap$Entry
  96:            88           5632  java.net.URL
  97:            52           5440  [Ljava.lang.ThreadLocal$ThreadLocalMap$Entry;
  98:           332           5312  org.apache.flink.configuration.description.Description
  99:           216           5184  com.typesafe.config.impl.ConfigString$Unquoted
 100:           162           5184  java.security.CodeSource
 101:           127           5080  java.lang.invoke.MethodHandleImpl$AsVarargsCollector
 102:           314           5024  java.util.HashSet
 103:           205           4920  java.lang.invoke.LambdaForm$NamedFunction
 104:           201           4824  javax.management.ImmutableDescriptor
 105:           301           4816  com.typesafe.config.impl.SimpleConfig
 106:           192           4608  java.util.concurrent.CompletableFuture
 107:            94           4512  java.lang.invoke.BoundMethodHandle$Species_L4
 108:           277           4432  java.util.HashMap$Values
 109:           184           4416  java.time.LocalDateTime
 110:           149           4408  [Ljava.io.ObjectStreamField;
 111:           183           4392  sun.reflect.generics.tree.SimpleClassTypeSignature
 112:             8           4288  [Lorg.apache.flink.runtime.state.heap.HeapPriorityQueueElement;
 113:           107           4280  java.io.ObjectStreamClass$FieldReflectorKey
 114:           178           4272  org.apache.logging.log4j.message.DefaultFlowMessageFactory
 115:           178           4272  org.apache.logging.log4j.spi.AbstractLogger$LocalLogBuilder
 116:             8           4224  [Ljava.util.HashMap;
 117:           176           4224  [Ljava.util.Map;
 118:           176           4224  org.apache.logging.slf4j.Log4jLogger
 119:           130           4160  com.sun.jmx.mbeanserver.ConvertingMethod
 120:             2           4128  [Lakka.actor.LightArrayRevolverScheduler$TaskQueue;
 121:             2           4128  [Lorg.jboss.netty.util.HashedWheelTimer$HashedWheelBucket;
 122:           172           4128  java.util.concurrent.locks.AbstractQueuedSynchronizer$ConditionObject
 123:           119           4096  [Lscala.collection.immutable.HashMap;
 124:           256           4096  java.lang.Byte
 125:           256           4096  java.lang.Short
 126:           169           4056  org.apache.flink.metrics.SimpleCounter
 127:            23           4048  [Lorg.apache.flink.shaded.netty4.io.netty.buffer.PoolSubpage;
 128:           251           4016  java.util.concurrent.atomic.AtomicInteger
 129:            10           3840  akka.dispatch.MonitorableThreadFactory$AkkaForkJoinWorkerThread
 130:            96           3840  java.util.TreeMap$Entry
 131:           117           3744  java.lang.ref.WeakReference
 132:           230           3680  java.util.HashMap$KeySet
 133:           113           3616  java.lang.ref.ReferenceQueue
 134:           223           3568  java.util.concurrent.locks.ReentrantLock
 135:           148           3552  sun.reflect.annotation.AnnotationInvocationHandler
 136:            40           3520  akka.actor.ActorCell
 137:            47           3512  [Ljava.lang.invoke.MethodHandle;
 138:            73           3504  java.util.WeakHashMap
 139:           142           3408  com.typesafe.config.impl.ConfigInt
 140:            22           3344  org.apache.flink.shaded.netty4.io.netty.buffer.PoolArena$DirectArena
 141:           183           3328  [Lsun.reflect.generics.tree.TypeArgument;
 142:            58           3248  sun.nio.cs.UTF_8$Encoder
 143:           132           3168  java.util.LinkedList$Node
 144:            63           3160  [Ljavax.management.MBeanAttributeInfo;
 145:            62           2976  javax.management.MBeanInfo
 146:            92           2944  org.apache.flink.shaded.netty4.io.netty.util.internal.LongAdderCounter
 147:           182           2912  sun.reflect.generics.tree.ClassTypeSignature
 148:           121           2904  scala.concurrent.duration.FiniteDuration
 149:            36           2880  java.util.concurrent.ThreadPoolExecutor
 150:            45           2880  javax.management.openmbean.OpenMBeanAttributeInfoSupport
 151:           120           2880  org.apache.flink.shaded.netty4.io.netty.channel.unix.FileDescriptor
 152:           119           2856  scala.collection.immutable.HashMap$HashTrieMap
 153:           118           2832  java.lang.Class$AnnotationData
 154:           177           2832  org.apache.logging.log4j.message.ReusableMessageFactory
 155:            88           2816  javax.management.MBeanAttributeInfo
 156:            88           2816  org.apache.flink.runtime.metrics.dump.QueryScopeInfo$TaskQueryScopeInfo
 157:           112           2688  java.util.concurrent.atomic.AtomicLong
 158:            83           2656  java.lang.invoke.DirectMethodHandle$Special
 159:           163           2608  [Ljava.security.Principal;
 160:           163           2608  java.security.ProtectionDomain$Key
 161:            54           2592  sun.net.www.MimeEntry
 162:           137           2568  [Lcom.sun.jmx.mbeanserver.MXBeanMapping;
 163:            64           2560  java.io.ObjectStreamClass$FieldReflector
 164:            95           2528  [Ljavax.management.ObjectName$Property;
 165:           103           2472  java.time.LocalDate
 166:            76           2432  java.util.LinkedList
 167:           101           2424  java.util.Arrays$ArrayList
 168:            39           2416  [Ljava.math.BigInteger;
 169:           151           2416  java.util.HashMap$EntrySet
 170:            75           2400  java.util.concurrent.locks.AbstractQueuedSynchronizer$Node
 171:            99           2376  java.util.ArrayDeque
 172:            97           2328  javax.management.ObjectName$Property
 173:            29           2320  [Ljava.util.concurrent.RunnableScheduledFuture;
 174:             6           2304  org.apache.flink.streaming.runtime.tasks.SourceStreamTask$LegacySourceFunctionThread
 175:            94           2240  [Ljava.lang.reflect.Type;
 176:            68           2176  akka.actor.ChildActorPath
 177:             4           2112  [Lorg.apache.flink.runtime.state.heap.StateMap;
 178:            66           2112  java.util.concurrent.CountDownLatch$Sync
 179:            11           2112  org.apache.flink.runtime.taskmanager.Task
 180:            44           2112  sun.util.locale.LocaleObjectCache$CacheEntry
 181:            52           2080  java.util.Collections$SingletonMap
 182:           128           2048  java.lang.Character
 183:            85           2040  sun.reflect.NativeConstructorAccessorImpl
 184:            82           1968  java.util.concurrent.ConcurrentLinkedQueue$Node
 185:            82           1968  org.apache.flink.core.fs.CloseableRegistry
 186:             5           1960  org.apache.flink.runtime.io.network.api.writer.RecordWriter$OutputFlusher
 187:            81           1944  org.apache.flink.configuration.FallbackKey
 188:            22           1936  org.apache.flink.streaming.runtime.tasks.SystemProcessingTimeService$ScheduledTaskExecutor
 189:            20           1920  java.util.jar.JarFile$JarFileEntry
 190:            48           1920  javax.management.ObjectName
 191:            40           1920  org.apache.flink.shaded.netty4.io.netty.util.collection.IntObjectHashMap
 192:            34           1904  sun.misc.URLClassPath$JarLoader
 193:            18           1872  org.apache.logging.log4j.core.impl.MutableLogEvent
 194:            77           1848  [Lorg.apache.flink.configuration.FallbackKey;
 195:           115           1840  java.lang.ref.ReferenceQueue$Lock
 196:            38           1824  java.nio.HeapByteBuffer
 197:            55           1760  org.apache.flink.streaming.runtime.tasks.mailbox.MailboxExecutorImpl
 198:            30           1680  java.security.Provider$Service
 199:            21           1680  org.apache.logging.log4j.core.util.datetime.FixedDateFormat
 200:            69           1656  java.security.Provider$ServiceKey
 201:            41           1640  org.apache.flink.runtime.state.heap.CopyOnWriteStateMap$StateMapEntry
 202:           101           1616  sun.reflect.BootstrapConstructorAccessorImpl
 203:            40           1600  sun.management.DiagnosticCommandArgumentInfo
 204:            99           1584  java.util.Collections$SingletonSet
 205:            33           1584  java.util.zip.Inflater
 206:             1           1568  [[B
 207:            49           1568  org.apache.flink.shaded.netty4.io.netty.channel.ChannelOption
 208:            49           1568  sun.reflect.generics.repository.ClassRepository
 209:             5           1560  akka.dispatch.ForkJoinExecutorConfigurator$AkkaForkJoinPool
 210:            32           1536  java.util.logging.LogManager$LoggerWeakRef
 211:            48           1536  org.apache.flink.streaming.api.windowing.windows.TimeWindow
 212:            38           1520  akka.actor.Deploy
 213:            93           1488  sun.reflect.DelegatingConstructorAccessorImpl
 214:            26           1456  sun.util.calendar.ZoneInfo
 215:            36           1440  java.security.AccessControlContext
 216:            30           1440  java.time.temporal.ValueRange
 217:            22           1408  java.util.jar.JarFile
 218:            44           1408  org.apache.flink.runtime.jobgraph.OperatorID
 219:            22           1408  org.apache.flink.runtime.metrics.groups.InternalOperatorMetricGroup
 220:            11           1408  org.apache.flink.runtime.taskmanager.RuntimeEnvironment
 221:            22           1408  org.apache.flink.streaming.api.operators.StreamingRuntimeContext
 222:            29           1392  java.util.concurrent.ThreadPoolExecutor$Worker
 223:             1           1376  [Lsun.misc.FDBigInteger;
 224:            43           1376  akka.actor.Props
 225:            42           1344  org.apache.flink.shaded.netty4.io.netty.util.concurrent.DefaultPromise
 226:            54           1296  sun.reflect.generics.factory.CoreReflectionFactory
 227:            16           1280  [Lscala.collection.mutable.HashEntry;
 228:            40           1280  akka.dispatch.Dispatcher$$anon$1
 229:            40           1280  java.io.File
 230:            40           1280  org.apache.flink.shaded.netty4.io.netty.channel.epoll.EpollEventArray
 231:            40           1280  org.apache.flink.streaming.api.operators.TimerHeapInternalTimer
 232:            40           1280  org.apache.logging.log4j.core.config.builder.api.Component
 233:            53           1272  java.io.ObjectStreamClass$ClassDataSlot
 234:            52           1248  java.lang.ThreadLocal$ThreadLocalMap
 235:            11           1232  org.apache.flink.api.common.ExecutionConfig
 236:            38           1216  akka.actor.ChildRestartStats
 237:            38           1216  org.apache.flink.configuration.MemorySize
 238:            30           1200  java.math.BigDecimal
 239:            30           1200  java.time.temporal.ChronoField
 240:            75           1200  scala.Some
 241:            30           1200  sun.nio.cs.UTF_8$Decoder
 242:            37           1184  java.util.regex.Pattern$Curly
 243:            21           1176  org.apache.logging.log4j.core.util.datetime.FixedDateFormat$FixedFormat
 244:            49           1176  sun.reflect.generics.reflectiveObjects.ParameterizedTypeImpl
 245:            49           1176  sun.reflect.generics.tree.ClassSignature
 246:            47           1168  [Ljavax.management.MBeanOperationInfo;
 247:            49           1168  [Lsun.reflect.generics.tree.ClassTypeSignature;
 248:            29           1160  akka.actor.Address
 249:            48           1152  akka.actor.LightArrayRevolverScheduler$TaskHolder
 250:            48           1152  sun.reflect.generics.scope.ClassScope
 251:            47           1128  com.typesafe.config.impl.Path
 252:            47           1128  com.typesafe.config.impl.SimpleConfigList
 253:            28           1120  java.lang.invoke.DirectMethodHandle$Interface
 254:            23           1104  sun.management.DiagnosticCommandInfo
 255:            15           1080  java.util.logging.Logger
 256:            15           1080  org.apache.logging.log4j.core.config.LoggerConfig
 257:            67           1072  java.util.LinkedHashSet
 258:             2           1056  [Ljava.util.TimerTask;
 259:            44           1056  com.sun.jmx.mbeanserver.NamedObject
 260:            66           1056  com.sun.proxy.$Proxy1
 261:            66           1056  java.util.concurrent.CountDownLatch
 262:            22           1056  java.util.concurrent.LinkedBlockingQueue
 263:            44           1056  org.apache.flink.api.common.eventtime.CombinedWatermarkStatus$PartialWatermark
 264:            22           1056  org.apache.flink.runtime.state.DefaultOperatorStateBackend
 265:             1           1040  [Ljava.lang.Byte;
 266:             1           1040  [Ljava.lang.Integer;
 267:             1           1040  [Ljava.lang.Long;
 268:             1           1040  [Ljava.lang.Short;
 269:            41           1024  [Lorg.apache.flink.configuration.description.InlineElement;
 270:            32           1024  java.util.concurrent.FutureTask
 271:            32           1024  scala.collection.immutable.RedBlackTree$BlackTree
 272:            14           1008  java.util.regex.Pattern
 273:             6           1008  org.apache.flink.streaming.runtime.tasks.SourceStreamTask
 274:            41            992  [Ljava.io.ObjectStreamClass$ClassDataSlot;
 275:            31            992  java.util.logging.LogManager$LogNode
 276:            31            992  javax.management.MBeanParameterInfo
 277:            41            984  java.util.Collections$UnmodifiableRandomAccessList
 278:            41            984  java.util.regex.Pattern$GroupHead
 279:            41            984  java.util.regex.Pattern$GroupTail
 280:            20            960  akka.actor.RepointableActorRef
 281:            30            960  java.security.Provider$EngineDescription
 282:            40            960  org.apache.flink.shaded.netty4.io.netty.util.internal.ThreadExecutorMap$1
 283:            30            960  org.apache.flink.util.concurrent.ExecutorThreadFactory
 284:            29            952  [Ljava.time.format.DateTimeFormatterBuilder$DateTimePrinterParser;
 285:            55            952  [Lsun.reflect.generics.tree.FormalTypeParameter;
 286:            17            952  java.lang.Class$ReflectionData
 287:            29            928  java.util.concurrent.ScheduledThreadPoolExecutor$DelayedWorkQueue
 288:            29            928  java.util.zip.ZipCoder
 289:            29            928  org.apache.flink.api.common.JobID
 290:            38            912  akka.dispatch.UnboundedMailbox$MessageQueue
 291:            19            912  java.nio.HeapCharBuffer
 292:            38            912  java.time.Duration
 293:            57            912  java.util.LinkedHashMap$LinkedKeySet
 294:             9            896  [D
 295:            37            888  java.lang.StringBuilder
 296:            10            880  akka.dispatch.Dispatcher
 297:            22            880  javax.management.MBeanOperationInfo
 298:            22            880  org.apache.flink.runtime.metrics.TimerGauge
 299:            22            880  org.apache.flink.runtime.metrics.groups.InternalOperatorIOMetricGroup
 300:            11            880  org.apache.flink.runtime.metrics.groups.TaskMetricGroup
 301:            22            880  org.apache.flink.streaming.api.operators.StreamTaskStateInitializerImpl$StreamOperatorStateContextImpl
 302:            22            880  org.apache.flink.streaming.runtime.tasks.StreamOperatorWrapper
 303:            22            880  org.apache.flink.streaming.util.LatencyStats
 304:            22            880  sun.util.locale.BaseLocale$Key
 305:            12            864  java.util.concurrent.ScheduledThreadPoolExecutor$ScheduledFutureTask
 306:            27            864  org.apache.flink.util.AbstractID
 307:            18            864  org.apache.logging.log4j.message.ReusableParameterizedMessage
 308:            12            864  sun.nio.ch.EPollArrayWrapper
 309:            12            864  sun.nio.ch.EPollSelectorImpl
 310:            15            840  javax.management.openmbean.ArrayType
 311:            21            840  org.apache.logging.log4j.core.pattern.DatePatternConverter$FixedFormatter
 312:            26            832  java.lang.reflect.WeakCache$CacheValue
 313:            26            832  java.time.format.DateTimeFormatterBuilder$NumberPrinterParser
 314:            34            816  java.lang.ProcessEnvironment$Value
 315:            34            816  java.lang.ProcessEnvironment$Variable
 316:            51            816  java.lang.ThreadLocal
 317:            34            816  java.util.concurrent.CopyOnWriteArrayList
 318:            34            816  org.apache.flink.shaded.netty4.io.netty.util.internal.logging.LocationAwareSlf4JLogger
 319:            20            800  com.sun.jmx.mbeanserver.MXBeanSupport
 320:            25            800  org.apache.flink.streaming.runtime.streamrecord.StreamRecord
 321:             5            800  org.apache.flink.streaming.runtime.tasks.OneInputStreamTask
 322:            33            792  java.util.Collections$SingletonList
 323:            33            792  java.util.zip.ZStreamRef
 324:            11            792  org.apache.flink.runtime.metrics.groups.TaskIOMetricGroup
 325:            11            792  org.apache.flink.streaming.runtime.tasks.SubtaskCheckpointCoordinatorImpl
 326:            49            784  com.sun.proxy.$Proxy2
 327:            14            784  scala.collection.immutable.Vector
 328:             3            768  [Ljava.time.LocalDateTime;
 329:            32            768  akka.actor.Scheduler$$anon$6
 330:            32            768  com.sun.jmx.mbeanserver.DefaultMXBeanMappingFactory$IdentityMapping
 331:            32            768  com.typesafe.config.impl.ConfigBoolean
 332:            24            768  java.lang.reflect.Proxy$Key1
 333:             2            768  java.util.TimerThread
 334:            24            768  java.util.regex.Pattern$Branch
 335:            32            768  org.apache.flink.runtime.rpc.messages.RunAsync
 336:            32            768  scala.collection.immutable.HashSet$HashSet1
 337:            16            768  sun.misc.URLClassPath
 338:             2            752  org.apache.logging.log4j.core.util.Log4jThread
 339:            47            752  sun.reflect.DelegatingMethodAccessorImpl
 340:            46            736  java.util.concurrent.atomic.AtomicReference
 341:            23            736  java.util.concurrent.atomic.AtomicReferenceFieldUpdater$AtomicReferenceFieldUpdaterImpl
 342:            23            736  sun.management.DiagnosticCommandImpl$Wrapper
 343:            30            720  java.lang.invoke.Invokers
 344:            15            720  java.lang.management.PlatformComponent
 345:            18            720  java.util.IdentityHashMap
 346:            30            720  scala.collection.mutable.DefaultEntry
 347:            44            704  java.lang.Boolean
 348:            22            704  org.apache.flink.api.common.eventtime.CombinedWatermarkStatus
 349:            22            704  org.apache.flink.runtime.metrics.dump.QueryScopeInfo$OperatorQueryScopeInfo
 350:            22            704  org.apache.flink.runtime.metrics.groups.TaskIOMetricGroup$SumCounter
 351:            22            704  org.apache.flink.runtime.state.SnapshotStrategyRunner
 352:            44            704  org.apache.flink.streaming.api.graph.StreamConfig
 353:            22            704  org.apache.flink.streaming.api.operators.StreamOperatorStateHandler
 354:            22            704  org.apache.flink.streaming.runtime.tasks.ProcessingTimeServiceImpl
 355:            11            704  org.apache.flink.streaming.runtime.tasks.SubtaskCheckpointCoordinatorImpl$1
 356:            22            704  org.apache.flink.streaming.runtime.tasks.SystemProcessingTimeService
 357:            22            704  sun.reflect.annotation.AnnotationType
 358:            22            704  sun.util.locale.BaseLocale
 359:            29            696  java.time.format.DateTimeFormatterBuilder$CompositePrinterParser
 360:            29            696  java.util.BitSet
 361:            17            680  com.sun.jmx.mbeanserver.PerInterface
 362:            17            680  com.typesafe.config.impl.SimpleConfig$MemoryUnit
 363:            17            680  java.time.format.DateTimeFormatter
 364:            17            680  java.util.concurrent.CompletableFuture$UniWhenComplete
 365:            15            672  [Ljava.lang.reflect.Method;
 366:            21            672  com.sun.jmx.mbeanserver.WeakIdentityHashMap$IdentityWeakReference
 367:            28            672  java.security.Provider$UString
 368:            21            672  org.apache.flink.runtime.state.StateSerializerProvider$EagerlyRegisteredStateSerializerProvider
 369:            27            648  java.time.LocalTime
 370:             9            648  org.apache.flink.api.java.typeutils.runtime.kryo.KryoSerializer
 371:            27            648  org.apache.flink.streaming.runtime.metrics.WatermarkGauge
 372:            16            640  akka.util.SubclassifiedIndex$Nonroot
 373:            20            640  java.io.FileDescriptor
 374:            20            640  java.net.InetAddress$InetAddressHolder
 375:            20            640  java.util.Locale
 376:            10            640  org.apache.flink.runtime.io.network.buffer.LocalBufferPool
 377:            40            640  org.apache.flink.shaded.netty4.io.netty.channel.epoll.EpollEventLoop$1
 378:            40            640  org.apache.flink.shaded.netty4.io.netty.util.collection.IntObjectHashMap$1
 379:            40            640  org.apache.flink.shaded.netty4.io.netty.util.collection.IntObjectHashMap$EntrySet
 380:            40            640  org.apache.flink.shaded.netty4.io.netty.util.collection.IntObjectHashMap$KeySet
 381:            16            640  org.jboss.netty.util.internal.ConcurrentIdentityWeakKeyHashMap$Segment
 382:             3            624  [Ljava.lang.invoke.LambdaForm;
 383:            26            624  [Ljavax.management.MBeanParameterInfo;
 384:            26            624  akka.actor.ArgsReflectConstructor
 385:            26            624  akka.dispatch.CachingConfig$StringPathEntry
 386:            11            616  org.apache.flink.streaming.runtime.tasks.RegularOperatorChain
 387:            19            608  java.util.concurrent.SynchronousQueue
 388:            25            600  com.sun.jmx.mbeanserver.PerInterface$MethodAndSig
 389:            25            600  java.lang.Double
 390:            15            600  java.lang.invoke.MethodHandleImpl$IntrinsicMethodHandle
 391:            15            600  java.util.concurrent.CompletableFuture$UniRun
 392:             5            600  org.apache.flink.runtime.io.network.partition.PipelinedResultPartition
 393:             5            600  org.apache.flink.runtime.io.network.partition.consumer.SingleInputGate
 394:            24            592  [Ljava.util.regex.Pattern$Node;
 395:            37            592  org.apache.flink.configuration.description.LineBreakElement
 396:            23            584  [Ljava.security.ProtectionDomain;
 397:            26            584  [Ljavax.management.MBeanNotificationInfo;
 398:            24            576  java.io.ObjectStreamClass$ExceptionInfo
 399:            24            576  java.util.AbstractMap$SimpleImmutableEntry
 400:            24            576  java.util.concurrent.LinkedBlockingQueue$Node
 401:            24            576  java.util.jar.Attributes$Name
 402:            18            576  org.apache.flink.api.java.typeutils.runtime.KryoRegistration
 403:            18            576  org.apache.flink.api.java.typeutils.runtime.TupleSerializer
 404:             6            576  org.apache.flink.runtime.execution.librarycache.FlinkUserCodeClassLoaders$ParentFirstClassLoader
 405:             6            576  org.apache.flink.runtime.execution.librarycache.FlinkUserCodeClassLoaders$SafetyNetWrapperClassLoader
 406:             4            576  org.apache.flink.streaming.runtime.operators.windowing.WindowOperator
 407:            18            576  sun.nio.fs.UnixPath
 408:             7            560  java.util.concurrent.ScheduledThreadPoolExecutor
 409:            14            560  javax.management.openmbean.SimpleType
 410:            10            560  sun.invoke.util.Wrapper
 411:             7            560  sun.net.www.protocol.jar.URLJarFile
 412:            23            552  [Lsun.management.DiagnosticCommandArgumentInfo;
 413:            17            544  java.security.Permissions
 414:            17            544  java.util.Stack
 415:            34            544  org.apache.flink.configuration.Configuration
 416:            17            544  org.apache.flink.runtime.clusterframework.types.AllocationID
 417:             1            528  [Ljava.lang.Character;
 418:             4            528  [Ljava.lang.Thread;
 419:            22            528  [Lorg.apache.flink.api.common.eventtime.CombinedWatermarkStatus$PartialWatermark;
 420:            22            528  com.sun.jmx.mbeanserver.StandardMBeanSupport
 421:            33            528  java.util.LinkedHashMap$LinkedEntrySet
 422:            22            528  java.util.regex.Pattern$BitClass
 423:            22            528  org.apache.flink.api.common.eventtime.IndexedCombinedWatermarkStatus
 424:            22            528  org.apache.flink.runtime.io.network.metrics.CreditBasedInputBuffersUsageGauge
 425:            22            528  org.apache.flink.runtime.state.DefaultOperatorStateBackendSnapshotStrategy
 426:            22            528  org.apache.flink.runtime.taskmanager.DispatcherThreadFactory
 427:            11            528  org.apache.flink.runtime.throughput.ThroughputCalculator
 428:            22            528  org.apache.flink.streaming.api.operators.CountingOutput
 429:            22            528  org.apache.flink.streaming.api.operators.StreamTaskStateInitializerImpl$1
 430:            22            528  org.apache.flink.streaming.api.operators.StreamTaskStateInitializerImpl$2
 431:            22            528  org.apache.flink.streaming.runtime.tasks.StreamTask$$Lambda$637/2094958888
 432:            22            528  org.apache.logging.log4j.core.pattern.PatternFormatter
 433:            16            512  akka.event.BusLogging
 434:             4            512  akka.remote.RemoteSettings
 435:            16            512  java.time.temporal.ChronoUnit
 436:            16            512  java.util.Random
 437:             8            512  org.jboss.netty.channel.socket.nio.NioWorker
 438:            21            504  java.util.Locale$LocaleKey
 439:             9            504  javax.management.openmbean.CompositeType
 440:            21            504  org.apache.flink.runtime.metrics.dump.QueryScopeInfo$TaskManagerQueryScopeInfo
 441:            21            504  scala.collection.immutable.TreeMap
 442:            31            496  org.apache.flink.runtime.io.AvailabilityProvider$AvailabilityHelper
 443:            15            480  akka.actor.OneForOneStrategy
 444:            15            480  java.io.FilePermission
 445:            20            480  java.util.concurrent.Executors$RunnableAdapter
 446:            15            480  org.apache.flink.runtime.jobgraph.IntermediateDataSetID
 447:             5            480  org.apache.flink.runtime.state.heap.HeapKeyedStateBackend
 448:             6            480  org.apache.flink.streaming.api.operators.StreamSink
 449:             6            480  org.apache.flink.streaming.api.operators.StreamSource
 450:            10            480  org.apache.logging.log4j.core.lookup.ConfigurationStrSubstitutor
 451:            20            480  scala.PartialFunction$OrElse
 452:            12            480  scala.collection.mutable.HashMap
 453:            29            464  java.util.Optional
 454:             6            456  [Lsun.invoke.util.Wrapper;
 455:            19            456  java.util.regex.Pattern$Ctype
 456:            19            456  sun.reflect.NativeMethodAccessorImpl
 457:             4            448  [Ljava.time.ZoneOffset;
 458:            14            448  akka.event.MarkerLoggingAdapter
 459:             4            448  java.net.SocksSocketImpl
 460:             8            448  javax.management.openmbean.OpenMBeanParameterInfoSupport
 461:             7            448  org.apache.flink.runtime.heartbeat.HeartbeatMonitorImpl
 462:            14            448  org.apache.logging.log4j.core.config.AwaitCompletionReliabilityStrategy
 463:            28            448  scala.collection.immutable.Set$Set1
 464:            14            448  sun.nio.fs.NativeBuffer
 465:            11            440  java.util.concurrent.CompletableFuture$UniApply
 466:            11            440  org.apache.flink.api.common.TaskInfo
 467:            11            440  org.apache.flink.runtime.state.TaskStateManagerImpl
 468:            11            440  org.apache.flink.streaming.runtime.tasks.CopyingChainingOutput
 469:            11            440  org.apache.flink.streaming.runtime.tasks.mailbox.TaskMailboxImpl
 470:            11            440  org.apache.flink.util.XORShiftRandom
 471:            22            432  [Ljavax.management.MBeanConstructorInfo;
 472:            18            432  [Lorg.apache.flink.api.common.typeutils.TypeSerializer;
 473:            22            432  [Lorg.apache.flink.runtime.io.network.partition.ResultPartition;
 474:            22            432  [Lorg.apache.flink.runtime.io.network.partition.consumer.SingleInputGate;
 475:            18            432  akka.actor.LocalActorRef
 476:            18            432  java.lang.RuntimePermission
 477:             9            432  java.util.Properties
 478:             6            432  org.apache.flink.streaming.api.operators.StreamMap
 479:            18            432  org.apache.logging.log4j.core.time.MutableInstant
 480:            20            424  [Lsun.reflect.generics.tree.FieldTypeSignature;
 481:            13            416  akka.dispatch.MonitorableThreadFactory
 482:            13            416  java.lang.invoke.SimpleMethodHandle
 483:            13            416  javax.management.MBeanNotificationInfo
 484:            26            416  org.apache.flink.api.common.typeutils.base.StringSerializer
 485:            17            408  com.typesafe.config.impl.TokenType
 486:            17            408  java.lang.management.ManagementPermission
 487:            17            408  java.util.Collections$SetFromMap
 488:            10            400  java.lang.invoke.DirectMethodHandle$Accessor
 489:             5            400  java.net.URI
 490:            10            400  java.util.EnumMap
 491:             5            400  org.apache.flink.runtime.io.network.api.serialization.SpanningWrapper
 492:             5            400  org.apache.flink.streaming.runtime.io.checkpointing.CheckpointBarrierTracker
 493:             7            392  org.apache.flink.runtime.rpc.akka.FencedAkkaInvocationHandler
 494:            16            384  [Lorg.jboss.netty.util.internal.ConcurrentIdentityWeakKeyHashMap$HashEntry;
 495:            12            384  akka.actor.RootActorPath
 496:            12            384  akka.actor.Scheduler$$anon$1$$anon$2
 497:             1            384  java.lang.ref.Finalizer$FinalizerThread
 498:            16            384  java.util.concurrent.ConcurrentLinkedQueue
 499:             1            384  java.util.logging.LogManager$Cleaner
 500:            24            384  java.util.regex.Pattern$BranchConn
 501:            16            384  java.util.regex.Pattern$Ques
 502:             1            384  org.apache.flink.core.fs.SafetyNetCloseableRegistry$CloseableReaperThread
 503:             1            384  org.apache.flink.runtime.io.disk.iomanager.IOManagerAsync$ReaderThread
 504:             1            384  org.apache.flink.runtime.io.disk.iomanager.IOManagerAsync$WriterThread
 505:             6            384  org.apache.flink.runtime.metrics.groups.TaskManagerJobMetricGroup
 506:             6            384  org.apache.flink.runtime.taskexecutor.DefaultJobLeaderService$JobManagerRetryingRegistration
 507:             1            384  org.apache.flink.runtime.util.JvmShutdownSafeguard
 508:            24            384  org.apache.logging.log4j.core.lookup.SystemPropertiesLookup
 509:            16            384  scala.collection.immutable.Map$Map1
 510:            16            384  sun.misc.MetaIndex
 511:            12            384  sun.nio.ch.AllocatedNativeObject
 512:            16            384  sun.nio.ch.OptionKey
 513:            16            384  sun.nio.ch.SocketOptionRegistry$RegistryKey
 514:             1            376  java.lang.ref.Reference$ReferenceHandler
 515:             2            368  akka.remote.serialization.MiscMessageSerializer
 516:            23            368  java.time.format.DateTimeFormatterBuilder$CharLiteralPrinterParser
 517:            23            368  java.util.Collections$UnmodifiableSet
 518:            15            360  [Ljava.io.File;
 519:            15            360  java.io.FilePermissionCollection
 520:            15            360  java.net.InetSocketAddress$InetSocketAddressHolder
 521:            15            360  java.util.regex.Pattern$SingleI
 522:            15            360  javax.management.StandardMBean
 523:             5            360  org.apache.flink.runtime.io.network.partition.PipelinedSubpartition
 524:             5            360  org.apache.flink.runtime.io.network.partition.consumer.LocalInputChannel
 525:             9            360  org.apache.flink.streaming.runtime.tasks.SystemProcessingTimeService$ScheduledTask
 526:             2            352  akka.remote.EndpointWriter
 527:            22            352  akka.util.Timeout
 528:            11            352  java.util.regex.Pattern$3
 529:            22            352  org.apache.flink.api.common.cache.DistributedCache
 530:            22            352  org.apache.flink.runtime.io.network.metrics.ExclusiveBuffersUsageGauge
 531:            22            352  org.apache.flink.runtime.io.network.metrics.FloatingBuffersUsageGauge
 532:            22            352  org.apache.flink.runtime.io.network.metrics.InputBuffersGauge
 533:            22            352  org.apache.flink.runtime.io.network.metrics.OutputBufferPoolUsageGauge
 534:            22            352  org.apache.flink.runtime.io.network.metrics.OutputBuffersGauge
 535:            11            352  org.apache.flink.runtime.jobgraph.JobVertexID
 536:            11            352  org.apache.flink.runtime.query.TaskKvStateRegistry
 537:            22            352  org.apache.flink.runtime.state.JavaSerializer
 538:            11            352  org.apache.flink.runtime.state.LocalRecoveryDirectoryProviderImpl
 539:            11            352  org.apache.flink.runtime.state.memory.MemoryBackendCheckpointStorageAccess
 540:            11            352  org.apache.flink.runtime.state.metrics.LatencyTrackingStateConfig$Builder
 541:            11            352  org.apache.flink.runtime.taskexecutor.rpc.RpcInputSplitProvider
 542:            11            352  org.apache.flink.runtime.throughput.ThroughputEMA
 543:            11            352  org.apache.flink.streaming.api.operators.StreamTaskStateInitializerImpl
 544:            22            352  org.apache.flink.streaming.runtime.tasks.StreamTask$$Lambda$631/1625168412
 545:            11            352  org.apache.flink.streaming.runtime.tasks.mailbox.MailboxProcessor
 546:            11            352  sun.reflect.generics.reflectiveObjects.TypeVariableImpl
 547:             7            336  akka.remote.RemoteActorRef
 548:             7            336  com.sun.jmx.mbeanserver.DefaultMXBeanMappingFactory$CompositeMapping
 549:            14            336  java.lang.invoke.LambdaFormEditor$Transform$Kind
 550:             6            336  java.nio.DirectLongBufferU
 551:            14            336  java.util.regex.Pattern$Single
 552:             6            336  java.util.zip.ZipFile$ZipFileInflaterInputStream
 553:             6            336  java.util.zip.ZipFile$ZipFileInputStream
 554:             2            336  org.apache.logging.log4j.core.config.properties.PropertiesConfiguration
 555:            14            336  org.apache.logging.log4j.core.jmx.LoggerConfigAdmin
 556:            14            336  org.jboss.netty.util.ThreadRenamingRunnable
 557:            14            336  scala.collection.generic.GenTraversableFactory$$anon$1
 558:             6            336  sun.management.MemoryPoolImpl
 559:            14            336  sun.nio.fs.NativeBuffer$Deallocator
 560:            16            328  [Ljava.lang.management.PlatformComponent;
 561:            13            328  [Ljava.lang.reflect.Constructor;
 562:            20            320  akka.actor.dungeon.ChildrenContainer$NormalChildrenContainer
 563:            10            320  akka.dispatch.Dispatcher$LazyExecutorServiceDelegate
 564:            10            320  com.typesafe.config.impl.ConfigDouble
 565:            10            320  com.typesafe.config.impl.Token
 566:            10            320  java.io.FileInputStream
 567:            10            320  java.lang.OutOfMemoryError
 568:             8            320  java.lang.invoke.DirectMethodHandle$Constructor
 569:            10            320  java.util.UUID
 570:            10            320  java.util.concurrent.atomic.AtomicIntegerFieldUpdater$AtomicIntegerFieldUpdaterImpl
 571:             8            320  org.apache.flink.runtime.clusterframework.types.ResourceProfile
 572:             5            320  org.apache.flink.runtime.io.network.buffer.NetworkBuffer
 573:             8            320  org.apache.flink.runtime.state.heap.HeapPriorityQueueSet
 574:             4            320  org.apache.flink.streaming.api.operators.InternalTimerServiceImpl
 575:             8            320  org.jboss.netty.channel.DefaultChannelPipeline$DefaultChannelHandlerContext
 576:            10            320  scala.collection.immutable.Map$Map2
 577:            20            320  scala.concurrent.impl.Promise$DefaultPromise
 578:            13            312  akka.dispatch.CachingConfig$ValuePathEntry
 579:            13            312  java.net.Inet4Address
 580:             1            312  java.util.concurrent.ForkJoinPool
 581:            19            304  java.util.concurrent.SynchronousQueue$TransferStack
 582:            19            304  org.apache.flink.api.common.typeutils.base.IntSerializer
 583:            12            288  akka.actor.Scheduler$$anon$1
 584:            12            288  akka.actor.Scheduler$$anon$3
 585:            12            288  akka.dispatch.CachingConfig
 586:            12            288  akka.japi.pf.UnitCaseStatement
 587:            12            288  java.time.Month
 588:            12            288  java.time.ZoneOffset
 589:            12            288  java.util.Collections$SynchronizedSet
 590:             9            288  java.util.logging.Level
 591:            12            288  java.util.regex.Pattern$Start
 592:             9            288  jdk.internal.org.objectweb.asm.Type
 593:            12            288  org.apache.flink.api.common.time.Time
 594:            12            288  org.apache.flink.runtime.checkpoint.TaskStateSnapshot
 595:             6            288  org.apache.flink.runtime.memory.MemoryManager
 596:             6            288  org.apache.flink.runtime.taskexecutor.DefaultJobLeaderService$JobManagerLeaderListener$JobManagerRegisteredRpcConnection
 597:             6            288  org.apache.flink.runtime.taskexecutor.slot.TaskSlot
 598:             6            288  org.apache.flink.streaming.api.operators.StreamSourceContexts$ManualWatermarkContext
 599:            12            288  org.apache.logging.log4j.core.lookup.Interpolator
 600:            12            288  org.jboss.netty.util.internal.DeadLockProofWorker$1
 601:             9            288  sun.security.jca.ProviderConfig
 602:             6            288  sun.util.locale.provider.LocaleResources$ResourceReference
 603:             5            280  org.apache.flink.runtime.io.network.api.writer.ChannelSelectorRecordWriter
 604:             7            280  org.apache.logging.log4j.core.config.Node
 605:             2            272  org.apache.flink.shaded.netty4.io.netty.util.internal.InternalThreadLocalMap
 606:            17            272  org.jboss.netty.logging.Slf4JLogger
 607:            11            264  akka.util.WildcardTree
 608:            11            264  com.typesafe.config.impl.ConfigReference
 609:            11            264  com.typesafe.config.impl.SubstitutionExpression
 610:            11            264  java.net.StandardSocketOptions$StdSocketOption
 611:            11            264  org.apache.flink.api.common.JobStatus
 612:            11            264  org.apache.flink.core.fs.SafetyNetCloseableRegistry
 613:            11            264  org.apache.flink.runtime.accumulators.AccumulatorRegistry
 614:            11            264  org.apache.flink.runtime.blob.PermanentBlobKey
 615:            11            264  org.apache.flink.runtime.checkpoint.channel.SequentialChannelStateReaderImpl
 616:            11            264  org.apache.flink.runtime.state.LocalRecoveryConfig
 617:            11            264  org.apache.flink.runtime.state.TaskExecutorLocalStateStoresManager$JobVertexSubtaskKey
 618:            11            264  org.apache.flink.runtime.state.storage.ExternalizedSnapshotLocation
 619:            11            264  org.apache.flink.runtime.state.storage.JobManagerCheckpointStorage
 620:            11            264  org.apache.flink.runtime.taskexecutor.TaskExecutor$$Lambda$598/556313092
 621:            11            264  org.apache.flink.runtime.taskexecutor.TaskExecutor$$Lambda$606/565459065
 622:            11            264  org.apache.flink.runtime.taskexecutor.rpc.RpcTaskOperatorEventGateway
 623:            11            264  org.apache.flink.runtime.taskexecutor.slot.TaskSlotTableImpl$TaskSlotMapping
 624:            11            264  org.apache.flink.shaded.guava30.com.google.common.io.Closer
 625:            11            264  org.apache.flink.streaming.runtime.tasks.OperatorEventDispatcherImpl
 626:            11            264  org.apache.flink.streaming.runtime.tasks.SubtaskCheckpointCoordinatorImpl$CachingCheckpointStorageWorkerView
 627:            11            264  org.apache.flink.streaming.runtime.tasks.mailbox.MailboxProcessor$DefaultActionSuspension
 628:            11            264  sun.reflect.generics.tree.FormalTypeParameter
 629:             2            256  akka.remote.transport.ProtocolStateActor
 630:             8            256  org.apache.flink.api.common.typeinfo.BasicTypeInfo
 631:             8            256  org.apache.flink.api.common.typeinfo.IntegerTypeInfo
 632:            16            256  org.apache.flink.runtime.executiongraph.ExecutionAttemptID
 633:             8            256  org.apache.flink.runtime.state.heap.HeapPriorityQueueSnapshotRestoreWrapper
 634:             8            256  org.jboss.netty.channel.socket.nio.SocketReceiveBufferAllocator
 635:             8            256  sun.misc.ProxyGenerator$PrimitiveTypeInfo
 636:             8            248  [Ljava.lang.invoke.LambdaForm$BasicType;
 637:             6            240  [Ljava.lang.invoke.BoundMethodHandle$SpeciesData;
 638:             5            240  [Ljava.util.concurrent.ForkJoinPool$WorkQueue;
 639:            10            240  [Lorg.apache.flink.metrics.Counter;
 640:            14            240  [Lorg.apache.logging.log4j.core.config.AppenderRef;
 641:             2            240  akka.actor.ActorSystem$Settings
 642:             3            240  akka.dispatch.ThreadPoolConfig$ThreadPoolExecutorServiceFactory$$anon$1
 643:            15            240  com.typesafe.config.impl.ConfigNull
 644:            10            240  java.lang.annotation.ElementType
 645:            15            240  java.net.InetSocketAddress
 646:            10            240  java.nio.file.StandardOpenOption
 647:             5            240  org.apache.commons.cli.Option
 648:            10            240  org.apache.flink.configuration.description.LinkElement
 649:            10            240  org.apache.flink.runtime.checkpoint.channel.InputChannelInfo
 650:            10            240  org.apache.flink.runtime.execution.ExecutionState
 651:            10            240  org.apache.flink.runtime.io.network.partition.PrioritizedDeque
 652:            10            240  org.apache.flink.runtime.io.network.partition.ResultPartitionID
 653:            10            240  org.apache.flink.runtime.jobgraph.IntermediateResultPartitionID
 654:             6            240  org.apache.flink.runtime.taskexecutor.DefaultJobLeaderService$JobManagerLeaderListener
 655:             6            240  org.apache.flink.runtime.taskexecutor.DefaultJobTable$EstablishedConnection
 656:             5            240  org.apache.flink.shaded.guava30.com.google.common.collect.HashMultimap
 657:             5            240  org.apache.flink.streaming.runtime.io.StreamTaskNetworkInput
 658:            15            240  org.apache.logging.log4j.core.config.AppenderControlArraySet
 659:             6            240  sun.management.MemoryPoolImpl$CollectionSensor
 660:             6            240  sun.management.MemoryPoolImpl$PoolSensor
 661:             6            240  sun.reflect.generics.repository.MethodRepository
 662:             7            232  [Ljava.lang.annotation.ElementType;
 663:             7            224  [Lsun.nio.fs.NativeBuffer;
 664:             7            224  akka.dispatch.ForkJoinExecutorConfigurator$ForkJoinExecutorServiceFactory
 665:             4            224  akka.remote.artery.ArterySettings
 666:             7            224  java.net.Inet6Address
 667:             7            224  java.net.Inet6Address$Inet6AddressHolder
 668:             7            224  org.apache.flink.runtime.concurrent.ScheduledFutureAdapter
 669:             7            224  org.apache.flink.runtime.io.network.buffer.Buffer$DataType
 670:             7            224  org.apache.flink.runtime.leaderretrieval.StandaloneLeaderRetrievalService
 671:             2            224  org.apache.flink.runtime.rpc.akka.RobustActorSystem$1
 672:             7            224  org.apache.flink.util.TimeUtils$TimeUnit
 673:             4            224  org.apache.logging.log4j.core.config.ConfigurationSource
 674:             2            224  sun.nio.ch.SocketChannelImpl
 675:             9            216  [Ljava.lang.reflect.TypeVariable;
 676:            11            216  [Lorg.apache.flink.runtime.io.network.api.writer.ResultPartitionWriter;
 677:            11            216  [Lorg.apache.flink.runtime.io.network.partition.consumer.IndexedInputGate;
 678:            11            216  [Lorg.apache.flink.streaming.runtime.io.RecordWriterOutput;
 679:             9            216  akka.dispatch.DispatcherConfigurator
 680:             9            216  java.nio.file.attribute.PosixFilePermission
 681:             9            216  java.util.logging.Level$KnownLevel
 682:             9            216  java.util.regex.Pattern$1
 683:             9            216  org.apache.flink.core.memory.DataOutputSerializer
 684:             9            216  org.apache.logging.log4j.MarkerManager$Log4jMarker
 685:             3            216  sun.security.provider.NativePRNG$RandomIO
 686:             9            216  sun.util.logging.PlatformLogger$Level
 687:             7            208  [Ljava.lang.invoke.LambdaForm$NamedFunction;
 688:             2            208  akka.actor.LocalActorRefProvider
 689:             2            208  akka.remote.RemoteActorRefProvider$RemotingTerminator
 690:            13            208  java.util.concurrent.Executors$FinalizableDelegatedExecutorService
 691:            13            208  org.apache.flink.runtime.rpc.akka.RemoteAddressExtension
 692:            13            208  org.apache.flink.runtime.rpc.akka.RemoteAddressExtension$RemoteAddressExtensionImpl
 693:            13            208  org.apache.logging.log4j.core.lookup.JmxRuntimeInputArgumentsLookup
 694:            13            208  org.apache.logging.log4j.core.lookup.MapLookup
 695:            10            200  [Lorg.apache.flink.runtime.io.network.buffer.BufferRecycler;
 696:             5            200  java.lang.ClassLoader$NativeLibrary
 697:             5            200  java.lang.invoke.BoundMethodHandle$SpeciesData
 698:             5            200  java.util.stream.StreamOpFlag
 699:             5            200  org.apache.flink.runtime.state.heap.HeapSnapshotStrategy
 700:             5            200  org.apache.flink.streaming.runtime.io.RecordWriterOutput
 701:             8            192  [Ljava.net.URL;
 702:             2            192  [Lorg.apache.flink.shaded.netty4.io.netty.util.concurrent.EventExecutor;
 703:             8            192  akka.japi.pf.ReceiveBuilder$1
 704:             8            192  akka.remote.EventPublisher
 705:             2            192  akka.remote.ReliableDeliverySupervisor
 706:             6            192  akka.remote.serialization.WrappedPayloadSupport
 707:             6            192  java.lang.StringCoding$StringEncoder
 708:             4            192  java.lang.ThreadGroup
 709:             6            192  java.lang.invoke.LambdaForm$BasicType
 710:             8            192  java.lang.invoke.MethodHandleImpl$Intrinsic
 711:             8            192  java.math.RoundingMode
 712:            12            192  java.nio.channels.spi.AbstractSelector$1
 713:             6            192  java.security.BasicPermissionCollection
 714:             6            192  java.time.format.TextStyle
 715:             6            192  javax.management.MBeanConstructorInfo
 716:             8            192  jdk.net.SocketFlow$Status
 717:             6            192  org.apache.flink.api.common.functions.util.PrintSinkOutputWriter
 718:             8            192  org.apache.flink.core.plugin.PluginDescriptor
 719:             8            192  org.apache.flink.runtime.clusterframework.types.ResourceID
 720:             6            192  org.apache.flink.runtime.execution.librarycache.BlobLibraryCacheManager$LibraryCacheEntry
 721:             6            192  org.apache.flink.runtime.execution.librarycache.BlobLibraryCacheManager$ResolvedClassLoader
 722:             6            192  org.apache.flink.runtime.jobmaster.JobMasterId
 723:             6            192  org.apache.flink.runtime.metrics.util.MetricUtils$AttributeGauge
 724:             8            192  org.apache.flink.runtime.state.RegisteredPriorityQueueStateBackendMetaInfo
 725:             4            192  org.apache.flink.runtime.state.heap.HeapReducingState
 726:             6            192  org.apache.flink.runtime.taskexecutor.DefaultJobTable$JobOrConnection
 727:             8            192  org.apache.flink.util.ShutdownHookUtil$$Lambda$441/1027569178
 728:             8            192  org.apache.logging.log4j.Level
 729:            12            192  org.apache.logging.log4j.core.lookup.DateLookup
 730:            12            192  org.apache.logging.log4j.core.lookup.EnvironmentLookup
 731:            12            192  org.apache.logging.log4j.core.lookup.JavaLookup
 732:            12            192  org.apache.logging.log4j.core.lookup.Log4jLookup
 733:            12            192  org.apache.logging.log4j.core.lookup.LowerLookup
 734:            12            192  org.apache.logging.log4j.core.lookup.MarkerLookup
 735:            12            192  org.apache.logging.log4j.core.lookup.PropertiesLookup
 736:            12            192  org.apache.logging.log4j.core.lookup.UpperLookup
 737:             6            192  org.apache.logging.log4j.core.util.Log4jThreadFactory
 738:             8            192  org.apache.logging.log4j.spi.StandardLevel
 739:             4            192  org.jboss.netty.channel.AbstractChannel$ChannelCloseFuture
 740:             8            192  org.jboss.netty.channel.socket.nio.SocketSendBufferPool
 741:             8            192  org.jboss.netty.channel.socket.nio.SocketSendBufferPool$Preallocation
 742:             8            192  scala.collection.Iterator$$anon$8
 743:             6            192  scala.collection.immutable.RedBlackTree$RedTree
 744:             2            192  sun.nio.ch.ServerSocketChannelImpl
 745:            12            192  sun.nio.ch.Util$3
 746:             6            192  sun.reflect.generics.tree.MethodTypeSignature
 747:             2            176  akka.remote.EndpointManager
 748:             2            176  akka.remote.transport.netty.NettyTransportSettings
 749:            11            176  org.apache.flink.api.common.ExecutionConfig$GlobalJobParameters
 750:            11            176  org.apache.flink.api.common.restartstrategy.RestartStrategies$FallbackRestartStrategyConfiguration
 751:            11            176  org.apache.flink.runtime.checkpoint.channel.ChannelStateChunkReader
 752:            11            176  org.apache.flink.runtime.checkpoint.channel.ChannelStateSerializerImpl
 753:            11            176  org.apache.flink.runtime.metrics.groups.TaskIOMetricGroup$$Lambda$597/219362357
 754:            11            176  org.apache.flink.runtime.state.NoOpTaskLocalStateStoreImpl
 755:            11            176  org.apache.flink.runtime.state.hashmap.HashMapStateBackend
 756:            11            176  org.apache.flink.runtime.taskexecutor.TaskExecutor$$Lambda$600/1651001769
 757:            11            176  org.apache.flink.runtime.taskmanager.Task$$Lambda$694/1853540223
 758:            11            176  org.apache.flink.streaming.runtime.tasks.OperatorChain$$Lambda$643/1820661558
 759:            11            176  org.apache.flink.streaming.runtime.tasks.OperatorChain$$Lambda$644/1631841581
 760:            11            176  org.apache.flink.streaming.runtime.tasks.StreamTask$$Lambda$626/1333007369
 761:            11            176  org.apache.flink.streaming.runtime.tasks.StreamTask$$Lambda$630/696706785
 762:            11            176  org.apache.flink.streaming.runtime.tasks.StreamTask$StreamTaskAsyncExceptionHandler
 763:            11            176  org.apache.flink.streaming.runtime.tasks.mailbox.MailboxProcessor$MailboxController
 764:            11            176  org.apache.flink.util.SerializedValue
 765:            11            176  org.apache.logging.log4j.core.util.datetime.FastDateParser$NumberStrategy
 766:            11            176  scala.util.Success
 767:             2            168  [Ljava.lang.ClassValue$Entry;
 768:             1            168  [[Ljava.math.BigInteger;
 769:             7            168  akka.actor.TypedCreatorFunctionConsumer
 770:             7            168  com.sun.management.VMOption$Origin
 771:             3            168  java.lang.invoke.LambdaFormEditor$Transform
 772:             7            168  java.net.NetPermission
 773:             7            168  java.time.DayOfWeek
 774:             3            168  java.util.ResourceBundle$CacheKey
 775:             7            168  java.util.concurrent.ConcurrentHashMap$KeySetView
 776:             3            168  javax.management.openmbean.OpenMBeanOperationInfoSupport
 777:             7            168  org.apache.flink.api.common.state.StateDescriptor$Type
 778:             7            168  org.apache.flink.runtime.registration.RetryingRegistration$RetryingRegistrationResult
 779:             1            168  org.apache.flink.runtime.taskexecutor.TaskExecutor
 780:             7            168  org.apache.flink.shaded.guava30.com.google.common.collect.ImmutableMapEntry
 781:             4            160  [F
 782:             2            160  [[Ljava.lang.String;
 783:            10            160  akka.dispatch.MessageDispatcher$$Lambda$234/695530017
 784:            10            160  akka.dispatch.MessageDispatcher$$anon$3
 785:             2            160  akka.remote.EndpointReader
 786:             2            160  akka.remote.RemoteActorRefProvider
 787:             2            160  akka.remote.RemoteWatcher
 788:             5            160  java.util.Collections$UnmodifiableMap
 789:            10            160  java.util.Formatter$Flags
 790:             5            160  javax.management.StandardEmitterMBean
 791:             4            160  org.apache.flink.api.common.state.ReducingStateDescriptor
 792:             5            160  org.apache.flink.api.common.state.StateTtlConfig
 793:             5            160  org.apache.flink.configuration.MemorySize$MemoryUnit
 794:             5            160  org.apache.flink.runtime.io.network.api.serialization.NonSpanningWrapper
 795:             5            160  org.apache.flink.runtime.io.network.buffer.BufferBuilder
 796:            10            160  org.apache.flink.runtime.io.network.metrics.InputChannelMetrics$MultiCounterWrapper
 797:             5            160  org.apache.flink.runtime.io.network.partition.ResultPartitionType
 798:             5            160  org.apache.flink.runtime.io.network.partition.consumer.ChannelStatePersister
 799:             5            160  org.apache.flink.runtime.state.HeapPriorityQueuesManager
 800:             5            160  org.apache.flink.runtime.state.heap.InternalKeyContextImpl
 801:             5            160  org.apache.flink.runtime.state.metrics.LatencyTrackingStateConfig
 802:             5            160  org.apache.flink.runtime.taskmanager.InputGateWithMetrics
 803:             5            160  org.apache.flink.streaming.api.operators.InternalTimeServiceManagerImpl
 804:             4            160  org.apache.flink.streaming.api.windowing.assigners.TumblingProcessingTimeWindows
 805:             5            160  org.apache.flink.streaming.runtime.io.checkpointing.CheckpointedInputGate
 806:            10            160  org.apache.flink.streaming.runtime.streamrecord.StreamElementSerializer
 807:             5            160  org.apache.flink.streaming.runtime.watermarkstatus.StatusWatermarkValve
 808:             5            160  org.apache.flink.streaming.runtime.watermarkstatus.StatusWatermarkValve$InputChannelStatus
 809:            10            160  org.apache.flink.util.concurrent.FutureUtils$$Lambda$583/580624374
 810:             2            160  org.jboss.netty.handler.codec.frame.LengthFieldBasedFrameDecoder
 811:             4            160  sun.misc.FloatingDecimal$BinaryToASCIIBuffer
 812:             4            160  sun.nio.ch.SelectionKeyImpl
 813:             5            160  sun.util.locale.provider.LocaleProviderAdapter$Type
 814:             6            152  [Ljava.util.Map$Entry;
 815:             1            152  org.apache.flink.shaded.netty4.io.netty.buffer.PoolArena$HeapArena
 816:             2            144  [Ljava.math.BigDecimal;
 817:             1            144  [Ljava.util.concurrent.ForkJoinTask$ExceptionNode;
 818:             3            144  [Lorg.apache.flink.shaded.netty4.io.netty.buffer.PoolArena;
 819:             3            144  [Lorg.apache.logging.log4j.core.pattern.PatternFormatter;
 820:             4            144  [Lscala.collection.immutable.HashSet;
 821:             2            144  akka.actor.LightArrayRevolverScheduler
 822:             9            144  akka.actor.NoArgsReflectConstructor
 823:             6            144  akka.remote.SeqNo
 824:             2            144  akka.remote.transport.netty.NettyTransport
 825:             6            144  akka.util.WildcardIndex
 826:             6            144  com.typesafe.config.ConfigValueType
 827:             6            144  com.typesafe.config.impl.ConfigConcatenation
 828:             3            144  java.util.ResourceBundle$BundleReference
 829:             9            144  java.util.concurrent.ConcurrentHashMap$ValuesView
 830:             3            144  java.util.concurrent.locks.ReentrantReadWriteLock$NonfairSync
 831:             6            144  java.util.regex.Pattern$Slice
 832:             6            144  org.apache.flink.api.common.resources.CPUResource
 833:             6            144  org.apache.flink.runtime.blob.PermanentBlobCache$RefCount
 834:             6            144  org.apache.flink.runtime.execution.librarycache.BlobLibraryCacheManager$DefaultClassLoaderLease
 835:             6            144  org.apache.flink.runtime.memory.SharedResources
 836:             6            144  org.apache.flink.runtime.memory.UnsafeMemoryBudget
 837:             6            144  org.apache.flink.runtime.state.KeyGroupRange
 838:             6            144  org.apache.flink.runtime.taskexecutor.TaskExecutor$$Lambda$589/1575606977
 839:             6            144  org.apache.flink.runtime.taskexecutor.TaskExecutor$TaskExecutorJobServices
 840:             6            144  org.apache.flink.runtime.taskexecutor.TaskExecutor$TaskManagerActionsImpl
 841:             6            144  org.apache.flink.runtime.taskexecutor.rpc.RpcResultPartitionConsumableNotifier
 842:             6            144  org.apache.flink.streaming.api.functions.sink.PrintSinkFunction
 843:             6            144  org.apache.flink.streaming.api.operators.StreamSink$SimpleContext
 844:             6            144  org.apache.flink.streaming.runtime.tasks.BroadcastingOutputCollector
 845:             6            144  org.apache.flink.util.OperatingSystem
 846:             6            144  org.apache.logging.log4j.core.LifeCycle$State
 847:             3            144  org.apache.logging.log4j.core.lookup.RuntimeStrSubstitutor
 848:             6            144  org.apache.logging.log4j.core.util.datetime.FastDateParser$StrategyAndWidth
 849:             1            144  org.jboss.netty.channel.socket.nio.NioClientSocketChannel
 850:             2            144  org.jboss.netty.channel.socket.nio.NioServerSocketChannel
 851:             6            144  scala.concurrent.impl.CallbackRunnable
 852:             6            144  sun.misc.JarIndex
 853:             6            144  sun.misc.PerfCounter
 854:             6            144  sun.reflect.generics.scope.MethodScope
 855:             1            136  [Ljava.time.temporal.ChronoField;
 856:             1            136  org.apache.logging.log4j.core.config.NullConfiguration
 857:             4            128  [Ljava.nio.channels.SelectionKey;
 858:             2            128  [Ljava.time.Month;
 859:             8            128  akka.event.DefaultLoggingFilter
 860:             2            128  akka.serialization.Serialization
 861:             2            128  akka.stream.ActorMaterializerSettings
 862:             2            128  akka.stream.serialization.StreamRefSerializer
 863:             4            128  com.sun.jmx.mbeanserver.DefaultMXBeanMappingFactory$ArrayMapping
 864:             2            128  java.io.ExpiringCache$1
 865:             4            128  java.io.FileOutputStream
 866:             4            128  java.lang.ClassValue$Entry
 867:             8            128  java.lang.Float
 868:             2            128  java.security.SecureRandom
 869:             4            128  org.apache.flink.runtime.checkpoint.CheckpointType
 870:             2            128  org.apache.flink.runtime.rpc.akka.AkkaRpcActor
 871:             4            128  org.apache.flink.runtime.state.RegisteredKeyValueStateBackendMetaInfo
 872:             4            128  org.apache.flink.runtime.state.heap.CopyOnWriteStateTable
 873:             8            128  org.apache.flink.shaded.guava30.com.google.common.collect.SingletonImmutableList
 874:             4            128  org.apache.flink.streaming.api.functions.aggregation.SumAggregator
 875:             4            128  org.apache.flink.streaming.api.operators.TimerSerializer
 876:             4            128  org.apache.flink.streaming.runtime.operators.windowing.WindowOperator$Context
 877:             4            128  org.apache.flink.streaming.runtime.operators.windowing.WindowOperator$PerWindowStateStore
 878:             2            128  org.apache.logging.log4j.core.appender.RollingFileAppender
 879:             2            128  org.apache.logging.log4j.core.layout.PatternLayout
 880:             4            128  org.jboss.netty.channel.DefaultChannelPipeline
 881:             2            128  org.jboss.netty.channel.socket.nio.NioClientBoss
 882:             4            128  org.jboss.netty.channel.socket.nio.NioWorkerPool
 883:             5            120  [Lorg.apache.flink.runtime.io.network.buffer.BufferBuilder;
 884:             5            120  [Lorg.apache.flink.runtime.io.network.partition.ResultSubpartition;
 885:             5            120  [Lorg.apache.flink.runtime.io.network.partition.consumer.InputChannel;
 886:             5            120  [Lorg.apache.flink.streaming.runtime.watermarkstatus.StatusWatermarkValve$InputChannelStatus;
 887:             3            120  akka.dispatch.DefaultDispatcherPrerequisites
 888:             3            120  akka.dispatch.ThreadPoolConfig
 889:             5            120  akka.remote.WireFormats$CommandType
 890:             5            120  akka.stream.impl.SeqActorNameImpl
 891:             5            120  java.time.Instant
 892:             5            120  java.time.format.SignStyle
 893:             5            120  java.util.concurrent.locks.ReentrantReadWriteLock
 894:             5            120  java.util.stream.StreamOpFlag$Type
 895:             5            120  org.apache.commons.lang3.tuple.ImmutablePair
 896:             5            120  org.apache.flink.api.common.state.StateTtlConfig$CleanupStrategies
 897:             5            120  org.apache.flink.core.memory.DataInputDeserializer
 898:             5            120  org.apache.flink.runtime.checkpoint.channel.ResultSubpartitionInfo
 899:             5            120  org.apache.flink.runtime.io.network.NettyShuffleEnvironment$$Lambda$613/983432936
 900:             5            120  org.apache.flink.runtime.io.network.api.serialization.SpillingAdaptiveSpanningRecordDeserializer
 901:             5            120  org.apache.flink.runtime.io.network.buffer.BufferBuilder$SettablePositionMarker
 902:             5            120  org.apache.flink.runtime.io.network.buffer.BufferConsumer
 903:             5            120  org.apache.flink.runtime.io.network.buffer.BufferConsumer$CachedPositionMarker
 904:             5            120  org.apache.flink.runtime.io.network.buffer.BufferConsumerWithPartialRecordLength
 905:             5            120  org.apache.flink.runtime.io.network.buffer.LocalBufferPool$SubpartitionBufferRecycler
 906:             5            120  org.apache.flink.runtime.io.network.partition.PipelinedSubpartitionView
 907:             5            120  org.apache.flink.runtime.io.network.partition.ResultPartitionFactory$$Lambda$599/2083816037
 908:             5            120  org.apache.flink.runtime.io.network.partition.consumer.InputGateID
 909:             5            120  org.apache.flink.runtime.io.network.partition.consumer.SingleInputGateFactory$$Lambda$610/987708488
 910:             5            120  org.apache.flink.runtime.net.ConnectionUtils$AddressDetectionState
 911:             5            120  org.apache.flink.runtime.plugable.NonReusingDeserializationDelegate
 912:             5            120  org.apache.flink.runtime.plugable.SerializationDelegate
 913:             5            120  org.apache.flink.runtime.state.DefaultKeyedStateStore
 914:             5            120  org.apache.flink.runtime.state.heap.HeapPriorityQueueSetFactory
 915:             3            120  org.apache.flink.shaded.guava30.com.google.common.collect.RegularImmutableMap
 916:             5            120  org.apache.flink.streaming.runtime.io.DataInputStatus
 917:             5            120  org.apache.flink.streaming.runtime.io.StreamOneInputProcessor
 918:             5            120  org.apache.flink.streaming.runtime.io.checkpointing.CheckpointedInputGate$$Lambda$673/1340202956
 919:             5            120  org.apache.flink.streaming.runtime.io.checkpointing.UpstreamRecoveryTrackerImpl
 920:             5            120  org.apache.flink.streaming.runtime.partitioner.KeyGroupStreamPartitioner
 921:             5            120  org.apache.flink.streaming.runtime.tasks.OneInputStreamTask$StreamTaskNetworkOutput
 922:             5            120  org.apache.flink.streaming.runtime.tasks.StreamTask$ResumeWrapper
 923:             5            120  org.apache.flink.streaming.runtime.tasks.StreamTask$ThroughputPeriodTimer
 924:             1            120  org.apache.logging.log4j.core.appender.rolling.RollingFileManager
 925:             3            120  org.apache.logging.log4j.core.jmx.LoggerContextAdmin
 926:             5            120  org.apache.logging.log4j.core.pattern.FormattingInfo
 927:             5            120  org.apache.logging.log4j.core.pattern.PatternParser$ParserState
 928:             3            120  org.apache.logging.log4j.core.util.WatchManager
 929:             3            120  org.jboss.netty.channel.DefaultChannelFuture
 930:             1            120  org.jboss.netty.channel.socket.nio.NioAcceptedSocketChannel
 931:             1            120  scala.package$
 932:             5            120  sun.misc.FloatingDecimal$PreparedASCIIToBinaryBuffer
 933:             2            112  [Ljava.lang.invoke.MethodType;
 934:             2            112  [Ljava.nio.file.StandardOpenOption;
 935:             2            112  [Ljava.nio.file.attribute.PosixFilePermission;
 936:             1            112  [Ljava.time.LocalTime;
 937:             7            112  akka.dispatch.ForkJoinExecutorConfigurator
 938:             2            112  akka.dispatch.Mailboxes
 939:             2            112  akka.remote.RemoteSystemDaemon
 940:             2            112  akka.remote.Remoting
 941:             2            112  akka.remote.transport.AkkaProtocolHandle
 942:             2            112  akka.remote.transport.AkkaProtocolManager
 943:             2            112  akka.stream.impl.PhasedFusingActorMaterializer
 944:             7            112  java.util.concurrent.ConcurrentHashMap$EntrySetView
 945:             1            112  org.apache.flink.core.classloading.SubmoduleClassLoader
 946:             2            112  org.apache.flink.runtime.heartbeat.HeartbeatManagerImpl
 947:             2            112  org.apache.flink.runtime.rpc.akka.AkkaRpcService
 948:             7            112  org.apache.flink.runtime.rpc.akka.AkkaRpcService$$Lambda$563/1278701753
 949:             2            112  org.apache.logging.log4j.core.LoggerContext
 950:             2            112  org.jboss.netty.channel.socket.nio.NioServerBoss
 951:             2            112  org.jboss.netty.util.HashedWheelTimer
 952:             1            104  [Lorg.apache.logging.log4j.core.util.datetime.FixedDateFormat$FixedFormat;
 953:             1            104  org.apache.flink.shaded.netty4.io.netty.channel.epoll.EpollServerSocketChannel
 954:             5             96  [Ljava.lang.StackTraceElement;
 955:             3             96  [Ljava.lang.ThreadGroup;
 956:             2             96  [Ljava.time.DayOfWeek;
 957:             2             96  [Ljava.util.concurrent.TimeUnit;
 958:             6             96  [Lorg.apache.flink.streaming.api.operators.Output;
 959:             4             96  [Lorg.apache.logging.log4j.Marker;
 960:             2             96  [Lorg.apache.logging.log4j.spi.StandardLevel;
 961:             4             96  [Lorg.jboss.netty.channel.socket.nio.AbstractNioWorker;
 962:             4             96  [Lorg.jboss.netty.channel.socket.nio.Boss;
 963:             6             96  [Lsun.reflect.generics.tree.TypeSignature;
 964:             1             96  [[J
 965:             2             96  akka.actor.FSM$Timer
 966:             4             96  akka.actor.LocalActorRefProvider$Guardian
 967:             2             96  akka.event.DiagnosticMarkerBusLoggingAdapter
 968:             2             96  akka.event.EventStream
 969:             6             96  akka.event.MarkerLoggingAdapter$$anonfun$$lessinit$greater$2
 970:             2             96  akka.event.slf4j.Slf4jLogger
 971:             6             96  akka.japi.pf.ReceiveBuilder
 972:             2             96  akka.remote.DeadlineFailureDetector
 973:             2             96  akka.remote.serialization.ActorRefResolveCache
 974:             2             96  akka.remote.serialization.ProtobufSerializer
 975:             2             96  akka.remote.transport.AkkaProtocolTransport
 976:             4             96  akka.remote.transport.HandshakeInfo
 977:             3             96  com.sun.jmx.mbeanserver.DefaultMXBeanMappingFactory$EnumMapping
 978:             2             96  com.sun.jmx.mbeanserver.MBeanIntrospector$MBeanInfoMap
 979:             2             96  com.sun.jmx.mbeanserver.MBeanIntrospector$PerInterfaceMap
 980:             6             96  com.sun.proxy.$Proxy25
 981:             6             96  com.sun.proxy.$Proxy3
 982:             4             96  com.typesafe.config.impl.ConfigIncludeKind
 983:             4             96  com.typesafe.config.impl.OriginType
 984:             4             96  java.math.MathContext
 985:             2             96  java.net.SocketInputStream
 986:             2             96  java.net.SocketOutputStream
 987:             4             96  java.time.format.DateTimeFormatterBuilder$OffsetIdPrinterParser
 988:             4             96  java.time.format.DateTimeFormatterBuilder$SettingsParser
 989:             2             96  java.time.zone.ZoneOffsetTransitionRule
 990:             3             96  java.util.ResourceBundle$LoaderReference
 991:             6             96  java.util.TreeMap$KeySet
 992:             4             96  java.util.concurrent.Executors$DefaultThreadFactory
 993:             2             96  java.util.concurrent.locks.ReentrantReadWriteLock$FairSync
 994:             4             96  java.util.regex.Pattern$5
 995:             4             96  java.util.regex.Pattern$CharProperty$1
 996:             4             96  java.util.stream.StreamShape
 997:             2             96  javax.management.openmbean.TabularType
 998:             4             96  org.apache.flink.api.common.ExecutionMode
 999:             6             96  org.apache.flink.configuration.description.ListElement
1000:             4             96  org.apache.flink.runtime.checkpoint.CheckpointOptions$AlignmentType
1001:             4             96  org.apache.flink.runtime.clusterframework.ApplicationStatus
1002:             4             96  org.apache.flink.runtime.heartbeat.HeartbeatMonitorImpl$State
1003:             2             96  org.apache.flink.runtime.io.disk.iomanager.RequestQueue
1004:             6             96  org.apache.flink.runtime.io.network.api.writer.NonRecordWriter
1005:             6             96  org.apache.flink.runtime.jobmaster.JMTMRegistrationSuccess
1006:             2             96  org.apache.flink.runtime.registration.RetryingRegistrationConfiguration
1007:             2             96  org.apache.flink.runtime.rpc.akka.AkkaInvocationHandler
1008:             6             96  org.apache.flink.runtime.state.changelog.inmemory.InMemoryStateChangelogStorage
1009:             6             96  org.apache.flink.runtime.taskexecutor.TaskExecutor$JobManagerHeartbeatTarget
1010:             6             96  org.apache.flink.runtime.taskexecutor.rpc.RpcCheckpointResponder
1011:             6             96  org.apache.flink.runtime.taskexecutor.rpc.RpcGlobalAggregateManager
1012:             6             96  org.apache.flink.runtime.taskexecutor.rpc.RpcPartitionStateChecker
1013:             4             96  org.apache.flink.runtime.taskexecutor.slot.TaskSlotTableImpl$State
1014:             4             96  org.apache.flink.shaded.guava30.com.google.common.base.AbstractIterator$State
1015:             4             96  org.apache.flink.shaded.guava30.com.google.common.collect.AbstractIterator$State
1016:             4             96  org.apache.flink.shaded.guava30.com.google.common.collect.ImmutableMapEntry$NonTerminalImmutableMapEntry
1017:             4             96  org.apache.flink.shaded.netty4.io.netty.util.ResourceLeakDetector$Level
1018:             4             96  org.apache.flink.streaming.api.operators.ChainingStrategy
1019:             6             96  org.apache.flink.streaming.api.operators.StreamSourceContexts$SwitchingOnClose
1020:             4             96  org.apache.flink.streaming.api.operators.TimestampedCollector
1021:             4             96  org.apache.flink.streaming.api.windowing.triggers.TriggerResult
1022:             4             96  org.apache.flink.streaming.runtime.operators.windowing.WindowOperator$WindowContext
1023:             4             96  org.apache.flink.streaming.runtime.operators.windowing.functions.InternalSingleValueWindowFunction
1024:             4             96  org.apache.flink.streaming.runtime.tasks.ProcessingTimeServiceImpl$$Lambda$717/2097855773
1025:             6             96  org.apache.flink.streaming.runtime.tasks.SourceStreamTask$$Lambda$647/13433292
1026:             6             96  org.apache.flink.streaming.runtime.tasks.SourceStreamTask$$Lambda$698/402556608
1027:             4             96  org.apache.flink.streaming.runtime.tasks.StreamTask$$Lambda$716/1285579898
1028:             6             96  org.apache.flink.streaming.runtime.tasks.StreamTaskActionExecutor$SynchronizedStreamTaskActionExecutor
1029:             4             96  org.apache.flink.streaming.util.typeutils.FieldAccessor$SimpleTupleFieldAccessor
1030:             2             96  org.apache.logging.log4j.core.config.AppenderControl
1031:             2             96  org.apache.logging.log4j.core.config.ConfigurationFileWatcher
1032:             3             96  org.apache.logging.log4j.core.config.ConfigurationScheduler
1033:             3             96  org.apache.logging.log4j.core.util.datetime.FixedDateFormat$FixedTimeZoneFormat
1034:             6             96  org.apache.logging.log4j.message.ReusableSimpleMessage
1035:             4             96  org.jboss.netty.channel.ChannelState
1036:             2             96  org.jboss.netty.channel.socket.nio.DefaultNioSocketChannelConfig
1037:             4             96  scala.Tuple3
1038:             4             96  scala.collection.immutable.HashSet$HashTrieSet
1039:             2             96  sun.management.GarbageCollectorImpl
1040:             4             96  sun.misc.FormattedFloatingDecimal$Form
1041:             1             96  sun.misc.Launcher$AppClassLoader
1042:             3             96  sun.net.spi.DefaultProxySelector$NonProxyInfo
1043:             2             96  sun.nio.cs.StreamEncoder
1044:             1             96  sun.security.jca.ProviderList$1
1045:             1             96  sun.security.provider.Sun
1046:             1             88  [Lcom.typesafe.config.impl.SimpleConfig$MemoryUnit;
1047:             1             88  [Lcom.typesafe.config.impl.TokenType;
1048:             1             88  [Ljava.util.concurrent.ConcurrentMap;
1049:             2             88  [Lorg.apache.flink.configuration.ConfigOption;
1050:             1             88  scala.collection.convert.Wrappers$
1051:             1             88  scala.reflect.ClassTag$
1052:             1             88  scala.reflect.ManifestFactory$
1053:             1             88  sun.misc.Launcher$ExtClassLoader
1054:             2             80  [Lakka.remote.WireFormats$CommandType;
1055:             1             80  [Ljava.time.temporal.ChronoUnit;
1056:             2             80  [Ljava.util.stream.StreamOpFlag$Type;
1057:             2             80  [Lorg.apache.flink.configuration.MemorySize$MemoryUnit;
1058:             2             80  [Lorg.apache.flink.runtime.io.network.partition.ResultPartitionType;
1059:             2             80  [Lorg.apache.flink.shaded.guava30.com.google.common.collect.ImmutableMapEntry;
1060:             2             80  [Lorg.apache.flink.shaded.netty4.io.netty.util.internal.PriorityQueueNode;
1061:             1             80  [Lorg.jboss.netty.util.internal.ConcurrentIdentityWeakKeyHashMap$Segment;
1062:             2             80  akka.actor.LightArrayRevolverScheduler$$anon$3
1063:             2             80  akka.dispatch.Dispatchers
1064:             2             80  akka.dispatch.Mailboxes$$anon$1
1065:             2             80  akka.remote.RemoteDeployer
1066:             2             80  akka.remote.RemoteWatcher$$anon$1
1067:             2             80  akka.remote.RemoteWatcher$$anon$2
1068:             2             80  akka.routing.ConsistentHashingPool
1069:             2             80  akka.stream.impl.MaterializerGuardian
1070:             5             80  akka.util.ByteString$ByteString1C
1071:             2             80  com.sun.jmx.mbeanserver.DefaultMXBeanMappingFactory$TabularMapping
1072:             5             80  com.sun.proxy.$Proxy0
1073:             5             80  com.sun.proxy.$Proxy11
1074:             5             80  com.sun.proxy.$Proxy12
1075:             5             80  com.sun.proxy.$Proxy17
1076:             2             80  java.io.BufferedInputStream
1077:             2             80  java.io.BufferedWriter
1078:             2             80  java.io.ExpiringCache
1079:             2             80  java.time.zone.ZoneRules
1080:             5             80  java.util.LinkedHashMap$LinkedValues
1081:             2             80  java.util.Locale$Category
1082:             5             80  java.util.concurrent.locks.ReentrantReadWriteLock$ReadLock
1083:             5             80  java.util.concurrent.locks.ReentrantReadWriteLock$Sync$ThreadLocalHoldCounter
1084:             5             80  java.util.concurrent.locks.ReentrantReadWriteLock$WriteLock
1085:             2             80  org.apache.flink.runtime.io.disk.FileChannelManagerImpl
1086:             5             80  org.apache.flink.runtime.io.network.api.TaskEventHandler
1087:             5             80  org.apache.flink.runtime.io.network.api.writer.SingleRecordWriter
1088:             1             80  org.apache.flink.runtime.taskmanager.NettyShuffleEnvironmentConfiguration
1089:             2             80  org.apache.flink.shaded.guava30.com.google.common.util.concurrent.ThreadFactoryBuilder$1
1090:             5             80  org.apache.flink.streaming.runtime.io.checkpointing.InputProcessorUtil$$Lambda$667/648905866
1091:             5             80  org.apache.flink.streaming.runtime.io.checkpointing.InputProcessorUtil$$Lambda$668/60802721
1092:             5             80  org.apache.flink.streaming.runtime.tasks.OneInputStreamTask$$Lambda$678/1618796835
1093:             5             80  org.apache.flink.streaming.runtime.tasks.StreamTask$$Lambda$714/2112994563
1094:             2             80  org.apache.logging.log4j.core.config.status.StatusConfiguration
1095:             2             80  org.apache.logging.log4j.core.jmx.StatusLoggerAdmin
1096:             5             80  org.apache.logging.log4j.core.lookup.StrMatcher$CharMatcher
1097:             2             80  org.apache.logging.log4j.core.pattern.DatePatternConverter
1098:             2             80  org.apache.logging.log4j.core.pattern.ExtendedThrowablePatternConverter
1099:             2             80  org.jboss.netty.channel.socket.nio.NioClientBossPool
1100:             2             80  scala.tools.nsc.interpreter.Scripted$Factory
1101:             2             80  sun.management.MemoryManagerImpl
1102:             2             80  sun.nio.ch.SocketAdaptor
1103:             1             80  sun.reflect.misc.MethodUtil
1104:             1             72  [Ljava.lang.invoke.LambdaFormEditor$Transform$Kind;
1105:             3             72  [Ljava.lang.reflect.Field;
1106:             3             72  [Ljava.net.InetAddress;
1107:             1             72  [Ljavax.management.openmbean.SimpleType;
1108:             2             72  [Lsun.security.jca.ProviderConfig;
1109:             3             72  akka.dispatch.ThreadPoolConfig$ThreadPoolExecutorServiceFactory
1110:             3             72  akka.remote.ContainerFormats$PatternType
1111:             3             72  com.typesafe.config.ConfigSyntax
1112:             3             72  java.lang.ThreadLocal$SuppliedThreadLocal
1113:             3             72  java.lang.annotation.RetentionPolicy
1114:             3             72  java.net.Proxy$Type
1115:             3             72  java.nio.file.StandardCopyOption
1116:             3             72  java.security.SecurityPermission
1117:             3             72  java.time.format.ResolverStyle
1118:             3             72  java.time.zone.ZoneOffsetTransitionRule$TimeDefinition
1119:             1             72  java.util.ResourceBundle$RBClassLoader
1120:             3             72  java.util.concurrent.ConcurrentLinkedDeque$Node
1121:             1             72  java.util.logging.LogManager$RootLogger
1122:             3             72  java.util.regex.Pattern$Dollar
1123:             3             72  java.util.stream.Collector$Characteristics
1124:             3             72  java.util.stream.MatchOps$MatchKind
1125:             3             72  org.apache.flink.api.common.ExecutionConfig$ClosureCleanerLevel
1126:             3             72  org.apache.flink.api.common.JobStatus$TerminalState
1127:             3             72  org.apache.flink.api.common.state.StateTtlConfig$CleanupStrategies$Strategies
1128:             3             72  org.apache.flink.api.common.state.StateTtlConfig$UpdateType
1129:             3             72  org.apache.flink.api.java.typeutils.runtime.KryoRegistration$SerializerDefinitionType
1130:             3             72  org.apache.flink.configuration.ClusterOptions$UserSystemExitMode
1131:             3             72  org.apache.flink.core.memory.ManagedMemoryUseCase
1132:             1             72  org.apache.flink.runtime.blob.PermanentBlobCache
1133:             1             72  org.apache.flink.runtime.blob.TransientBlobCache
1134:             3             72  org.apache.flink.runtime.checkpoint.CheckpointType$PostCheckpointAction
1135:             1             72  org.apache.flink.runtime.io.network.NettyShuffleEnvironment
1136:             3             72  org.apache.flink.runtime.io.network.api.serialization.RecordDeserializer$DeserializationResult
1137:             1             72  org.apache.flink.runtime.io.network.netty.NettyBufferPool
1138:             3             72  org.apache.flink.runtime.io.network.netty.NettyConfig$TransportType
1139:             1             72  org.apache.flink.runtime.io.network.partition.ResultPartitionFactory
1140:             3             72  org.apache.flink.runtime.io.network.partition.consumer.ChannelStatePersister$CheckpointStatus
1141:             3             72  org.apache.flink.runtime.jobmanager.HighAvailabilityMode
1142:             1             72  org.apache.flink.runtime.metrics.dump.MetricQueryService
1143:             3             72  org.apache.flink.runtime.metrics.groups.AbstractMetricGroup$ChildType
1144:             3             72  org.apache.flink.runtime.net.ConnectionUtils$LeaderConnectingAddressListener$LeaderRetrievalState
1145:             3             72  org.apache.flink.runtime.rpc.akka.ControlMessages
1146:             3             72  org.apache.flink.runtime.taskexecutor.DefaultJobLeaderService$State
1147:             1             72  org.apache.flink.runtime.taskexecutor.TaskManagerConfiguration
1148:             1             72  org.apache.flink.runtime.taskexecutor.TaskManagerServices
1149:             3             72  org.apache.flink.runtime.taskexecutor.slot.TaskSlotState
1150:             1             72  org.apache.flink.runtime.taskexecutor.slot.TaskSlotTableImpl
1151:             3             72  org.apache.flink.runtime.util.SignalHandler$Handler
1152:             1             72  org.apache.flink.shaded.netty4.io.netty.channel.epoll.EpollServerSocketChannelConfig
1153:             3             72  org.apache.flink.streaming.api.TimeCharacteristic
1154:             3             72  org.apache.flink.streaming.api.environment.CheckpointConfig$ExternalizedCheckpointCleanup
1155:             3             72  org.apache.flink.streaming.api.transformations.StreamExchangeMode
1156:             3             72  org.apache.flink.streaming.runtime.tasks.SourceStreamTask$FinishingReason
1157:             3             72  org.apache.flink.streaming.runtime.tasks.mailbox.TaskMailbox$State
1158:             3             72  org.apache.flink.util.TernaryBoolean
1159:             3             72  org.apache.logging.log4j.core.config.plugins.util.PluginManager
1160:             3             72  org.apache.logging.log4j.core.pattern.SimpleLiteralPatternConverter$StringValue
1161:             3             72  org.apache.logging.log4j.core.util.DummyNanoClock
1162:             1             72  scala.reflect.ClassManifestFactory$
1163:             3             72  sun.misc.FloatingDecimal$ExceptionalBinaryToASCIIBuffer
1164:             3             72  sun.misc.Signal
1165:             3             72  sun.security.provider.NativePRNG$Variant
1166:             1             72  sun.util.locale.provider.JRELocaleProviderAdapter
1167:             2             64  [Lakka.remote.ContainerFormats$PatternType;
1168:             2             64  [Ljava.lang.annotation.RetentionPolicy;
1169:             2             64  [Ljava.lang.ref.WeakReference;
1170:             2             64  [Ljava.util.stream.Collector$Characteristics;
1171:             2             64  [Lorg.apache.flink.api.common.ExecutionConfig$ClosureCleanerLevel;
1172:             2             64  [Lorg.apache.flink.api.common.ExecutionMode;
1173:             1             64  [Lorg.apache.flink.api.common.JobStatus;
1174:             2             64  [Lorg.apache.flink.api.common.state.StateTtlConfig$CleanupStrategies$Strategies;
1175:             2             64  [Lorg.apache.flink.api.common.state.StateTtlConfig$UpdateType;
1176:             2             64  [Lorg.apache.flink.api.java.typeutils.runtime.KryoRegistration$SerializerDefinitionType;
1177:             2             64  [Lorg.apache.flink.core.memory.ManagedMemoryUseCase;
1178:             2             64  [Lorg.apache.flink.runtime.jobmanager.HighAvailabilityMode;
1179:             2             64  [Lorg.apache.flink.streaming.api.operators.ChainingStrategy;
1180:             2             64  [Lorg.apache.flink.streaming.api.transformations.StreamExchangeMode;
1181:             2             64  [Lorg.apache.flink.streaming.api.windowing.assigners.WindowStagger;
1182:             2             64  [Lorg.apache.flink.streaming.util.LatencyStats$Granularity;
1183:             2             64  [Lorg.apache.flink.util.TernaryBoolean;
1184:             3             64  [Lorg.apache.logging.log4j.core.config.AppenderControl;
1185:             2             64  akka.actor.BootstrapSetup
1186:             4             64  akka.actor.FSM$$anonfun$akka$actor$FSM$$handleEventDefault$1
1187:             4             64  akka.actor.FSM$$anonfun$receive$1
1188:             2             64  akka.actor.FSM$SilentState
1189:             2             64  akka.actor.FSM$State
1190:             4             64  akka.actor.LocalActorRefProvider$Guardian$$anonfun$receive$1
1191:             2             64  akka.actor.LocalActorRefProvider$SystemGuardian
1192:             4             64  akka.dispatch.UnboundedMailbox
1193:             2             64  akka.event.EventStreamUnsubscriber
1194:             4             64  akka.event.Logging$LogLevel
1195:             1             64  akka.protobufv3.internal.CodedInputStream$ArrayDecoder
1196:             2             64  akka.remote.AckedReceiveBuffer
1197:             2             64  akka.remote.AckedSendBuffer
1198:             2             64  akka.remote.AddressUidExtension
1199:             2             64  akka.remote.DefaultMessageDispatcher
1200:             2             64  akka.remote.EndpointManager$EndpointRegistry
1201:             4             64  akka.remote.HasSequenceNumber$$anon$2
1202:             2             64  akka.remote.serialization.ArteryMessageSerializer
1203:             2             64  akka.remote.serialization.DaemonMsgCreateSerializer
1204:             2             64  akka.remote.serialization.MessageContainerSerializer
1205:             2             64  akka.remote.serialization.SystemMessageSerializer
1206:             2             64  akka.remote.serialization.ThrowableSupport
1207:             2             64  akka.remote.transport.AkkaProtocolSettings
1208:             4             64  akka.remote.transport.AssociationHandle$ActorHandleEventListener
1209:             4             64  akka.remote.transport.Transport$ActorAssociationEventListener
1210:             2             64  akka.remote.transport.netty.TcpAssociationHandle
1211:             1             64  akka.routing.MurmurHash$
1212:             2             64  akka.routing.RoundRobinPool
1213:             2             64  akka.stream.SystemMaterializer
1214:             2             64  akka.stream.impl.StreamSupervisor
1215:             2             64  akka.stream.impl.streamref.StreamRefSettingsImpl
1216:             2             64  akka.util.SubclassifiedIndex
1217:             2             64  com.sun.jmx.mbeanserver.DefaultMXBeanMappingFactory$CollectionMapping
1218:             4             64  com.sun.proxy.$Proxy13
1219:             2             64  java.io.ByteArrayInputStream
1220:             2             64  java.io.PrintStream
1221:             1             64  java.io.StreamTokenizer
1222:             1             64  java.lang.ClassValue$ClassValueMap
1223:             2             64  java.lang.UnsupportedOperationException
1224:             2             64  java.lang.VirtualMachineError
1225:             2             64  java.lang.ref.ReferenceQueue$Null
1226:             2             64  java.lang.reflect.WeakCache$CacheKey
1227:             2             64  java.net.Socket
1228:             2             64  java.time.format.DateTimeFormatterBuilder$FractionPrinterParser
1229:             2             64  java.time.format.DateTimeFormatterBuilder$TextPrinterParser
1230:             2             64  java.time.temporal.IsoFields$Unit
1231:             2             64  java.util.PropertyPermission
1232:             2             64  java.util.concurrent.locks.ReentrantLock$FairSync
1233:             2             64  javax.script.ScriptEngineManager
1234:             4             64  javax.security.auth.login.AppConfigurationEntry$LoginModuleControlFlag
1235:             2             64  org.apache.flink.api.common.typeinfo.FractionalTypeInfo
1236:             1             64  org.apache.flink.runtime.io.network.partition.consumer.SingleInputGateFactory
1237:             1             64  org.apache.flink.runtime.metrics.groups.TaskManagerMetricGroup
1238:             2             64  org.apache.flink.runtime.rpc.akka.AkkaRpcServiceConfiguration
1239:             2             64  org.apache.flink.runtime.rpc.akka.SupervisorActor
1240:             2             64  org.apache.flink.runtime.rpc.akka.SupervisorActor$AkkaRpcActorRegistration
1241:             2             64  org.apache.flink.runtime.rpc.akka.exceptions.AkkaRpcException
1242:             4             64  org.apache.flink.runtime.state.heap.AbstractHeapMergingState$MergeTransformation
1243:             4             64  org.apache.flink.runtime.state.heap.HeapReducingState$ReduceTransformation
1244:             1             64  org.apache.flink.runtime.taskexecutor.TaskManagerRunner
1245:             4             64  org.apache.flink.shaded.guava30.com.google.common.collect.RegularImmutableList
1246:             2             64  org.apache.flink.shaded.netty4.io.netty.buffer.EmptyByteBuf
1247:             1             64  org.apache.flink.shaded.netty4.io.netty.buffer.PooledByteBufAllocator
1248:             2             64  org.apache.flink.shaded.netty4.io.netty.channel.AdaptiveRecvByteBufAllocator
1249:             1             64  org.apache.flink.shaded.netty4.io.netty.channel.ChannelOutboundBuffer
1250:             1             64  org.apache.flink.shaded.netty4.io.netty.channel.DefaultChannelPipeline$HeadContext
1251:             2             64  org.apache.flink.shaded.netty4.io.netty.channel.epoll.EpollEventLoopGroup
1252:             1             64  org.apache.flink.shaded.netty4.io.netty.util.concurrent.GlobalEventExecutor
1253:             1             64  org.apache.flink.shaded.netty4.io.netty.util.concurrent.ScheduledFutureTask
1254:             4             64  org.apache.flink.streaming.api.functions.aggregation.SumFunction$IntSum
1255:             4             64  org.apache.flink.streaming.api.functions.windowing.PassThroughWindowFunction
1256:             4             64  org.apache.flink.streaming.api.operators.InternalTimerServiceImpl$$Lambda$715/1931790851
1257:             4             64  org.apache.flink.streaming.api.windowing.triggers.ProcessingTimeTrigger
1258:             4             64  org.apache.flink.streaming.api.windowing.windows.TimeWindow$Serializer
1259:             4             64  org.apache.flink.streaming.runtime.operators.windowing.WindowOperator$1
1260:             2             64  org.apache.logging.log4j.core.appender.DefaultErrorHandler
1261:             1             64  org.apache.logging.log4j.core.appender.rolling.PatternProcessor
1262:             4             64  org.apache.logging.log4j.core.impl.ThreadContextDataInjector$ForCopyOnWriteThreadContextMap
1263:             2             64  org.apache.logging.log4j.core.layout.StringBuilderEncoder
1264:             4             64  org.apache.logging.log4j.core.lookup.StrMatcher$StringMatcher
1265:             2             64  org.apache.logging.log4j.core.pattern.DatePatternConverter$CachedTime
1266:             2             64  org.apache.logging.log4j.core.script.ScriptManager
1267:             2             64  org.apache.logging.log4j.core.util.WatchManager$ConfigurationMonitor
1268:             2             64  org.apache.logging.log4j.util.PropertiesUtil$Environment
1269:             2             64  org.apache.logging.log4j.util.SortedArrayStringMap
1270:             2             64  org.jboss.netty.bootstrap.ServerBootstrap
1271:             2             64  org.jboss.netty.bootstrap.ServerBootstrap$Binder
1272:             2             64  org.jboss.netty.channel.AdaptiveReceiveBufferSizePredictor
1273:             4             64  org.jboss.netty.channel.SucceededChannelFuture
1274:             2             64  org.jboss.netty.channel.group.DefaultChannelGroup
1275:             2             64  org.jboss.netty.channel.socket.DefaultServerSocketChannelConfig
1276:             2             64  org.jboss.netty.channel.socket.nio.NioClientSocketChannelFactory
1277:             2             64  org.jboss.netty.channel.socket.nio.NioServerBossPool
1278:             2             64  org.jboss.netty.channel.socket.nio.NioServerSocketChannelFactory
1279:             2             64  org.jboss.netty.util.HashedWheelTimer$Worker
1280:             2             64  org.jboss.netty.util.internal.ConcurrentIdentityWeakKeyHashMap$HashEntry
1281:             2             64  org.jboss.netty.util.internal.ConcurrentIdentityWeakKeyHashMap$WeakKeyReference
1282:             4             64  sun.net.www.protocol.jar.Handler
1283:             2             64  sun.nio.ch.ServerSocketAdaptor
1284:             2             64  sun.util.locale.UnicodeLocaleExtension
1285:             2             64  sun.util.locale.provider.LocaleResources
1286:             2             64  sun.util.locale.provider.LocaleServiceProviderPool
1287:             1             56  [Ljava.lang.Runnable;
1288:             1             56  [Lorg.apache.flink.runtime.execution.ExecutionState;
1289:             1             56  [Lsun.util.logging.PlatformLogger$Level;
1290:             1             56  [[I
1291:             1             56  akka.remote.WireFormats$RemoteEnvelope
1292:             1             56  java.net.SocketPermission
1293:             1             56  java.util.logging.LogManager
1294:             1             56  org.apache.flink.runtime.blob.TransientBlobCleanupTask
1295:             1             56  org.apache.flink.runtime.checkpoint.OperatorSubtaskState
1296:             1             56  org.apache.flink.runtime.filecache.FileCache
1297:             1             56  org.apache.flink.runtime.metrics.MetricRegistryImpl
1298:             1             56  org.apache.flink.runtime.metrics.ViewUpdater$ViewUpdaterTask
1299:             1             56  org.apache.flink.runtime.taskexecutor.TaskExecutorMemoryConfiguration
1300:             1             56  org.apache.flink.runtime.taskexecutor.TaskExecutorToResourceManagerConnection
1301:             1             56  org.apache.flink.runtime.taskexecutor.TaskExecutorToResourceManagerConnection$ResourceManagerRegistration
1302:             1             56  org.apache.flink.shaded.netty4.io.netty.bootstrap.ServerBootstrap
1303:             1             56  org.apache.flink.shaded.netty4.io.netty.channel.DefaultChannelHandlerContext
1304:             1             56  org.apache.flink.shaded.netty4.io.netty.channel.DefaultChannelPipeline$TailContext
1305:             1             56  org.apache.flink.shaded.netty4.io.netty.channel.epoll.AbstractEpollServerChannel$EpollServerSocketUnsafe
1306:             1             56  org.apache.logging.log4j.status.StatusLogger
1307:             1             56  org.jboss.netty.util.HashedWheelTimer$HashedWheelTimeout
1308:             1             56  sun.security.provider.SHA
1309:             2             48  [Lcom.github.yck.datasource.DataGenerateStrategy;
1310:             2             48  [Lcom.github.yck.datasource.DataGenerateStrategy;
1311:             2             48  [Lcom.github.yck.datasource.DataGenerateStrategy;
1312:             2             48  [Lcom.github.yck.datasource.DataGenerateStrategy;
1313:             2             48  [Lcom.github.yck.datasource.DataGenerateStrategy;
1314:             2             48  [Lcom.github.yck.datasource.DataGenerateStrategy;
1315:             1             48  [Lcom.sun.management.VMOption$Origin;
1316:             3             48  [Ljava.lang.annotation.Annotation;
1317:             1             48  [Ljava.lang.invoke.MethodHandleImpl$Intrinsic;
1318:             1             48  [Ljava.math.RoundingMode;
1319:             1             48  [Ljdk.net.SocketFlow$Status;
1320:             1             48  [Lorg.apache.flink.api.common.state.StateDescriptor$Type;
1321:             2             48  [Lorg.apache.flink.api.common.state.StateTtlConfig$StateVisibility;
1322:             2             48  [Lorg.apache.flink.api.common.state.StateTtlConfig$TtlTimeCharacteristic;
1323:             2             48  [Lorg.apache.flink.configuration.description.TextElement$TextStyle;
1324:             2             48  [Lorg.apache.flink.runtime.blob.BlobKey$BlobType;
1325:             1             48  [Lorg.apache.flink.runtime.io.network.buffer.Buffer$DataType;
1326:             2             48  [Lorg.apache.flink.runtime.rpc.messages.HandshakeSuccessMessage;
1327:             2             48  [Lorg.apache.flink.runtime.taskexecutor.FileType;
1328:             2             48  [Lorg.apache.flink.runtime.taskexecutor.HostBindPolicy;
1329:             2             48  [Lorg.apache.flink.streaming.api.graph.StreamConfig$InputRequirement;
1330:             1             48  [Lorg.apache.flink.util.TimeUtils$TimeUnit;
1331:             3             48  [Lorg.apache.logging.log4j.core.config.Property;
1332:             1             48  [[Ljava.lang.Object;
1333:             2             48  akka.actor.ActorSystemImpl$TerminationCallbacks
1334:             2             48  akka.actor.IgnoreActorRef
1335:             2             48  akka.actor.LocalActorRefProvider$$anon$1
1336:             2             48  akka.actor.LocalActorRefProvider$$anon$2
1337:             3             48  akka.actor.setup.ActorSystemSetup
1338:             2             48  akka.event.LoggerMailbox
1339:             1             48  akka.event.Logging$
1340:             2             48  akka.japi.pf.CaseStatement
1341:             1             48  akka.remote.ContainerFormats$Payload
1342:             1             48  akka.remote.ContainerFormats$SelectionEnvelope
1343:             2             48  akka.remote.DefaultFailureDetectorRegistry
1344:             2             48  akka.remote.EndpointManager$Pass
1345:             1             48  akka.remote.EndpointWriter$
1346:             2             48  akka.remote.RemoteActorRefProvider$$Lambda$344/742255664
1347:             2             48  akka.remote.RemoteActorRefProvider$Internals
1348:             2             48  akka.remote.RemoteActorRefProvider$RemoteDeadLetterActorRef
1349:             2             48  akka.remote.RemoteDeploymentWatcher
1350:             2             48  akka.remote.RemoteWatcher$$$Lambda$345/749486981
1351:             2             48  akka.remote.Remoting$TransportSupervisor
1352:             1             48  akka.remote.WireFormats$AddressData
1353:             1             48  akka.remote.WireFormats$AkkaHandshakeInfo
1354:             1             48  akka.remote.WireFormats$SerializedMessage
1355:             2             48  akka.remote.serialization.ActorRefResolveThreadLocalCache
1356:             2             48  akka.remote.serialization.ActorRefResolveThreadLocalCache$$anon$1
1357:             2             48  akka.remote.transport.ProtocolStateActor$ListenerReady
1358:             2             48  akka.remote.transport.TransportAdapters
1359:             2             48  akka.serialization.BooleanSerializer
1360:             2             48  akka.serialization.ByteArraySerializer
1361:             2             48  akka.serialization.ByteStringSerializer
1362:             2             48  akka.serialization.IntSerializer
1363:             2             48  akka.serialization.JavaSerializer
1364:             2             48  akka.serialization.LongSerializer
1365:             2             48  akka.serialization.Serialization$Information
1366:             2             48  akka.serialization.Serialization$Settings
1367:             2             48  akka.serialization.StringSerializer
1368:             2             48  akka.stream.ActorAttributes$StreamSubscriptionTimeout
1369:             2             48  akka.stream.Attributes$InputBuffer
1370:             2             48  akka.stream.StreamSubscriptionTimeoutSettings
1371:             2             48  akka.stream.impl.MaterializerGuardian$$$Lambda$414/1990733619
1372:             2             48  akka.util.ManifestInfo
1373:             2             48  com.github.yck.datasource.DataGenerateStrategy
1374:             2             48  com.github.yck.datasource.DataGenerateStrategy
1375:             2             48  com.github.yck.datasource.DataGenerateStrategy
1376:             2             48  com.github.yck.datasource.DataGenerateStrategy
1377:             2             48  com.github.yck.datasource.DataGenerateStrategy
1378:             2             48  com.github.yck.datasource.DataGenerateStrategy
1379:             3             48  com.github.yck.simpletask.StatefulTask$1
1380:             3             48  com.github.yck.simpletask.StatefulTask$1
1381:             3             48  com.github.yck.simpletask.StatefulTask$1
1382:             3             48  com.github.yck.simpletask.StatelessTask$1
1383:             2             48  com.sun.jmx.mbeanserver.ClassLoaderRepositorySupport$LoaderEntry
1384:             1             48  com.sun.jmx.mbeanserver.DefaultMXBeanMappingFactory$Mappings
1385:             2             48  com.sun.jmx.mbeanserver.WeakIdentityHashMap
1386:             2             48  com.typesafe.config.impl.FromMapMode
1387:             2             48  com.typesafe.config.impl.ResolveStatus
1388:             2             48  java.io.BufferedOutputStream
1389:             1             48  java.io.BufferedReader
1390:             2             48  java.io.File$PathStatus
1391:             2             48  java.io.OutputStreamWriter
1392:             2             48  java.lang.ClassValue$Version
1393:             1             48  java.lang.invoke.MethodHandleImpl$WrappedMember
1394:             2             48  java.lang.invoke.MethodHandles$Lookup
1395:             2             48  java.lang.reflect.Proxy$KeyX
1396:             2             48  java.lang.reflect.ReflectPermission
1397:             2             48  java.net.InetAddress$Cache
1398:             2             48  java.net.InetAddress$Cache$Type
1399:             2             48  java.net.InterfaceAddress
1400:             1             48  java.net.NetworkInterface
1401:             2             48  java.net.StandardProtocolFamily
1402:             3             48  java.nio.channels.spi.AbstractInterruptibleChannel$1
1403:             2             48  java.nio.charset.CoderResult
1404:             3             48  java.nio.charset.CodingErrorAction
1405:             2             48  java.security.AllPermissionCollection
1406:             2             48  java.time.format.DateTimeFormatterBuilder$1
1407:             2             48  java.time.format.DateTimeFormatterBuilder$ZoneIdPrinterParser
1408:             2             48  java.time.format.DateTimeTextProvider$LocaleStore
1409:             2             48  java.time.zone.ZoneOffsetTransition
1410:             2             48  java.util.Currency
1411:             3             48  java.util.Hashtable$EntrySet
1412:             2             48  java.util.TaskQueue
1413:             2             48  java.util.Timer
1414:             1             48  java.util.concurrent.CompletableFuture$Signaller
1415:             2             48  java.util.concurrent.Executors$DelegatedScheduledExecutorService
1416:             2             48  java.util.logging.Logger$LoggerBundle
1417:             2             48  java.util.regex.Pattern$6
1418:             3             48  java.util.regex.Pattern$Begin
1419:             2             48  java.util.regex.Pattern$SliceI
1420:             2             48  org.apache.flink.api.common.state.StateTtlConfig$StateVisibility
1421:             2             48  org.apache.flink.configuration.ClusterOptions$UncaughtExceptionHandleMode
1422:             2             48  org.apache.flink.configuration.JobManagerOptions$SchedulerType
1423:             1             48  org.apache.flink.configuration.TaskManagerOptions$1
1424:             2             48  org.apache.flink.core.memory.ManagedMemoryUseCase$Scope
1425:             2             48  org.apache.flink.runtime.blob.BlobKey$BlobType
1426:             2             48  org.apache.flink.runtime.concurrent.akka.ActorSystemScheduledExecutorAdapter
1427:             2             48  org.apache.flink.runtime.concurrent.akka.ClassLoadingUtils$ContextClassLoaderSettingExecutor
1428:             2             48  org.apache.flink.runtime.execution.librarycache.FlinkUserCodeClassLoaders$ResolveOrder
1429:             1             48  org.apache.flink.runtime.io.disk.BatchShuffleReadBufferPool
1430:             1             48  org.apache.flink.runtime.io.network.buffer.NetworkBufferPool
1431:             3             48  org.apache.flink.runtime.metrics.util.MetricUtils$$Lambda$458/1443173326
1432:             3             48  org.apache.flink.runtime.metrics.util.MetricUtils$$Lambda$459/318794136
1433:             3             48  org.apache.flink.runtime.metrics.util.MetricUtils$$Lambda$460/939254952
1434:             1             48  org.apache.flink.runtime.resourcemanager.TaskExecutorRegistration
1435:             2             48  org.apache.flink.runtime.rpc.AddressResolution
1436:             2             48  org.apache.flink.runtime.rpc.RpcEndpoint$MainThreadExecutor
1437:             3             48  org.apache.flink.runtime.rpc.akka.AkkaRpcActor$RpcEndpointTerminationResult
1438:             2             48  org.apache.flink.runtime.rpc.akka.AkkaRpcService$Supervisor
1439:             2             48  org.apache.flink.runtime.rpc.akka.AkkaRpcServiceUtils$AkkaProtocol
1440:             2             48  org.apache.flink.runtime.rpc.akka.DeadLettersActor
1441:             1             48  org.apache.flink.runtime.security.SecurityConfiguration
1442:             2             48  org.apache.flink.runtime.state.SnapshotExecutionType
1443:             1             48  org.apache.flink.runtime.taskexecutor.DefaultJobLeaderService
1444:             2             48  org.apache.flink.runtime.taskexecutor.FileType
1445:             2             48  org.apache.flink.runtime.taskexecutor.HostBindPolicy
1446:             1             48  org.apache.flink.runtime.util.EnvironmentInformation$Versions
1447:             1             48  org.apache.flink.shaded.guava30.com.google.common.collect.ImmutableListMultimap
1448:             1             48  org.apache.flink.shaded.netty4.io.netty.bootstrap.AbstractBootstrap$PendingRegistrationPromise
1449:             1             48  org.apache.flink.shaded.netty4.io.netty.bootstrap.Bootstrap
1450:             2             48  org.apache.flink.shaded.netty4.io.netty.buffer.PooledByteBufAllocator$PoolThreadLocalCache
1451:             2             48  org.apache.flink.shaded.netty4.io.netty.channel.ChannelMetadata
1452:             1             48  org.apache.flink.shaded.netty4.io.netty.channel.DefaultChannelPipeline
1453:             2             48  org.apache.flink.shaded.netty4.io.netty.channel.VoidChannelPromise
1454:             2             48  org.apache.flink.shaded.netty4.io.netty.util.concurrent.DefaultEventExecutorChooserFactory$GenericEventExecutorChooser
1455:             3             48  org.apache.flink.shaded.netty4.io.netty.util.concurrent.PromiseTask$SentinelRunnable
1456:             2             48  org.apache.flink.streaming.api.CheckpointingMode
1457:             2             48  org.apache.flink.streaming.api.graph.StreamConfig$InputRequirement
1458:             2             48  org.apache.logging.log4j.core.LoggerContext$1
1459:             1             48  org.apache.logging.log4j.core.appender.rolling.RollingFileManager$EmptyQueue
1460:             2             48  org.apache.logging.log4j.core.config.AppenderRef
1461:             3             48  org.apache.logging.log4j.core.config.DefaultAdvertiser
1462:             2             48  org.apache.logging.log4j.core.config.Loggers
1463:             2             48  org.apache.logging.log4j.core.config.status.StatusConfiguration$Verbosity
1464:             1             48  org.apache.logging.log4j.core.impl.Log4jProvider
1465:             2             48  org.apache.logging.log4j.core.jmx.AppenderAdmin
1466:             2             48  org.apache.logging.log4j.core.jmx.ContextSelectorAdmin
1467:             2             48  org.apache.logging.log4j.core.pattern.PatternParser
1468:             2             48  org.apache.logging.log4j.core.util.DefaultShutdownCallbackRegistry$RegisteredCancellable
1469:             2             48  org.apache.logging.log4j.core.util.Source
1470:             2             48  org.apache.logging.log4j.core.util.WatchManager$WatchRunnable
1471:             3             48  org.apache.logging.log4j.core.util.datetime.FastDateParser$CopyQuotedStrategy
1472:             3             48  org.apache.logging.log4j.core.util.datetime.FastDatePrinter$CharacterLiteral
1473:             1             48  org.apache.logging.log4j.simple.SimpleLogger
1474:             2             48  org.apache.logging.log4j.spi.LoggerRegistry
1475:             2             48  org.jboss.netty.channel.socket.nio.AbstractNioChannel$WriteRequestQueue
1476:             2             48  org.jboss.netty.handler.codec.frame.LengthFieldPrepender
1477:             1             48  org.jboss.netty.util.internal.ConcurrentIdentityWeakKeyHashMap
1478:             2             48  org.jboss.netty.util.internal.ThreadLocalBoolean
1479:             1             48  scala.Array$
1480:             1             48  scala.Predef$
1481:             2             48  scala.collection.immutable.TreeSet
1482:             2             48  scala.concurrent.Future$$Lambda$237/864221358
1483:             2             48  scala.concurrent.impl.Promise$$Lambda$238/1860886124
1484:             2             48  scala.util.DynamicVariable$$anon$1
1485:             1             48  scala.util.Properties$
1486:             1             48  scala.util.Properties$
1487:             2             48  sun.management.ManagementFactoryHelper$1
1488:             2             48  sun.misc.NativeSignalHandler
1489:             2             48  sun.nio.ch.Util$BufferCache
1490:             1             48  sun.nio.cs.StreamDecoder
1491:             2             48  sun.security.jca.ProviderList
1492:             2             48  sun.security.jca.ProviderList$3
1493:             2             48  sun.util.locale.LocaleExtensions
1494:             2             40  [Lcom.sun.jmx.mbeanserver.ClassLoaderRepositorySupport$LoaderEntry;
1495:             1             40  [Lcom.typesafe.config.ConfigValueType;
1496:             1             40  [Ljava.lang.management.MemoryPoolMXBean;
1497:             1             40  [Ljava.nio.charset.Charset;
1498:             1             40  [Ljava.time.format.SignStyle;
1499:             1             40  [Ljava.time.format.TextStyle;
1500:             2             40  [Ljava.time.zone.ZoneOffsetTransitionRule;
1501:             1             40  [Ljava.util.stream.StreamOpFlag;
1502:             1             40  [Lorg.apache.flink.runtime.net.ConnectionUtils$AddressDetectionState;
1503:             1             40  [Lorg.apache.flink.streaming.runtime.io.DataInputStatus;
1504:             1             40  [Lorg.apache.flink.util.OperatingSystem;
1505:             1             40  [Lorg.apache.logging.log4j.core.LifeCycle$State;
1506:             1             40  [Lorg.apache.logging.log4j.core.appender.rolling.FileExtension;
1507:             1             40  [Lorg.apache.logging.log4j.core.pattern.PatternParser$ParserState;
1508:             1             40  [Lorg.apache.logging.log4j.core.util.datetime.FastDatePrinter$Rule;
1509:             1             40  [Lsun.util.locale.provider.LocaleProviderAdapter$Type;
1510:             1             40  [[Ljava.lang.invoke.LambdaForm$Name;
1511:             1             40  akka.actor.ActorKilledException
1512:             1             40  akka.actor.LightArrayRevolverScheduler$
1513:             1             40  akka.remote.ContainerFormats$ActorIdentity
1514:             1             40  akka.remote.ContainerFormats$ActorRef
1515:             1             40  akka.remote.ContainerFormats$Identify
1516:             1             40  akka.remote.ContainerFormats$Selection
1517:             1             40  akka.remote.WireFormats$AckAndEnvelopeContainer
1518:             1             40  akka.remote.WireFormats$ActorRefData
1519:             1             40  akka.remote.WireFormats$AkkaControlMessage
1520:             1             40  akka.remote.WireFormats$AkkaProtocolMessage
1521:             1             40  akka.stream.Supervision$
1522:             1             40  akka.util.ManifestInfo$
1523:             1             40  com.sun.jmx.interceptor.DefaultMBeanServerInterceptor
1524:             1             40  com.sun.jmx.mbeanserver.JmxMBeanServer
1525:             1             40  com.sun.jmx.mbeanserver.MBeanServerDelegateImpl
1526:             1             40  java.time.format.DateTimeFormatterBuilder
1527:             1             40  java.util.ResourceBundle$1
1528:             1             40  java.util.concurrent.CompletableFuture$UniAccept
1529:             1             40  org.apache.flink.runtime.blob.BlobCacheSizeTracker
1530:             1             40  org.apache.flink.runtime.blob.PermanentBlobCache$PermanentBlobCleanupTask
1531:             1             40  org.apache.flink.runtime.checkpoint.PrioritizedOperatorSubtaskState
1532:             1             40  org.apache.flink.runtime.highavailability.nonha.standalone.StandaloneHaServices
1533:             1             40  org.apache.flink.runtime.instance.HardwareDescription
1534:             1             40  org.apache.flink.runtime.metrics.scope.ScopeFormats
1535:             1             40  org.apache.flink.runtime.state.TaskExecutorLocalStateStoresManager
1536:             1             40  org.apache.flink.shaded.netty4.io.netty.bootstrap.ServerBootstrap$ServerBootstrapAcceptor
1537:             1             40  org.apache.flink.shaded.netty4.io.netty.channel.AbstractChannel$CloseFuture
1538:             1             40  org.apache.logging.log4j.core.appender.rolling.DefaultRolloverStrategy
1539:             1             40  org.apache.logging.log4j.core.util.datetime.FastDateParser
1540:             1             40  scala.concurrent.duration.Duration$
1541:             1             40  sun.management.DiagnosticCommandImpl
1542:             1             40  sun.nio.cs.StandardCharsets$Aliases
1543:             1             40  sun.nio.cs.StandardCharsets$Cache
1544:             1             40  sun.nio.cs.StandardCharsets$Classes
1545:             1             40  sun.security.provider.ConfigFile$Spi
1546:             1             32  [Lcom.typesafe.config.ConfigSyntax;
1547:             1             32  [Lcom.typesafe.config.impl.ConfigIncludeKind;
1548:             1             32  [Lcom.typesafe.config.impl.OriginType;
1549:             2             32  [Ljava.lang.Enum;
1550:             1             32  [Ljava.lang.OutOfMemoryError;
1551:             1             32  [Ljava.lang.management.MemoryManagerMXBean;
1552:             1             32  [Ljava.net.Proxy$Type;
1553:             1             32  [Ljava.nio.file.StandardCopyOption;
1554:             2             32  [Ljava.security.cert.Certificate;
1555:             1             32  [Ljava.time.format.DateTimeFormatterBuilder$SettingsParser;
1556:             1             32  [Ljava.time.format.ResolverStyle;
1557:             1             32  [Ljava.time.temporal.IsoFields$Field;
1558:             1             32  [Ljava.time.temporal.TemporalUnit;
1559:             1             32  [Ljava.time.zone.ZoneOffsetTransitionRule$TimeDefinition;
1560:             1             32  [Ljava.util.stream.MatchOps$MatchKind;
1561:             1             32  [Ljava.util.stream.StreamShape;
1562:             1             32  [Lorg.apache.flink.api.common.JobStatus$TerminalState;
1563:             1             32  [Lorg.apache.flink.configuration.ClusterOptions$UserSystemExitMode;
1564:             1             32  [Lorg.apache.flink.runtime.checkpoint.CheckpointOptions$AlignmentType;
1565:             1             32  [Lorg.apache.flink.runtime.checkpoint.CheckpointType$PostCheckpointAction;
1566:             1             32  [Lorg.apache.flink.runtime.checkpoint.CheckpointType;
1567:             1             32  [Lorg.apache.flink.runtime.clusterframework.ApplicationStatus;
1568:             1             32  [Lorg.apache.flink.runtime.heartbeat.HeartbeatMonitorImpl$State;
1569:             1             32  [Lorg.apache.flink.runtime.io.network.api.serialization.RecordDeserializer$DeserializationResult;
1570:             1             32  [Lorg.apache.flink.runtime.io.network.netty.NettyConfig$TransportType;
1571:             1             32  [Lorg.apache.flink.runtime.io.network.partition.BoundedBlockingSubpartitionType;
1572:             1             32  [Lorg.apache.flink.runtime.io.network.partition.consumer.ChannelStatePersister$CheckpointStatus;
1573:             1             32  [Lorg.apache.flink.runtime.metrics.groups.AbstractMetricGroup$ChildType;
1574:             1             32  [Lorg.apache.flink.runtime.net.ConnectionUtils$LeaderConnectingAddressListener$LeaderRetrievalState;
1575:             1             32  [Lorg.apache.flink.runtime.rpc.akka.ControlMessages;
1576:             1             32  [Lorg.apache.flink.runtime.taskexecutor.DefaultJobLeaderService$State;
1577:             1             32  [Lorg.apache.flink.runtime.taskexecutor.slot.TaskSlotState;
1578:             1             32  [Lorg.apache.flink.runtime.taskexecutor.slot.TaskSlotTableImpl$State;
1579:             1             32  [Lorg.apache.flink.shaded.guava30.com.google.common.base.AbstractIterator$State;
1580:             1             32  [Lorg.apache.flink.shaded.guava30.com.google.common.collect.AbstractIterator$State;
1581:             1             32  [Lorg.apache.flink.shaded.netty4.io.netty.util.ResourceLeakDetector$Level;
1582:             1             32  [Lorg.apache.flink.streaming.api.TimeCharacteristic;
1583:             1             32  [Lorg.apache.flink.streaming.api.environment.CheckpointConfig$ExternalizedCheckpointCleanup;
1584:             1             32  [Lorg.apache.flink.streaming.api.windowing.triggers.TriggerResult;
1585:             1             32  [Lorg.apache.flink.streaming.runtime.tasks.SourceStreamTask$FinishingReason;
1586:             1             32  [Lorg.apache.flink.streaming.runtime.tasks.mailbox.TaskMailbox$State;
1587:             1             32  [Lorg.apache.logging.log4j.core.config.LoggerConfig$LoggerConfigPredicate;
1588:             1             32  [Lorg.apache.logging.log4j.core.util.datetime.FixedDateFormat$FixedTimeZoneFormat;
1589:             1             32  [Lorg.jboss.netty.channel.ChannelState;
1590:             1             32  [Lsun.misc.FormattedFloatingDecimal$Form;
1591:             1             32  [Lsun.security.provider.NativePRNG$Variant;
1592:             1             32  akka.actor.ActorCell$
1593:             2             32  akka.actor.ActorSystemImpl$$Lambda$236/2143739483
1594:             2             32  akka.actor.ActorSystemImpl$$anon$2
1595:             2             32  akka.actor.ActorSystemImpl$TerminationCallbacks$$Lambda$235/1302725372
1596:             2             32  akka.actor.ActorSystemImpl$TerminationCallbacks$$anonfun$addRec$1$1
1597:             2             32  akka.actor.LocalActorRefProvider$$anonfun$rootGuardianStrategy$1
1598:             2             32  akka.actor.LocalActorRefProvider$SystemGuardian$$anonfun$receive$2
1599:             1             32  akka.actor.Props$
1600:             2             32  akka.actor.ReflectiveDynamicAccess
1601:             1             32  akka.actor.SupervisorStrategy$
1602:             1             32  akka.actor.VirtualPathContainer
1603:             1             32  akka.dispatch.CachingConfig$
1604:             2             32  akka.dispatch.Mailboxes$$anon$1$$anon$2
1605:             1             32  akka.dispatch.ThreadPoolConfig$
1606:             2             32  akka.event.AddressTerminatedTopic
1607:             2             32  akka.event.BusLogging$$anonfun$$lessinit$greater$3
1608:             2             32  akka.event.EventStream$$anon$1
1609:             2             32  akka.event.EventStreamUnsubscriber$$anonfun$receive$1
1610:             1             32  akka.event.LogSource$
1611:             2             32  akka.event.LoggerMailboxType
1612:             2             32  akka.event.Logging$LogExt
1613:             2             32  akka.event.slf4j.Slf4jLogger$$anonfun$receive$1
1614:             2             32  akka.event.slf4j.Slf4jLoggingFilter
1615:             2             32  akka.japi.pf.PFBuilder
1616:             2             32  akka.japi.pf.PFBuilder$4
1617:             1             32  akka.protobufv3.internal.ExtensionRegistry
1618:             2             32  akka.remote.EndpointManager$$anonfun$1
1619:             2             32  akka.remote.EndpointManager$$anonfun$2
1620:             2             32  akka.remote.EndpointReader$$anonfun$receive$2
1621:             2             32  akka.remote.EndpointWriter$$anonfun$2
1622:             2             32  akka.remote.EndpointWriter$$anonfun$3
1623:             2             32  akka.remote.EndpointWriter$$anonfun$4
1624:             2             32  akka.remote.RARP
1625:             2             32  akka.remote.ReliableDeliverySupervisor$$anonfun$1
1626:             2             32  akka.remote.ReliableDeliverySupervisor$$anonfun$receive$1
1627:             2             32  akka.remote.RemoteActorRefProvider$RemotingTerminator$$anonfun$1
1628:             2             32  akka.remote.RemoteActorRefProvider$RemotingTerminator$$anonfun$2
1629:             2             32  akka.remote.RemoteActorRefProvider$RemotingTerminator$$anonfun$3
1630:             2             32  akka.remote.RemoteActorRefProvider$RemotingTerminator$$anonfun$4
1631:             2             32  akka.remote.RemoteDeploymentWatcher$$anonfun$receive$1
1632:             2             32  akka.remote.RemoteMetricsOff
1633:             2             32  akka.remote.RemoteWatcher$$anonfun$receive$1
1634:             2             32  akka.remote.RemoteWatcher$HeartbeatRsp
1635:             2             32  akka.remote.Remoting$TransportSupervisor$$anonfun$receive$1
1636:             1             32  akka.remote.artery.ArteryTransport$
1637:             2             32  akka.remote.serialization.MiscMessageSerializer$$Lambda$355/696165690
1638:             2             32  akka.remote.serialization.MiscMessageSerializer$$Lambda$356/2054451662
1639:             2             32  akka.remote.serialization.MiscMessageSerializer$$Lambda$357/1659309731
1640:             2             32  akka.remote.serialization.MiscMessageSerializer$$Lambda$358/1734184086
1641:             2             32  akka.remote.serialization.MiscMessageSerializer$$Lambda$360/1170111701
1642:             2             32  akka.remote.serialization.MiscMessageSerializer$$Lambda$361/1985028494
1643:             2             32  akka.remote.serialization.MiscMessageSerializer$$Lambda$362/830863979
1644:             2             32  akka.remote.serialization.MiscMessageSerializer$$Lambda$363/1832283291
1645:             2             32  akka.remote.serialization.MiscMessageSerializer$$Lambda$364/1532554556
1646:             2             32  akka.remote.serialization.MiscMessageSerializer$$Lambda$365/620423816
1647:             2             32  akka.remote.serialization.MiscMessageSerializer$$Lambda$366/976358110
1648:             2             32  akka.remote.serialization.MiscMessageSerializer$$Lambda$372/1496220730
1649:             2             32  akka.remote.serialization.MiscMessageSerializer$$Lambda$373/1135935001
1650:             2             32  akka.remote.serialization.MiscMessageSerializer$$Lambda$374/355885103
1651:             2             32  akka.remote.serialization.MiscMessageSerializer$$Lambda$375/1321115948
1652:             2             32  akka.remote.serialization.MiscMessageSerializer$$Lambda$376/1649847375
1653:             2             32  akka.remote.serialization.MiscMessageSerializer$$Lambda$378/1950136544
1654:             2             32  akka.remote.serialization.MiscMessageSerializer$$Lambda$379/209360730
1655:             2             32  akka.remote.serialization.MiscMessageSerializer$$Lambda$380/1971152916
1656:             2             32  akka.remote.serialization.MiscMessageSerializer$$Lambda$381/1324173038
1657:             2             32  akka.remote.serialization.MiscMessageSerializer$$Lambda$382/1663488386
1658:             2             32  akka.remote.serialization.MiscMessageSerializer$$Lambda$383/577127077
1659:             2             32  akka.remote.serialization.MiscMessageSerializer$$Lambda$384/1924990666
1660:             2             32  akka.remote.serialization.MiscMessageSerializer$$Lambda$385/1572745406
1661:             2             32  akka.remote.serialization.MiscMessageSerializer$$Lambda$386/295640874
1662:             2             32  akka.remote.serialization.MiscMessageSerializer$$Lambda$387/375097969
1663:             2             32  akka.remote.serialization.MiscMessageSerializer$$Lambda$388/1060042118
1664:             1             32  akka.remote.transport.AkkaPduProtobufCodec$
1665:             2             32  akka.remote.transport.AkkaProtocolManager$$anonfun$1
1666:             2             32  akka.remote.transport.AkkaProtocolManager$$anonfun$ready$1
1667:             2             32  akka.remote.transport.FailureInjectorProvider
1668:             2             32  akka.remote.transport.ProtocolStateActor$$anonfun$2
1669:             2             32  akka.remote.transport.ProtocolStateActor$$anonfun$3
1670:             2             32  akka.remote.transport.ProtocolStateActor$$anonfun$4
1671:             2             32  akka.remote.transport.ProtocolStateActor$$anonfun$5
1672:             2             32  akka.remote.transport.ThrottlerProvider
1673:             2             32  akka.remote.transport.netty.NettyTransport$$anon$3
1674:             1             32  akka.remote.transport.netty.TcpClientHandler
1675:             2             32  akka.stream.ActorAttributes$DebugLogging
1676:             2             32  akka.stream.ActorAttributes$Dispatcher
1677:             2             32  akka.stream.ActorAttributes$FuzzingMode
1678:             2             32  akka.stream.ActorAttributes$MaxFixedBufferSize
1679:             2             32  akka.stream.ActorAttributes$OutputBurstLimit
1680:             2             32  akka.stream.ActorAttributes$SupervisionStrategy
1681:             2             32  akka.stream.ActorAttributes$SyncProcessingLimit
1682:             2             32  akka.stream.Attributes
1683:             2             32  akka.stream.Attributes$NestedMaterializationCancellationPolicy
1684:             2             32  akka.stream.IOSettings
1685:             2             32  akka.stream.impl.FlowNames
1686:             2             32  akka.stream.impl.MaterializerGuardian$$anonfun$receive$1
1687:             2             32  akka.stream.impl.StreamSupervisor$$$Lambda$416/1058432446
1688:             2             32  akka.stream.impl.StreamSupervisor$$anonfun$receive$1
1689:             1             32  akka.util.ByteString$
1690:             2             32  akka.util.ReentrantGuard
1691:             2             32  akka.util.Switch
1692:             1             32  com.github.yck.datasource.WebLogDataGenerator
1693:             1             32  com.github.yck.datasource.WebLogDataGenerator
1694:             1             32  com.github.yck.datasource.WebLogDataGenerator
1695:             1             32  com.github.yck.datasource.WebLogDataGenerator
1696:             1             32  com.github.yck.datasource.WebLogDataGenerator
1697:             1             32  com.github.yck.datasource.WebLogDataGenerator
1698:             2             32  com.github.yck.simpletask.StatelessTask$1
1699:             1             32  com.sun.jmx.mbeanserver.Repository
1700:             1             32  java.io.UnixFileSystem
1701:             1             32  java.lang.ArithmeticException
1702:             1             32  java.lang.ArrayIndexOutOfBoundsException
1703:             1             32  java.lang.ClassCastException
1704:             2             32  java.lang.ClassValue$Identity
1705:             1             32  java.lang.NullPointerException
1706:             2             32  java.lang.Shutdown$Lock
1707:             1             32  java.lang.StackTraceElement
1708:             1             32  java.lang.StringCoding$StringDecoder
1709:             1             32  java.lang.Throwable
1710:             1             32  java.lang.reflect.WeakCache
1711:             2             32  java.nio.ByteOrder
1712:             1             32  java.nio.file.attribute.FileTime
1713:             2             32  java.nio.file.attribute.PosixFilePermissions$1
1714:             1             32  java.security.MessageDigest$Delegate
1715:             2             32  java.time.format.DateTimeFormatterBuilder$StringLiteralPrinterParser
1716:             2             32  java.util.IdentityHashMap$KeySet
1717:             2             32  java.util.Timer$1
1718:             2             32  java.util.concurrent.CompletableFuture$AltResult
1719:             1             32  java.util.concurrent.Semaphore$NonfairSync
1720:             1             32  java.util.concurrent.ThreadLocalRandom
1721:             1             32  java.util.concurrent.atomic.AtomicLongFieldUpdater$CASUpdater
1722:             1             32  java.util.logging.LogManager$SystemLoggerContext
1723:             1             32  java.util.regex.Pattern$BnM
1724:             2             32  java.util.regex.Pattern$Dot
1725:             2             32  javax.script.SimpleBindings
1726:             2             32  jdk.nashorn.api.scripting.NashornScriptEngineFactory
1727:             2             32  org.apache.flink.runtime.blob.VoidBlobStore
1728:             1             32  org.apache.flink.runtime.checkpoint.CheckpointOptions
1729:             1             32  org.apache.flink.runtime.execution.librarycache.BlobLibraryCacheManager
1730:             1             32  org.apache.flink.runtime.execution.librarycache.BlobLibraryCacheManager$DefaultClassLoaderFactory
1731:             2             32  org.apache.flink.runtime.heartbeat.HeartbeatMonitorImpl$Factory
1732:             1             32  org.apache.flink.runtime.instance.InstanceID
1733:             1             32  org.apache.flink.runtime.io.disk.iomanager.IOManagerAsync
1734:             1             32  org.apache.flink.runtime.io.network.netty.NettyClient
1735:             1             32  org.apache.flink.runtime.io.network.netty.NettyConfig
1736:             1             32  org.apache.flink.runtime.io.network.netty.NettyConnectionManager
1737:             1             32  org.apache.flink.runtime.io.network.netty.NettyServer
1738:             1             32  org.apache.flink.runtime.io.network.netty.NettyServer$ServerChannelInitializer
1739:             1             32  org.apache.flink.runtime.io.network.partition.TaskExecutorPartitionTrackerImpl
1740:             1             32  org.apache.flink.runtime.metrics.dump.MetricDumpSerialization$MetricDumpSerializer
1741:             1             32  org.apache.flink.runtime.metrics.scope.JobManagerJobScopeFormat
1742:             1             32  org.apache.flink.runtime.metrics.scope.JobManagerScopeFormat
1743:             1             32  org.apache.flink.runtime.metrics.scope.OperatorScopeFormat
1744:             1             32  org.apache.flink.runtime.metrics.scope.TaskManagerJobScopeFormat
1745:             1             32  org.apache.flink.runtime.metrics.scope.TaskManagerScopeFormat
1746:             1             32  org.apache.flink.runtime.metrics.scope.TaskScopeFormat
1747:             2             32  org.apache.flink.runtime.metrics.util.MetricUtils$$Lambda$455/829737737
1748:             2             32  org.apache.flink.runtime.metrics.util.MetricUtils$$Lambda$456/1296109622
1749:             1             32  org.apache.flink.runtime.resourcemanager.ResourceManagerId
1750:             2             32  org.apache.flink.runtime.rpc.MainThreadValidatorUtil
1751:             2             32  org.apache.flink.runtime.rpc.RpcEndpoint$$Lambda$439/614580607
1752:             2             32  org.apache.flink.runtime.rpc.akka.AkkaRpcActor$$Lambda$436/1072785421
1753:             2             32  org.apache.flink.runtime.rpc.akka.AkkaRpcActor$$Lambda$437/1607035972
1754:             2             32  org.apache.flink.runtime.rpc.akka.AkkaRpcActor$$Lambda$438/1712226107
1755:             2             32  org.apache.flink.runtime.rpc.akka.DeadLettersActor$$Lambda$431/1960365035
1756:             2             32  org.apache.flink.runtime.rpc.akka.SupervisorActor$$Lambda$429/2002899046
1757:             2             32  org.apache.flink.runtime.rpc.akka.SupervisorActor$$Lambda$430/1359376425
1758:             1             32  org.apache.flink.runtime.security.modules.JaasModule
1759:             1             32  org.apache.flink.runtime.security.modules.ZooKeeperModule
1760:             1             32  org.apache.flink.runtime.state.TaskExecutorStateChangelogStoragesManager
1761:             1             32  org.apache.flink.runtime.taskexecutor.KvStateService
1762:             1             32  org.apache.flink.runtime.taskexecutor.slot.DefaultTimerService
1763:             1             32  org.apache.flink.shaded.guava30.com.google.common.collect.Iterators$ArrayItr
1764:             1             32  org.apache.flink.shaded.guava30.com.google.common.util.concurrent.ThreadFactoryBuilder
1765:             2             32  org.apache.flink.shaded.netty4.io.netty.buffer.PooledByteBufAllocator$1
1766:             2             32  org.apache.flink.shaded.netty4.io.netty.buffer.PooledByteBufAllocatorMetric
1767:             1             32  org.apache.flink.shaded.netty4.io.netty.channel.DefaultChannelId
1768:             2             32  org.apache.flink.shaded.netty4.io.netty.channel.ReflectiveChannelFactory
1769:             1             32  org.apache.flink.shaded.netty4.io.netty.util.ResourceLeakDetector
1770:             1             32  org.apache.flink.shaded.netty4.io.netty.util.concurrent.DefaultPromise$StacklessCancellationException
1771:             1             32  org.apache.flink.shaded.netty4.io.netty.util.concurrent.DefaultThreadFactory
1772:             2             32  org.apache.flink.shaded.netty4.io.netty.util.concurrent.MultithreadEventExecutorGroup$1
1773:             2             32  org.apache.flink.shaded.netty4.io.netty.util.concurrent.ThreadPerTaskExecutor
1774:             2             32  org.apache.flink.shaded.netty4.io.netty.util.internal.logging.Slf4JLoggerFactory
1775:             2             32  org.apache.flink.streaming.runtime.watermarkstatus.WatermarkStatus
1776:             1             32  org.apache.logging.log4j.core.appender.rolling.SizeBasedTriggeringPolicy
1777:             1             32  org.apache.logging.log4j.core.impl.ThrowableFormatOptions
1778:             2             32  org.apache.logging.log4j.core.layout.PatternLayout$PatternFormatterPatternSerializer
1779:             2             32  org.apache.logging.log4j.core.lookup.ContextMapLookup
1780:             2             32  org.apache.logging.log4j.core.lookup.EventLookup
1781:             2             32  org.apache.logging.log4j.core.lookup.MainMapLookup
1782:             2             32  org.apache.logging.log4j.core.lookup.ResourceBundleLookup
1783:             2             32  org.apache.logging.log4j.core.lookup.StrMatcher$CharSetMatcher
1784:             2             32  org.apache.logging.log4j.core.lookup.StructuredDataLookup
1785:             1             32  org.apache.logging.log4j.core.util.DefaultShutdownCallbackRegistry
1786:             2             32  org.apache.logging.log4j.core.util.SystemClock
1787:             1             32  org.apache.logging.log4j.core.util.datetime.FastDatePrinter
1788:             2             32  org.apache.logging.log4j.spi.LoggerRegistry$ConcurrentMapFactory
1789:             1             32  org.apache.logging.log4j.status.StatusLogger$BoundedQueue
1790:             2             32  org.apache.logging.log4j.util.EnvironmentPropertySource
1791:             2             32  org.apache.logging.log4j.util.PropertiesUtil
1792:             2             32  org.apache.logging.log4j.util.PropertyFilePropertySource
1793:             2             32  org.apache.logging.log4j.util.PropertySource$Comparator
1794:             2             32  org.apache.logging.log4j.util.SystemPropertiesPropertySource
1795:             1             32  org.jboss.netty.buffer.EmptyChannelBuffer
1796:             2             32  org.jboss.netty.buffer.HeapChannelBufferFactory
1797:             2             32  org.jboss.netty.channel.group.DefaultChannelGroup$1
1798:             2             32  org.jboss.netty.channel.socket.nio.AbstractNioChannel$WriteTask
1799:             2             32  org.jboss.netty.channel.socket.nio.NioClientBoss$1
1800:             2             32  org.jboss.netty.channel.socket.nio.NioClientSocketPipelineSink
1801:             2             32  org.jboss.netty.channel.socket.nio.NioServerSocketPipelineSink
1802:             1             32  scala.collection.immutable.Map$WithDefault
1803:             2             32  scala.concurrent.Promise$$Lambda$239/1250499735
1804:             2             32  scala.concurrent.duration.Deadline
1805:             1             32  scala.math.BigDecimal$
1806:             1             32  scala.math.BigInt$
1807:             1             32  scala.reflect.ManifestFactory$AnyManifest
1808:             1             32  scala.reflect.ManifestFactory$AnyValPhantomManifest
1809:             1             32  scala.reflect.ManifestFactory$NothingManifest
1810:             1             32  scala.reflect.ManifestFactory$NullManifest
1811:             1             32  scala.reflect.ManifestFactory$ObjectManifest
1812:             1             32  scala.sys.SystemProperties$
1813:             2             32  scala.util.Right
1814:             1             32  scala.util.control.BreakControl
1815:             2             32  sun.nio.ch.SocketDispatcher
1816:             1             32  sun.nio.cs.StandardCharsets
1817:             1             32  sun.nio.fs.LinuxFileSystem
1818:             1             32  sun.reflect.generics.reflectiveObjects.WildcardTypeImpl
1819:             2             32  sun.reflect.generics.tree.ArrayTypeSignature
1820:             2             32  sun.security.provider.NativePRNG
1821:             1             32  sun.security.provider.SecureRandom
1822:             1             24  [Lcom.typesafe.config.impl.FromMapMode;
1823:             1             24  [Lcom.typesafe.config.impl.ResolveStatus;
1824:             1             24  [Ljava.io.File$PathStatus;
1825:             1             24  [Ljava.net.InetAddress$Cache$Type;
1826:             1             24  [Ljava.net.InterfaceAddress;
1827:             1             24  [Ljava.net.StandardProtocolFamily;
1828:             1             24  [Ljava.nio.file.LinkOption;
1829:             1             24  [Ljava.time.temporal.IsoFields$Unit;
1830:             1             24  [Ljava.time.zone.ZoneOffsetTransition;
1831:             1             24  [Ljava.util.Comparators$NaturalOrderComparator;
1832:             1             24  [Ljava.util.Locale$Category;
1833:             1             24  [Lorg.apache.flink.configuration.ClusterOptions$UncaughtExceptionHandleMode;
1834:             1             24  [Lorg.apache.flink.configuration.JobManagerOptions$SchedulerType;
1835:             1             24  [Lorg.apache.flink.configuration.SchedulerExecutionMode;
1836:             1             24  [Lorg.apache.flink.core.memory.ManagedMemoryUseCase$Scope;
1837:             1             24  [Lorg.apache.flink.runtime.execution.librarycache.FlinkUserCodeClassLoaders$ResolveOrder;
1838:             1             24  [Lorg.apache.flink.runtime.io.disk.iomanager.IOManagerAsync$ReaderThread;
1839:             1             24  [Lorg.apache.flink.runtime.io.disk.iomanager.IOManagerAsync$WriterThread;
1840:             1             24  [Lorg.apache.flink.runtime.rpc.AddressResolution;
1841:             1             24  [Lorg.apache.flink.runtime.rpc.akka.AkkaRpcActor$StartedState;
1842:             1             24  [Lorg.apache.flink.runtime.rpc.akka.AkkaRpcActor$StoppedState;
1843:             1             24  [Lorg.apache.flink.runtime.rpc.akka.AkkaRpcServiceUtils$AkkaProtocol;
1844:             1             24  [Lorg.apache.flink.runtime.state.SnapshotExecutionType;
1845:             1             24  [Lorg.apache.flink.streaming.api.CheckpointingMode;
1846:             1             24  [Lorg.apache.logging.log4j.core.appender.ConsoleAppender$Target;
1847:             1             24  [Lorg.apache.logging.log4j.core.appender.rolling.TriggeringPolicy;
1848:             1             24  [Lorg.apache.logging.log4j.core.async.ThreadNameCachingStrategy;
1849:             1             24  [Lorg.apache.logging.log4j.core.config.status.StatusConfiguration$Verbosity;
1850:             1             24  [Lorg.apache.logging.log4j.core.pattern.ArrayPatternConverter;
1851:             1             24  [Lorg.apache.logging.log4j.core.pattern.FormattingInfo;
1852:             1             24  [Lorg.apache.logging.log4j.core.pattern.NameAbbreviator$MaxElementAbbreviator$Strategy;
1853:             1             24  [Lsun.launcher.LauncherHelper;
1854:             1             24  akka.actor.Actor$
1855:             1             24  akka.actor.Address$
1856:             1             24  akka.actor.Cancellable$
1857:             1             24  akka.actor.FSM$
1858:             1             24  akka.actor.IgnoreActorRef$
1859:             1             24  akka.actor.IndirectActorProducer$
1860:             1             24  akka.actor.Nobody$
1861:             1             24  akka.actor.ProviderSelection$
1862:             1             24  akka.actor.ProviderSelection$Remote$
1863:             1             24  akka.dispatch.Dispatchers$
1864:             1             24  akka.dispatch.Mailbox$
1865:             1             24  akka.dispatch.internal.SameThreadExecutionContext$$anon$1
1866:             1             24  akka.dispatch.sysmsg.SystemMessageList$
1867:             1             24  akka.event.Logging$StandardOutLogger
1868:             1             24  akka.pattern.PromiseActorRef$
1869:             1             24  akka.protobufv3.internal.ByteString$LiteralByteString
1870:             1             24  akka.protobufv3.internal.UnknownFieldSet
1871:             1             24  akka.remote.transport.AkkaProtocolTransport$
1872:             1             24  akka.remote.transport.netty.ChannelLocalActor$
1873:             1             24  akka.remote.transport.netty.NettyTransport$
1874:             1             24  akka.remote.transport.netty.TcpServerHandler
1875:             1             24  akka.serialization.JavaSerializer$CurrentSystem
1876:             1             24  akka.stream.Attributes$NestedMaterializationCancellationPolicy$
1877:             1             24  akka.stream.impl.PhasedFusingActorMaterializer$
1878:             1             24  akka.stream.impl.StreamSupervisor$
1879:             1             24  akka.util.ByteString$ByteString1
1880:             1             24  akka.util.ByteString$ByteString1$
1881:             1             24  akka.util.Helpers$
1882:             1             24  com.sun.jmx.mbeanserver.ClassLoaderRepositorySupport
1883:             1             24  com.sun.jmx.mbeanserver.MXBeanLookup
1884:             1             24  com.sun.jmx.remote.util.ClassLogger
1885:             1             24  com.typesafe.config.impl.ConfigDelayedMerge
1886:             1             24  com.typesafe.config.impl.ConfigDelayedMergeObject
1887:             1             24  com.typesafe.config.impl.ConfigImpl$LoaderCache
1888:             1             24  java.io.ExpiringCache$Entry
1889:             1             24  java.io.InputStreamReader
1890:             1             24  java.lang.ProcessEnvironment$StringEnvironment
1891:             1             24  java.lang.invoke.MethodHandleImpl$4
1892:             1             24  java.lang.invoke.MethodHandleImpl$ArrayAccessor$1
1893:             1             24  java.lang.invoke.MethodType$ConcurrentWeakInternSet
1894:             1             24  java.math.MutableBigInteger
1895:             1             24  java.net.Inet6AddressImpl
1896:             1             24  java.net.InetAddress$CacheEntry
1897:             1             24  java.net.Proxy
1898:             1             24  java.nio.file.LinkOption
1899:             1             24  java.time.Period
1900:             1             24  java.time.ZoneRegion
1901:             1             24  java.time.format.DecimalStyle
1902:             1             24  java.time.temporal.IsoFields$Field$1
1903:             1             24  java.time.temporal.IsoFields$Field$2
1904:             1             24  java.time.temporal.IsoFields$Field$3
1905:             1             24  java.time.temporal.IsoFields$Field$4
1906:             1             24  java.time.zone.TzdbZoneRulesProvider
1907:             1             24  java.util.Collections$3
1908:             1             24  java.util.Collections$EmptyMap
1909:             1             24  java.util.Collections$SynchronizedRandomAccessList
1910:             1             24  java.util.Comparators$NaturalOrderComparator
1911:             1             24  java.util.Locale$Cache
1912:             1             24  java.util.OptionalLong
1913:             1             24  java.util.ResourceBundle$Control$CandidateListCache
1914:             1             24  java.util.concurrent.ConcurrentLinkedDeque
1915:             1             24  java.util.concurrent.TimeUnit$1
1916:             1             24  java.util.concurrent.TimeUnit$2
1917:             1             24  java.util.concurrent.TimeUnit$3
1918:             1             24  java.util.concurrent.TimeUnit$4
1919:             1             24  java.util.concurrent.TimeUnit$5
1920:             1             24  java.util.concurrent.TimeUnit$6
1921:             1             24  java.util.concurrent.TimeUnit$7
1922:             1             24  java.util.jar.Manifest
1923:             1             24  java.util.logging.LogManager$LoggerContext
1924:             1             24  java.util.logging.LoggingPermission
1925:             1             24  javax.management.NotificationBroadcasterSupport
1926:             1             24  javax.security.auth.login.AppConfigurationEntry
1927:             1             24  org.apache.flink.api.common.state.StateTtlConfig$TtlTimeCharacteristic
1928:             1             24  org.apache.flink.configuration.SchedulerExecutionMode
1929:             1             24  org.apache.flink.configuration.description.TextElement$TextStyle
1930:             1             24  org.apache.flink.core.fs.UnsupportedSchemeFactory
1931:             1             24  org.apache.flink.core.fs.local.LocalFileSystem
1932:             1             24  org.apache.flink.core.plugin.DefaultPluginManager
1933:             1             24  org.apache.flink.runtime.blob.BlobCacheService
1934:             1             24  org.apache.flink.runtime.clusterframework.types.ResourceBudgetManager
1935:             1             24  org.apache.flink.runtime.entrypoint.ClusterInformation
1936:             1             24  org.apache.flink.runtime.io.network.netty.NettyProtocol
1937:             1             24  org.apache.flink.runtime.io.network.netty.PartitionRequestClientFactory
1938:             1             24  org.apache.flink.runtime.io.network.partition.BoundedBlockingSubpartitionType$1
1939:             1             24  org.apache.flink.runtime.io.network.partition.BoundedBlockingSubpartitionType$2
1940:             1             24  org.apache.flink.runtime.io.network.partition.BoundedBlockingSubpartitionType$3
1941:             1             24  org.apache.flink.runtime.io.network.partition.BoundedBlockingSubpartitionType$4
1942:             1             24  org.apache.flink.runtime.io.network.partition.ResultPartitionManager
1943:             1             24  org.apache.flink.runtime.jobmaster.ResourceManagerAddress
1944:             1             24  org.apache.flink.runtime.metrics.ViewUpdater
1945:             1             24  org.apache.flink.runtime.query.KvStateRegistry
1946:             1             24  org.apache.flink.runtime.rpc.akka.AkkaRpcActor$StartedState
1947:             1             24  org.apache.flink.runtime.rpc.akka.AkkaRpcActor$StoppedState
1948:             1             24  org.apache.flink.runtime.rpc.akka.CleanupOnCloseRpcSystem
1949:             1             24  org.apache.flink.runtime.rpc.akka.PrioritySettingThreadFactory
1950:             1             24  org.apache.flink.runtime.rpc.akka.PriorityThreadsDispatcher
1951:             1             24  org.apache.flink.runtime.rpc.messages.HandshakeSuccessMessage
1952:             1             24  org.apache.flink.runtime.security.DynamicConfiguration
1953:             1             24  org.apache.flink.runtime.taskexecutor.DefaultJobTable
1954:             1             24  org.apache.flink.runtime.taskexecutor.EstablishedResourceManagerConnection
1955:             1             24  org.apache.flink.runtime.taskexecutor.TaskExecutorRegistrationSuccess
1956:             1             24  org.apache.flink.runtime.taskexecutor.TaskManagerRunner$$Lambda$76/1760126453
1957:             1             24  org.apache.flink.runtime.taskmanager.UnresolvedTaskManagerLocation
1958:             1             24  org.apache.flink.runtime.util.JvmShutdownSafeguard$DelayedTerminator
1959:             1             24  org.apache.flink.shaded.netty4.io.netty.bootstrap.ServerBootstrap$ServerBootstrapAcceptor$1
1960:             1             24  org.apache.flink.shaded.netty4.io.netty.channel.ChannelOption$1
1961:             1             24  org.apache.flink.shaded.netty4.io.netty.channel.SucceededChannelFuture
1962:             1             24  org.apache.flink.shaded.netty4.io.netty.channel.WriteBufferWaterMark
1963:             1             24  org.apache.flink.shaded.netty4.io.netty.channel.epoll.LinuxSocket
1964:             1             24  org.apache.flink.shaded.netty4.io.netty.resolver.DefaultAddressResolverGroup
1965:             1             24  org.apache.flink.shaded.netty4.io.netty.util.ResourceLeakDetectorFactory$DefaultResourceLeakDetectorFactory
1966:             1             24  org.apache.flink.shaded.netty4.io.netty.util.concurrent.FailedFuture
1967:             1             24  org.apache.flink.shaded.netty4.io.netty.util.internal.DefaultPriorityQueue
1968:             1             24  org.apache.flink.shaded.netty4.io.netty.util.internal.ThreadExecutorMap$2
1969:             1             24  org.apache.flink.shaded.netty4.io.netty.util.internal.ThreadExecutorMap$3
1970:             1             24  org.apache.flink.streaming.api.windowing.assigners.WindowStagger$1
1971:             1             24  org.apache.flink.streaming.api.windowing.assigners.WindowStagger$2
1972:             1             24  org.apache.flink.streaming.api.windowing.assigners.WindowStagger$3
1973:             1             24  org.apache.flink.streaming.util.LatencyStats$Granularity$1
1974:             1             24  org.apache.flink.streaming.util.LatencyStats$Granularity$2
1975:             1             24  org.apache.flink.streaming.util.LatencyStats$Granularity$3
1976:             1             24  org.apache.logging.log4j.core.appender.ConsoleAppender$Target$1
1977:             1             24  org.apache.logging.log4j.core.appender.ConsoleAppender$Target$2
1978:             1             24  org.apache.logging.log4j.core.appender.rolling.CompositeTriggeringPolicy
1979:             1             24  org.apache.logging.log4j.core.appender.rolling.FileExtension$1
1980:             1             24  org.apache.logging.log4j.core.appender.rolling.FileExtension$2
1981:             1             24  org.apache.logging.log4j.core.appender.rolling.FileExtension$3
1982:             1             24  org.apache.logging.log4j.core.appender.rolling.FileExtension$4
1983:             1             24  org.apache.logging.log4j.core.appender.rolling.FileExtension$5
1984:             1             24  org.apache.logging.log4j.core.appender.rolling.FileExtension$6
1985:             1             24  org.apache.logging.log4j.core.appender.rolling.OnStartupTriggeringPolicy
1986:             1             24  org.apache.logging.log4j.core.async.ThreadNameCachingStrategy$1
1987:             1             24  org.apache.logging.log4j.core.async.ThreadNameCachingStrategy$2
1988:             1             24  org.apache.logging.log4j.core.config.LoggerConfig$LoggerConfigPredicate$1
1989:             1             24  org.apache.logging.log4j.core.config.LoggerConfig$LoggerConfigPredicate$2
1990:             1             24  org.apache.logging.log4j.core.config.LoggerConfig$LoggerConfigPredicate$3
1991:             1             24  org.apache.logging.log4j.core.config.json.JsonConfigurationFactory
1992:             1             24  org.apache.logging.log4j.core.config.plugins.util.PluginRegistry
1993:             1             24  org.apache.logging.log4j.core.config.yaml.YamlConfigurationFactory
1994:             1             24  org.apache.logging.log4j.core.impl.Log4jContextFactory
1995:             1             24  org.apache.logging.log4j.core.pattern.IntegerPatternConverter
1996:             1             24  org.apache.logging.log4j.core.pattern.LevelPatternConverter$SimpleLevelPatternConverter
1997:             1             24  org.apache.logging.log4j.core.pattern.LineSeparatorPatternConverter
1998:             1             24  org.apache.logging.log4j.core.pattern.LoggerPatternConverter
1999:             1             24  org.apache.logging.log4j.core.pattern.MessagePatternConverter$SimpleMessagePatternConverter
2000:             1             24  org.apache.logging.log4j.core.pattern.NameAbbreviator$MaxElementAbbreviator$Strategy$1
2001:             1             24  org.apache.logging.log4j.core.pattern.NameAbbreviator$MaxElementAbbreviator$Strategy$2
2002:             1             24  org.apache.logging.log4j.core.pattern.NdcPatternConverter
2003:             1             24  org.apache.logging.log4j.core.pattern.SimpleLiteralPatternConverter$Space
2004:             1             24  org.apache.logging.log4j.core.pattern.ThreadNamePatternConverter
2005:             1             24  org.apache.logging.log4j.core.util.datetime.FastDateFormat
2006:             1             24  org.apache.logging.log4j.core.util.datetime.FastDatePrinter$PaddedNumberField
2007:             1             24  org.apache.logging.log4j.core.util.datetime.FormatCache$MultipartKey
2008:             1             24  org.apache.logging.log4j.message.SimpleMessage
2009:             1             24  org.apache.logging.log4j.status.StatusConsoleListener
2010:             1             24  org.apache.logging.slf4j.Log4jLoggerFactory
2011:             1             24  org.apache.logging.slf4j.Log4jMarker
2012:             1             24  org.jboss.netty.channel.AdaptiveReceiveBufferSizePredictorFactory
2013:             1             24  org.jboss.netty.channel.socket.nio.NioClientSocketPipelineSink$1
2014:             1             24  org.jboss.netty.util.internal.SharedResourceMisuseDetector
2015:             1             24  org.slf4j.helpers.SubstituteLoggerFactory
2016:             1             24  scala.PartialFunction$
2017:             1             24  scala.collection.IndexedSeq$
2018:             1             24  scala.collection.Traversable$
2019:             1             24  scala.collection.immutable.HashMap$$anon$2
2020:             1             24  scala.collection.immutable.List$
2021:             1             24  scala.collection.immutable.MapLike$$anon$2
2022:             1             24  scala.collection.immutable.Queue$EmptyQueue$
2023:             1             24  scala.collection.immutable.Vector$
2024:             1             24  scala.collection.mutable.WrappedArray$ofRef
2025:             1             24  scala.compat.java8.OptionConverters$
2026:             1             24  scala.concurrent.Future$
2027:             1             24  scala.reflect.ManifestFactory$BooleanManifest
2028:             1             24  scala.reflect.ManifestFactory$ByteManifest
2029:             1             24  scala.reflect.ManifestFactory$CharManifest
2030:             1             24  scala.reflect.ManifestFactory$DoubleManifest
2031:             1             24  scala.reflect.ManifestFactory$FloatManifest
2032:             1             24  scala.reflect.ManifestFactory$IntManifest
2033:             1             24  scala.reflect.ManifestFactory$LongManifest
2034:             1             24  scala.reflect.ManifestFactory$ShortManifest
2035:             1             24  scala.reflect.ManifestFactory$UnitManifest
2036:             1             24  scala.reflect.package$
2037:             1             24  scala.sys.BooleanProp$BooleanPropImpl
2038:             1             24  scala.util.DynamicVariable
2039:             1             24  scala.util.hashing.MurmurHash3$
2040:             1             24  scala.util.matching.Regex
2041:             1             24  sun.launcher.LauncherHelper
2042:             1             24  sun.management.CompilationImpl
2043:             1             24  sun.management.MemoryImpl
2044:             1             24  sun.management.OperatingSystemImpl
2045:             1             24  sun.management.RuntimeImpl
2046:             1             24  sun.management.ThreadImpl
2047:             1             24  sun.management.VMManagementImpl
2048:             1             24  sun.misc.URLClassPath$FileLoader
2049:             1             24  sun.net.ProgressMonitor
2050:             1             24  sun.net.sdp.SdpProvider
2051:             1             24  sun.net.www.MimeTable
2052:             1             24  sun.nio.cs.ISO_8859_1
2053:             1             24  sun.nio.cs.US_ASCII
2054:             1             24  sun.nio.cs.UTF_16
2055:             1             24  sun.nio.cs.UTF_16BE
2056:             1             24  sun.nio.cs.UTF_16LE
2057:             1             24  sun.nio.cs.UTF_8
2058:             1             24  sun.reflect.generics.tree.Wildcard
2059:             1             24  sun.security.provider.ConfigFile
2060:             1             24  sun.util.locale.BaseLocale$Cache
2061:             1             24  sun.util.locale.provider.CalendarDataProviderImpl
2062:             1             24  sun.util.locale.provider.CalendarProviderImpl
2063:             1             24  sun.util.locale.provider.CurrencyNameProviderImpl
2064:             1             24  sun.util.locale.provider.DateFormatSymbolsProviderImpl
2065:             1             24  sun.util.locale.provider.DecimalFormatSymbolsProviderImpl
2066:             1             24  sun.util.locale.provider.NumberFormatProviderImpl
2067:             1             16  [Lcom.typesafe.config.impl.BadMap$Entry;
2068:             1             16  [Ljava.lang.Throwable;
2069:             1             16  [Ljava.net.NetworkInterface;
2070:             1             16  [Ljava.nio.file.attribute.FileAttribute;
2071:             1             16  [Ljava.security.Provider;
2072:             1             16  [Ljava.security.cert.X509Certificate;
2073:             1             16  [Ljava.text.FieldPosition;
2074:             1             16  [Ljava.util.logging.Handler;
2075:             1             16  [Ljavax.security.cert.X509Certificate;
2076:             1             16  [Lorg.apache.flink.runtime.checkpoint.InflightDataRescalingDescriptor$InflightDataGateOrPartitionRescalingDescriptor;
2077:             1             16  [Lorg.apache.flink.runtime.shuffle.ShuffleServiceLoader;
2078:             1             16  [Lorg.apache.flink.runtime.util.config.memory.ManagedMemoryUtils;
2079:             1             16  [Lorg.apache.flink.shaded.netty4.io.netty.util.AsciiString;
2080:             1             16  [Lorg.apache.flink.shaded.netty4.io.netty.util.DefaultAttributeMap$DefaultAttribute;
2081:             1             16  [Lorg.apache.logging.log4j.core.appender.rolling.action.Action;
2082:             1             16  akka.Version$
2083:             1             16  akka.actor.Actor$$$Lambda$257/1558395480
2084:             1             16  akka.actor.ActorCell$$$Lambda$227/399373008
2085:             1             16  akka.actor.ActorCell$$Lambda$245/1907021208
2086:             1             16  akka.actor.ActorCell$$anon$1
2087:             1             16  akka.actor.ActorCell$$anon$2
2088:             1             16  akka.actor.ActorKilledException$
2089:             1             16  akka.actor.ActorPath$
2090:             1             16  akka.actor.ActorPath$$Lambda$555/1681157863
2091:             1             16  akka.actor.ActorPathExtractor$
2092:             1             16  akka.actor.ActorRef$
2093:             1             16  akka.actor.ActorSelection$
2094:             1             16  akka.actor.ActorSystem$
2095:             1             16  akka.actor.ActorSystem$Settings$
2096:             1             16  akka.actor.ActorSystem$Settings$$Lambda$122/949581868
2097:             1             16  akka.actor.ActorSystem$Settings$$Lambda$123/940087898
2098:             1             16  akka.actor.Address$$$Lambda$101/2100440237
2099:             1             16  akka.actor.AddressFromURIString$
2100:             1             16  akka.actor.BootstrapSetup$
2101:             1             16  akka.actor.Cancellable$$anon$8
2102:             1             16  akka.actor.Cancellable$$anon$9
2103:             1             16  akka.actor.ChildActorPath$$Lambda$228/2069500590
2104:             1             16  akka.actor.ChildActorPath$$Lambda$559/1555089093
2105:             1             16  akka.actor.ChildNameReserved$
2106:             1             16  akka.actor.ChildRestartStats$
2107:             1             16  akka.actor.CreatorFunctionConsumer
2108:             1             16  akka.actor.DeadLetter$$Lambda$573/1013059084
2109:             1             16  akka.actor.DeadLetter$$Lambda$574/1086894693
2110:             1             16  akka.actor.Deploy$
2111:             1             16  akka.actor.FSM$$minus$greater$
2112:             1             16  akka.actor.FSM$Event$
2113:             1             16  akka.actor.FSM$FixedDelayMode$
2114:             1             16  akka.actor.FSM$NullFunction$
2115:             1             16  akka.actor.FSM$SingleMode$
2116:             1             16  akka.actor.FSM$State$
2117:             1             16  akka.actor.FSM$StateTimeout$
2118:             1             16  akka.actor.FSM$StopEvent$
2119:             1             16  akka.actor.InternalActorRef$
2120:             1             16  akka.actor.Kill$
2121:             1             16  akka.actor.LightArrayRevolverScheduler$$Lambda$161/40191541
2122:             1             16  akka.actor.LightArrayRevolverScheduler$$Lambda$162/1937380187
2123:             1             16  akka.actor.LightArrayRevolverScheduler$$Lambda$163/366803687
2124:             1             16  akka.actor.LightArrayRevolverScheduler$$Lambda$164/1033917063
2125:             1             16  akka.actor.LightArrayRevolverScheduler$$Lambda$165/801569151
2126:             1             16  akka.actor.LightArrayRevolverScheduler$$Lambda$166/1026483832
2127:             1             16  akka.actor.LightArrayRevolverScheduler$$anon$3$$Lambda$169/58488213
2128:             1             16  akka.actor.LightArrayRevolverScheduler$$anon$4
2129:             1             16  akka.actor.LightArrayRevolverScheduler$$anon$5
2130:             1             16  akka.actor.LightArrayRevolverScheduler$$anon$6
2131:             1             16  akka.actor.LightArrayRevolverScheduler$$anon$7
2132:             1             16  akka.actor.LocalActorRefProvider$$Lambda$544/861673068
2133:             1             16  akka.actor.LocalActorRefProvider$$Lambda$556/1072114567
2134:             1             16  akka.actor.LocalScope$
2135:             1             16  akka.actor.NoScopeGiven$
2136:             1             16  akka.actor.OneForOneStrategy$
2137:             1             16  akka.actor.OneForOneStrategy$$Lambda$215/1966355106
2138:             1             16  akka.actor.PoisonPill$
2139:             1             16  akka.actor.Props$$$Lambda$223/79290250
2140:             1             16  akka.actor.ReflectiveDynamicAccess$$Lambda$159/85415531
2141:             1             16  akka.actor.ReflectiveDynamicAccess$$Lambda$160/1341404543
2142:             1             16  akka.actor.RelativeActorPath$
2143:             1             16  akka.actor.RootActorPath$
2144:             1             16  akka.actor.SelectParent$
2145:             1             16  akka.actor.SerializedNobody
2146:             1             16  akka.actor.SupervisorStrategy$$$Lambda$216/1141113940
2147:             1             16  akka.actor.SupervisorStrategy$$anonfun$1
2148:             1             16  akka.actor.SupervisorStrategy$$anonfun$stoppingDecider$1$1
2149:             1             16  akka.actor.SystemGuardian$RegisterTerminationHook$
2150:             1             16  akka.actor.dungeon.ChildrenContainer$EmptyChildrenContainer$
2151:             1             16  akka.actor.dungeon.FaultHandling$NoFailedInfo$
2152:             1             16  akka.actor.dungeon.ReceiveTimeout$
2153:             1             16  akka.actor.setup.ActorSystemSetup$
2154:             1             16  akka.actor.setup.ActorSystemSetup$$$Lambda$109/691098155
2155:             1             16  akka.actor.setup.ActorSystemSetup$$Lambda$112/1759250827
2156:             1             16  akka.actor.setup.ActorSystemSetup$$Lambda$121/1537772520
2157:             1             16  akka.dispatch.CachingConfig$ValuePathEntry$
2158:             1             16  akka.dispatch.Envelope$
2159:             1             16  akka.dispatch.ExecutionContexts$
2160:             1             16  akka.dispatch.MonitorableThreadFactory$
2161:             1             16  akka.dispatch.MonitorableThreadFactory$$anon$2
2162:             1             16  akka.dispatch.SaneRejectedExecutionHandler
2163:             1             16  akka.dispatch.ThreadPoolConfig$$$Lambda$417/559050604
2164:             1             16  akka.dispatch.ThreadPoolConfigBuilder$$Lambda$419/1726616678
2165:             1             16  akka.dispatch.internal.SameThreadExecutionContext$
2166:             1             16  akka.dispatch.internal.ScalaBatchable$
2167:             1             16  akka.dispatch.sysmsg.EarliestFirstSystemMessageList$
2168:             1             16  akka.dispatch.sysmsg.LatestFirstSystemMessageList$
2169:             1             16  akka.dispatch.sysmsg.NoMessage$
2170:             1             16  akka.event.AddressTerminatedTopic$
2171:             1             16  akka.event.EventStreamUnsubscriber$
2172:             1             16  akka.event.LogSource$$anon$2
2173:             1             16  akka.event.LogSource$$anon$3
2174:             1             16  akka.event.LogSource$$anon$4
2175:             1             16  akka.event.LogSource$$anon$5
2176:             1             16  akka.event.LogSource$$anon$6
2177:             1             16  akka.event.Logging$Info$
2178:             1             16  akka.event.Logging$LogExt$
2179:             1             16  akka.event.Logging$LogLevel$
2180:             1             16  akka.event.Logging$LoggerInitialized$
2181:             1             16  akka.event.Logging$SerializedStandardOutLogger
2182:             1             16  akka.event.LoggingBus$$Lambda$247/369805307
2183:             1             16  akka.event.LoggingFilterWithMarker$
2184:             1             16  akka.event.SubchannelClassification$$Lambda$153/1963075870
2185:             1             16  akka.event.SubchannelClassification$$Lambda$154/397071633
2186:             1             16  akka.event.SubchannelClassification$$Lambda$271/913242382
2187:             1             16  akka.event.slf4j.Logger$
2188:             1             16  akka.event.slf4j.Slf4jLogger$$Lambda$274/105040415
2189:             1             16  akka.japi.Util$
2190:             1             16  akka.japi.pf.CaseStatement$
2191:             1             16  akka.japi.pf.ReceiveBuilder$$Lambda$428/1437178315
2192:             1             16  akka.pattern.AskableActorRef$
2193:             1             16  akka.pattern.AskableActorSelection$
2194:             1             16  akka.pattern.Patterns$
2195:             1             16  akka.pattern.PromiseActorRef$$$Lambda$258/628392976
2196:             1             16  akka.pattern.PromiseActorRef$Registering$
2197:             1             16  akka.pattern.PromiseActorRef$Stopped$
2198:             1             16  akka.pattern.package$
2199:             1             16  akka.protobufv3.internal.ByteString$2
2200:             1             16  akka.protobufv3.internal.ByteString$ArraysByteArrayCopier
2201:             1             16  akka.protobufv3.internal.ExtensionRegistryLite
2202:             1             16  akka.protobufv3.internal.UnknownFieldSet$Parser
2203:             1             16  akka.protobufv3.internal.UnsafeUtil$JvmMemoryAccessor
2204:             1             16  akka.protobufv3.internal.Utf8$UnsafeProcessor
2205:             1             16  akka.remote.AckedReceiveBuffer$
2206:             1             16  akka.remote.AckedSendBuffer$
2207:             1             16  akka.remote.AddressUidExtension$
2208:             1             16  akka.remote.AddressUrlEncoder$
2209:             1             16  akka.remote.ByteStringUtils$
2210:             1             16  akka.remote.ContainerFormats$ActorIdentity$1
2211:             1             16  akka.remote.ContainerFormats$ActorRef$1
2212:             1             16  akka.remote.ContainerFormats$Identify$1
2213:             1             16  akka.remote.ContainerFormats$PatternType$1
2214:             1             16  akka.remote.ContainerFormats$Payload$1
2215:             1             16  akka.remote.ContainerFormats$Selection$1
2216:             1             16  akka.remote.ContainerFormats$SelectionEnvelope$1
2217:             1             16  akka.remote.DeadlineFailureDetector$$Lambda$517/427781561
2218:             1             16  akka.remote.DeadlineFailureDetector$$Lambda$518/1633821326
2219:             1             16  akka.remote.EndpointManager$$Lambda$277/1236813222
2220:             1             16  akka.remote.EndpointManager$$Lambda$513/280356907
2221:             1             16  akka.remote.EndpointManager$$Lambda$539/1238080956
2222:             1             16  akka.remote.EndpointManager$$anonfun$receive$2$$Lambda$330/1574933282
2223:             1             16  akka.remote.EndpointManager$$anonfun$receive$2$$Lambda$336/1447246040
2224:             1             16  akka.remote.EndpointManager$EndpointRegistry$$Lambda$514/1768442210
2225:             1             16  akka.remote.EndpointManager$Prune$
2226:             1             16  akka.remote.EndpointManager$Send$
2227:             1             16  akka.remote.EndpointManager$StartupFinished$
2228:             1             16  akka.remote.EndpointReader$
2229:             1             16  akka.remote.EndpointWriter$$Lambda$516/1806592648
2230:             1             16  akka.remote.EndpointWriter$AckIdleCheckTimer$
2231:             1             16  akka.remote.EndpointWriter$FlushAndStop$
2232:             1             16  akka.remote.FailureDetector$
2233:             1             16  akka.remote.FailureDetector$$anon$1
2234:             1             16  akka.remote.FailureDetectorLoader$
2235:             1             16  akka.remote.HasSequenceNumber$
2236:             1             16  akka.remote.MessageSerializer$
2237:             1             16  akka.remote.RARP$
2238:             1             16  akka.remote.ReliableDeliverySupervisor$
2239:             1             16  akka.remote.ReliableDeliverySupervisor$$Lambda$515/1944716734
2240:             1             16  akka.remote.ReliableDeliverySupervisor$AttemptSysMsgRedelivery$
2241:             1             16  akka.remote.ReliableDeliverySupervisor$Idle$
2242:             1             16  akka.remote.ReliableDeliverySupervisor$IsIdle$
2243:             1             16  akka.remote.RemoteActorRefProvider$$Lambda$327/72386655
2244:             1             16  akka.remote.RemoteActorRefProvider$Idle$
2245:             1             16  akka.remote.RemoteActorRefProvider$Uninitialized$
2246:             1             16  akka.remote.RemoteActorRefProvider$WaitDaemonShutdown$
2247:             1             16  akka.remote.RemoteActorRefProvider$WaitTransportShutdown$
2248:             1             16  akka.remote.RemoteDeployer$$Lambda$217/938463537
2249:             1             16  akka.remote.RemoteMetricsExtension$
2250:             1             16  akka.remote.RemoteSettings$$Lambda$172/1161148117
2251:             1             16  akka.remote.RemoteSettings$$Lambda$173/516875052
2252:             1             16  akka.remote.RemoteSettings$$Lambda$174/1131592118
2253:             1             16  akka.remote.RemoteSettings$$Lambda$175/589987187
2254:             1             16  akka.remote.RemoteSettings$$Lambda$176/1262609629
2255:             1             16  akka.remote.RemoteSettings$$Lambda$177/587180314
2256:             1             16  akka.remote.RemoteSettings$$Lambda$178/1955990522
2257:             1             16  akka.remote.RemoteSettings$$Lambda$179/69673470
2258:             1             16  akka.remote.RemoteSettings$$Lambda$180/1082411691
2259:             1             16  akka.remote.RemoteSettings$$Lambda$181/527211736
2260:             1             16  akka.remote.RemoteSettings$$Lambda$182/1533123860
2261:             1             16  akka.remote.RemoteSettings$$Lambda$183/1718906711
2262:             1             16  akka.remote.RemoteSettings$$Lambda$184/71802912
2263:             1             16  akka.remote.RemoteSettings$$Lambda$185/2134271532
2264:             1             16  akka.remote.RemoteSettings$$Lambda$186/686349795
2265:             1             16  akka.remote.RemoteSettings$$Lambda$187/1831010686
2266:             1             16  akka.remote.RemoteSettings$$Lambda$188/1423768154
2267:             1             16  akka.remote.RemoteSettings$$Lambda$189/404222443
2268:             1             16  akka.remote.RemoteSettings$$Lambda$190/1987977423
2269:             1             16  akka.remote.RemoteSettings$$Lambda$191/61073295
2270:             1             16  akka.remote.RemoteSettings$$Lambda$192/807322507
2271:             1             16  akka.remote.RemoteSettings$$Lambda$193/396485834
2272:             1             16  akka.remote.RemoteSettings$$Lambda$194/283039401
2273:             1             16  akka.remote.RemoteSettings$$Lambda$195/207471778
2274:             1             16  akka.remote.RemoteSettings$$Lambda$196/1243171897
2275:             1             16  akka.remote.RemoteSettings$$Lambda$197/1376151044
2276:             1             16  akka.remote.RemoteSettings$$Lambda$198/873175411
2277:             1             16  akka.remote.RemoteSettings$$Lambda$199/1443967876
2278:             1             16  akka.remote.RemoteSettings$$Lambda$200/1449772539
2279:             1             16  akka.remote.RemoteSettings$$Lambda$201/926859124
2280:             1             16  akka.remote.RemoteSettings$$Lambda$202/1603696865
2281:             1             16  akka.remote.RemoteSettings$$Lambda$203/12905860
2282:             1             16  akka.remote.RemoteSettings$$Lambda$207/1816522350
2283:             1             16  akka.remote.RemoteWatcher$
2284:             1             16  akka.remote.RemoteWatcher$ArteryHeartbeat$
2285:             1             16  akka.remote.RemoteWatcher$Heartbeat$
2286:             1             16  akka.remote.RemoteWatcher$HeartbeatTick$
2287:             1             16  akka.remote.RemoteWatcher$ReapUnreachableTick$
2288:             1             16  akka.remote.Remoting$
2289:             1             16  akka.remote.Remoting$$Lambda$338/475394679
2290:             1             16  akka.remote.Remoting$$Lambda$339/1574615832
2291:             1             16  akka.remote.Remoting$$Lambda$340/1049590050
2292:             1             16  akka.remote.WireFormats$AckAndEnvelopeContainer$1
2293:             1             16  akka.remote.WireFormats$ActorRefData$1
2294:             1             16  akka.remote.WireFormats$AddressData$1
2295:             1             16  akka.remote.WireFormats$AkkaControlMessage$1
2296:             1             16  akka.remote.WireFormats$AkkaHandshakeInfo$1
2297:             1             16  akka.remote.WireFormats$AkkaProtocolMessage$1
2298:             1             16  akka.remote.WireFormats$CommandType$1
2299:             1             16  akka.remote.WireFormats$RemoteEnvelope$1
2300:             1             16  akka.remote.WireFormats$SerializedMessage$1
2301:             1             16  akka.remote.artery.ArterySettings$
2302:             1             16  akka.remote.artery.ArterySettings$$Lambda$171/1714688478
2303:             1             16  akka.remote.artery.ArterySettings$AeronUpd$
2304:             1             16  akka.remote.artery.ArterySettings$Tcp$
2305:             1             16  akka.remote.artery.LruBoundedCache$$Lambda$551/633135266
2306:             1             16  akka.remote.artery.LruBoundedCache$$Lambda$552/422608764
2307:             1             16  akka.remote.artery.LruBoundedCache$$Lambda$553/1000780922
2308:             1             16  akka.remote.serialization.ActorRefResolveThreadLocalCache$
2309:             1             16  akka.remote.serialization.MessageContainerSerializer$$Lambda$571/1790810067
2310:             1             16  akka.remote.serialization.MiscMessageSerializer$$Lambda$359/1758893871
2311:             1             16  akka.remote.serialization.MiscMessageSerializer$$Lambda$367/1415439780
2312:             1             16  akka.remote.serialization.MiscMessageSerializer$$Lambda$368/1632789609
2313:             1             16  akka.remote.serialization.MiscMessageSerializer$$Lambda$369/124494140
2314:             1             16  akka.remote.serialization.MiscMessageSerializer$$Lambda$370/708443754
2315:             1             16  akka.remote.serialization.MiscMessageSerializer$$Lambda$371/50720817
2316:             1             16  akka.remote.serialization.MiscMessageSerializer$$Lambda$377/2144067911
2317:             1             16  akka.remote.transport.AbstractTransportAdapter$$Lambda$302/2140746958
2318:             1             16  akka.remote.transport.ActorTransportAdapter$
2319:             1             16  akka.remote.transport.ActorTransportAdapterManager$$anonfun$receive$1$$Lambda$341/684225619
2320:             1             16  akka.remote.transport.AkkaPduCodec$Heartbeat$
2321:             1             16  akka.remote.transport.AkkaProtocolSettings$$Lambda$294/98114058
2322:             1             16  akka.remote.transport.AkkaProtocolSettings$$Lambda$295/1002352813
2323:             1             16  akka.remote.transport.AssociationHandle$Unknown$
2324:             1             16  akka.remote.transport.HandshakeInfo$
2325:             1             16  akka.remote.transport.ProtocolStateActor$
2326:             1             16  akka.remote.transport.ProtocolStateActor$$Lambda$524/771983892
2327:             1             16  akka.remote.transport.ProtocolStateActor$$Lambda$534/1452318846
2328:             1             16  akka.remote.transport.ProtocolStateActor$Closed$
2329:             1             16  akka.remote.transport.ProtocolStateActor$HandshakeTimer$
2330:             1             16  akka.remote.transport.ProtocolStateActor$HeartbeatTimer$
2331:             1             16  akka.remote.transport.ProtocolStateActor$Open$
2332:             1             16  akka.remote.transport.ProtocolStateActor$WaitHandshake$
2333:             1             16  akka.remote.transport.TransportAdapters$$Lambda$290/1674731464
2334:             1             16  akka.remote.transport.TransportAdaptersExtension$
2335:             1             16  akka.remote.transport.netty.NettyFutureBridge$
2336:             1             16  akka.remote.transport.netty.NettyTransport$$Lambda$531/1638852559
2337:             1             16  akka.remote.transport.netty.NettyTransportSettings$$Lambda$279/970588110
2338:             1             16  akka.remote.transport.netty.NettyTransportSettings$$Lambda$280/935510475
2339:             1             16  akka.routing.ConsistentHashingPool$
2340:             1             16  akka.routing.ConsistentHashingRouter$emptyConsistentHashMapping$
2341:             1             16  akka.routing.MurmurHash$$$Lambda$253/1976023393
2342:             1             16  akka.routing.MurmurHash$$$Lambda$254/1611021477
2343:             1             16  akka.routing.NoRouter$
2344:             1             16  akka.routing.Pool$
2345:             1             16  akka.routing.Pool$$anonfun$1
2346:             1             16  akka.routing.Resizer$
2347:             1             16  akka.routing.RoundRobinPool$
2348:             1             16  akka.serialization.BaseSerializer$
2349:             1             16  akka.serialization.JavaSerializer$
2350:             1             16  akka.serialization.NullSerializer$
2351:             1             16  akka.serialization.Serialization$
2352:             1             16  akka.serialization.Serialization$$Lambda$353/1541433310
2353:             1             16  akka.serialization.Serialization$$Lambda$389/388802347
2354:             1             16  akka.serialization.Serialization$$Lambda$390/1107579932
2355:             1             16  akka.serialization.Serialization$$Lambda$391/1627010197
2356:             1             16  akka.serialization.Serialization$$Lambda$395/1373949107
2357:             1             16  akka.serialization.Serialization$$Lambda$396/1230013344
2358:             1             16  akka.serialization.Serialization$$Lambda$403/575360353
2359:             1             16  akka.serialization.Serialization$$Lambda$405/809383315
2360:             1             16  akka.serialization.Serialization$$Lambda$407/1627883152
2361:             1             16  akka.serialization.Serialization$Settings$$Lambda$352/259319861
2362:             1             16  akka.serialization.SerializationExtension$
2363:             1             16  akka.serialization.Serializers$
2364:             1             16  akka.stream.ActorMaterializerSettings$
2365:             1             16  akka.stream.ActorMaterializerSettings$$Lambda$409/207988207
2366:             1             16  akka.stream.ActorMaterializerSettings$$Lambda$410/1800500978
2367:             1             16  akka.stream.Attributes$CancellationStrategy
2368:             1             16  akka.stream.Attributes$CancellationStrategy$
2369:             1             16  akka.stream.Attributes$CancellationStrategy$PropagateFailure$
2370:             1             16  akka.stream.IOSettings$
2371:             1             16  akka.stream.StreamRefSettings$
2372:             1             16  akka.stream.StreamSubscriptionTimeoutSettings$
2373:             1             16  akka.stream.StreamSubscriptionTimeoutTerminationMode$CancelTermination$
2374:             1             16  akka.stream.Supervision$$anon$1
2375:             1             16  akka.stream.Supervision$$anon$2
2376:             1             16  akka.stream.Supervision$$anon$3
2377:             1             16  akka.stream.SystemMaterializer$
2378:             1             16  akka.stream.impl.FlowNames$
2379:             1             16  akka.stream.impl.GraphStageTag$
2380:             1             16  akka.stream.impl.MaterializerGuardian$
2381:             1             16  akka.stream.impl.PhasedFusingActorMaterializer$$anon$1
2382:             1             16  akka.stream.impl.PhasedFusingActorMaterializer$$anon$2
2383:             1             16  akka.stream.impl.PhasedFusingActorMaterializer$$anon$3
2384:             1             16  akka.stream.impl.PhasedFusingActorMaterializer$$anon$4
2385:             1             16  akka.stream.impl.PhasedFusingActorMaterializer$$anon$5
2386:             1             16  akka.stream.impl.ProcessorModuleIslandTag$
2387:             1             16  akka.stream.impl.SeqActorName$
2388:             1             16  akka.stream.impl.SinkModuleIslandTag$
2389:             1             16  akka.stream.impl.SourceModuleIslandTag$
2390:             1             16  akka.stream.impl.TlsModuleIslandTag$
2391:             1             16  akka.stream.impl.streamref.StreamRefSettingsImpl$
2392:             1             16  akka.util.BoxedType$
2393:             1             16  akka.util.ByteString$$anon$1
2394:             1             16  akka.util.ByteString$ByteString1C$
2395:             1             16  akka.util.Collections$EmptyImmutableSeq$
2396:             1             16  akka.util.CompactByteString$
2397:             1             16  akka.util.Helpers$ConfigOps$
2398:             1             16  akka.util.Helpers$Requiring$
2399:             1             16  akka.util.JavaDurationConverters$
2400:             1             16  akka.util.JavaDurationConverters$JavaDurationOps$
2401:             1             16  akka.util.OptionVal$
2402:             1             16  akka.util.OptionVal$Some$
2403:             1             16  akka.util.Reflect$
2404:             1             16  akka.util.Reflect$$$Lambda$224/2016828666
2405:             1             16  akka.util.Reflect$$$Lambda$226/2015301874
2406:             1             16  akka.util.Reflect$$$Lambda$241/1660223291
2407:             1             16  akka.util.SubclassifiedIndex$
2408:             1             16  akka.util.SubclassifiedIndex$$Lambda$148/1361393151
2409:             1             16  akka.util.SubclassifiedIndex$$Lambda$150/1998949977
2410:             1             16  akka.util.Timeout$
2411:             1             16  akka.util.Unsafe$$Lambda$167/473053293
2412:             1             16  akka.util.WildcardIndex$
2413:             1             16  akka.util.WildcardTree$
2414:             1             16  akka.util.WildcardTree$$Lambda$220/2123222442
2415:             1             16  akka.util.ccompat.CompatImpl$
2416:             1             16  akka.util.ccompat.package$
2417:             1             16  akka.util.ccompat.package$JavaConverters$
2418:             1             16  com.github.yck.simpletask.StatefulTask$2
2419:             1             16  com.github.yck.simpletask.StatefulTask$2
2420:             1             16  com.github.yck.simpletask.StatefulTask$2
2421:             1             16  com.github.yck.simpletask.StatelessTask$1
2422:             1             16  com.github.yck.simpletask.StatelessTask$2
2423:             1             16  com.github.yck.simpletask.StatelessTask$2
2424:             1             16  com.sun.jmx.interceptor.DefaultMBeanServerInterceptor$ResourceContext$1
2425:             1             16  com.sun.jmx.mbeanserver.DefaultMXBeanMappingFactory
2426:             1             16  com.sun.jmx.mbeanserver.DescriptorCache
2427:             1             16  com.sun.jmx.mbeanserver.MBeanAnalyzer$MethodOrder
2428:             1             16  com.sun.jmx.mbeanserver.MBeanInstantiator
2429:             1             16  com.sun.jmx.mbeanserver.MXBeanIntrospector
2430:             1             16  com.sun.jmx.mbeanserver.SecureClassLoaderRepository
2431:             1             16  com.sun.jmx.mbeanserver.StandardMBeanIntrospector
2432:             1             16  com.sun.proxy.$Proxy14
2433:             1             16  com.sun.proxy.$Proxy20
2434:             1             16  com.sun.proxy.$Proxy23
2435:             1             16  com.sun.proxy.$Proxy4
2436:             1             16  com.typesafe.config.ConfigResolveOptions$1
2437:             1             16  com.typesafe.config.impl.Parseable$1
2438:             1             16  com.typesafe.config.impl.SimpleIncluder
2439:             1             16  java.io.DeleteOnExitHook$1
2440:             1             16  java.io.FileDescriptor$1
2441:             1             16  java.io.ObjectInputStream$$Lambda$560/354494603
2442:             1             16  java.io.ObjectInputStream$1
2443:             1             16  java.lang.ApplicationShutdownHooks$1
2444:             1             16  java.lang.CharacterDataLatin1
2445:             1             16  java.lang.InheritableThreadLocal
2446:             1             16  java.lang.ProcessEnvironment$StringEntrySet
2447:             1             16  java.lang.Runtime
2448:             1             16  java.lang.String$CaseInsensitiveComparator
2449:             1             16  java.lang.System$2
2450:             1             16  java.lang.Terminator$1
2451:             1             16  java.lang.invoke.MemberName$Factory
2452:             1             16  java.lang.invoke.MethodHandleImpl$2
2453:             1             16  java.lang.invoke.MethodHandleImpl$3
2454:             1             16  java.lang.management.PlatformComponent$1
2455:             1             16  java.lang.management.PlatformComponent$10
2456:             1             16  java.lang.management.PlatformComponent$11
2457:             1             16  java.lang.management.PlatformComponent$12
2458:             1             16  java.lang.management.PlatformComponent$13
2459:             1             16  java.lang.management.PlatformComponent$14
2460:             1             16  java.lang.management.PlatformComponent$15
2461:             1             16  java.lang.management.PlatformComponent$2
2462:             1             16  java.lang.management.PlatformComponent$3
2463:             1             16  java.lang.management.PlatformComponent$4
2464:             1             16  java.lang.management.PlatformComponent$5
2465:             1             16  java.lang.management.PlatformComponent$6
2466:             1             16  java.lang.management.PlatformComponent$7
2467:             1             16  java.lang.management.PlatformComponent$8
2468:             1             16  java.lang.management.PlatformComponent$9
2469:             1             16  java.lang.ref.Reference$1
2470:             1             16  java.lang.ref.Reference$Lock
2471:             1             16  java.lang.reflect.Proxy$KeyFactory
2472:             1             16  java.lang.reflect.Proxy$ProxyClassFactory
2473:             1             16  java.lang.reflect.ReflectAccess
2474:             1             16  java.math.BigDecimal$1
2475:             1             16  java.net.InetAddress$2
2476:             1             16  java.net.URLClassLoader$7
2477:             1             16  java.nio.Bits$1
2478:             1             16  java.nio.Bits$1$1
2479:             1             16  java.nio.charset.CoderResult$1
2480:             1             16  java.nio.charset.CoderResult$2
2481:             1             16  java.nio.file.Files$AcceptAllFilter
2482:             1             16  java.security.AllPermission
2483:             1             16  java.security.ProtectionDomain$2
2484:             1             16  java.security.ProtectionDomain$JavaSecurityAccessImpl
2485:             1             16  java.time.chrono.AbstractChronology$$Lambda$22/1264213713
2486:             1             16  java.time.chrono.AbstractChronology$$Lambda$23/1019384604
2487:             1             16  java.time.chrono.AbstractChronology$$Lambda$24/963110412
2488:             1             16  java.time.chrono.IsoChronology
2489:             1             16  java.time.format.DateTimeFormatter$$Lambda$25/2061347276
2490:             1             16  java.time.format.DateTimeFormatter$$Lambda$26/1559122513
2491:             1             16  java.time.format.DateTimeFormatterBuilder$$Lambda$21/158199555
2492:             1             16  java.time.format.DateTimeFormatterBuilder$2
2493:             1             16  java.time.format.DateTimeFormatterBuilder$InstantPrinterParser
2494:             1             16  java.time.format.DateTimeTextProvider$1
2495:             1             16  java.time.temporal.TemporalQueries$$Lambda$28/1541857308
2496:             1             16  java.time.temporal.TemporalQueries$$Lambda$29/1861781750
2497:             1             16  java.time.temporal.TemporalQueries$$Lambda$30/2095303566
2498:             1             16  java.time.temporal.TemporalQueries$$Lambda$31/1378084334
2499:             1             16  java.time.temporal.TemporalQueries$$Lambda$32/200224114
2500:             1             16  java.time.temporal.TemporalQueries$$Lambda$33/581318631
2501:             1             16  java.time.temporal.TemporalQueries$$Lambda$34/487694075
2502:             1             16  java.util.Collections$EmptyEnumeration
2503:             1             16  java.util.Collections$EmptyIterator
2504:             1             16  java.util.Collections$EmptyList
2505:             1             16  java.util.Collections$EmptySet
2506:             1             16  java.util.Collections$UnmodifiableMap$UnmodifiableEntrySet
2507:             1             16  java.util.Currency$CurrencyNameGetter
2508:             1             16  java.util.EnumMap$1
2509:             1             16  java.util.Hashtable$KeySet
2510:             1             16  java.util.ResourceBundle$Control
2511:             1             16  java.util.Spliterators$EmptySpliterator$OfDouble
2512:             1             16  java.util.Spliterators$EmptySpliterator$OfInt
2513:             1             16  java.util.Spliterators$EmptySpliterator$OfLong
2514:             1             16  java.util.Spliterators$EmptySpliterator$OfRef
2515:             1             16  java.util.WeakHashMap$KeySet
2516:             1             16  java.util.concurrent.CompletableFuture$ThreadPerTaskExecutor
2517:             1             16  java.util.concurrent.ForkJoinPool$DefaultForkJoinWorkerThreadFactory
2518:             1             16  java.util.concurrent.Semaphore
2519:             1             16  java.util.concurrent.ThreadPoolExecutor$AbortPolicy
2520:             1             16  java.util.function.Function$$Lambda$447/883678948
2521:             1             16  java.util.jar.Attributes
2522:             1             16  java.util.jar.JavaUtilJarAccessImpl
2523:             1             16  java.util.logging.LoggingProxyImpl
2524:             1             16  java.util.regex.Pattern$4
2525:             1             16  java.util.regex.Pattern$LastNode
2526:             1             16  java.util.regex.Pattern$Node
2527:             1             16  java.util.stream.Collectors$$Lambda$106/1800976873
2528:             1             16  java.util.stream.Collectors$$Lambda$107/253011924
2529:             1             16  java.util.stream.Collectors$$Lambda$108/1390913202
2530:             1             16  java.util.stream.Collectors$$Lambda$423/1410367298
2531:             1             16  java.util.stream.Collectors$$Lambda$424/454160179
2532:             1             16  java.util.stream.Collectors$$Lambda$425/74885833
2533:             1             16  java.util.stream.Collectors$$Lambda$448/1906947271
2534:             1             16  java.util.stream.Collectors$$Lambda$449/2010070923
2535:             1             16  java.util.stream.Collectors$$Lambda$54/1710989308
2536:             1             16  java.util.stream.Collectors$$Lambda$55/2020152163
2537:             1             16  java.util.stream.Collectors$$Lambda$56/60292059
2538:             1             16  java.util.stream.Collectors$$Lambda$57/869601985
2539:             1             16  java.util.stream.Collectors$$Lambda$658/662900259
2540:             1             16  java.util.stream.FindOps$$Lambda$83/879583678
2541:             1             16  java.util.stream.FindOps$$Lambda$84/1025309396
2542:             1             16  java.util.stream.IntPipeline$$Lambda$168/1344519051
2543:             1             16  java.util.stream.IntPipeline$$Lambda$666/613832121
2544:             1             16  java.util.stream.IntPipeline$$Lambda$82/1504642150
2545:             1             16  java.util.stream.Nodes$EmptyNode$OfDouble
2546:             1             16  java.util.stream.Nodes$EmptyNode$OfInt
2547:             1             16  java.util.stream.Nodes$EmptyNode$OfLong
2548:             1             16  java.util.stream.Nodes$EmptyNode$OfRef
2549:             1             16  java.util.zip.ZipFile$1
2550:             1             16  javax.management.JMX
2551:             1             16  javax.management.MBeanServerBuilder
2552:             1             16  javax.management.NotificationBroadcasterSupport$1
2553:             1             16  org.apache.flink.api.common.eventtime.IndexedCombinedWatermarkStatus$$Lambda$641/2134754678
2554:             1             16  org.apache.flink.api.common.eventtime.IndexedCombinedWatermarkStatus$$Lambda$642/1733051492
2555:             1             16  org.apache.flink.api.common.state.StateTtlConfig$CleanupStrategies$EmptyCleanupStrategy
2556:             1             16  org.apache.flink.api.common.typeutils.base.BigDecSerializer
2557:             1             16  org.apache.flink.api.common.typeutils.base.BigIntSerializer
2558:             1             16  org.apache.flink.api.common.typeutils.base.BooleanSerializer
2559:             1             16  org.apache.flink.api.common.typeutils.base.ByteSerializer
2560:             1             16  org.apache.flink.api.common.typeutils.base.CharSerializer
2561:             1             16  org.apache.flink.api.common.typeutils.base.DateSerializer
2562:             1             16  org.apache.flink.api.common.typeutils.base.DoubleSerializer
2563:             1             16  org.apache.flink.api.common.typeutils.base.FloatSerializer
2564:             1             16  org.apache.flink.api.common.typeutils.base.InstantSerializer
2565:             1             16  org.apache.flink.api.common.typeutils.base.LongSerializer
2566:             1             16  org.apache.flink.api.common.typeutils.base.ShortSerializer
2567:             1             16  org.apache.flink.api.common.typeutils.base.VoidSerializer
2568:             1             16  org.apache.flink.configuration.ConfigOption$$Lambda$42/1390869998
2569:             1             16  org.apache.flink.configuration.ConfigOption$$Lambda$44/1608297024
2570:             1             16  org.apache.flink.configuration.ConfigOption$$Lambda$95/1910438136
2571:             1             16  org.apache.flink.configuration.ConfigOption$$Lambda$96/943454742
2572:             1             16  org.apache.flink.configuration.Configuration$$Lambda$495/703627308
2573:             1             16  org.apache.flink.configuration.Configuration$$Lambda$623/1495617411
2574:             1             16  org.apache.flink.configuration.Configuration$$Lambda$625/839274148
2575:             1             16  org.apache.flink.configuration.Configuration$$Lambda$640/6349014
2576:             1             16  org.apache.flink.configuration.Configuration$$Lambda$91/671046933
2577:             1             16  org.apache.flink.configuration.MemorySize$$Lambda$89/1716093734
2578:             1             16  org.apache.flink.configuration.UnmodifiableConfiguration
2579:             1             16  org.apache.flink.core.classloading.ComponentClassLoader$$Lambda$65/1583159071
2580:             1             16  org.apache.flink.core.classloading.ComponentClassLoader$$Lambda$66/607207372
2581:             1             16  org.apache.flink.core.fs.FileSystem$$Lambda$63/664792509
2582:             1             16  org.apache.flink.core.fs.FileSystem$$Lambda$67/2151717
2583:             1             16  org.apache.flink.core.fs.SafetyNetCloseableRegistry$$Lambda$609/259411774
2584:             1             16  org.apache.flink.core.fs.local.LocalFileSystemFactory
2585:             1             16  org.apache.flink.core.memory.MemorySegmentFactory$$Lambda$471/1957282992
2586:             1             16  org.apache.flink.core.plugin.DirectoryBasedPluginFinder$$Lambda$49/447718425
2587:             1             16  org.apache.flink.core.plugin.DirectoryBasedPluginFinder$$Lambda$59/1609124502
2588:             1             16  org.apache.flink.core.plugin.DirectoryBasedPluginFinder$$Lambda$60/1985836631
2589:             1             16  org.apache.flink.core.plugin.DirectoryBasedPluginFinder$$Lambda$61/1948471365
2590:             1             16  org.apache.flink.core.plugin.PluginConfig$$Lambda$41/496729294
2591:             1             16  org.apache.flink.management.jmx.JMXService$$Lambda$501/618512906
2592:             1             16  org.apache.flink.runtime.broadcast.BroadcastVariableManager
2593:             1             16  org.apache.flink.runtime.checkpoint.InflightDataRescalingDescriptor$NoRescalingDescriptor
2594:             1             16  org.apache.flink.runtime.checkpoint.PrioritizedOperatorSubtaskState$Builder$$Lambda$682/910411351
2595:             1             16  org.apache.flink.runtime.checkpoint.PrioritizedOperatorSubtaskState$Builder$$Lambda$684/1304198903
2596:             1             16  org.apache.flink.runtime.checkpoint.PrioritizedOperatorSubtaskState$Builder$$Lambda$685/1619347127
2597:             1             16  org.apache.flink.runtime.checkpoint.PrioritizedOperatorSubtaskState$Builder$$Lambda$686/1198116048
2598:             1             16  org.apache.flink.runtime.checkpoint.PrioritizedOperatorSubtaskState$Builder$$Lambda$687/1300511695
2599:             1             16  org.apache.flink.runtime.checkpoint.PrioritizedOperatorSubtaskState$Builder$$Lambda$688/897478275
2600:             1             16  org.apache.flink.runtime.checkpoint.StateObjectCollection
2601:             1             16  org.apache.flink.runtime.checkpoint.TaskStateSnapshot$$Lambda$649/769229201
2602:             1             16  org.apache.flink.runtime.checkpoint.TaskStateSnapshot$$Lambda$650/34909730
2603:             1             16  org.apache.flink.runtime.checkpoint.TaskStateSnapshot$$Lambda$695/2107779616
2604:             1             16  org.apache.flink.runtime.checkpoint.channel.ChannelStateWriter$NoOpChannelStateWriter
2605:             1             16  org.apache.flink.runtime.checkpoint.channel.SequentialChannelStateReaderImpl$$Lambda$653/1028561387
2606:             1             16  org.apache.flink.runtime.checkpoint.channel.SequentialChannelStateReaderImpl$$Lambda$654/1974439320
2607:             1             16  org.apache.flink.runtime.checkpoint.channel.SequentialChannelStateReaderImpl$$Lambda$655/576496592
2608:             1             16  org.apache.flink.runtime.checkpoint.channel.SequentialChannelStateReaderImpl$$Lambda$657/430921806
2609:             1             16  org.apache.flink.runtime.checkpoint.channel.SequentialChannelStateReaderImpl$$Lambda$696/950053872
2610:             1             16  org.apache.flink.runtime.clusterframework.types.ResourceProfile$$Lambda$484/351970188
2611:             1             16  org.apache.flink.runtime.clusterframework.types.ResourceProfile$$Lambda$485/2146613458
2612:             1             16  org.apache.flink.runtime.clusterframework.types.ResourceProfile$$Lambda$486/115086468
2613:             1             16  org.apache.flink.runtime.clusterframework.types.ResourceProfile$Builder$$Lambda$487/1855112877
2614:             1             16  org.apache.flink.runtime.concurrent.akka.AkkaFutureUtils$DirectExecutionContext
2615:             1             16  org.apache.flink.runtime.execution.librarycache.BlobLibraryCacheManager$$Lambda$491/222300483
2616:             1             16  org.apache.flink.runtime.execution.librarycache.BlobLibraryCacheManager$ResolvedClassLoader$$Lambda$622/48779684
2617:             1             16  org.apache.flink.runtime.externalresource.ExternalResourceUtils$$Lambda$444/669725336
2618:             1             16  org.apache.flink.runtime.externalresource.StaticExternalResourceInfoProvider
2619:             1             16  org.apache.flink.runtime.filecache.FileCache$$Lambda$499/275211348
2620:             1             16  org.apache.flink.runtime.fs.maprfs.MapRFsFactory
2621:             1             16  org.apache.flink.runtime.heartbeat.HeartbeatManagerImpl$$Lambda$584/1658155028
2622:             1             16  org.apache.flink.runtime.highavailability.nonha.standalone.StandaloneRunningJobsRegistry
2623:             1             16  org.apache.flink.runtime.io.disk.iomanager.IOManager$$Lambda$468/1540832538
2624:             1             16  org.apache.flink.runtime.io.disk.iomanager.IOManagerAsync$$Lambda$469/2081964843
2625:             1             16  org.apache.flink.runtime.io.network.NettyShuffleServiceFactory$$Lambda$470/788048067
2626:             1             16  org.apache.flink.runtime.io.network.TaskEventDispatcher
2627:             1             16  org.apache.flink.runtime.io.network.buffer.FreeingBufferRecycler
2628:             1             16  org.apache.flink.runtime.io.network.logger.NetworkActionsLogger$$Lambda$711/1831881462
2629:             1             16  org.apache.flink.runtime.io.network.metrics.NettyShuffleMetricFactory$$Lambda$475/2042917213
2630:             1             16  org.apache.flink.runtime.io.network.metrics.NettyShuffleMetricFactory$$Lambda$476/1520656618
2631:             1             16  org.apache.flink.runtime.io.network.metrics.NettyShuffleMetricFactory$$Lambda$477/1699265405
2632:             1             16  org.apache.flink.runtime.io.network.metrics.NettyShuffleMetricFactory$$Lambda$478/1412656257
2633:             1             16  org.apache.flink.runtime.io.network.metrics.NettyShuffleMetricFactory$$Lambda$479/358019805
2634:             1             16  org.apache.flink.runtime.io.network.metrics.NettyShuffleMetricFactory$$Lambda$480/904208473
2635:             1             16  org.apache.flink.runtime.io.network.metrics.NettyShuffleMetricFactory$$Lambda$481/103118806
2636:             1             16  org.apache.flink.runtime.io.network.metrics.NettyShuffleMetricFactory$$Lambda$482/1237144823
2637:             1             16  org.apache.flink.runtime.io.network.netty.NettyMessage$NettyMessageEncoder
2638:             1             16  org.apache.flink.runtime.io.network.partition.TaskExecutorPartitionTrackerImpl$$Lambda$580/780179419
2639:             1             16  org.apache.flink.runtime.io.network.partition.consumer.EndOfChannelStateEvent
2640:             1             16  org.apache.flink.runtime.messages.Acknowledge
2641:             1             16  org.apache.flink.runtime.metrics.ReporterSetup$$Lambda$422/1997344422
2642:             1             16  org.apache.flink.runtime.metrics.ReporterSetup$$Lambda$426/1827303532
2643:             1             16  org.apache.flink.runtime.metrics.dump.MetricQueryService$1
2644:             1             16  org.apache.flink.runtime.metrics.util.MetricUtils$$Lambda$452/1215029765
2645:             1             16  org.apache.flink.runtime.metrics.util.MetricUtils$$Lambda$454/766696861
2646:             1             16  org.apache.flink.runtime.metrics.util.MetricUtils$$Lambda$457/1103017075
2647:             1             16  org.apache.flink.runtime.metrics.util.MetricUtils$$Lambda$461/55755528
2648:             1             16  org.apache.flink.runtime.metrics.util.MetricUtils$$Lambda$463/2100771791
2649:             1             16  org.apache.flink.runtime.metrics.util.MetricUtils$$Lambda$464/98412281
2650:             1             16  org.apache.flink.runtime.metrics.util.MetricUtils$$Lambda$465/201392112
2651:             1             16  org.apache.flink.runtime.metrics.util.MetricUtils$$Lambda$466/748975217
2652:             1             16  org.apache.flink.runtime.metrics.util.MetricUtils$$Lambda$467/1510087865
2653:             1             16  org.apache.flink.runtime.metrics.util.MetricUtils$$Lambda$493/2015007762
2654:             1             16  org.apache.flink.runtime.metrics.util.MetricUtils$$Lambda$494/1514955661
2655:             1             16  org.apache.flink.runtime.rpc.akka.$Proxy18
2656:             1             16  org.apache.flink.runtime.rpc.akka.$Proxy22
2657:             1             16  org.apache.flink.runtime.rpc.akka.AkkaRpcServiceUtils$$Lambda$92/1606286799
2658:             1             16  org.apache.flink.runtime.rpc.akka.AkkaRpcServiceUtils$$Lambda$93/1325144078
2659:             1             16  org.apache.flink.runtime.rpc.akka.AkkaRpcServiceUtils$AkkaRpcServiceBuilder$$Lambda$102/605052357
2660:             1             16  org.apache.flink.runtime.rpc.akka.AkkaRpcSystem
2661:             1             16  org.apache.flink.runtime.rpc.akka.EscalatingSupervisorStrategy$$Lambda$244/1129869771
2662:             1             16  org.apache.flink.runtime.rpc.akka.RobustActorSystem$$Lambda$113/220695851
2663:             1             16  org.apache.flink.runtime.rpc.akka.RobustActorSystem$$Lambda$114/636782475
2664:             1             16  org.apache.flink.runtime.rpc.akka.RobustActorSystem$$Lambda$115/1312963234
2665:             1             16  org.apache.flink.runtime.rpc.akka.RobustActorSystem$$Lambda$117/826865256
2666:             1             16  org.apache.flink.runtime.rpc.akka.RobustActorSystem$$Lambda$118/1845517769
2667:             1             16  org.apache.flink.runtime.rpc.akka.RobustActorSystem$$Lambda$119/2095788421
2668:             1             16  org.apache.flink.runtime.security.contexts.NoOpSecurityContext
2669:             1             16  org.apache.flink.runtime.state.CheckpointStorageLocationReference
2670:             1             16  org.apache.flink.runtime.state.KeyExtractorFunction$1
2671:             1             16  org.apache.flink.runtime.state.PriorityComparator$$Lambda$708/1152252614
2672:             1             16  org.apache.flink.runtime.state.StateSnapshotTransformer$StateSnapshotTransformFactory$1
2673:             1             16  org.apache.flink.runtime.state.TaskExecutorLocalStateStoresManager$$Lambda$489/1519911160
2674:             1             16  org.apache.flink.runtime.state.TaskExecutorStateChangelogStoragesManager$$Lambda$490/600657906
2675:             1             16  org.apache.flink.runtime.state.UncompressedStreamCompressionDecorator
2676:             1             16  org.apache.flink.runtime.state.changelog.StateChangelogStorageLoader$$Lambda$72/2129144075
2677:             1             16  org.apache.flink.runtime.state.changelog.inmemory.InMemoryStateChangelogStorageFactory
2678:             1             16  org.apache.flink.runtime.state.heap.HeapKeyedStateBackend$$Lambda$700/309834216
2679:             1             16  org.apache.flink.runtime.state.heap.HeapKeyedStateBackend$$Lambda$701/611168827
2680:             1             16  org.apache.flink.runtime.state.heap.HeapKeyedStateBackend$$Lambda$702/1722100683
2681:             1             16  org.apache.flink.runtime.state.heap.HeapKeyedStateBackend$$Lambda$703/1487663833
2682:             1             16  org.apache.flink.runtime.state.heap.HeapKeyedStateBackend$$Lambda$704/2107921113
2683:             1             16  org.apache.flink.runtime.state.heap.HeapKeyedStateBackend$$Lambda$705/605524712
2684:             1             16  org.apache.flink.runtime.state.heap.HeapKeyedStateBackend$$Lambda$706/2079993385
2685:             1             16  org.apache.flink.runtime.state.heap.HeapKeyedStateBackendBuilder$$Lambda$699/1248505834
2686:             1             16  org.apache.flink.runtime.state.storage.ExternalizedSnapshotLocation$$Lambda$629/240213776
2687:             1             16  org.apache.flink.runtime.state.ttl.TtlTimeProvider$$Lambda$674/706971861
2688:             1             16  org.apache.flink.runtime.taskexecutor.DefaultJobTable$$Lambda$595/1196559102
2689:             1             16  org.apache.flink.runtime.taskexecutor.TaskExecutor$$Lambda$601/322248380
2690:             1             16  org.apache.flink.runtime.taskexecutor.TaskExecutor$$Lambda$602/867186802
2691:             1             16  org.apache.flink.runtime.taskexecutor.TaskExecutor$$Lambda$604/1998289746
2692:             1             16  org.apache.flink.runtime.taskexecutor.TaskExecutor$$Lambda$605/1163570795
2693:             1             16  org.apache.flink.runtime.taskexecutor.TaskExecutor$$Lambda$721/996569339
2694:             1             16  org.apache.flink.runtime.taskexecutor.TaskExecutor$JobLeaderListenerImpl
2695:             1             16  org.apache.flink.runtime.taskexecutor.TaskExecutor$JobManagerHeartbeatListener
2696:             1             16  org.apache.flink.runtime.taskexecutor.TaskExecutor$JobManagerHeartbeatListener$$Lambda$724/1565846985
2697:             1             16  org.apache.flink.runtime.taskexecutor.TaskExecutor$ResourceManagerHeartbeatListener
2698:             1             16  org.apache.flink.runtime.taskexecutor.TaskExecutor$ResourceManagerHeartbeatTarget
2699:             1             16  org.apache.flink.runtime.taskexecutor.TaskExecutor$ResourceManagerRegistrationListener
2700:             1             16  org.apache.flink.runtime.taskexecutor.TaskExecutor$SlotActionsImpl
2701:             1             16  org.apache.flink.runtime.taskexecutor.TaskExecutorResourceSpec$$Lambda$445/458998685
2702:             1             16  org.apache.flink.runtime.taskexecutor.TaskExecutorResourceSpec$$Lambda$446/345290829
2703:             1             16  org.apache.flink.runtime.taskexecutor.TaskExecutorToServiceAdapter
2704:             1             16  org.apache.flink.runtime.taskexecutor.TaskManagerRunner$$Lambda$492/838800272
2705:             1             16  org.apache.flink.runtime.taskexecutor.TaskManagerRunner$$Lambda$496/1869177530
2706:             1             16  org.apache.flink.runtime.taskexecutor.TaskManagerRunner$$Lambda$497/824900551
2707:             1             16  org.apache.flink.runtime.taskexecutor.TaskManagerRunner$$Lambda$77/931496835
2708:             1             16  org.apache.flink.runtime.taskexecutor.ThreadInfoSampleService
2709:             1             16  org.apache.flink.runtime.taskexecutor.partition.PartitionTable
2710:             1             16  org.apache.flink.runtime.taskexecutor.slot.TaskSlotTableImpl$TaskSlotIterator$$Lambda$620/1363234535
2711:             1             16  org.apache.flink.runtime.util.ClusterUncaughtExceptionHandler
2712:             1             16  org.apache.flink.runtime.util.EnvironmentInformation$Versions$$Lambda$27/1552978964
2713:             1             16  org.apache.flink.runtime.util.EnvironmentInformation$Versions$$Lambda$36/117009527
2714:             1             16  org.apache.flink.shaded.guava30.com.google.common.base.Absent
2715:             1             16  org.apache.flink.shaded.guava30.com.google.common.base.CharMatcher$None
2716:             1             16  org.apache.flink.shaded.guava30.com.google.common.base.CharMatcher$Whitespace
2717:             1             16  org.apache.flink.shaded.guava30.com.google.common.base.Java8Usage$$Lambda$47/1130894323
2718:             1             16  org.apache.flink.shaded.guava30.com.google.common.io.Closer$SuppressingSuppressor
2719:             1             16  org.apache.flink.shaded.netty4.io.netty.bootstrap.BootstrapConfig
2720:             1             16  org.apache.flink.shaded.netty4.io.netty.bootstrap.ServerBootstrapConfig
2721:             1             16  org.apache.flink.shaded.netty4.io.netty.buffer.AbstractReferenceCountedByteBuf$1
2722:             1             16  org.apache.flink.shaded.netty4.io.netty.buffer.ByteBufUtil$1
2723:             1             16  org.apache.flink.shaded.netty4.io.netty.buffer.ByteBufUtil$2
2724:             1             16  org.apache.flink.shaded.netty4.io.netty.channel.ChannelFutureListener$1
2725:             1             16  org.apache.flink.shaded.netty4.io.netty.channel.ChannelFutureListener$2
2726:             1             16  org.apache.flink.shaded.netty4.io.netty.channel.ChannelFutureListener$3
2727:             1             16  org.apache.flink.shaded.netty4.io.netty.channel.ChannelHandlerMask$1
2728:             1             16  org.apache.flink.shaded.netty4.io.netty.channel.ChannelOutboundBuffer$1
2729:             1             16  org.apache.flink.shaded.netty4.io.netty.channel.DefaultChannelPipeline$1
2730:             1             16  org.apache.flink.shaded.netty4.io.netty.channel.DefaultMessageSizeEstimator
2731:             1             16  org.apache.flink.shaded.netty4.io.netty.channel.DefaultMessageSizeEstimator$HandleImpl
2732:             1             16  org.apache.flink.shaded.netty4.io.netty.channel.DefaultSelectStrategy
2733:             1             16  org.apache.flink.shaded.netty4.io.netty.channel.DefaultSelectStrategyFactory
2734:             1             16  org.apache.flink.shaded.netty4.io.netty.channel.VoidChannelPromise$1
2735:             1             16  org.apache.flink.shaded.netty4.io.netty.channel.epoll.AbstractEpollChannel$AbstractEpollUnsafe$1
2736:             1             16  org.apache.flink.shaded.netty4.io.netty.util.AbstractReferenceCounted$1
2737:             1             16  org.apache.flink.shaded.netty4.io.netty.util.NettyRuntime$AvailableProcessorsHolder
2738:             1             16  org.apache.flink.shaded.netty4.io.netty.util.concurrent.AbstractScheduledEventExecutor$1
2739:             1             16  org.apache.flink.shaded.netty4.io.netty.util.concurrent.AbstractScheduledEventExecutor$2
2740:             1             16  org.apache.flink.shaded.netty4.io.netty.util.concurrent.DefaultEventExecutorChooserFactory
2741:             1             16  org.apache.flink.shaded.netty4.io.netty.util.concurrent.DefaultPromise$CauseHolder
2742:             1             16  org.apache.flink.shaded.netty4.io.netty.util.concurrent.FastThreadLocal
2743:             1             16  org.apache.flink.shaded.netty4.io.netty.util.concurrent.GlobalEventExecutor$1
2744:             1             16  org.apache.flink.shaded.netty4.io.netty.util.concurrent.GlobalEventExecutor$TaskRunner
2745:             1             16  org.apache.flink.shaded.netty4.io.netty.util.concurrent.RejectedExecutionHandlers$1
2746:             1             16  org.apache.flink.shaded.netty4.io.netty.util.concurrent.SingleThreadEventExecutor$1
2747:             1             16  org.apache.flink.shaded.netty4.io.netty.util.concurrent.SingleThreadEventExecutor$4
2748:             1             16  org.apache.flink.shaded.netty4.io.netty.util.internal.CleanerJava6
2749:             1             16  org.apache.flink.shaded.netty4.io.netty.util.internal.PlatformDependent$1
2750:             1             16  org.apache.flink.shaded.netty4.io.netty.util.internal.PlatformDependent$2
2751:             1             16  org.apache.flink.streaming.api.graph.StreamConfig$$Lambda$680/1985673912
2752:             1             16  org.apache.flink.streaming.api.graph.StreamConfig$$Lambda$681/614779486
2753:             1             16  org.apache.flink.streaming.runtime.io.checkpointing.InputProcessorUtil$$Lambda$661/781009128
2754:             1             16  org.apache.flink.streaming.runtime.io.checkpointing.InputProcessorUtil$$Lambda$662/1888120657
2755:             1             16  org.apache.flink.streaming.runtime.io.checkpointing.InputProcessorUtil$$Lambda$663/1487358261
2756:             1             16  org.apache.flink.streaming.runtime.io.checkpointing.InputProcessorUtil$$Lambda$665/702224894
2757:             1             16  org.apache.flink.streaming.runtime.io.checkpointing.InputProcessorUtil$$Lambda$669/1613418752
2758:             1             16  org.apache.flink.streaming.runtime.io.checkpointing.InputProcessorUtil$$Lambda$670/2040519104
2759:             1             16  org.apache.flink.streaming.runtime.io.checkpointing.InputProcessorUtil$$Lambda$672/1462362950
2760:             1             16  org.apache.flink.streaming.runtime.io.checkpointing.UpstreamRecoveryTracker$1
2761:             1             16  org.apache.flink.streaming.runtime.tasks.OperatorChain$$Lambda$645/405965720
2762:             1             16  org.apache.flink.streaming.runtime.tasks.StreamTask$$Lambda$679/1581129876
2763:             1             16  org.apache.flink.streaming.runtime.tasks.StreamTaskActionExecutor$1
2764:             1             16  org.apache.flink.types.SerializableOptional
2765:             1             16  org.apache.flink.types.StringValue$$Lambda$707/502508970
2766:             1             16  org.apache.flink.util.FatalExitExceptionHandler
2767:             1             16  org.apache.flink.util.FlinkUserCodeClassLoader$$Lambda$621/1215493513
2768:             1             16  org.apache.flink.util.TimeUtils$TimeUnit$$Lambda$80/1987169128
2769:             1             16  org.apache.flink.util.clock.SystemClock
2770:             1             16  org.apache.flink.util.function.FunctionUtils$$Lambda$51/1939990953
2771:             1             16  org.apache.flink.util.function.FunctionUtils$$Lambda$52/2073621255
2772:             1             16  org.apache.log4j.config.PropertiesConfigurationFactory
2773:             1             16  org.apache.log4j.xml.XmlConfigurationFactory
2774:             1             16  org.apache.logging.log4j.ThreadContext$EmptyIterator
2775:             1             16  org.apache.logging.log4j.ThreadContext$EmptyThreadContextStack
2776:             1             16  org.apache.logging.log4j.core.LoggerContext$$Lambda$15/633075331
2777:             1             16  org.apache.logging.log4j.core.appender.ConsoleAppender$ConsoleManagerFactory
2778:             1             16  org.apache.logging.log4j.core.appender.FileManager$FileManagerFactory
2779:             1             16  org.apache.logging.log4j.core.appender.rolling.RollingFileManager$RollingFileManagerFactory
2780:             1             16  org.apache.logging.log4j.core.config.ConfigurationFactory$Factory
2781:             1             16  org.apache.logging.log4j.core.config.DefaultReliabilityStrategy
2782:             1             16  org.apache.logging.log4j.core.config.OrderComparator
2783:             1             16  org.apache.logging.log4j.core.config.plugins.convert.TypeConverterRegistry
2784:             1             16  org.apache.logging.log4j.core.config.plugins.convert.TypeConverters$BigDecimalConverter
2785:             1             16  org.apache.logging.log4j.core.config.plugins.convert.TypeConverters$BigIntegerConverter
2786:             1             16  org.apache.logging.log4j.core.config.plugins.convert.TypeConverters$BooleanConverter
2787:             1             16  org.apache.logging.log4j.core.config.plugins.convert.TypeConverters$ByteArrayConverter
2788:             1             16  org.apache.logging.log4j.core.config.plugins.convert.TypeConverters$ByteConverter
2789:             1             16  org.apache.logging.log4j.core.config.plugins.convert.TypeConverters$CharArrayConverter
2790:             1             16  org.apache.logging.log4j.core.config.plugins.convert.TypeConverters$CharacterConverter
2791:             1             16  org.apache.logging.log4j.core.config.plugins.convert.TypeConverters$CharsetConverter
2792:             1             16  org.apache.logging.log4j.core.config.plugins.convert.TypeConverters$ClassConverter
2793:             1             16  org.apache.logging.log4j.core.config.plugins.convert.TypeConverters$CronExpressionConverter
2794:             1             16  org.apache.logging.log4j.core.config.plugins.convert.TypeConverters$DoubleConverter
2795:             1             16  org.apache.logging.log4j.core.config.plugins.convert.TypeConverters$DurationConverter
2796:             1             16  org.apache.logging.log4j.core.config.plugins.convert.TypeConverters$FileConverter
2797:             1             16  org.apache.logging.log4j.core.config.plugins.convert.TypeConverters$FloatConverter
2798:             1             16  org.apache.logging.log4j.core.config.plugins.convert.TypeConverters$InetAddressConverter
2799:             1             16  org.apache.logging.log4j.core.config.plugins.convert.TypeConverters$IntegerConverter
2800:             1             16  org.apache.logging.log4j.core.config.plugins.convert.TypeConverters$LevelConverter
2801:             1             16  org.apache.logging.log4j.core.config.plugins.convert.TypeConverters$LongConverter
2802:             1             16  org.apache.logging.log4j.core.config.plugins.convert.TypeConverters$PathConverter
2803:             1             16  org.apache.logging.log4j.core.config.plugins.convert.TypeConverters$PatternConverter
2804:             1             16  org.apache.logging.log4j.core.config.plugins.convert.TypeConverters$SecurityProviderConverter
2805:             1             16  org.apache.logging.log4j.core.config.plugins.convert.TypeConverters$ShortConverter
2806:             1             16  org.apache.logging.log4j.core.config.plugins.convert.TypeConverters$StringConverter
2807:             1             16  org.apache.logging.log4j.core.config.plugins.convert.TypeConverters$UriConverter
2808:             1             16  org.apache.logging.log4j.core.config.plugins.convert.TypeConverters$UrlConverter
2809:             1             16  org.apache.logging.log4j.core.config.plugins.convert.TypeConverters$UuidConverter
2810:             1             16  org.apache.logging.log4j.core.config.plugins.processor.PluginCache$$Lambda$8/706277948
2811:             1             16  org.apache.logging.log4j.core.config.properties.PropertiesConfigurationFactory
2812:             1             16  org.apache.logging.log4j.core.config.xml.XmlConfigurationFactory
2813:             1             16  org.apache.logging.log4j.core.impl.ReusableLogEventFactory
2814:             1             16  org.apache.logging.log4j.core.impl.ThreadContextDataProvider
2815:             1             16  org.apache.logging.log4j.core.lookup.StrMatcher$NoMatcher
2816:             1             16  org.apache.logging.log4j.core.lookup.StrMatcher$TrimMatcher
2817:             1             16  org.apache.logging.log4j.core.net.JndiManager$JndiManagerFactory
2818:             1             16  org.apache.logging.log4j.core.pattern.NameAbbreviator$NOPAbbreviator
2819:             1             16  org.apache.logging.log4j.core.pattern.NotANumber
2820:             1             16  org.apache.logging.log4j.core.pattern.PlainTextRenderer
2821:             1             16  org.apache.logging.log4j.core.selector.ClassLoaderContextSelector
2822:             1             16  org.apache.logging.log4j.core.util.BasicAuthorizationProvider
2823:             1             16  org.apache.logging.log4j.core.util.datetime.FastDateFormat$1
2824:             1             16  org.apache.logging.log4j.core.util.datetime.FastDateParser$$Lambda$20/1742920067
2825:             1             16  org.apache.logging.log4j.core.util.datetime.FastDateParser$1
2826:             1             16  org.apache.logging.log4j.core.util.datetime.FastDateParser$2
2827:             1             16  org.apache.logging.log4j.core.util.datetime.FastDateParser$3
2828:             1             16  org.apache.logging.log4j.core.util.datetime.FastDateParser$4
2829:             1             16  org.apache.logging.log4j.core.util.datetime.FastDateParser$5
2830:             1             16  org.apache.logging.log4j.core.util.datetime.FastDatePrinter$TwoDigitMonthField
2831:             1             16  org.apache.logging.log4j.core.util.datetime.FastDatePrinter$TwoDigitNumberField
2832:             1             16  org.apache.logging.log4j.message.ParameterFormatter$$Lambda$37/568221876
2833:             1             16  org.apache.logging.log4j.message.ParameterizedNoReferenceMessageFactory
2834:             1             16  org.apache.logging.log4j.spi.CopyOnWriteSortedArrayThreadContextMap
2835:             1             16  org.apache.logging.log4j.spi.DefaultThreadContextStack
2836:             1             16  org.apache.logging.log4j.util.LoaderUtil$ThreadContextClassLoaderGetter
2837:             1             16  org.apache.logging.log4j.util.PropertiesUtil$Environment$$Lambda$1/1144748369
2838:             1             16  org.apache.logging.log4j.util.ProviderUtil
2839:             1             16  org.apache.logging.log4j.util.SortedArrayStringMap$$Lambda$5/353842779
2840:             1             16  org.apache.logging.log4j.util.StackLocator
2841:             1             16  org.apache.logging.log4j.util.Strings$$Lambda$3/1190035432
2842:             1             16  org.apache.logging.slf4j.Log4jLoggerFactory$$Lambda$4/2027961269
2843:             1             16  org.apache.logging.slf4j.Log4jMDCAdapter
2844:             1             16  org.apache.logging.slf4j.Log4jMarkerFactory
2845:             1             16  org.jboss.netty.channel.ChannelFutureListener$1
2846:             1             16  org.jboss.netty.channel.ChannelFutureListener$2
2847:             1             16  org.jboss.netty.channel.ChannelLocal$1
2848:             1             16  org.jboss.netty.channel.DefaultChannelPipeline$DiscardingChannelSink
2849:             1             16  org.jboss.netty.channel.socket.nio.SocketSendBufferPool$EmptySendBuffer
2850:             1             16  org.jboss.netty.logging.Slf4JLoggerFactory
2851:             1             16  org.jboss.netty.util.ThreadNameDeterminer$1
2852:             1             16  org.jboss.netty.util.ThreadNameDeterminer$2
2853:             1             16  org.slf4j.helpers.NOPLoggerFactory
2854:             1             16  org.slf4j.impl.StaticLoggerBinder
2855:             1             16  org.slf4j.impl.StaticMDCBinder
2856:             1             16  org.slf4j.impl.StaticMarkerBinder
2857:             1             16  scala.None$
2858:             1             16  scala.None$
2859:             1             16  scala.Option$
2860:             1             16  scala.Option$
2861:             1             16  scala.PartialFunction$$$Lambda$210/692998280
2862:             1             16  scala.PartialFunction$$anon$1
2863:             1             16  scala.PartialFunction$$anon$1$$Lambda$211/822087264
2864:             1             16  scala.PartialFunction$$anonfun$1
2865:             1             16  scala.Predef$$anon$1
2866:             1             16  scala.Predef$$anon$2
2867:             1             16  scala.Predef$$anon$3
2868:             1             16  scala.Predef$ArrowAssoc$
2869:             1             16  scala.Some
2870:             1             16  scala.collection.$colon$plus$
2871:             1             16  scala.collection.$plus$colon$
2872:             1             16  scala.collection.IndexedSeq$$anon$1
2873:             1             16  scala.collection.Iterable$
2874:             1             16  scala.collection.Iterator$
2875:             1             16  scala.collection.Iterator$$anon$2
2876:             1             16  scala.collection.Seq$
2877:             1             16  scala.collection.SetLike$$Lambda$151/2117173674
2878:             1             16  scala.collection.TraversableLike$$Lambda$333/858447901
2879:             1             16  scala.collection.TraversableOnce$
2880:             1             16  scala.collection.convert.WrapAsScala$
2881:             1             16  scala.collection.immutable.$colon$colon$
2882:             1             16  scala.collection.immutable.HashMap$
2883:             1             16  scala.collection.immutable.HashMap$$$Lambda$125/735085430
2884:             1             16  scala.collection.immutable.HashMap$$anon$2$$anon$3
2885:             1             16  scala.collection.immutable.HashMap$EmptyHashMap$
2886:             1             16  scala.collection.immutable.HashSet$
2887:             1             16  scala.collection.immutable.HashSet$EmptyHashSet$
2888:             1             16  scala.collection.immutable.IndexedSeq$
2889:             1             16  scala.collection.immutable.Iterable$
2890:             1             16  scala.collection.immutable.List$$anon$1
2891:             1             16  scala.collection.immutable.Map$
2892:             1             16  scala.collection.immutable.Map$$Lambda$149/1895143699
2893:             1             16  scala.collection.immutable.Map$EmptyMap$
2894:             1             16  scala.collection.immutable.MapLike$$Lambda$272/1205580258
2895:             1             16  scala.collection.immutable.Nil$
2896:             1             16  scala.collection.immutable.Queue$
2897:             1             16  scala.collection.immutable.Range$
2898:             1             16  scala.collection.immutable.RedBlackTree$
2899:             1             16  scala.collection.immutable.RedBlackTree$BlackTree$
2900:             1             16  scala.collection.immutable.RedBlackTree$RedTree$
2901:             1             16  scala.collection.immutable.Seq$
2902:             1             16  scala.collection.immutable.Set$
2903:             1             16  scala.collection.immutable.Set$EmptySet$
2904:             1             16  scala.collection.immutable.Stream$
2905:             1             16  scala.collection.immutable.Stream$$hash$colon$colon$
2906:             1             16  scala.collection.immutable.StringOps$
2907:             1             16  scala.collection.immutable.TreeMap$
2908:             1             16  scala.collection.immutable.TreeSet$
2909:             1             16  scala.collection.mutable.ArrayBuffer$
2910:             1             16  scala.collection.mutable.ArrayBuilder$
2911:             1             16  scala.collection.mutable.ArrayOps$ofByte$
2912:             1             16  scala.collection.mutable.ArrayOps$ofRef$
2913:             1             16  scala.collection.mutable.HashTable$
2914:             1             16  scala.collection.mutable.IndexedSeq$
2915:             1             16  scala.collection.mutable.Iterable$
2916:             1             16  scala.collection.mutable.Map$
2917:             1             16  scala.collection.mutable.StringBuilder$
2918:             1             16  scala.collection.mutable.WrappedArray$
2919:             1             16  scala.compat.Platform$
2920:             1             16  scala.compat.java8.FutureConverters$
2921:             1             16  scala.compat.java8.FutureConverters$FutureOps$
2922:             1             16  scala.compat.java8.OptionConverters$$anon$1
2923:             1             16  scala.compat.java8.OptionConverters$$anon$2
2924:             1             16  scala.compat.java8.OptionConverters$$anon$3
2925:             1             16  scala.compat.java8.OptionConverters$RichOptionForJava8$
2926:             1             16  scala.compat.java8.OptionConverters$RichOptionalGeneric$
2927:             1             16  scala.concurrent.Await$
2928:             1             16  scala.concurrent.AwaitPermission$
2929:             1             16  scala.concurrent.BlockContext$
2930:             1             16  scala.concurrent.BlockContext$DefaultBlockContext$
2931:             1             16  scala.concurrent.Future$$$Lambda$309/2077297548
2932:             1             16  scala.concurrent.Future$$$Lambda$312/1384911519
2933:             1             16  scala.concurrent.Future$$Lambda$329/155435018
2934:             1             16  scala.concurrent.Future$InternalCallbackExecutor$
2935:             1             16  scala.concurrent.Promise$
2936:             1             16  scala.concurrent.duration.Deadline$
2937:             1             16  scala.concurrent.duration.Duration$$$Lambda$126/835146383
2938:             1             16  scala.concurrent.duration.Duration$$$Lambda$127/322112198
2939:             1             16  scala.concurrent.duration.Duration$$$Lambda$128/187457031
2940:             1             16  scala.concurrent.duration.Duration$$anon$1
2941:             1             16  scala.concurrent.duration.Duration$$anon$2
2942:             1             16  scala.concurrent.duration.Duration$$anon$3
2943:             1             16  scala.concurrent.duration.package$
2944:             1             16  scala.concurrent.duration.package$DurationInt$
2945:             1             16  scala.concurrent.duration.package$DurationLong$
2946:             1             16  scala.concurrent.impl.Promise$
2947:             1             16  scala.concurrent.impl.Promise$KeptPromise$
2948:             1             16  scala.concurrent.impl.Promise$KeptPromise$Successful
2949:             1             16  scala.concurrent.java8.FuturesConvertersImpl$
2950:             1             16  scala.concurrent.package$
2951:             1             16  scala.math.Equiv$
2952:             1             16  scala.math.Fractional$
2953:             1             16  scala.math.Integral$
2954:             1             16  scala.math.Numeric$
2955:             1             16  scala.math.Ordered$
2956:             1             16  scala.math.Ordering$
2957:             1             16  scala.math.Ordering$$anon$9
2958:             1             16  scala.math.Ordering$Long$
2959:             1             16  scala.math.Ordering$String$
2960:             1             16  scala.math.package$
2961:             1             16  scala.package$$anon$1
2962:             1             16  scala.reflect.NoManifest$
2963:             1             16  scala.runtime.BoxedUnit
2964:             1             16  scala.runtime.RichDouble$
2965:             1             16  scala.runtime.RichInt$
2966:             1             16  scala.runtime.RichLong$
2967:             1             16  scala.runtime.ScalaRunTime$
2968:             1             16  scala.sys.BooleanProp$
2969:             1             16  scala.sys.BooleanProp$$$Lambda$97/1855610584
2970:             1             16  scala.sys.SystemProperties$$Lambda$100/897848096
2971:             1             16  scala.sys.package$
2972:             1             16  scala.util.Either$
2973:             1             16  scala.util.Failure
2974:             1             16  scala.util.Left$
2975:             1             16  scala.util.PropertiesTrait$$Lambda$16/793315160
2976:             1             16  scala.util.PropertiesTrait$$Lambda$17/1089504328
2977:             1             16  scala.util.PropertiesTrait$$Lambda$18/867398280
2978:             1             16  scala.util.PropertiesTrait$$Lambda$399/1870723838
2979:             1             16  scala.util.PropertiesTrait$$Lambda$400/938613108
2980:             1             16  scala.util.PropertiesTrait$$Lambda$401/1598898814
2981:             1             16  scala.util.Right$
2982:             1             16  scala.util.Try$
2983:             1             16  scala.util.control.Breaks
2984:             1             16  scala.util.control.NoStackTrace$
2985:             1             16  scala.util.control.NonFatal$
2986:             1             16  scala.util.hashing.package$
2987:             1             16  sun.management.ClassLoadingImpl
2988:             1             16  sun.management.HotSpotDiagnostic
2989:             1             16  sun.management.ManagementFactoryHelper$PlatformLoggingImpl
2990:             1             16  sun.misc.ASCIICaseInsensitiveComparator
2991:             1             16  sun.misc.FloatingDecimal$1
2992:             1             16  sun.misc.FormattedFloatingDecimal$1
2993:             1             16  sun.misc.Launcher
2994:             1             16  sun.misc.Launcher$Factory
2995:             1             16  sun.misc.ObjectInputFilter$Config$$Lambda$561/1959468822
2996:             1             16  sun.misc.Perf
2997:             1             16  sun.misc.Unsafe
2998:             1             16  sun.net.DefaultProgressMeteringPolicy
2999:             1             16  sun.net.ExtendedOptionsImpl$$Lambda$525/1532424027
3000:             1             16  sun.net.spi.DefaultProxySelector
3001:             1             16  sun.net.www.protocol.file.Handler
3002:             1             16  sun.net.www.protocol.jar.JarFileFactory
3003:             1             16  sun.nio.ch.EPollSelectorProvider
3004:             1             16  sun.nio.ch.ExtendedSocketOption$1
3005:             1             16  sun.nio.ch.FileChannelImpl$1
3006:             1             16  sun.nio.ch.FileDispatcherImpl
3007:             1             16  sun.nio.ch.Net$1
3008:             1             16  sun.nio.ch.Util$1
3009:             1             16  sun.nio.fs.LinuxFileSystemProvider
3010:             1             16  sun.reflect.GeneratedConstructorAccessor10
3011:             1             16  sun.reflect.GeneratedConstructorAccessor11
3012:             1             16  sun.reflect.GeneratedConstructorAccessor13
3013:             1             16  sun.reflect.GeneratedConstructorAccessor15
3014:             1             16  sun.reflect.GeneratedConstructorAccessor17
3015:             1             16  sun.reflect.GeneratedConstructorAccessor5
3016:             1             16  sun.reflect.GeneratedConstructorAccessor7
3017:             1             16  sun.reflect.GeneratedConstructorAccessor9
3018:             1             16  sun.reflect.GeneratedMethodAccessor1
3019:             1             16  sun.reflect.GeneratedMethodAccessor10
3020:             1             16  sun.reflect.GeneratedMethodAccessor11
3021:             1             16  sun.reflect.GeneratedMethodAccessor12
3022:             1             16  sun.reflect.GeneratedMethodAccessor13
3023:             1             16  sun.reflect.GeneratedMethodAccessor14
3024:             1             16  sun.reflect.GeneratedMethodAccessor15
3025:             1             16  sun.reflect.GeneratedMethodAccessor16
3026:             1             16  sun.reflect.GeneratedMethodAccessor17
3027:             1             16  sun.reflect.GeneratedMethodAccessor18
3028:             1             16  sun.reflect.GeneratedMethodAccessor19
3029:             1             16  sun.reflect.GeneratedMethodAccessor2
3030:             1             16  sun.reflect.GeneratedMethodAccessor20
3031:             1             16  sun.reflect.GeneratedMethodAccessor21
3032:             1             16  sun.reflect.GeneratedMethodAccessor22
3033:             1             16  sun.reflect.GeneratedMethodAccessor23
3034:             1             16  sun.reflect.GeneratedMethodAccessor24
3035:             1             16  sun.reflect.GeneratedMethodAccessor25
3036:             1             16  sun.reflect.GeneratedMethodAccessor27
3037:             1             16  sun.reflect.GeneratedMethodAccessor29
3038:             1             16  sun.reflect.GeneratedMethodAccessor3
3039:             1             16  sun.reflect.GeneratedMethodAccessor30
3040:             1             16  sun.reflect.GeneratedMethodAccessor4
3041:             1             16  sun.reflect.GeneratedMethodAccessor5
3042:             1             16  sun.reflect.GeneratedMethodAccessor6
3043:             1             16  sun.reflect.GeneratedMethodAccessor7
3044:             1             16  sun.reflect.GeneratedMethodAccessor8
3045:             1             16  sun.reflect.GeneratedMethodAccessor9
3046:             1             16  sun.reflect.GeneratedSerializationConstructorAccessor10
3047:             1             16  sun.reflect.GeneratedSerializationConstructorAccessor11
3048:             1             16  sun.reflect.GeneratedSerializationConstructorAccessor12
3049:             1             16  sun.reflect.GeneratedSerializationConstructorAccessor13
3050:             1             16  sun.reflect.GeneratedSerializationConstructorAccessor140
3051:             1             16  sun.reflect.GeneratedSerializationConstructorAccessor141
3052:             1             16  sun.reflect.GeneratedSerializationConstructorAccessor142
3053:             1             16  sun.reflect.GeneratedSerializationConstructorAccessor143
3054:             1             16  sun.reflect.GeneratedSerializationConstructorAccessor144
3055:             1             16  sun.reflect.GeneratedSerializationConstructorAccessor145
3056:             1             16  sun.reflect.GeneratedSerializationConstructorAccessor146
3057:             1             16  sun.reflect.GeneratedSerializationConstructorAccessor147
3058:             1             16  sun.reflect.GeneratedSerializationConstructorAccessor148
3059:             1             16  sun.reflect.GeneratedSerializationConstructorAccessor149
3060:             1             16  sun.reflect.GeneratedSerializationConstructorAccessor150
3061:             1             16  sun.reflect.GeneratedSerializationConstructorAccessor151
3062:             1             16  sun.reflect.GeneratedSerializationConstructorAccessor152
3063:             1             16  sun.reflect.GeneratedSerializationConstructorAccessor157
3064:             1             16  sun.reflect.GeneratedSerializationConstructorAccessor159
3065:             1             16  sun.reflect.GeneratedSerializationConstructorAccessor17
3066:             1             16  sun.reflect.GeneratedSerializationConstructorAccessor18
3067:             1             16  sun.reflect.GeneratedSerializationConstructorAccessor19
3068:             1             16  sun.reflect.GeneratedSerializationConstructorAccessor2
3069:             1             16  sun.reflect.GeneratedSerializationConstructorAccessor20
3070:             1             16  sun.reflect.GeneratedSerializationConstructorAccessor21
3071:             1             16  sun.reflect.GeneratedSerializationConstructorAccessor22
3072:             1             16  sun.reflect.GeneratedSerializationConstructorAccessor23
3073:             1             16  sun.reflect.GeneratedSerializationConstructorAccessor266
3074:             1             16  sun.reflect.GeneratedSerializationConstructorAccessor267
3075:             1             16  sun.reflect.GeneratedSerializationConstructorAccessor268
3076:             1             16  sun.reflect.GeneratedSerializationConstructorAccessor269
3077:             1             16  sun.reflect.GeneratedSerializationConstructorAccessor270
3078:             1             16  sun.reflect.GeneratedSerializationConstructorAccessor271
3079:             1             16  sun.reflect.GeneratedSerializationConstructorAccessor272
3080:             1             16  sun.reflect.GeneratedSerializationConstructorAccessor284
3081:             1             16  sun.reflect.GeneratedSerializationConstructorAccessor285
3082:             1             16  sun.reflect.GeneratedSerializationConstructorAccessor286
3083:             1             16  sun.reflect.GeneratedSerializationConstructorAccessor287
3084:             1             16  sun.reflect.GeneratedSerializationConstructorAccessor288
3085:             1             16  sun.reflect.GeneratedSerializationConstructorAccessor289
3086:             1             16  sun.reflect.GeneratedSerializationConstructorAccessor29
3087:             1             16  sun.reflect.GeneratedSerializationConstructorAccessor290
3088:             1             16  sun.reflect.GeneratedSerializationConstructorAccessor291
3089:             1             16  sun.reflect.GeneratedSerializationConstructorAccessor292
3090:             1             16  sun.reflect.GeneratedSerializationConstructorAccessor293
3091:             1             16  sun.reflect.GeneratedSerializationConstructorAccessor294
3092:             1             16  sun.reflect.GeneratedSerializationConstructorAccessor298
3093:             1             16  sun.reflect.GeneratedSerializationConstructorAccessor299
3094:             1             16  sun.reflect.GeneratedSerializationConstructorAccessor30
3095:             1             16  sun.reflect.GeneratedSerializationConstructorAccessor300
3096:             1             16  sun.reflect.GeneratedSerializationConstructorAccessor301
3097:             1             16  sun.reflect.GeneratedSerializationConstructorAccessor302
3098:             1             16  sun.reflect.GeneratedSerializationConstructorAccessor303
3099:             1             16  sun.reflect.GeneratedSerializationConstructorAccessor304
3100:             1             16  sun.reflect.GeneratedSerializationConstructorAccessor305
3101:             1             16  sun.reflect.GeneratedSerializationConstructorAccessor306
3102:             1             16  sun.reflect.GeneratedSerializationConstructorAccessor307
3103:             1             16  sun.reflect.GeneratedSerializationConstructorAccessor308
3104:             1             16  sun.reflect.GeneratedSerializationConstructorAccessor31
3105:             1             16  sun.reflect.GeneratedSerializationConstructorAccessor310
3106:             1             16  sun.reflect.GeneratedSerializationConstructorAccessor315
3107:             1             16  sun.reflect.GeneratedSerializationConstructorAccessor32
3108:             1             16  sun.reflect.GeneratedSerializationConstructorAccessor322
3109:             1             16  sun.reflect.GeneratedSerializationConstructorAccessor327
3110:             1             16  sun.reflect.GeneratedSerializationConstructorAccessor328
3111:             1             16  sun.reflect.GeneratedSerializationConstructorAccessor332
3112:             1             16  sun.reflect.GeneratedSerializationConstructorAccessor34
3113:             1             16  sun.reflect.GeneratedSerializationConstructorAccessor35
3114:             1             16  sun.reflect.GeneratedSerializationConstructorAccessor350
3115:             1             16  sun.reflect.GeneratedSerializationConstructorAccessor355
3116:             1             16  sun.reflect.GeneratedSerializationConstructorAccessor358
3117:             1             16  sun.reflect.GeneratedSerializationConstructorAccessor359
3118:             1             16  sun.reflect.GeneratedSerializationConstructorAccessor360
3119:             1             16  sun.reflect.GeneratedSerializationConstructorAccessor361
3120:             1             16  sun.reflect.GeneratedSerializationConstructorAccessor363
3121:             1             16  sun.reflect.GeneratedSerializationConstructorAccessor364
3122:             1             16  sun.reflect.GeneratedSerializationConstructorAccessor365
3123:             1             16  sun.reflect.GeneratedSerializationConstructorAccessor366
3124:             1             16  sun.reflect.GeneratedSerializationConstructorAccessor37
3125:             1             16  sun.reflect.GeneratedSerializationConstructorAccessor370
3126:             1             16  sun.reflect.GeneratedSerializationConstructorAccessor371
3127:             1             16  sun.reflect.GeneratedSerializationConstructorAccessor372
3128:             1             16  sun.reflect.GeneratedSerializationConstructorAccessor373
3129:             1             16  sun.reflect.GeneratedSerializationConstructorAccessor374
3130:             1             16  sun.reflect.GeneratedSerializationConstructorAccessor38
3131:             1             16  sun.reflect.GeneratedSerializationConstructorAccessor40
3132:             1             16  sun.reflect.GeneratedSerializationConstructorAccessor42
3133:             1             16  sun.reflect.GeneratedSerializationConstructorAccessor45
3134:             1             16  sun.reflect.GeneratedSerializationConstructorAccessor5
3135:             1             16  sun.reflect.GeneratedSerializationConstructorAccessor6
3136:             1             16  sun.reflect.GeneratedSerializationConstructorAccessor7
3137:             1             16  sun.reflect.GeneratedSerializationConstructorAccessor8
3138:             1             16  sun.reflect.GeneratedSerializationConstructorAccessor9
3139:             1             16  sun.reflect.ReflectionFactory
3140:             1             16  sun.reflect.generics.tree.BottomSignature
3141:             1             16  sun.reflect.generics.tree.ByteSignature
3142:             1             16  sun.reflect.generics.tree.CharSignature
3143:             1             16  sun.reflect.generics.tree.TypeVariableSignature
3144:             1             16  sun.util.calendar.Gregorian
3145:             1             16  sun.util.locale.provider.AuxLocaleProviderAdapter$NullProvider
3146:             1             16  sun.util.locale.provider.CalendarDataUtility$CalendarWeekParameterGetter
3147:             1             16  sun.util.locale.provider.SPILocaleProviderAdapter
3148:             1             16  sun.util.resources.LocaleData
3149:             1             16  sun.util.resources.LocaleData$LocaleDataResourceBundleControl
