 num     #instances         #bytes  class name
 Total        176374实例数量       实例占用空间12068848 = 1,508,606B =1,473.248046875KB =1.438MB
总的类个数:3198
----------------------------------------------
   1:         27718        2601736  [C
   2:          7259        1382920  [Ljava.lang.Object;
   3:            28         917952  [Ljava.util.concurrent.ForkJoinTask;
   4:          8284         907336  java.lang.Class
   5:          3416         839752  [I
   6:          1318         790808  [B
   7:         27600         662400  java.lang.String
   8:         11016         352512  java.util.concurrent.ConcurrentHashMap$Node
   9:          2365         208120  java.lang.reflect.Method
  10:          5389         172448  java.util.HashMap$Node
  11:           257         135192  [Lorg.apache.flink.runtime.state.heap.CopyOnWriteStateMap$StateMapEntry;
  12:          2106         134784  java.nio.DirectByteBuffer
  13:          2051         114856  org.apache.flink.core.memory.MemorySegment
  14:           107         112544  [Ljava.util.concurrent.ConcurrentHashMap$Node;
  15:          6614         105824  java.lang.Object
  16:          1047         100984  [Ljava.util.HashMap$Node;
  17:          2023          97104  java.util.HashMap
  18:          4164          96472  [Ljava.lang.Class;
  19:          1539          86184  java.lang.invoke.MemberName
  20:          2108          84320  sun.misc.Cleaner
  21:          1018          73296  java.lang.reflect.Field
  22:          1734          69360  java.lang.ref.SoftReference
  23:          2100          67200  java.nio.DirectByteBuffer$Deallocator
  24:          1793          60192  [S
  25:           736          58880  java.lang.reflect.Constructor
  26:          1465          58600  java.lang.invoke.MethodType
  27:           897          57408  org.apache.flink.shaded.netty4.io.netty.buffer.PoolSubpage
  28:          1315          52600  java.util.LinkedHashMap$Entry
  29:          1467          46944  java.lang.invoke.MethodType$ConcurrentWeakInternSet$WeakEntry
  30:            80          46080  org.apache.flink.shaded.netty4.io.netty.util.internal.shaded.org.jctools.queues.MpscUnboundedArrayQueue
  31:           963          43848  [Ljava.lang.String;
  32:           990          39600  com.typesafe.config.impl.SimpleConfigOrigin
  33:          1218          38976  java.lang.invoke.DirectMethodHandle
  34:          1460          35040  java.util.ArrayList
  35:          2129          34064  java.util.concurrent.atomic.AtomicBoolean
  36:          1062          25488  akka.dispatch.AbstractNodeQueue$Node
  37:          1028          24672  akka.actor.LightArrayRevolverScheduler$TaskQueue
  38:          1024          24576  org.jboss.netty.util.HashedWheelTimer$HashedWheelBucket
  39:           613          24520  java.io.ObjectStreamField
  40:           418          23408  java.util.LinkedHashMap
  41:           354          23056  [J
  42:           186          19344  java.io.ObjectStreamClass
  43:           340          19040  java.lang.Package
  44:            49          18424  java.lang.Thread
  45:           211          16832  [Ljava.util.Hashtable$Entry;
  46:           524          16768  java.util.Hashtable$Entry
  47:           410          16400  java.math.BigInteger
  48:           256          16384  org.apache.flink.runtime.state.heap.CopyOnWriteStateMap
  49:           270          16200  [Ljava.lang.ref.SoftReference;
  50:           458          14656  java.lang.invoke.BoundMethodHandle$Species_L
  51:           452          14464  java.lang.invoke.LambdaForm$Name
  52:           430          13760  java.util.RegularEnumSet
  53:           341          13640  org.apache.flink.configuration.ConfigOption
  54:           425          13600  scala.collection.immutable.HashMap$HashMap1
  55:           240          13440  java.lang.Class$ReflectionData
  56:           280          13440  java.util.TreeMap
  57:           184          13248  sun.reflect.DelegatingClassLoader
  58:           392          12544  java.util.Vector
  59:           501          12024  scala.Tuple2
  60:           282          11280  java.lang.invoke.BoundMethodHandle$Species_LL
  61:           171          10944  java.util.concurrent.ConcurrentHashMap
  62:           341          10912  sun.misc.FDBigInteger
  63:           425          10200  org.apache.flink.configuration.description.TextElement
  64:           200           9600  java.util.Hashtable
  65:           299           9568  com.typesafe.config.impl.SimpleConfigObject
  66:            28           9184  java.util.concurrent.ForkJoinPool$WorkQueue
  67:           382           9168  java.lang.Long
  68:           382           9168  org.apache.flink.api.java.tuple.Tuple2
  69:           214           8560  java.lang.ref.Finalizer
  70:           152           8512  java.lang.invoke.MethodTypeForm
  71:           354           8496  com.typesafe.config.impl.ConfigString$Quoted
  72:           131           8448  [Ljava.lang.reflect.Method;
  73:           209           8360  java.security.ProtectionDomain
  74:             2           8224  [Lakka.actor.ActorRef;
  75:             2           8224  [Lakka.serialization.Serializer;
  76:             1           8216  [Lscala.math.BigInt;
  77:           170           8160  java.lang.invoke.LambdaForm
  78:           175           7984  [Ljava.lang.invoke.LambdaForm$Name;
  79:           245           7840  org.apache.logging.log4j.core.config.plugins.processor.PluginEntry
  80:           321           7704  scala.collection.immutable.$colon$colon
  81:            23           7456  [[S
  82:           176           7040  org.apache.logging.log4j.core.Logger
  83:           176           7040  org.apache.logging.log4j.core.Logger$PrivateConfig
  84:           208           6656  java.security.CodeSource
  85:           138           6624  org.apache.flink.shaded.netty4.io.netty.buffer.PoolChunkList
  86:           206           6592  java.lang.ThreadLocal$ThreadLocalMap$Entry
  87:           217           6408  [Ljava.io.ObjectStreamField;
  88:            40           6400  org.apache.flink.shaded.netty4.io.netty.channel.epoll.EpollEventLoop
  89:           197           6304  java.io.ObjectStreamClass$WeakClassKey
  90:            70           6272  [Ljava.util.WeakHashMap$Entry;
  91:            30           6160  [Z
  92:           385           6160  java.lang.Integer
  93:           191           6112  java.util.concurrent.locks.ReentrantLock$NonfairSync
  94:           245           5880  org.apache.logging.log4j.core.config.plugins.util.PluginType
  95:           144           5760  java.util.WeakHashMap$Entry
  96:           332           5312  org.apache.flink.configuration.description.Description
  97:            82           5248  java.net.URL
  98:           327           5232  java.util.HashSet
  99:           216           5184  com.typesafe.config.impl.ConfigString$Unquoted
 100:           127           5080  java.lang.invoke.MethodHandleImpl$AsVarargsCollector
 101:           206           4944  java.lang.invoke.LambdaForm$NamedFunction
 102:           201           4824  javax.management.ImmutableDescriptor
 103:           301           4816  com.typesafe.config.impl.SimpleConfig
 104:            83           4648  org.apache.flink.runtime.metrics.groups.GenericMetricGroup
 105:            94           4512  java.lang.invoke.BoundMethodHandle$Species_L4
 106:           110           4432  [Ljava.lang.reflect.Field;
 107:           184           4416  java.time.LocalDateTime
 108:           183           4392  sun.reflect.generics.tree.SimpleClassTypeSignature
 109:           267           4272  java.util.HashMap$Values
 110:           178           4272  org.apache.logging.log4j.message.DefaultFlowMessageFactory
 111:           178           4272  org.apache.logging.log4j.spi.AbstractLogger$LocalLogBuilder
 112:            42           4256  [Ljava.lang.ThreadLocal$ThreadLocalMap$Entry;
 113:           176           4224  org.apache.logging.slf4j.Log4jLogger
 114:           262           4192  java.util.TreeSet
 115:           130           4160  com.sun.jmx.mbeanserver.ConvertingMethod
 116:           104           4160  java.io.ObjectStreamClass$FieldReflectorKey
 117:             2           4128  [Lakka.actor.LightArrayRevolverScheduler$TaskQueue;
 118:             2           4128  [Ljava.nio.ByteBuffer;
 119:             2           4128  [Lorg.jboss.netty.util.HashedWheelTimer$HashedWheelBucket;
 120:           119           4096  [Lscala.collection.immutable.HashMap;
 121:           256           4096  java.lang.Byte
 122:           256           4096  java.lang.Short
 123:            23           4048  [Lorg.apache.flink.shaded.netty4.io.netty.buffer.PoolSubpage;
 124:           164           4000  [Ljava.lang.reflect.Constructor;
 125:           100           4000  org.apache.flink.metrics.MeterView
 126:            98           3920  java.io.ObjectStreamClass$FieldReflector
 127:            98           3920  sun.reflect.UnsafeQualifiedStaticLongFieldAccessorImpl
 128:            10           3840  akka.dispatch.MonitorableThreadFactory$AkkaForkJoinWorkerThread
 129:            96           3840  java.util.TreeMap$Entry
 130:           117           3744  java.lang.ref.WeakReference
 131:           148           3552  sun.reflect.annotation.AnnotationInvocationHandler
 132:            40           3520  akka.actor.ActorCell
 133:            47           3512  [Ljava.lang.invoke.MethodHandle;
 134:           142           3408  com.typesafe.config.impl.ConfigInt
 135:           209           3344  [Ljava.security.Principal;
 136:           209           3344  java.security.ProtectionDomain$Key
 137:            22           3344  org.apache.flink.shaded.netty4.io.netty.buffer.PoolArena$DirectArena
 138:           183           3328  [Lsun.reflect.generics.tree.TypeArgument;
 139:           104           3328  java.lang.ref.ReferenceQueue
 140:           207           3312  java.util.HashMap$KeySet
 141:            63           3160  [Ljavax.management.MBeanAttributeInfo;
 142:            64           3072  java.util.WeakHashMap
 143:           192           3072  java.util.concurrent.atomic.AtomicInteger
 144:           127           3048  java.util.concurrent.locks.AbstractQueuedSynchronizer$ConditionObject
 145:            54           3024  sun.nio.cs.UTF_8$Encoder
 146:            62           2976  javax.management.MBeanInfo
 147:            92           2944  org.apache.flink.shaded.netty4.io.netty.util.internal.LongAdderCounter
 148:           182           2912  sun.reflect.generics.tree.ClassTypeSignature
 149:           121           2904  scala.concurrent.duration.FiniteDuration
 150:            45           2880  javax.management.openmbean.OpenMBeanAttributeInfoSupport
 151:           120           2880  org.apache.flink.shaded.netty4.io.netty.channel.unix.FileDescriptor
 152:           119           2856  scala.collection.immutable.HashMap$HashTrieMap
 153:           118           2832  java.lang.Class$AnnotationData
 154:           177           2832  org.apache.logging.log4j.message.ReusableMessageFactory
 155:            88           2816  javax.management.MBeanAttributeInfo
 156:           175           2800  java.util.concurrent.locks.ReentrantLock
 157:           113           2712  java.util.concurrent.CompletableFuture
 158:            83           2656  java.lang.invoke.DirectMethodHandle$Special
 159:            54           2592  sun.net.www.MimeEntry
 160:           137           2568  [Lcom.sun.jmx.mbeanserver.MXBeanMapping;
 161:            95           2528  [Ljavax.management.ObjectName$Property;
 162:           157           2512  sun.reflect.BootstrapConstructorAccessorImpl
 163:           104           2496  [Ljava.util.Map;
 164:           103           2472  java.time.LocalDate
 165:           101           2424  java.util.Arrays$ArrayList
 166:            39           2416  [Ljava.math.BigInteger;
 167:            99           2376  java.util.concurrent.atomic.AtomicLong
 168:            97           2328  javax.management.ObjectName$Property
 169:           144           2304  java.util.HashMap$EntrySet
 170:            94           2240  [Ljava.lang.reflect.Type;
 171:            90           2160  org.apache.flink.metrics.SimpleCounter
 172:             4           2144  [Lorg.apache.flink.runtime.state.heap.HeapPriorityQueueElement;
 173:             4           2112  [Ljava.util.HashMap;
 174:            66           2112  java.util.concurrent.CountDownLatch$Sync
 175:            44           2112  sun.util.locale.LocaleObjectCache$CacheEntry
 176:            52           2080  java.util.Collections$SingletonMap
 177:            26           2080  java.util.concurrent.ThreadPoolExecutor
 178:            86           2064  sun.reflect.NativeConstructorAccessorImpl
 179:           128           2048  java.lang.Character
 180:            82           1968  java.util.concurrent.ConcurrentLinkedQueue$Node
 181:            81           1944  org.apache.flink.configuration.FallbackKey
 182:            48           1920  javax.management.ObjectName
 183:            40           1920  org.apache.flink.shaded.netty4.io.netty.util.collection.IntObjectHashMap
 184:            59           1888  akka.actor.ChildActorPath
 185:            77           1848  [Lorg.apache.flink.configuration.FallbackKey;
 186:            31           1736  sun.misc.URLClassPath$JarLoader
 187:            71           1704  java.util.LinkedList$Node
 188:           106           1696  java.lang.ref.ReferenceQueue$Lock
 189:            53           1696  java.util.concurrent.locks.AbstractQueuedSynchronizer$Node
 190:            30           1680  java.security.Provider$Service
 191:            69           1656  java.security.Provider$ServiceKey
 192:            17           1632  java.util.jar.JarFile$JarFileEntry
 193:            67           1608  java.util.ArrayDeque
 194:            40           1600  sun.management.DiagnosticCommandArgumentInfo
 195:            99           1584  java.util.Collections$SingletonSet
 196:             1           1568  [[B
 197:            49           1568  org.apache.flink.shaded.netty4.io.netty.channel.ChannelOption
 198:            49           1568  sun.reflect.generics.repository.ClassRepository
 199:             5           1560  akka.dispatch.ForkJoinExecutorConfigurator$AkkaForkJoinPool
 200:            32           1536  java.util.logging.LogManager$LoggerWeakRef
 201:            48           1536  org.apache.flink.runtime.metrics.dump.QueryScopeInfo$TaskQueryScopeInfo
 202:            19           1520  [Ljava.util.concurrent.RunnableScheduledFuture;
 203:            38           1520  akka.actor.Deploy
 204:            93           1488  sun.reflect.DelegatingConstructorAccessorImpl
 205:            36           1440  java.security.AccessControlContext
 206:            30           1440  java.time.temporal.ValueRange
 207:            30           1440  java.util.zip.Inflater
 208:             1           1376  [Lsun.misc.FDBigInteger;
 209:            43           1376  akka.actor.Props
 210:            57           1368  java.io.ObjectStreamClass$ClassDataSlot
 211:            28           1344  java.nio.HeapByteBuffer
 212:            42           1344  org.apache.flink.shaded.netty4.io.netty.util.concurrent.DefaultPromise
 213:            41           1312  java.util.LinkedList
 214:            54           1296  sun.reflect.generics.factory.CoreReflectionFactory
 215:            16           1280  [Lscala.collection.mutable.HashEntry;
 216:            40           1280  akka.dispatch.Dispatcher$$anon$1
 217:            40           1280  org.apache.flink.shaded.netty4.io.netty.channel.epoll.EpollEventArray
 218:            40           1280  org.apache.logging.log4j.core.config.builder.api.Component
 219:            12           1248  org.apache.logging.log4j.core.impl.MutableLogEvent
 220:            38           1216  akka.actor.ChildRestartStats
 221:            19           1216  java.util.jar.JarFile
 222:            38           1216  org.apache.flink.configuration.MemorySize
 223:            30           1200  java.math.BigDecimal
 224:            30           1200  java.time.temporal.ChronoField
 225:            15           1200  org.apache.logging.log4j.core.util.datetime.FixedDateFormat
 226:            37           1184  java.util.regex.Pattern$Curly
 227:             3           1176  org.apache.flink.runtime.io.network.api.writer.RecordWriter$OutputFlusher
 228:            21           1176  org.apache.logging.log4j.core.util.datetime.FixedDateFormat$FixedFormat
 229:            49           1176  sun.reflect.generics.reflectiveObjects.ParameterizedTypeImpl
 230:            49           1176  sun.reflect.generics.tree.ClassSignature
 231:            47           1168  [Ljavax.management.MBeanOperationInfo;
 232:            49           1168  [Lsun.reflect.generics.tree.ClassTypeSignature;
 233:            29           1160  sun.nio.cs.UTF_8$Decoder
 234:             6           1152  org.apache.flink.runtime.taskmanager.Task
 235:             3           1152  org.apache.flink.streaming.runtime.tasks.SourceStreamTask$LegacySourceFunctionThread
 236:            48           1152  sun.reflect.generics.scope.ClassScope
 237:            47           1128  com.typesafe.config.impl.Path
 238:            47           1128  com.typesafe.config.impl.SimpleConfigList
 239:            35           1120  java.io.File
 240:            28           1120  java.lang.invoke.DirectMethodHandle$Interface
 241:            20           1120  sun.util.calendar.ZoneInfo
 242:            23           1104  java.util.concurrent.ThreadPoolExecutor$Worker
 243:            69           1104  scala.Some
 244:            23           1104  sun.management.DiagnosticCommandInfo
 245:            15           1080  java.util.logging.Logger
 246:            15           1080  org.apache.logging.log4j.core.config.LoggerConfig
 247:            44           1064  [Ljava.io.ObjectStreamClass$ClassDataSlot;
 248:             2           1056  [Ljava.util.TimerTask;
 249:             2           1056  [Lorg.apache.flink.runtime.state.heap.StateMap;
 250:            44           1056  com.sun.jmx.mbeanserver.NamedObject
 251:            66           1056  com.sun.proxy.$Proxy1
 252:            66           1056  java.util.concurrent.CountDownLatch
 253:            12           1056  org.apache.flink.streaming.runtime.tasks.SystemProcessingTimeService$ScheduledTaskExecutor
 254:             1           1040  [Ljava.lang.Byte;
 255:             1           1040  [Ljava.lang.Integer;
 256:             1           1040  [Ljava.lang.Long;
 257:             1           1040  [Ljava.lang.Short;
 258:            26           1040  akka.actor.Address
 259:            41           1024  [Lorg.apache.flink.configuration.description.InlineElement;
 260:            32           1024  scala.collection.immutable.RedBlackTree$BlackTree
 261:            42           1008  java.lang.ThreadLocal$ThreadLocalMap
 262:            42           1008  java.util.jar.Attributes$Name
 263:            14           1008  java.util.regex.Pattern
 264:            42           1008  org.apache.flink.core.fs.CloseableRegistry
 265:            31            992  java.util.logging.LogManager$LogNode
 266:            31            992  javax.management.MBeanParameterInfo
 267:            41            984  java.util.Collections$UnmodifiableRandomAccessList
 268:            41            984  java.util.regex.Pattern$GroupHead
 269:            41            984  java.util.regex.Pattern$GroupTail
 270:            20            960  akka.actor.RepointableActorRef
 271:            40            960  java.io.ObjectStreamClass$ExceptionInfo
 272:            30            960  java.security.Provider$EngineDescription
 273:            40            960  org.apache.flink.shaded.netty4.io.netty.util.internal.ThreadExecutorMap$1
 274:            29            952  [Ljava.time.format.DateTimeFormatterBuilder$DateTimePrinterParser;
 275:            55            952  [Lsun.reflect.generics.tree.FormalTypeParameter;
 276:            17            952  java.util.zip.ZipFile$ZipFileInflaterInputStream
 277:            17            952  java.util.zip.ZipFile$ZipFileInputStream
 278:            38            912  akka.dispatch.UnboundedMailbox$MessageQueue
 279:            38            912  java.time.Duration
 280:            57            912  java.util.LinkedHashSet
 281:             9            896  [D
 282:            28            896  org.apache.flink.streaming.runtime.tasks.mailbox.MailboxExecutorImpl
 283:            10            880  akka.dispatch.Dispatcher
 284:            22            880  javax.management.MBeanOperationInfo
 285:            55            880  sun.reflect.DelegatingMethodAccessorImpl
 286:            22            880  sun.util.locale.BaseLocale$Key
 287:            12            864  sun.nio.ch.EPollArrayWrapper
 288:            12            864  sun.nio.ch.EPollSelectorImpl
 289:            15            840  javax.management.openmbean.ArrayType
 290:            26            832  java.lang.reflect.WeakCache$CacheValue
 291:            26            832  java.time.format.DateTimeFormatterBuilder$NumberPrinterParser
 292:            26            832  java.util.zip.ZipCoder
 293:            34            816  akka.actor.LightArrayRevolverScheduler$TaskHolder
 294:            34            816  java.lang.ProcessEnvironment$Value
 295:            34            816  java.lang.ProcessEnvironment$Variable
 296:            51            816  java.lang.ThreadLocal
 297:            34            816  java.util.concurrent.CopyOnWriteArrayList
 298:            17            816  java.util.concurrent.LinkedBlockingQueue
 299:            34            816  org.apache.flink.shaded.netty4.io.netty.util.internal.logging.LocationAwareSlf4JLogger
 300:            20            800  com.sun.jmx.mbeanserver.MXBeanSupport
 301:            33            792  java.util.Collections$SingletonList
 302:            49            784  com.sun.proxy.$Proxy2
 303:            14            784  scala.collection.immutable.Vector
 304:             3            768  [Ljava.time.LocalDateTime;
 305:            32            768  com.sun.jmx.mbeanserver.DefaultMXBeanMappingFactory$IdentityMapping
 306:            32            768  com.typesafe.config.impl.ConfigBoolean
 307:            24            768  java.lang.reflect.Proxy$Key1
 308:             2            768  java.util.TimerThread
 309:            24            768  java.util.regex.Pattern$Branch
 310:             6            768  org.apache.flink.runtime.taskmanager.RuntimeEnvironment
 311:            32            768  scala.collection.immutable.HashSet$HashSet1
 312:             2            752  org.apache.logging.log4j.core.util.Log4jThread
 313:            23            736  java.util.concurrent.atomic.AtomicReferenceFieldUpdater$AtomicReferenceFieldUpdaterImpl
 314:            23            736  sun.management.DiagnosticCommandImpl$Wrapper
 315:            30            720  java.lang.invoke.Invokers
 316:            15            720  java.lang.management.PlatformComponent
 317:            30            720  java.util.zip.ZStreamRef
 318:            30            720  scala.collection.mutable.DefaultEntry
 319:            22            704  java.io.FileDescriptor
 320:            22            704  java.util.Locale
 321:            22            704  org.apache.flink.runtime.jobgraph.OperatorID
 322:            11            704  org.apache.flink.runtime.metrics.groups.InternalOperatorMetricGroup
 323:            11            704  org.apache.flink.streaming.api.operators.StreamingRuntimeContext
 324:            22            704  org.apache.flink.streaming.api.windowing.windows.TimeWindow
 325:            22            704  sun.reflect.annotation.AnnotationType
 326:            22            704  sun.util.locale.BaseLocale
 327:            29            696  java.time.format.DateTimeFormatterBuilder$CompositePrinterParser
 328:            17            680  com.sun.jmx.mbeanserver.PerInterface
 329:            17            680  com.typesafe.config.impl.SimpleConfig$MemoryUnit
 330:            17            680  java.time.format.DateTimeFormatter
 331:            21            672  com.sun.jmx.mbeanserver.WeakIdentityHashMap$IdentityWeakReference
 332:            21            672  java.net.InetAddress$InetAddressHolder
 333:            28            672  java.security.Provider$UString
 334:             6            672  org.apache.flink.api.common.ExecutionConfig
 335:            28            672  sun.reflect.NativeMethodAccessorImpl
 336:            27            648  java.time.LocalTime
 337:            16            640  akka.util.SubclassifiedIndex$Nonroot
 338:            20            640  java.util.concurrent.FutureTask
 339:            40            640  org.apache.flink.shaded.netty4.io.netty.channel.epoll.EpollEventLoop$1
 340:            40            640  org.apache.flink.shaded.netty4.io.netty.util.collection.IntObjectHashMap$1
 341:            40            640  org.apache.flink.shaded.netty4.io.netty.util.collection.IntObjectHashMap$EntrySet
 342:            40            640  org.apache.flink.shaded.netty4.io.netty.util.collection.IntObjectHashMap$KeySet
 343:            20            640  org.apache.flink.util.concurrent.ExecutorThreadFactory
 344:            16            640  org.jboss.netty.util.internal.ConcurrentIdentityWeakKeyHashMap$Segment
 345:             3            624  [Ljava.lang.invoke.LambdaForm;
 346:            26            624  [Ljavax.management.MBeanParameterInfo;
 347:            26            624  akka.actor.ArgsReflectConstructor
 348:            26            624  akka.dispatch.CachingConfig$StringPathEntry
 349:            13            624  java.nio.HeapCharBuffer
 350:            39            624  java.util.concurrent.atomic.AtomicReference
 351:            19            608  java.util.concurrent.ScheduledThreadPoolExecutor$DelayedWorkQueue
 352:            25            600  com.sun.jmx.mbeanserver.PerInterface$MethodAndSig
 353:            25            600  java.lang.StringBuilder
 354:            15            600  java.lang.invoke.MethodHandleImpl$IntrinsicMethodHandle
 355:            15            600  org.apache.logging.log4j.core.pattern.DatePatternConverter$FixedFormatter
 356:            24            592  [Ljava.util.regex.Pattern$Node;
 357:            37            592  org.apache.flink.configuration.description.LineBreakElement
 358:            23            584  [Ljava.security.ProtectionDomain;
 359:            26            584  [Ljavax.management.MBeanNotificationInfo;
 360:            24            576  java.util.AbstractMap$SimpleImmutableEntry
 361:             8            576  java.util.concurrent.ScheduledThreadPoolExecutor$ScheduledFutureTask
 362:            12            576  org.apache.logging.log4j.message.ReusableParameterizedMessage
 363:             5            560  java.net.SocksSocketImpl
 364:             7            560  java.util.concurrent.ScheduledThreadPoolExecutor
 365:            14            560  javax.management.openmbean.SimpleType
 366:            10            560  sun.invoke.util.Wrapper
 367:             7            560  sun.net.www.protocol.jar.URLJarFile
 368:            23            552  [Lsun.management.DiagnosticCommandArgumentInfo;
 369:            23            552  java.util.BitSet
 370:             1            528  [Ljava.lang.Character;
 371:            22            528  com.sun.jmx.mbeanserver.StandardMBeanSupport
 372:            33            528  java.util.LinkedHashMap$LinkedEntrySet
 373:            22            528  java.util.regex.Pattern$BitClass
 374:            22            528  org.apache.flink.api.common.eventtime.CombinedWatermarkStatus$PartialWatermark
 375:            11            528  org.apache.flink.runtime.state.DefaultOperatorStateBackend
 376:            22            528  org.apache.logging.log4j.core.pattern.PatternFormatter
 377:            13            520  java.util.IdentityHashMap
 378:            16            512  akka.event.BusLogging
 379:             4            512  akka.remote.RemoteSettings
 380:            16            512  java.time.temporal.ChronoUnit
 381:            16            512  org.apache.flink.api.common.JobID
 382:             8            512  org.jboss.netty.channel.socket.nio.NioWorker
 383:            21            504  java.util.Locale$LocaleKey
 384:             9            504  javax.management.openmbean.CompositeType
 385:            21            504  org.apache.flink.runtime.metrics.dump.QueryScopeInfo$TaskManagerQueryScopeInfo
 386:             3            504  org.apache.flink.streaming.runtime.tasks.SourceStreamTask
 387:            21            504  scala.collection.immutable.TreeMap
 388:            15            480  akka.actor.OneForOneStrategy
 389:            20            480  akka.actor.Scheduler$$anon$6
 390:            30            480  java.util.LinkedHashMap$LinkedKeySet
 391:            12            480  org.apache.flink.runtime.metrics.TimerGauge
 392:             6            480  org.apache.flink.runtime.metrics.groups.TaskMetricGroup
 393:            20            480  org.apache.flink.runtime.rpc.messages.RunAsync
 394:             3            480  org.apache.flink.streaming.runtime.tasks.OneInputStreamTask
 395:            15            480  org.apache.flink.util.AbstractID
 396:            10            480  org.apache.logging.log4j.core.lookup.ConfigurationStrSubstitutor
 397:            20            480  scala.PartialFunction$OrElse
 398:            12            480  scala.collection.mutable.HashMap
 399:            10            480  sun.misc.URLClassPath
 400:             6            456  [Lsun.invoke.util.Wrapper;
 401:            19            456  java.util.concurrent.LinkedBlockingQueue$Node
 402:            19            456  java.util.regex.Pattern$Ctype
 403:             4            448  [Ljava.time.ZoneOffset;
 404:            14            448  akka.event.MarkerLoggingAdapter
 405:            14            448  java.security.Permissions
 406:            14            448  java.util.concurrent.SynchronousQueue
 407:             8            448  javax.management.openmbean.OpenMBeanParameterInfoSupport
 408:            14            448  org.apache.logging.log4j.core.config.AwaitCompletionReliabilityStrategy
 409:            28            448  scala.collection.immutable.Set$Set1
 410:            11            440  org.apache.flink.runtime.metrics.groups.InternalOperatorIOMetricGroup
 411:            11            440  org.apache.flink.streaming.api.operators.StreamTaskStateInitializerImpl$StreamOperatorStateContextImpl
 412:            11            440  org.apache.flink.streaming.runtime.tasks.StreamOperatorWrapper
 413:            11            440  org.apache.flink.streaming.util.LatencyStats
 414:             4            432  [Ljava.lang.Thread;
 415:            22            432  [Ljavax.management.MBeanConstructorInfo;
 416:            18            432  akka.actor.LocalActorRef
 417:            18            432  java.lang.RuntimePermission
 418:             9            432  java.util.Properties
 419:             6            432  org.apache.flink.runtime.metrics.groups.TaskIOMetricGroup
 420:             6            432  org.apache.flink.streaming.runtime.tasks.SubtaskCheckpointCoordinatorImpl
 421:            20            424  [Lsun.reflect.generics.tree.FieldTypeSignature;
 422:            13            416  akka.dispatch.MonitorableThreadFactory
 423:            13            416  java.lang.invoke.SimpleMethodHandle
 424:            13            416  javax.management.MBeanNotificationInfo
 425:            13            416  org.apache.flink.streaming.runtime.streamrecord.StreamRecord
 426:            17            408  com.typesafe.config.impl.TokenType
 427:            17            408  java.lang.Double
 428:            17            408  java.lang.management.ManagementPermission
 429:            10            400  java.lang.invoke.DirectMethodHandle$Accessor
 430:             5            400  java.net.URI
 431:            10            400  java.util.concurrent.CompletableFuture$UniWhenComplete
 432:            16            384  [Lorg.jboss.netty.util.internal.ConcurrentIdentityWeakKeyHashMap$HashEntry;
 433:            12            384  akka.actor.Scheduler$$anon$1$$anon$2
 434:            12            384  java.io.FilePermission
 435:            24            384  java.lang.Boolean
 436:             1            384  java.lang.ref.Finalizer$FinalizerThread
 437:            16            384  java.util.concurrent.ConcurrentLinkedQueue
 438:             1            384  java.util.logging.LogManager$Cleaner
 439:            24            384  java.util.regex.Pattern$BranchConn
 440:            16            384  java.util.regex.Pattern$Ques
 441:             1            384  org.apache.flink.core.fs.SafetyNetCloseableRegistry$CloseableReaperThread
 442:             1            384  org.apache.flink.runtime.io.disk.iomanager.IOManagerAsync$ReaderThread
 443:             1            384  org.apache.flink.runtime.io.disk.iomanager.IOManagerAsync$WriterThread
 444:             6            384  org.apache.flink.runtime.io.network.buffer.LocalBufferPool
 445:            12            384  org.apache.flink.runtime.metrics.groups.TaskIOMetricGroup$SumCounter
 446:             1            384  org.apache.flink.runtime.util.JvmShutdownSafeguard
 447:             6            384  org.apache.flink.streaming.runtime.tasks.SubtaskCheckpointCoordinatorImpl$1
 448:            12            384  org.apache.flink.streaming.runtime.tasks.SystemProcessingTimeService
 449:            24            384  org.apache.logging.log4j.core.lookup.SystemPropertiesLookup
 450:            16            384  scala.collection.immutable.Map$Map1
 451:            16            384  sun.misc.MetaIndex
 452:            12            384  sun.nio.ch.AllocatedNativeObject
 453:            16            384  sun.nio.ch.OptionKey
 454:            16            384  sun.nio.ch.SocketOptionRegistry$RegistryKey
 455:            12            384  sun.nio.fs.UnixPath
 456:             1            376  java.lang.ref.Reference$ReferenceHandler
 457:             2            368  akka.remote.serialization.MiscMessageSerializer
 458:            23            368  java.time.format.DateTimeFormatterBuilder$CharLiteralPrinterParser
 459:            23            368  java.util.Collections$UnmodifiableSet
 460:            15            360  java.net.InetSocketAddress$InetSocketAddressHolder
 461:             9            360  java.util.concurrent.CompletableFuture$UniRun
 462:            15            360  java.util.regex.Pattern$SingleI
 463:            15            360  javax.management.StandardMBean
 464:             5            360  org.apache.flink.api.java.typeutils.runtime.kryo.KryoSerializer
 465:             3            360  org.apache.flink.runtime.io.network.partition.PipelinedResultPartition
 466:             3            360  org.apache.flink.runtime.io.network.partition.consumer.SingleInputGate
 467:             9            360  org.apache.flink.runtime.state.heap.CopyOnWriteStateMap$StateMapEntry
 468:             2            352  akka.remote.EndpointWriter
 469:            22            352  akka.util.Timeout
 470:            11            352  java.util.Random
 471:            11            352  java.util.Stack
 472:            11            352  java.util.regex.Pattern$3
 473:            11            352  org.apache.flink.api.common.eventtime.CombinedWatermarkStatus
 474:            11            352  org.apache.flink.runtime.metrics.dump.QueryScopeInfo$OperatorQueryScopeInfo
 475:            11            352  org.apache.flink.runtime.state.SnapshotStrategyRunner
 476:            11            352  org.apache.flink.runtime.state.StateSerializerProvider$EagerlyRegisteredStateSerializerProvider
 477:            22            352  org.apache.flink.streaming.api.graph.StreamConfig
 478:            11            352  org.apache.flink.streaming.api.operators.StreamOperatorStateHandler
 479:            11            352  org.apache.flink.streaming.runtime.tasks.ProcessingTimeServiceImpl
 480:            11            352  sun.reflect.generics.reflectiveObjects.TypeVariableImpl
 481:             7            336  com.sun.jmx.mbeanserver.DefaultMXBeanMappingFactory$CompositeMapping
 482:            14            336  java.lang.invoke.LambdaFormEditor$Transform$Kind
 483:            14            336  java.net.Inet4Address
 484:             6            336  java.nio.DirectLongBufferU
 485:            14            336  java.util.regex.Pattern$Single
 486:            14            336  org.apache.flink.streaming.runtime.metrics.WatermarkGauge
 487:             6            336  org.apache.flink.streaming.runtime.tasks.RegularOperatorChain
 488:             2            336  org.apache.logging.log4j.core.config.properties.PropertiesConfiguration
 489:            14            336  org.apache.logging.log4j.core.jmx.LoggerConfigAdmin
 490:            14            336  org.jboss.netty.util.ThreadRenamingRunnable
 491:            14            336  scala.collection.generic.GenTraversableFactory$$anon$1
 492:             6            336  sun.management.MemoryPoolImpl
 493:            16            328  [Ljava.lang.management.PlatformComponent;
 494:            20            320  akka.actor.dungeon.ChildrenContainer$NormalChildrenContainer
 495:            10            320  akka.dispatch.Dispatcher$LazyExecutorServiceDelegate
 496:            10            320  com.typesafe.config.impl.ConfigDouble
 497:            10            320  com.typesafe.config.impl.Token
 498:            10            320  java.io.FileInputStream
 499:            10            320  java.lang.OutOfMemoryError
 500:            10            320  java.lang.StringCoding$StringEncoder
 501:             8            320  java.lang.invoke.DirectMethodHandle$Constructor
 502:             8            320  java.util.EnumMap
 503:            10            320  java.util.concurrent.atomic.AtomicIntegerFieldUpdater$AtomicIntegerFieldUpdaterImpl
 504:            10            320  org.apache.flink.api.java.typeutils.runtime.KryoRegistration
 505:            10            320  org.apache.flink.api.java.typeutils.runtime.TupleSerializer
 506:             8            320  org.apache.flink.runtime.clusterframework.types.ResourceProfile
 507:             8            320  org.jboss.netty.channel.DefaultChannelPipeline$DefaultChannelHandlerContext
 508:            10            320  scala.collection.immutable.Map$Map2
 509:            20            320  scala.concurrent.impl.Promise$DefaultPromise
 510:            13            312  akka.dispatch.CachingConfig$ValuePathEntry
 511:            13            312  java.util.concurrent.Executors$RunnableAdapter
 512:             1            312  java.util.concurrent.ForkJoinPool
 513:            19            304  org.apache.flink.runtime.io.AvailabilityProvider$AvailabilityHelper
 514:             9            288  akka.actor.RootActorPath
 515:            12            288  akka.actor.Scheduler$$anon$1
 516:            12            288  akka.actor.Scheduler$$anon$3
 517:            12            288  akka.dispatch.CachingConfig
 518:            12            288  akka.japi.pf.UnitCaseStatement
 519:            12            288  java.io.FilePermissionCollection
 520:            12            288  java.time.Month
 521:            12            288  java.time.ZoneOffset
 522:            12            288  java.util.Collections$SetFromMap
 523:             9            288  java.util.logging.Level
 524:            12            288  java.util.regex.Pattern$Start
 525:             9            288  jdk.internal.org.objectweb.asm.Type
 526:            18            288  org.apache.flink.configuration.Configuration
 527:             9            288  org.apache.flink.runtime.clusterframework.types.AllocationID
 528:             3            288  org.apache.flink.runtime.execution.librarycache.FlinkUserCodeClassLoaders$ParentFirstClassLoader
 529:             3            288  org.apache.flink.runtime.execution.librarycache.FlinkUserCodeClassLoaders$SafetyNetWrapperClassLoader
 530:            12            288  org.apache.flink.runtime.io.network.metrics.CreditBasedInputBuffersUsageGauge
 531:             9            288  org.apache.flink.runtime.jobgraph.IntermediateDataSetID
 532:             3            288  org.apache.flink.runtime.state.heap.HeapKeyedStateBackend
 533:            12            288  org.apache.flink.runtime.taskmanager.DispatcherThreadFactory
 534:             6            288  org.apache.flink.runtime.throughput.ThroughputCalculator
 535:             2            288  org.apache.flink.streaming.runtime.operators.windowing.WindowOperator
 536:            12            288  org.apache.logging.log4j.core.lookup.Interpolator
 537:            12            288  org.apache.logging.log4j.core.time.MutableInstant
 538:            12            288  org.jboss.netty.util.internal.DeadLockProofWorker$1
 539:             9            288  sun.security.jca.ProviderConfig
 540:             6            288  sun.util.locale.provider.LocaleResources$ResourceReference
 541:             7            280  org.apache.logging.log4j.core.config.Node
 542:             2            272  org.apache.flink.shaded.netty4.io.netty.util.internal.InternalThreadLocalMap
 543:            17            272  org.jboss.netty.logging.Slf4JLogger
 544:            11            264  [Lorg.apache.flink.api.common.eventtime.CombinedWatermarkStatus$PartialWatermark;
 545:            11            264  akka.util.WildcardTree
 546:            11            264  com.typesafe.config.impl.ConfigReference
 547:            11            264  com.typesafe.config.impl.SubstitutionExpression
 548:            11            264  java.net.StandardSocketOptions$StdSocketOption
 549:            11            264  org.apache.flink.api.common.JobStatus
 550:            11            264  org.apache.flink.api.common.eventtime.IndexedCombinedWatermarkStatus
 551:            11            264  org.apache.flink.runtime.state.DefaultOperatorStateBackendSnapshotStrategy
 552:            11            264  org.apache.flink.streaming.api.operators.CountingOutput
 553:            11            264  org.apache.flink.streaming.api.operators.StreamTaskStateInitializerImpl$1
 554:            11            264  org.apache.flink.streaming.api.operators.StreamTaskStateInitializerImpl$2
 555:            11            264  org.apache.flink.streaming.runtime.tasks.StreamTask$$Lambda$637/2094958888
 556:            11            264  sun.reflect.generics.tree.FormalTypeParameter
 557:             2            256  akka.remote.transport.ProtocolStateActor
 558:             8            256  org.apache.flink.api.common.typeinfo.BasicTypeInfo
 559:             4            256  org.apache.flink.runtime.heartbeat.HeartbeatMonitorImpl
 560:             8            256  org.apache.flink.streaming.api.operators.TimerHeapInternalTimer
 561:             8            256  org.jboss.netty.channel.socket.nio.SocketReceiveBufferAllocator
 562:             8            256  sun.misc.ProxyGenerator$PrimitiveTypeInfo
 563:             8            256  sun.nio.fs.NativeBuffer
 564:             8            248  [Ljava.lang.invoke.LambdaForm$BasicType;
 565:            10            240  [Ljava.io.File;
 566:             6            240  [Ljava.lang.invoke.BoundMethodHandle$SpeciesData;
 567:             5            240  [Ljava.util.concurrent.ForkJoinPool$WorkQueue;
 568:            10            240  [Lorg.apache.flink.api.common.typeutils.TypeSerializer;
 569:            12            240  [Lorg.apache.flink.runtime.io.network.partition.ResultPartition;
 570:            12            240  [Lorg.apache.flink.runtime.io.network.partition.consumer.SingleInputGate;
 571:            14            240  [Lorg.apache.logging.log4j.core.config.AppenderRef;
 572:             2            240  akka.actor.ActorSystem$Settings
 573:             3            240  akka.dispatch.ThreadPoolConfig$ThreadPoolExecutorServiceFactory$$anon$1
 574:            15            240  com.typesafe.config.impl.ConfigNull
 575:            10            240  java.lang.annotation.ElementType
 576:            15            240  java.net.InetSocketAddress
 577:            10            240  java.nio.file.StandardOpenOption
 578:            15            240  java.util.Optional
 579:             6            240  java.util.concurrent.CompletableFuture$UniApply
 580:            10            240  java.util.concurrent.ConcurrentHashMap$KeySetView
 581:             5            240  org.apache.commons.cli.Option
 582:             6            240  org.apache.flink.api.common.TaskInfo
 583:            10            240  org.apache.flink.api.common.time.Time
 584:            10            240  org.apache.flink.configuration.description.LinkElement
 585:            10            240  org.apache.flink.runtime.execution.ExecutionState
 586:             3            240  org.apache.flink.runtime.io.network.api.serialization.SpanningWrapper
 587:             6            240  org.apache.flink.runtime.state.TaskStateManagerImpl
 588:             3            240  org.apache.flink.streaming.api.operators.StreamSink
 589:             3            240  org.apache.flink.streaming.api.operators.StreamSource
 590:             3            240  org.apache.flink.streaming.runtime.io.checkpointing.CheckpointBarrierTracker
 591:             6            240  org.apache.flink.streaming.runtime.tasks.mailbox.TaskMailboxImpl
 592:             6            240  org.apache.flink.util.XORShiftRandom
 593:            15            240  org.apache.logging.log4j.core.config.AppenderControlArraySet
 594:             6            240  sun.management.MemoryPoolImpl$CollectionSensor
 595:             6            240  sun.management.MemoryPoolImpl$PoolSensor
 596:             6            240  sun.reflect.generics.repository.MethodRepository
 597:             7            232  [Ljava.lang.annotation.ElementType;
 598:             7            224  akka.dispatch.ForkJoinExecutorConfigurator$ForkJoinExecutorServiceFactory
 599:             4            224  akka.remote.artery.ArterySettings
 600:             7            224  java.net.Inet6Address
 601:             7            224  java.net.Inet6Address$Inet6AddressHolder
 602:             7            224  java.util.UUID
 603:            14            224  java.util.concurrent.SynchronousQueue$TransferStack
 604:            14            224  org.apache.flink.api.common.typeutils.base.StringSerializer
 605:             7            224  org.apache.flink.runtime.io.network.buffer.Buffer$DataType
 606:             4            224  org.apache.flink.runtime.rpc.akka.FencedAkkaInvocationHandler
 607:             2            224  org.apache.flink.runtime.rpc.akka.RobustActorSystem$1
 608:             7            224  org.apache.flink.util.TimeUtils$TimeUnit
 609:             4            224  org.apache.logging.log4j.core.config.ConfigurationSource
 610:             2            224  sun.nio.ch.SocketChannelImpl
 611:             9            216  [Ljava.lang.reflect.TypeVariable;
 612:             9            216  akka.dispatch.DispatcherConfigurator
 613:             9            216  java.nio.file.attribute.PosixFilePermission
 614:             9            216  java.util.Collections$SynchronizedSet
 615:             9            216  java.util.logging.Level$KnownLevel
 616:             9            216  java.util.regex.Pattern$1
 617:             3            216  org.apache.flink.runtime.io.network.partition.PipelinedSubpartition
 618:             3            216  org.apache.flink.runtime.io.network.partition.consumer.LocalInputChannel
 619:             3            216  org.apache.flink.streaming.api.operators.StreamMap
 620:             9            216  org.apache.logging.log4j.MarkerManager$Log4jMarker
 621:             3            216  sun.security.provider.NativePRNG$RandomIO
 622:             9            216  sun.util.logging.PlatformLogger$Level
 623:             7            208  [Ljava.lang.invoke.LambdaForm$NamedFunction;
 624:             2            208  akka.actor.LocalActorRefProvider
 625:             2            208  akka.remote.RemoteActorRefProvider$RemotingTerminator
 626:            13            208  org.apache.logging.log4j.core.lookup.JmxRuntimeInputArgumentsLookup
 627:            13            208  org.apache.logging.log4j.core.lookup.MapLookup
 628:             5            200  java.lang.ClassLoader$NativeLibrary
 629:             5            200  java.lang.invoke.BoundMethodHandle$SpeciesData
 630:             5            200  java.util.stream.StreamOpFlag
 631:             5            200  org.apache.flink.streaming.runtime.tasks.CopyingChainingOutput
 632:             5            200  org.apache.flink.streaming.runtime.tasks.SystemProcessingTimeService$ScheduledTask
 633:             8            192  [Ljava.net.URL;
 634:             2            192  [Lorg.apache.flink.shaded.netty4.io.netty.util.concurrent.EventExecutor;
 635:             8            192  akka.japi.pf.ReceiveBuilder$1
 636:             8            192  akka.remote.EventPublisher
 637:             2            192  akka.remote.ReliableDeliverySupervisor
 638:             4            192  akka.remote.RemoteActorRef
 639:             6            192  akka.remote.serialization.WrappedPayloadSupport
 640:             4            192  java.lang.ThreadGroup
 641:             6            192  java.lang.invoke.LambdaForm$BasicType
 642:             8            192  java.lang.invoke.MethodHandleImpl$Intrinsic
 643:             8            192  java.math.RoundingMode
 644:            12            192  java.nio.channels.spi.AbstractSelector$1
 645:             6            192  java.security.BasicPermissionCollection
 646:             6            192  java.time.format.TextStyle
 647:             6            192  javax.management.MBeanConstructorInfo
 648:             8            192  jdk.net.SocketFlow$Status
 649:             6            192  org.apache.flink.api.common.typeinfo.IntegerTypeInfo
 650:             8            192  org.apache.flink.core.plugin.PluginDescriptor
 651:             3            192  org.apache.flink.runtime.io.network.buffer.NetworkBuffer
 652:            12            192  org.apache.flink.runtime.io.network.metrics.ExclusiveBuffersUsageGauge
 653:            12            192  org.apache.flink.runtime.io.network.metrics.FloatingBuffersUsageGauge
 654:            12            192  org.apache.flink.runtime.io.network.metrics.InputBuffersGauge
 655:            12            192  org.apache.flink.runtime.io.network.metrics.OutputBufferPoolUsageGauge
 656:            12            192  org.apache.flink.runtime.io.network.metrics.OutputBuffersGauge
 657:             6            192  org.apache.flink.runtime.jobgraph.JobVertexID
 658:             3            192  org.apache.flink.runtime.metrics.groups.TaskManagerJobMetricGroup
 659:             6            192  org.apache.flink.runtime.metrics.util.MetricUtils$AttributeGauge
 660:             6            192  org.apache.flink.runtime.query.TaskKvStateRegistry
 661:             6            192  org.apache.flink.runtime.state.LocalRecoveryDirectoryProviderImpl
 662:             6            192  org.apache.flink.runtime.state.memory.MemoryBackendCheckpointStorageAccess
 663:             6            192  org.apache.flink.runtime.state.metrics.LatencyTrackingStateConfig$Builder
 664:             3            192  org.apache.flink.runtime.taskexecutor.DefaultJobLeaderService$JobManagerRetryingRegistration
 665:             6            192  org.apache.flink.runtime.taskexecutor.rpc.RpcInputSplitProvider
 666:             6            192  org.apache.flink.runtime.throughput.ThroughputEMA
 667:             6            192  org.apache.flink.streaming.api.operators.StreamTaskStateInitializerImpl
 668:            12            192  org.apache.flink.streaming.runtime.tasks.StreamTask$$Lambda$631/1625168412
 669:             6            192  org.apache.flink.streaming.runtime.tasks.mailbox.MailboxProcessor
 670:             8            192  org.apache.flink.util.ShutdownHookUtil$$Lambda$441/1027569178
 671:             8            192  org.apache.logging.log4j.Level
 672:            12            192  org.apache.logging.log4j.core.lookup.DateLookup
 673:            12            192  org.apache.logging.log4j.core.lookup.EnvironmentLookup
 674:            12            192  org.apache.logging.log4j.core.lookup.JavaLookup
 675:            12            192  org.apache.logging.log4j.core.lookup.Log4jLookup
 676:            12            192  org.apache.logging.log4j.core.lookup.LowerLookup
 677:            12            192  org.apache.logging.log4j.core.lookup.MarkerLookup
 678:            12            192  org.apache.logging.log4j.core.lookup.PropertiesLookup
 679:            12            192  org.apache.logging.log4j.core.lookup.UpperLookup
 680:             6            192  org.apache.logging.log4j.core.util.Log4jThreadFactory
 681:             8            192  org.apache.logging.log4j.spi.StandardLevel
 682:             4            192  org.jboss.netty.channel.AbstractChannel$ChannelCloseFuture
 683:             8            192  org.jboss.netty.channel.socket.nio.SocketSendBufferPool
 684:             8            192  org.jboss.netty.channel.socket.nio.SocketSendBufferPool$Preallocation
 685:             8            192  scala.collection.Iterator$$anon$8
 686:             6            192  scala.collection.immutable.RedBlackTree$RedTree
 687:             2            192  sun.nio.ch.ServerSocketChannelImpl
 688:            12            192  sun.nio.ch.Util$3
 689:             8            192  sun.nio.fs.NativeBuffer$Deallocator
 690:             6            192  sun.reflect.generics.tree.MethodTypeSignature
 691:             2            176  akka.remote.EndpointManager
 692:             2            176  akka.remote.transport.netty.NettyTransportSettings
 693:            11            176  org.apache.flink.api.common.cache.DistributedCache
 694:            11            176  org.apache.flink.api.common.typeutils.base.IntSerializer
 695:            11            176  org.apache.flink.runtime.state.JavaSerializer
 696:            11            176  org.apache.logging.log4j.core.util.datetime.FastDateParser$NumberStrategy
 697:            11            176  scala.util.Success
 698:             2            168  [Ljava.lang.ClassValue$Entry;
 699:             1            168  [[Ljava.math.BigInteger;
 700:             7            168  akka.actor.TypedCreatorFunctionConsumer
 701:             7            168  com.sun.management.VMOption$Origin
 702:             3            168  java.lang.invoke.LambdaFormEditor$Transform
 703:             7            168  java.net.NetPermission
 704:             7            168  java.time.DayOfWeek
 705:             3            168  java.util.ResourceBundle$CacheKey
 706:             3            168  javax.management.openmbean.OpenMBeanOperationInfoSupport
 707:             7            168  org.apache.flink.api.common.state.StateDescriptor$Type
 708:             7            168  org.apache.flink.core.memory.DataOutputSerializer
 709:             7            168  org.apache.flink.runtime.checkpoint.TaskStateSnapshot
 710:             3            168  org.apache.flink.runtime.io.network.api.writer.ChannelSelectorRecordWriter
 711:             1            168  org.apache.flink.runtime.taskexecutor.TaskExecutor
 712:             7            168  org.apache.flink.shaded.guava30.com.google.common.collect.ImmutableMapEntry
 713:             4            160  [F
 714:             2            160  [[Ljava.lang.String;
 715:            10            160  akka.dispatch.MessageDispatcher$$Lambda$234/695530017
 716:            10            160  akka.dispatch.MessageDispatcher$$anon$3
 717:             2            160  akka.remote.EndpointReader
 718:             2            160  akka.remote.RemoteActorRefProvider
 719:             2            160  akka.remote.RemoteWatcher
 720:             5            160  java.io.FileOutputStream
 721:             5            160  java.util.Collections$UnmodifiableMap
 722:            10            160  java.util.Formatter$Flags
 723:             5            160  javax.management.StandardEmitterMBean
 724:             5            160  org.apache.flink.configuration.MemorySize$MemoryUnit
 725:             5            160  org.apache.flink.runtime.io.network.partition.ResultPartitionType
 726:            10            160  org.apache.flink.runtime.rpc.akka.RemoteAddressExtension
 727:            10            160  org.apache.flink.runtime.rpc.akka.RemoteAddressExtension$RemoteAddressExtensionImpl
 728:             4            160  org.apache.flink.runtime.state.heap.HeapPriorityQueueSet
 729:             2            160  org.apache.flink.streaming.api.operators.InternalTimerServiceImpl
 730:             2            160  org.jboss.netty.handler.codec.frame.LengthFieldBasedFrameDecoder
 731:             4            160  sun.misc.FloatingDecimal$BinaryToASCIIBuffer
 732:             4            160  sun.nio.ch.SelectionKeyImpl
 733:             5            160  sun.util.locale.provider.LocaleProviderAdapter$Type
 734:             6            152  [Ljava.util.Map$Entry;
 735:             1            152  org.apache.flink.shaded.netty4.io.netty.buffer.PoolArena$HeapArena
 736:             2            144  [Ljava.math.BigDecimal;
 737:             1            144  [Ljava.util.concurrent.ForkJoinTask$ExceptionNode;
 738:             6            144  [Lorg.apache.flink.metrics.Counter;
 739:             3            144  [Lorg.apache.flink.shaded.netty4.io.netty.buffer.PoolArena;
 740:             3            144  [Lorg.apache.logging.log4j.core.pattern.PatternFormatter;
 741:             4            144  [Lscala.collection.immutable.HashSet;
 742:             2            144  akka.actor.LightArrayRevolverScheduler
 743:             9            144  akka.actor.NoArgsReflectConstructor
 744:             6            144  akka.remote.SeqNo
 745:             2            144  akka.remote.transport.netty.NettyTransport
 746:             6            144  akka.util.WildcardIndex
 747:             6            144  com.typesafe.config.ConfigValueType
 748:             6            144  com.typesafe.config.impl.ConfigConcatenation
 749:             3            144  java.net.SocketInputStream
 750:             3            144  java.net.SocketOutputStream
 751:             3            144  java.util.ResourceBundle$BundleReference
 752:             9            144  java.util.concurrent.ConcurrentHashMap$ValuesView
 753:             3            144  java.util.concurrent.locks.ReentrantReadWriteLock$NonfairSync
 754:             6            144  java.util.regex.Pattern$Slice
 755:             6            144  org.apache.flink.api.common.resources.CPUResource
 756:             6            144  org.apache.flink.core.fs.SafetyNetCloseableRegistry
 757:             6            144  org.apache.flink.runtime.accumulators.AccumulatorRegistry
 758:             6            144  org.apache.flink.runtime.blob.PermanentBlobKey
 759:             6            144  org.apache.flink.runtime.checkpoint.channel.InputChannelInfo
 760:             6            144  org.apache.flink.runtime.checkpoint.channel.SequentialChannelStateReaderImpl
 761:             9            144  org.apache.flink.runtime.executiongraph.ExecutionAttemptID
 762:             6            144  org.apache.flink.runtime.io.network.partition.PrioritizedDeque
 763:             6            144  org.apache.flink.runtime.io.network.partition.ResultPartitionID
 764:             6            144  org.apache.flink.runtime.jobgraph.IntermediateResultPartitionID
 765:             3            144  org.apache.flink.runtime.memory.MemoryManager
 766:             6            144  org.apache.flink.runtime.state.LocalRecoveryConfig
 767:             6            144  org.apache.flink.runtime.state.TaskExecutorLocalStateStoresManager$JobVertexSubtaskKey
 768:             6            144  org.apache.flink.runtime.state.storage.ExternalizedSnapshotLocation
 769:             6            144  org.apache.flink.runtime.state.storage.JobManagerCheckpointStorage
 770:             3            144  org.apache.flink.runtime.taskexecutor.DefaultJobLeaderService$JobManagerLeaderListener$JobManagerRegisteredRpcConnection
 771:             6            144  org.apache.flink.runtime.taskexecutor.TaskExecutor$$Lambda$598/556313092
 772:             6            144  org.apache.flink.runtime.taskexecutor.TaskExecutor$$Lambda$606/565459065
 773:             6            144  org.apache.flink.runtime.taskexecutor.rpc.RpcTaskOperatorEventGateway
 774:             3            144  org.apache.flink.runtime.taskexecutor.slot.TaskSlot
 775:             6            144  org.apache.flink.runtime.taskexecutor.slot.TaskSlotTableImpl$TaskSlotMapping
 776:             3            144  org.apache.flink.shaded.guava30.com.google.common.collect.HashMultimap
 777:             6            144  org.apache.flink.shaded.guava30.com.google.common.io.Closer
 778:             3            144  org.apache.flink.streaming.api.operators.StreamSourceContexts$ManualWatermarkContext
 779:             3            144  org.apache.flink.streaming.runtime.io.StreamTaskNetworkInput
 780:             6            144  org.apache.flink.streaming.runtime.tasks.OperatorEventDispatcherImpl
 781:             6            144  org.apache.flink.streaming.runtime.tasks.SubtaskCheckpointCoordinatorImpl$CachingCheckpointStorageWorkerView
 782:             6            144  org.apache.flink.streaming.runtime.tasks.mailbox.MailboxProcessor$DefaultActionSuspension
 783:             6            144  org.apache.flink.util.OperatingSystem
 784:             6            144  org.apache.logging.log4j.core.LifeCycle$State
 785:             3            144  org.apache.logging.log4j.core.lookup.RuntimeStrSubstitutor
 786:             6            144  org.apache.logging.log4j.core.util.datetime.FastDateParser$StrategyAndWidth
 787:             1            144  org.jboss.netty.channel.socket.nio.NioClientSocketChannel
 788:             2            144  org.jboss.netty.channel.socket.nio.NioServerSocketChannel
 789:             6            144  scala.concurrent.impl.CallbackRunnable
 790:             6            144  sun.misc.PerfCounter
 791:             6            144  sun.reflect.generics.scope.MethodScope
 792:             1            136  [Ljava.time.temporal.ChronoField;
 793:             1            136  org.apache.logging.log4j.core.config.NullConfiguration
 794:             4            128  [Ljava.nio.channels.SelectionKey;
 795:             2            128  [Ljava.time.Month;
 796:             4            128  [Lsun.nio.fs.NativeBuffer;
 797:             8            128  akka.event.DefaultLoggingFilter
 798:             2            128  akka.serialization.Serialization
 799:             2            128  akka.stream.ActorMaterializerSettings
 800:             2            128  akka.stream.serialization.StreamRefSerializer
 801:             4            128  com.sun.jmx.mbeanserver.DefaultMXBeanMappingFactory$ArrayMapping
 802:             2            128  java.io.ExpiringCache$1
 803:             4            128  java.lang.ClassValue$Entry
 804:             8            128  java.lang.Float
 805:             2            128  java.security.SecureRandom
 806:             8            128  java.util.concurrent.Executors$FinalizableDelegatedExecutorService
 807:             4            128  org.apache.flink.runtime.checkpoint.CheckpointType
 808:             4            128  org.apache.flink.runtime.concurrent.ScheduledFutureAdapter
 809:             4            128  org.apache.flink.runtime.leaderretrieval.StandaloneLeaderRetrievalService
 810:             2            128  org.apache.flink.runtime.rpc.akka.AkkaRpcActor
 811:             4            128  org.apache.flink.runtime.state.heap.HeapPriorityQueueSnapshotRestoreWrapper
 812:             8            128  org.apache.flink.shaded.guava30.com.google.common.collect.SingletonImmutableList
 813:             2            128  org.apache.logging.log4j.core.appender.RollingFileAppender
 814:             2            128  org.apache.logging.log4j.core.layout.PatternLayout
 815:             4            128  org.jboss.netty.channel.DefaultChannelPipeline
 816:             2            128  org.jboss.netty.channel.socket.nio.NioClientBoss
 817:             4            128  org.jboss.netty.channel.socket.nio.NioWorkerPool
 818:             6            120  [Lorg.apache.flink.runtime.io.network.api.writer.ResultPartitionWriter;
 819:             6            120  [Lorg.apache.flink.runtime.io.network.buffer.BufferRecycler;
 820:             6            120  [Lorg.apache.flink.runtime.io.network.partition.consumer.IndexedInputGate;
 821:             6            120  [Lorg.apache.flink.streaming.runtime.io.RecordWriterOutput;
 822:             3            120  akka.dispatch.DefaultDispatcherPrerequisites
 823:             3            120  akka.dispatch.ThreadPoolConfig
 824:             5            120  akka.remote.WireFormats$CommandType
 825:             5            120  akka.stream.impl.SeqActorNameImpl
 826:             5            120  java.time.Instant
 827:             5            120  java.time.format.SignStyle
 828:             5            120  java.util.concurrent.locks.ReentrantReadWriteLock
 829:             5            120  java.util.stream.StreamOpFlag$Type
 830:             5            120  org.apache.flink.runtime.clusterframework.types.ResourceID
 831:             5            120  org.apache.flink.runtime.net.ConnectionUtils$AddressDetectionState
 832:             3            120  org.apache.flink.runtime.state.heap.HeapSnapshotStrategy
 833:             3            120  org.apache.flink.runtime.taskexecutor.DefaultJobLeaderService$JobManagerLeaderListener
 834:             3            120  org.apache.flink.runtime.taskexecutor.DefaultJobTable$EstablishedConnection
 835:             3            120  org.apache.flink.shaded.guava30.com.google.common.collect.RegularImmutableMap
 836:             5            120  org.apache.flink.streaming.runtime.io.DataInputStatus
 837:             3            120  org.apache.flink.streaming.runtime.io.RecordWriterOutput
 838:             1            120  org.apache.logging.log4j.core.appender.rolling.RollingFileManager
 839:             3            120  org.apache.logging.log4j.core.jmx.LoggerContextAdmin
 840:             5            120  org.apache.logging.log4j.core.pattern.FormattingInfo
 841:             5            120  org.apache.logging.log4j.core.pattern.PatternParser$ParserState
 842:             3            120  org.apache.logging.log4j.core.util.WatchManager
 843:             3            120  org.jboss.netty.channel.DefaultChannelFuture
 844:             1            120  org.jboss.netty.channel.socket.nio.NioAcceptedSocketChannel
 845:             1            120  scala.package$
 846:             5            120  sun.misc.FloatingDecimal$PreparedASCIIToBinaryBuffer
 847:             3            120  sun.reflect.UnsafeQualifiedStaticObjectFieldAccessorImpl
 848:             2            112  [Ljava.lang.invoke.MethodType;
 849:             2            112  [Ljava.nio.file.StandardOpenOption;
 850:             2            112  [Ljava.nio.file.attribute.PosixFilePermission;
 851:             1            112  [Ljava.time.LocalTime;
 852:             7            112  akka.dispatch.ForkJoinExecutorConfigurator
 853:             2            112  akka.dispatch.Mailboxes
 854:             2            112  akka.remote.RemoteSystemDaemon
 855:             2            112  akka.remote.Remoting
 856:             2            112  akka.remote.transport.AkkaProtocolHandle
 857:             2            112  akka.remote.transport.AkkaProtocolManager
 858:             2            112  akka.stream.impl.PhasedFusingActorMaterializer
 859:             7            112  java.util.concurrent.ConcurrentHashMap$EntrySetView
 860:             1            112  org.apache.flink.core.classloading.SubmoduleClassLoader
 861:             2            112  org.apache.flink.runtime.heartbeat.HeartbeatManagerImpl
 862:             2            112  org.apache.flink.runtime.rpc.akka.AkkaRpcService
 863:             2            112  org.apache.logging.log4j.core.LoggerContext
 864:             2            112  org.jboss.netty.channel.socket.nio.NioServerBoss
 865:             2            112  org.jboss.netty.util.HashedWheelTimer
 866:             1            104  [Lorg.apache.logging.log4j.core.util.datetime.FixedDateFormat$FixedFormat;
 867:             1            104  org.apache.flink.shaded.netty4.io.netty.channel.epoll.EpollServerSocketChannel
 868:             5             96  [Ljava.lang.StackTraceElement;
 869:             3             96  [Ljava.lang.ThreadGroup;
 870:             2             96  [Ljava.time.DayOfWeek;
 871:             2             96  [Ljava.util.concurrent.TimeUnit;
 872:             4             96  [Lorg.apache.logging.log4j.Marker;
 873:             2             96  [Lorg.apache.logging.log4j.spi.StandardLevel;
 874:             4             96  [Lorg.jboss.netty.channel.socket.nio.AbstractNioWorker;
 875:             4             96  [Lorg.jboss.netty.channel.socket.nio.Boss;
 876:             6             96  [Lsun.reflect.generics.tree.TypeSignature;
 877:             1             96  [[J
 878:             2             96  akka.actor.FSM$Timer
 879:             4             96  akka.actor.LocalActorRefProvider$Guardian
 880:             2             96  akka.event.DiagnosticMarkerBusLoggingAdapter
 881:             2             96  akka.event.EventStream
 882:             6             96  akka.event.MarkerLoggingAdapter$$anonfun$$lessinit$greater$2
 883:             2             96  akka.event.slf4j.Slf4jLogger
 884:             6             96  akka.japi.pf.ReceiveBuilder
 885:             2             96  akka.remote.DeadlineFailureDetector
 886:             2             96  akka.remote.serialization.ActorRefResolveCache
 887:             2             96  akka.remote.serialization.ProtobufSerializer
 888:             2             96  akka.remote.transport.AkkaProtocolTransport
 889:             4             96  akka.remote.transport.HandshakeInfo
 890:             3             96  com.sun.jmx.mbeanserver.DefaultMXBeanMappingFactory$EnumMapping
 891:             2             96  com.sun.jmx.mbeanserver.MBeanIntrospector$MBeanInfoMap
 892:             2             96  com.sun.jmx.mbeanserver.MBeanIntrospector$PerInterfaceMap
 893:             6             96  com.sun.proxy.$Proxy3
 894:             4             96  com.typesafe.config.impl.ConfigIncludeKind
 895:             4             96  com.typesafe.config.impl.OriginType
 896:             3             96  java.lang.StringCoding$StringDecoder
 897:             4             96  java.math.MathContext
 898:             3             96  java.net.Socket
 899:             4             96  java.time.format.DateTimeFormatterBuilder$OffsetIdPrinterParser
 900:             4             96  java.time.format.DateTimeFormatterBuilder$SettingsParser
 901:             2             96  java.time.zone.ZoneOffsetTransitionRule
 902:             3             96  java.util.ResourceBundle$LoaderReference
 903:             6             96  java.util.TreeMap$KeySet
 904:             4             96  java.util.concurrent.Executors$DefaultThreadFactory
 905:             2             96  java.util.concurrent.locks.ReentrantReadWriteLock$FairSync
 906:             4             96  java.util.regex.Pattern$5
 907:             4             96  java.util.regex.Pattern$CharProperty$1
 908:             4             96  java.util.stream.StreamShape
 909:             2             96  javax.management.openmbean.TabularType
 910:             6             96  org.apache.flink.api.common.ExecutionConfig$GlobalJobParameters
 911:             4             96  org.apache.flink.api.common.ExecutionMode
 912:             3             96  org.apache.flink.api.common.functions.util.PrintSinkOutputWriter
 913:             6             96  org.apache.flink.api.common.restartstrategy.RestartStrategies$FallbackRestartStrategyConfiguration
 914:             3             96  org.apache.flink.api.common.state.StateTtlConfig
 915:             6             96  org.apache.flink.configuration.description.ListElement
 916:             4             96  org.apache.flink.runtime.checkpoint.CheckpointOptions$AlignmentType
 917:             6             96  org.apache.flink.runtime.checkpoint.channel.ChannelStateChunkReader
 918:             6             96  org.apache.flink.runtime.checkpoint.channel.ChannelStateSerializerImpl
 919:             4             96  org.apache.flink.runtime.clusterframework.ApplicationStatus
 920:             3             96  org.apache.flink.runtime.execution.librarycache.BlobLibraryCacheManager$LibraryCacheEntry
 921:             3             96  org.apache.flink.runtime.execution.librarycache.BlobLibraryCacheManager$ResolvedClassLoader
 922:             4             96  org.apache.flink.runtime.heartbeat.HeartbeatMonitorImpl$State
 923:             2             96  org.apache.flink.runtime.io.disk.iomanager.RequestQueue
 924:             3             96  org.apache.flink.runtime.io.network.api.serialization.NonSpanningWrapper
 925:             3             96  org.apache.flink.runtime.io.network.buffer.BufferBuilder
 926:             6             96  org.apache.flink.runtime.io.network.metrics.InputChannelMetrics$MultiCounterWrapper
 927:             3             96  org.apache.flink.runtime.io.network.partition.consumer.ChannelStatePersister
 928:             3             96  org.apache.flink.runtime.jobmaster.JobMasterId
 929:             6             96  org.apache.flink.runtime.metrics.groups.TaskIOMetricGroup$$Lambda$597/219362357
 930:             4             96  org.apache.flink.runtime.registration.RetryingRegistration$RetryingRegistrationResult
 931:             2             96  org.apache.flink.runtime.registration.RetryingRegistrationConfiguration
 932:             2             96  org.apache.flink.runtime.rpc.akka.AkkaInvocationHandler
 933:             3             96  org.apache.flink.runtime.state.HeapPriorityQueuesManager
 934:             4             96  org.apache.flink.runtime.state.KeyGroupRange
 935:             6             96  org.apache.flink.runtime.state.NoOpTaskLocalStateStoreImpl
 936:             4             96  org.apache.flink.runtime.state.RegisteredPriorityQueueStateBackendMetaInfo
 937:             6             96  org.apache.flink.runtime.state.hashmap.HashMapStateBackend
 938:             2             96  org.apache.flink.runtime.state.heap.HeapReducingState
 939:             3             96  org.apache.flink.runtime.state.heap.InternalKeyContextImpl
 940:             3             96  org.apache.flink.runtime.state.metrics.LatencyTrackingStateConfig
 941:             3             96  org.apache.flink.runtime.taskexecutor.DefaultJobTable$JobOrConnection
 942:             6             96  org.apache.flink.runtime.taskexecutor.TaskExecutor$$Lambda$600/1651001769
 943:             4             96  org.apache.flink.runtime.taskexecutor.slot.TaskSlotTableImpl$State
 944:             3             96  org.apache.flink.runtime.taskmanager.InputGateWithMetrics
 945:             6             96  org.apache.flink.runtime.taskmanager.Task$$Lambda$694/1853540223
 946:             4             96  org.apache.flink.shaded.guava30.com.google.common.base.AbstractIterator$State
 947:             4             96  org.apache.flink.shaded.guava30.com.google.common.collect.AbstractIterator$State
 948:             4             96  org.apache.flink.shaded.guava30.com.google.common.collect.ImmutableMapEntry$NonTerminalImmutableMapEntry
 949:             4             96  org.apache.flink.shaded.netty4.io.netty.util.ResourceLeakDetector$Level
 950:             4             96  org.apache.flink.streaming.api.operators.ChainingStrategy
 951:             3             96  org.apache.flink.streaming.api.operators.InternalTimeServiceManagerImpl
 952:             4             96  org.apache.flink.streaming.api.windowing.triggers.TriggerResult
 953:             3             96  org.apache.flink.streaming.runtime.io.checkpointing.CheckpointedInputGate
 954:             6             96  org.apache.flink.streaming.runtime.streamrecord.StreamElementSerializer
 955:             6             96  org.apache.flink.streaming.runtime.tasks.StreamTask$$Lambda$626/1333007369
 956:             6             96  org.apache.flink.streaming.runtime.tasks.StreamTask$$Lambda$630/696706785
 957:             6             96  org.apache.flink.streaming.runtime.tasks.StreamTask$StreamTaskAsyncExceptionHandler
 958:             6             96  org.apache.flink.streaming.runtime.tasks.mailbox.MailboxProcessor$MailboxController
 959:             3             96  org.apache.flink.streaming.runtime.watermarkstatus.StatusWatermarkValve
 960:             3             96  org.apache.flink.streaming.runtime.watermarkstatus.StatusWatermarkValve$InputChannelStatus
 961:             6             96  org.apache.flink.util.SerializedValue
 962:             6             96  org.apache.flink.util.concurrent.FutureUtils$$Lambda$583/580624374
 963:             2             96  org.apache.logging.log4j.core.config.AppenderControl
 964:             2             96  org.apache.logging.log4j.core.config.ConfigurationFileWatcher
 965:             3             96  org.apache.logging.log4j.core.config.ConfigurationScheduler
 966:             3             96  org.apache.logging.log4j.core.util.datetime.FixedDateFormat$FixedTimeZoneFormat
 967:             4             96  org.jboss.netty.channel.ChannelState
 968:             2             96  org.jboss.netty.channel.socket.nio.DefaultNioSocketChannelConfig
 969:             4             96  scala.Tuple3
 970:             4             96  scala.collection.immutable.HashSet$HashTrieSet
 971:             2             96  sun.management.GarbageCollectorImpl
 972:             4             96  sun.misc.FormattedFloatingDecimal$Form
 973:             1             96  sun.misc.Launcher$AppClassLoader
 974:             3             96  sun.net.spi.DefaultProxySelector$NonProxyInfo
 975:             2             96  sun.nio.cs.StreamEncoder
 976:             1             96  sun.security.jca.ProviderList$1
 977:             1             96  sun.security.provider.Sun
 978:             1             88  [Lcom.typesafe.config.impl.SimpleConfig$MemoryUnit;
 979:             1             88  [Lcom.typesafe.config.impl.TokenType;
 980:             1             88  [Ljava.util.concurrent.ConcurrentMap;
 981:             2             88  [Lorg.apache.flink.configuration.ConfigOption;
 982:             1             88  scala.collection.convert.Wrappers$
 983:             1             88  scala.reflect.ClassTag$
 984:             1             88  scala.reflect.ManifestFactory$
 985:             1             88  sun.misc.Launcher$ExtClassLoader
 986:             2             80  [Lakka.remote.WireFormats$CommandType;
 987:             1             80  [Ljava.time.temporal.ChronoUnit;
 988:             2             80  [Ljava.util.stream.StreamOpFlag$Type;
 989:             2             80  [Lorg.apache.flink.configuration.MemorySize$MemoryUnit;
 990:             2             80  [Lorg.apache.flink.runtime.io.network.partition.ResultPartitionType;
 991:             2             80  [Lorg.apache.flink.shaded.guava30.com.google.common.collect.ImmutableMapEntry;
 992:             2             80  [Lorg.apache.flink.shaded.netty4.io.netty.util.internal.PriorityQueueNode;
 993:             1             80  [Lorg.jboss.netty.util.internal.ConcurrentIdentityWeakKeyHashMap$Segment;
 994:             2             80  akka.actor.LightArrayRevolverScheduler$$anon$3
 995:             2             80  akka.dispatch.Dispatchers
 996:             2             80  akka.dispatch.Mailboxes$$anon$1
 997:             2             80  akka.remote.RemoteDeployer
 998:             2             80  akka.remote.RemoteWatcher$$anon$1
 999:             2             80  akka.remote.RemoteWatcher$$anon$2
1000:             2             80  akka.routing.ConsistentHashingPool
1001:             2             80  akka.stream.impl.MaterializerGuardian
1002:             5             80  akka.util.ByteString$ByteString1C
1003:             2             80  com.sun.jmx.mbeanserver.DefaultMXBeanMappingFactory$TabularMapping
1004:             5             80  com.sun.proxy.$Proxy0
1005:             5             80  com.sun.proxy.$Proxy11
1006:             5             80  com.sun.proxy.$Proxy12
1007:             5             80  com.sun.proxy.$Proxy17
1008:             2             80  java.io.BufferedInputStream
1009:             2             80  java.io.BufferedWriter
1010:             2             80  java.io.ExpiringCache
1011:             2             80  java.time.zone.ZoneRules
1012:             5             80  java.util.LinkedHashMap$LinkedValues
1013:             2             80  java.util.Locale$Category
1014:             5             80  java.util.concurrent.locks.ReentrantReadWriteLock$ReadLock
1015:             5             80  java.util.concurrent.locks.ReentrantReadWriteLock$Sync$ThreadLocalHoldCounter
1016:             5             80  java.util.concurrent.locks.ReentrantReadWriteLock$WriteLock
1017:             2             80  org.apache.flink.api.common.state.ReducingStateDescriptor
1018:             2             80  org.apache.flink.runtime.io.disk.FileChannelManagerImpl
1019:             1             80  org.apache.flink.runtime.taskmanager.NettyShuffleEnvironmentConfiguration
1020:             2             80  org.apache.flink.shaded.guava30.com.google.common.util.concurrent.ThreadFactoryBuilder$1
1021:             2             80  org.apache.flink.streaming.api.windowing.assigners.TumblingProcessingTimeWindows
1022:             5             80  org.apache.flink.streaming.runtime.tasks.OperatorChain$$Lambda$643/1820661558
1023:             5             80  org.apache.flink.streaming.runtime.tasks.OperatorChain$$Lambda$644/1631841581
1024:             2             80  org.apache.logging.log4j.core.config.status.StatusConfiguration
1025:             2             80  org.apache.logging.log4j.core.jmx.StatusLoggerAdmin
1026:             5             80  org.apache.logging.log4j.core.lookup.StrMatcher$CharMatcher
1027:             2             80  org.apache.logging.log4j.core.pattern.DatePatternConverter
1028:             2             80  org.apache.logging.log4j.core.pattern.ExtendedThrowablePatternConverter
1029:             2             80  org.jboss.netty.channel.socket.nio.NioClientBossPool
1030:             2             80  scala.tools.nsc.interpreter.Scripted$Factory
1031:             2             80  sun.management.MemoryManagerImpl
1032:             2             80  sun.nio.ch.SocketAdaptor
1033:             1             80  sun.reflect.misc.MethodUtil
1034:             1             72  [Ljava.lang.invoke.LambdaFormEditor$Transform$Kind;
1035:             3             72  [Ljava.net.InetAddress;
1036:             1             72  [Ljavax.management.openmbean.SimpleType;
1037:             3             72  [Lorg.apache.flink.runtime.io.network.buffer.BufferBuilder;
1038:             3             72  [Lorg.apache.flink.runtime.io.network.partition.ResultSubpartition;
1039:             3             72  [Lorg.apache.flink.runtime.io.network.partition.consumer.InputChannel;
1040:             3             72  [Lorg.apache.flink.streaming.runtime.watermarkstatus.StatusWatermarkValve$InputChannelStatus;
1041:             2             72  [Lsun.security.jca.ProviderConfig;
1042:             3             72  akka.dispatch.ThreadPoolConfig$ThreadPoolExecutorServiceFactory
1043:             3             72  akka.remote.ContainerFormats$PatternType
1044:             3             72  com.typesafe.config.ConfigSyntax
1045:             3             72  java.lang.ThreadLocal$SuppliedThreadLocal
1046:             3             72  java.lang.annotation.RetentionPolicy
1047:             3             72  java.net.Proxy$Type
1048:             3             72  java.nio.file.StandardCopyOption
1049:             3             72  java.security.SecurityPermission
1050:             3             72  java.time.format.ResolverStyle
1051:             3             72  java.time.zone.ZoneOffsetTransitionRule$TimeDefinition
1052:             1             72  java.util.ResourceBundle$RBClassLoader
1053:             3             72  java.util.concurrent.ConcurrentLinkedDeque$Node
1054:             3             72  java.util.concurrent.atomic.AtomicMarkableReference$Pair
1055:             3             72  java.util.jar.Manifest
1056:             1             72  java.util.logging.LogManager$RootLogger
1057:             3             72  java.util.regex.Pattern$Dollar
1058:             3             72  java.util.stream.Collector$Characteristics
1059:             3             72  java.util.stream.MatchOps$MatchKind
1060:             3             72  org.apache.commons.lang3.tuple.ImmutablePair
1061:             3             72  org.apache.flink.api.common.ExecutionConfig$ClosureCleanerLevel
1062:             3             72  org.apache.flink.api.common.JobStatus$TerminalState
1063:             3             72  org.apache.flink.api.common.state.StateTtlConfig$CleanupStrategies
1064:             3             72  org.apache.flink.api.common.state.StateTtlConfig$CleanupStrategies$Strategies
1065:             3             72  org.apache.flink.api.common.state.StateTtlConfig$UpdateType
1066:             3             72  org.apache.flink.api.java.typeutils.runtime.KryoRegistration$SerializerDefinitionType
1067:             3             72  org.apache.flink.configuration.ClusterOptions$UserSystemExitMode
1068:             3             72  org.apache.flink.core.memory.DataInputDeserializer
1069:             3             72  org.apache.flink.core.memory.ManagedMemoryUseCase
1070:             1             72  org.apache.flink.runtime.blob.PermanentBlobCache
1071:             3             72  org.apache.flink.runtime.blob.PermanentBlobCache$RefCount
1072:             1             72  org.apache.flink.runtime.blob.TransientBlobCache
1073:             3             72  org.apache.flink.runtime.checkpoint.CheckpointType$PostCheckpointAction
1074:             3             72  org.apache.flink.runtime.checkpoint.channel.ResultSubpartitionInfo
1075:             3             72  org.apache.flink.runtime.execution.librarycache.BlobLibraryCacheManager$DefaultClassLoaderLease
1076:             1             72  org.apache.flink.runtime.io.network.NettyShuffleEnvironment
1077:             3             72  org.apache.flink.runtime.io.network.NettyShuffleEnvironment$$Lambda$613/983432936
1078:             3             72  org.apache.flink.runtime.io.network.api.serialization.RecordDeserializer$DeserializationResult
1079:             3             72  org.apache.flink.runtime.io.network.api.serialization.SpillingAdaptiveSpanningRecordDeserializer
1080:             3             72  org.apache.flink.runtime.io.network.buffer.BufferBuilder$SettablePositionMarker
1081:             3             72  org.apache.flink.runtime.io.network.buffer.BufferConsumer
1082:             3             72  org.apache.flink.runtime.io.network.buffer.BufferConsumer$CachedPositionMarker
1083:             3             72  org.apache.flink.runtime.io.network.buffer.BufferConsumerWithPartialRecordLength
1084:             3             72  org.apache.flink.runtime.io.network.buffer.LocalBufferPool$SubpartitionBufferRecycler
1085:             1             72  org.apache.flink.runtime.io.network.netty.NettyBufferPool
1086:             3             72  org.apache.flink.runtime.io.network.netty.NettyConfig$TransportType
1087:             3             72  org.apache.flink.runtime.io.network.partition.PipelinedSubpartitionView
1088:             1             72  org.apache.flink.runtime.io.network.partition.ResultPartitionFactory
1089:             3             72  org.apache.flink.runtime.io.network.partition.ResultPartitionFactory$$Lambda$599/2083816037
1090:             3             72  org.apache.flink.runtime.io.network.partition.consumer.ChannelStatePersister$CheckpointStatus
1091:             3             72  org.apache.flink.runtime.io.network.partition.consumer.InputGateID
1092:             3             72  org.apache.flink.runtime.io.network.partition.consumer.SingleInputGateFactory$$Lambda$610/987708488
1093:             3             72  org.apache.flink.runtime.jobmanager.HighAvailabilityMode
1094:             3             72  org.apache.flink.runtime.memory.SharedResources
1095:             3             72  org.apache.flink.runtime.memory.UnsafeMemoryBudget
1096:             1             72  org.apache.flink.runtime.metrics.dump.MetricQueryService
1097:             3             72  org.apache.flink.runtime.metrics.groups.AbstractMetricGroup$ChildType
1098:             3             72  org.apache.flink.runtime.net.ConnectionUtils$LeaderConnectingAddressListener$LeaderRetrievalState
1099:             3             72  org.apache.flink.runtime.plugable.NonReusingDeserializationDelegate
1100:             3             72  org.apache.flink.runtime.plugable.SerializationDelegate
1101:             3             72  org.apache.flink.runtime.rpc.akka.ControlMessages
1102:             3             72  org.apache.flink.runtime.state.DefaultKeyedStateStore
1103:             3             72  org.apache.flink.runtime.state.heap.HeapPriorityQueueSetFactory
1104:             3             72  org.apache.flink.runtime.taskexecutor.DefaultJobLeaderService$State
1105:             3             72  org.apache.flink.runtime.taskexecutor.TaskExecutor$$Lambda$589/1575606977
1106:             3             72  org.apache.flink.runtime.taskexecutor.TaskExecutor$TaskExecutorJobServices
1107:             3             72  org.apache.flink.runtime.taskexecutor.TaskExecutor$TaskManagerActionsImpl
1108:             1             72  org.apache.flink.runtime.taskexecutor.TaskManagerConfiguration
1109:             1             72  org.apache.flink.runtime.taskexecutor.TaskManagerServices
1110:             3             72  org.apache.flink.runtime.taskexecutor.rpc.RpcResultPartitionConsumableNotifier
1111:             3             72  org.apache.flink.runtime.taskexecutor.slot.TaskSlotState
1112:             1             72  org.apache.flink.runtime.taskexecutor.slot.TaskSlotTableImpl
1113:             3             72  org.apache.flink.runtime.util.SignalHandler$Handler
1114:             1             72  org.apache.flink.shaded.netty4.io.netty.channel.epoll.EpollServerSocketChannelConfig
1115:             3             72  org.apache.flink.streaming.api.TimeCharacteristic
1116:             3             72  org.apache.flink.streaming.api.environment.CheckpointConfig$ExternalizedCheckpointCleanup
1117:             3             72  org.apache.flink.streaming.api.functions.sink.PrintSinkFunction
1118:             3             72  org.apache.flink.streaming.api.operators.StreamSink$SimpleContext
1119:             3             72  org.apache.flink.streaming.api.transformations.StreamExchangeMode
1120:             3             72  org.apache.flink.streaming.runtime.io.StreamOneInputProcessor
1121:             3             72  org.apache.flink.streaming.runtime.io.checkpointing.CheckpointedInputGate$$Lambda$673/1340202956
1122:             3             72  org.apache.flink.streaming.runtime.io.checkpointing.UpstreamRecoveryTrackerImpl
1123:             3             72  org.apache.flink.streaming.runtime.partitioner.KeyGroupStreamPartitioner
1124:             3             72  org.apache.flink.streaming.runtime.tasks.BroadcastingOutputCollector
1125:             3             72  org.apache.flink.streaming.runtime.tasks.OneInputStreamTask$StreamTaskNetworkOutput
1126:             3             72  org.apache.flink.streaming.runtime.tasks.SourceStreamTask$FinishingReason
1127:             3             72  org.apache.flink.streaming.runtime.tasks.StreamTask$ResumeWrapper
1128:             3             72  org.apache.flink.streaming.runtime.tasks.StreamTask$ThroughputPeriodTimer
1129:             3             72  org.apache.flink.streaming.runtime.tasks.mailbox.TaskMailbox$State
1130:             3             72  org.apache.flink.util.TernaryBoolean
1131:             3             72  org.apache.logging.log4j.core.config.plugins.util.PluginManager
1132:             3             72  org.apache.logging.log4j.core.pattern.SimpleLiteralPatternConverter$StringValue
1133:             3             72  org.apache.logging.log4j.core.util.DummyNanoClock
1134:             1             72  scala.reflect.ClassManifestFactory$
1135:             3             72  sun.misc.FloatingDecimal$ExceptionalBinaryToASCIIBuffer
1136:             3             72  sun.misc.JarIndex
1137:             3             72  sun.misc.Signal
1138:             3             72  sun.security.provider.NativePRNG$Variant
1139:             1             72  sun.util.locale.provider.JRELocaleProviderAdapter
1140:             3             72  sun.util.resources.ParallelListResourceBundle$KeySet
1141:             2             64  [Lakka.remote.ContainerFormats$PatternType;
1142:             2             64  [Ljava.lang.annotation.RetentionPolicy;
1143:             2             64  [Ljava.lang.ref.WeakReference;
1144:             2             64  [Ljava.util.stream.Collector$Characteristics;
1145:             2             64  [Lorg.apache.flink.api.common.ExecutionConfig$ClosureCleanerLevel;
1146:             2             64  [Lorg.apache.flink.api.common.ExecutionMode;
1147:             1             64  [Lorg.apache.flink.api.common.JobStatus;
1148:             2             64  [Lorg.apache.flink.api.common.state.StateTtlConfig$CleanupStrategies$Strategies;
1149:             2             64  [Lorg.apache.flink.api.common.state.StateTtlConfig$UpdateType;
1150:             2             64  [Lorg.apache.flink.api.java.typeutils.runtime.KryoRegistration$SerializerDefinitionType;
1151:             2             64  [Lorg.apache.flink.core.memory.ManagedMemoryUseCase;
1152:             2             64  [Lorg.apache.flink.runtime.jobmanager.HighAvailabilityMode;
1153:             2             64  [Lorg.apache.flink.streaming.api.operators.ChainingStrategy;
1154:             2             64  [Lorg.apache.flink.streaming.api.transformations.StreamExchangeMode;
1155:             2             64  [Lorg.apache.flink.streaming.api.windowing.assigners.WindowStagger;
1156:             2             64  [Lorg.apache.flink.streaming.util.LatencyStats$Granularity;
1157:             2             64  [Lorg.apache.flink.util.TernaryBoolean;
1158:             3             64  [Lorg.apache.logging.log4j.core.config.AppenderControl;
1159:             2             64  akka.actor.BootstrapSetup
1160:             4             64  akka.actor.FSM$$anonfun$akka$actor$FSM$$handleEventDefault$1
1161:             4             64  akka.actor.FSM$$anonfun$receive$1
1162:             2             64  akka.actor.FSM$SilentState
1163:             2             64  akka.actor.FSM$State
1164:             4             64  akka.actor.LocalActorRefProvider$Guardian$$anonfun$receive$1
1165:             2             64  akka.actor.LocalActorRefProvider$SystemGuardian
1166:             4             64  akka.dispatch.UnboundedMailbox
1167:             2             64  akka.event.EventStreamUnsubscriber
1168:             4             64  akka.event.Logging$LogLevel
1169:             1             64  akka.protobufv3.internal.CodedInputStream$ArrayDecoder
1170:             2             64  akka.remote.AckedReceiveBuffer
1171:             2             64  akka.remote.AckedSendBuffer
1172:             2             64  akka.remote.AddressUidExtension
1173:             2             64  akka.remote.DefaultMessageDispatcher
1174:             2             64  akka.remote.EndpointManager$EndpointRegistry
1175:             4             64  akka.remote.HasSequenceNumber$$anon$2
1176:             2             64  akka.remote.serialization.ArteryMessageSerializer
1177:             2             64  akka.remote.serialization.DaemonMsgCreateSerializer
1178:             2             64  akka.remote.serialization.MessageContainerSerializer
1179:             2             64  akka.remote.serialization.SystemMessageSerializer
1180:             2             64  akka.remote.serialization.ThrowableSupport
1181:             2             64  akka.remote.transport.AkkaProtocolSettings
1182:             4             64  akka.remote.transport.AssociationHandle$ActorHandleEventListener
1183:             4             64  akka.remote.transport.Transport$ActorAssociationEventListener
1184:             2             64  akka.remote.transport.netty.TcpAssociationHandle
1185:             1             64  akka.routing.MurmurHash$
1186:             2             64  akka.routing.RoundRobinPool
1187:             2             64  akka.stream.SystemMaterializer
1188:             2             64  akka.stream.impl.StreamSupervisor
1189:             2             64  akka.stream.impl.streamref.StreamRefSettingsImpl
1190:             2             64  akka.util.SubclassifiedIndex
1191:             2             64  com.sun.jmx.mbeanserver.DefaultMXBeanMappingFactory$CollectionMapping
1192:             4             64  com.sun.proxy.$Proxy13
1193:             2             64  java.io.ByteArrayInputStream
1194:             2             64  java.io.PrintStream
1195:             1             64  java.io.StreamTokenizer
1196:             1             64  java.lang.ClassValue$ClassValueMap
1197:             2             64  java.lang.UnsupportedOperationException
1198:             2             64  java.lang.VirtualMachineError
1199:             2             64  java.lang.ref.ReferenceQueue$Null
1200:             2             64  java.lang.reflect.WeakCache$CacheKey
1201:             2             64  java.time.format.DateTimeFormatterBuilder$FractionPrinterParser
1202:             2             64  java.time.format.DateTimeFormatterBuilder$TextPrinterParser
1203:             2             64  java.time.temporal.IsoFields$Unit
1204:             2             64  java.util.PropertyPermission
1205:             2             64  java.util.concurrent.locks.ReentrantLock$FairSync
1206:             2             64  javax.script.ScriptEngineManager
1207:             4             64  javax.security.auth.login.AppConfigurationEntry$LoginModuleControlFlag
1208:             2             64  org.apache.flink.api.common.typeinfo.FractionalTypeInfo
1209:             1             64  org.apache.flink.runtime.io.network.partition.consumer.SingleInputGateFactory
1210:             1             64  org.apache.flink.runtime.metrics.groups.TaskManagerMetricGroup
1211:             4             64  org.apache.flink.runtime.rpc.akka.AkkaRpcService$$Lambda$563/1278701753
1212:             2             64  org.apache.flink.runtime.rpc.akka.AkkaRpcServiceConfiguration
1213:             2             64  org.apache.flink.runtime.rpc.akka.SupervisorActor
1214:             2             64  org.apache.flink.runtime.rpc.akka.SupervisorActor$AkkaRpcActorRegistration
1215:             2             64  org.apache.flink.runtime.rpc.akka.exceptions.AkkaRpcException
1216:             2             64  org.apache.flink.runtime.state.RegisteredKeyValueStateBackendMetaInfo
1217:             2             64  org.apache.flink.runtime.state.heap.CopyOnWriteStateTable
1218:             1             64  org.apache.flink.runtime.taskexecutor.TaskManagerRunner
1219:             4             64  org.apache.flink.shaded.guava30.com.google.common.collect.RegularImmutableList
1220:             2             64  org.apache.flink.shaded.netty4.io.netty.buffer.EmptyByteBuf
1221:             1             64  org.apache.flink.shaded.netty4.io.netty.buffer.PooledByteBufAllocator
1222:             2             64  org.apache.flink.shaded.netty4.io.netty.channel.AdaptiveRecvByteBufAllocator
1223:             1             64  org.apache.flink.shaded.netty4.io.netty.channel.ChannelOutboundBuffer
1224:             1             64  org.apache.flink.shaded.netty4.io.netty.channel.DefaultChannelPipeline$HeadContext
1225:             2             64  org.apache.flink.shaded.netty4.io.netty.channel.epoll.EpollEventLoopGroup
1226:             1             64  org.apache.flink.shaded.netty4.io.netty.util.concurrent.GlobalEventExecutor
1227:             1             64  org.apache.flink.shaded.netty4.io.netty.util.concurrent.ScheduledFutureTask
1228:             2             64  org.apache.flink.streaming.api.functions.aggregation.SumAggregator
1229:             2             64  org.apache.flink.streaming.api.operators.TimerSerializer
1230:             2             64  org.apache.flink.streaming.runtime.operators.windowing.WindowOperator$Context
1231:             2             64  org.apache.flink.streaming.runtime.operators.windowing.WindowOperator$PerWindowStateStore
1232:             2             64  org.apache.logging.log4j.core.appender.DefaultErrorHandler
1233:             1             64  org.apache.logging.log4j.core.appender.rolling.PatternProcessor
1234:             4             64  org.apache.logging.log4j.core.impl.ThreadContextDataInjector$ForCopyOnWriteThreadContextMap
1235:             2             64  org.apache.logging.log4j.core.layout.StringBuilderEncoder
1236:             4             64  org.apache.logging.log4j.core.lookup.StrMatcher$StringMatcher
1237:             2             64  org.apache.logging.log4j.core.pattern.DatePatternConverter$CachedTime
1238:             2             64  org.apache.logging.log4j.core.script.ScriptManager
1239:             2             64  org.apache.logging.log4j.core.util.WatchManager$ConfigurationMonitor
1240:             4             64  org.apache.logging.log4j.message.ReusableSimpleMessage
1241:             2             64  org.apache.logging.log4j.util.PropertiesUtil$Environment
1242:             2             64  org.apache.logging.log4j.util.SortedArrayStringMap
1243:             2             64  org.jboss.netty.bootstrap.ServerBootstrap
1244:             2             64  org.jboss.netty.bootstrap.ServerBootstrap$Binder
1245:             2             64  org.jboss.netty.channel.AdaptiveReceiveBufferSizePredictor
1246:             4             64  org.jboss.netty.channel.SucceededChannelFuture
1247:             2             64  org.jboss.netty.channel.group.DefaultChannelGroup
1248:             2             64  org.jboss.netty.channel.socket.DefaultServerSocketChannelConfig
1249:             2             64  org.jboss.netty.channel.socket.nio.NioClientSocketChannelFactory
1250:             2             64  org.jboss.netty.channel.socket.nio.NioServerBossPool
1251:             2             64  org.jboss.netty.channel.socket.nio.NioServerSocketChannelFactory
1252:             2             64  org.jboss.netty.util.HashedWheelTimer$Worker
1253:             2             64  org.jboss.netty.util.internal.ConcurrentIdentityWeakKeyHashMap$HashEntry
1254:             2             64  org.jboss.netty.util.internal.ConcurrentIdentityWeakKeyHashMap$WeakKeyReference
1255:             4             64  sun.net.www.protocol.jar.Handler
1256:             2             64  sun.nio.ch.ServerSocketAdaptor
1257:             2             64  sun.util.locale.UnicodeLocaleExtension
1258:             2             64  sun.util.locale.provider.LocaleResources
1259:             2             64  sun.util.locale.provider.LocaleServiceProviderPool
1260:             1             56  [Ljava.lang.Runnable;
1261:             1             56  [Lorg.apache.flink.runtime.execution.ExecutionState;
1262:             1             56  [Lsun.util.logging.PlatformLogger$Level;
1263:             1             56  [[I
1264:             1             56  akka.remote.WireFormats$RemoteEnvelope
1265:             1             56  java.net.SocketPermission
1266:             1             56  java.util.logging.LogManager
1267:             1             56  org.apache.flink.runtime.blob.TransientBlobCleanupTask
1268:             1             56  org.apache.flink.runtime.checkpoint.OperatorSubtaskState
1269:             1             56  org.apache.flink.runtime.filecache.FileCache
1270:             1             56  org.apache.flink.runtime.metrics.MetricRegistryImpl
1271:             1             56  org.apache.flink.runtime.metrics.ViewUpdater$ViewUpdaterTask
1272:             1             56  org.apache.flink.runtime.taskexecutor.TaskExecutorMemoryConfiguration
1273:             1             56  org.apache.flink.runtime.taskexecutor.TaskExecutorToResourceManagerConnection
1274:             1             56  org.apache.flink.runtime.taskexecutor.TaskExecutorToResourceManagerConnection$ResourceManagerRegistration
1275:             1             56  org.apache.flink.shaded.netty4.io.netty.bootstrap.ServerBootstrap
1276:             1             56  org.apache.flink.shaded.netty4.io.netty.channel.DefaultChannelHandlerContext
1277:             1             56  org.apache.flink.shaded.netty4.io.netty.channel.DefaultChannelPipeline$TailContext
1278:             1             56  org.apache.flink.shaded.netty4.io.netty.channel.epoll.AbstractEpollServerChannel$EpollServerSocketUnsafe
1279:             1             56  org.apache.logging.log4j.status.StatusLogger
1280:             1             56  org.jboss.netty.util.HashedWheelTimer$HashedWheelTimeout
1281:             1             56  sun.security.provider.SHA
1282:             2             48  [Lcom.github.yck.datasource.DataGenerateStrategy;
1283:             2             48  [Lcom.github.yck.datasource.DataGenerateStrategy;
1284:             2             48  [Lcom.github.yck.datasource.DataGenerateStrategy;
1285:             1             48  [Lcom.sun.management.VMOption$Origin;
1286:             3             48  [Ljava.lang.annotation.Annotation;
1287:             1             48  [Ljava.lang.invoke.MethodHandleImpl$Intrinsic;
1288:             1             48  [Ljava.math.RoundingMode;
1289:             1             48  [Ljdk.net.SocketFlow$Status;
1290:             1             48  [Lorg.apache.flink.api.common.state.StateDescriptor$Type;
1291:             2             48  [Lorg.apache.flink.api.common.state.StateTtlConfig$StateVisibility;
1292:             2             48  [Lorg.apache.flink.api.common.state.StateTtlConfig$TtlTimeCharacteristic;
1293:             2             48  [Lorg.apache.flink.configuration.description.TextElement$TextStyle;
1294:             2             48  [Lorg.apache.flink.runtime.blob.BlobKey$BlobType;
1295:             1             48  [Lorg.apache.flink.runtime.io.network.buffer.Buffer$DataType;
1296:             2             48  [Lorg.apache.flink.runtime.rpc.messages.HandshakeSuccessMessage;
1297:             2             48  [Lorg.apache.flink.runtime.taskexecutor.FileType;
1298:             2             48  [Lorg.apache.flink.runtime.taskexecutor.HostBindPolicy;
1299:             2             48  [Lorg.apache.flink.streaming.api.graph.StreamConfig$InputRequirement;
1300:             3             48  [Lorg.apache.flink.streaming.api.operators.Output;
1301:             1             48  [Lorg.apache.flink.util.TimeUtils$TimeUnit;
1302:             3             48  [Lorg.apache.logging.log4j.core.config.Property;
1303:             1             48  [[Ljava.lang.Object;
1304:             2             48  akka.actor.ActorSystemImpl$TerminationCallbacks
1305:             2             48  akka.actor.IgnoreActorRef
1306:             2             48  akka.actor.LocalActorRefProvider$$anon$1
1307:             2             48  akka.actor.LocalActorRefProvider$$anon$2
1308:             3             48  akka.actor.setup.ActorSystemSetup
1309:             2             48  akka.event.LoggerMailbox
1310:             1             48  akka.event.Logging$
1311:             2             48  akka.japi.pf.CaseStatement
1312:             1             48  akka.remote.ContainerFormats$Payload
1313:             1             48  akka.remote.ContainerFormats$SelectionEnvelope
1314:             2             48  akka.remote.DefaultFailureDetectorRegistry
1315:             2             48  akka.remote.EndpointManager$Pass
1316:             1             48  akka.remote.EndpointWriter$
1317:             2             48  akka.remote.RemoteActorRefProvider$$Lambda$344/742255664
1318:             2             48  akka.remote.RemoteActorRefProvider$Internals
1319:             2             48  akka.remote.RemoteActorRefProvider$RemoteDeadLetterActorRef
1320:             2             48  akka.remote.RemoteDeploymentWatcher
1321:             2             48  akka.remote.RemoteWatcher$$$Lambda$345/749486981
1322:             2             48  akka.remote.Remoting$TransportSupervisor
1323:             1             48  akka.remote.WireFormats$AddressData
1324:             1             48  akka.remote.WireFormats$AkkaHandshakeInfo
1325:             1             48  akka.remote.WireFormats$SerializedMessage
1326:             2             48  akka.remote.serialization.ActorRefResolveThreadLocalCache
1327:             2             48  akka.remote.serialization.ActorRefResolveThreadLocalCache$$anon$1
1328:             2             48  akka.remote.transport.ProtocolStateActor$ListenerReady
1329:             2             48  akka.remote.transport.TransportAdapters
1330:             2             48  akka.serialization.BooleanSerializer
1331:             2             48  akka.serialization.ByteArraySerializer
1332:             2             48  akka.serialization.ByteStringSerializer
1333:             2             48  akka.serialization.IntSerializer
1334:             2             48  akka.serialization.JavaSerializer
1335:             2             48  akka.serialization.LongSerializer
1336:             2             48  akka.serialization.Serialization$Information
1337:             2             48  akka.serialization.Serialization$Settings
1338:             2             48  akka.serialization.StringSerializer
1339:             2             48  akka.stream.ActorAttributes$StreamSubscriptionTimeout
1340:             2             48  akka.stream.Attributes$InputBuffer
1341:             2             48  akka.stream.StreamSubscriptionTimeoutSettings
1342:             2             48  akka.stream.impl.MaterializerGuardian$$$Lambda$414/1990733619
1343:             2             48  akka.util.ManifestInfo
1344:             2             48  com.github.yck.datasource.DataGenerateStrategy
1345:             2             48  com.github.yck.datasource.DataGenerateStrategy
1346:             2             48  com.github.yck.datasource.DataGenerateStrategy
1347:             3             48  com.github.yck.simpletask.StatefulTask$1
1348:             3             48  com.github.yck.simpletask.StatelessTask$1
1349:             2             48  com.sun.jmx.mbeanserver.ClassLoaderRepositorySupport$LoaderEntry
1350:             1             48  com.sun.jmx.mbeanserver.DefaultMXBeanMappingFactory$Mappings
1351:             2             48  com.sun.jmx.mbeanserver.WeakIdentityHashMap
1352:             3             48  com.sun.proxy.$Proxy25
1353:             2             48  com.typesafe.config.impl.FromMapMode
1354:             2             48  com.typesafe.config.impl.ResolveStatus
1355:             2             48  java.io.BufferedOutputStream
1356:             1             48  java.io.BufferedReader
1357:             2             48  java.io.File$PathStatus
1358:             2             48  java.io.OutputStreamWriter
1359:             2             48  java.lang.ClassValue$Version
1360:             1             48  java.lang.invoke.MethodHandleImpl$WrappedMember
1361:             2             48  java.lang.invoke.MethodHandles$Lookup
1362:             2             48  java.lang.reflect.Proxy$KeyX
1363:             2             48  java.lang.reflect.ReflectPermission
1364:             2             48  java.net.InetAddress$Cache
1365:             2             48  java.net.InetAddress$Cache$Type
1366:             2             48  java.net.InterfaceAddress
1367:             1             48  java.net.NetworkInterface
1368:             2             48  java.net.StandardProtocolFamily
1369:             3             48  java.nio.channels.spi.AbstractInterruptibleChannel$1
1370:             2             48  java.nio.charset.CoderResult
1371:             3             48  java.nio.charset.CodingErrorAction
1372:             2             48  java.security.AllPermissionCollection
1373:             2             48  java.time.format.DateTimeFormatterBuilder$1
1374:             2             48  java.time.format.DateTimeFormatterBuilder$ZoneIdPrinterParser
1375:             2             48  java.time.format.DateTimeTextProvider$LocaleStore
1376:             2             48  java.time.zone.ZoneOffsetTransition
1377:             2             48  java.util.Currency
1378:             3             48  java.util.Hashtable$EntrySet
1379:             2             48  java.util.TaskQueue
1380:             2             48  java.util.Timer
1381:             1             48  java.util.concurrent.CompletableFuture$Signaller
1382:             2             48  java.util.concurrent.Executors$DelegatedScheduledExecutorService
1383:             3             48  java.util.concurrent.atomic.AtomicMarkableReference
1384:             3             48  java.util.jar.Attributes
1385:             2             48  java.util.logging.Logger$LoggerBundle
1386:             2             48  java.util.regex.Pattern$6
1387:             3             48  java.util.regex.Pattern$Begin
1388:             2             48  java.util.regex.Pattern$SliceI
1389:             2             48  org.apache.flink.api.common.state.StateTtlConfig$StateVisibility
1390:             2             48  org.apache.flink.configuration.ClusterOptions$UncaughtExceptionHandleMode
1391:             2             48  org.apache.flink.configuration.JobManagerOptions$SchedulerType
1392:             1             48  org.apache.flink.configuration.TaskManagerOptions$1
1393:             2             48  org.apache.flink.core.memory.ManagedMemoryUseCase$Scope
1394:             2             48  org.apache.flink.runtime.blob.BlobKey$BlobType
1395:             2             48  org.apache.flink.runtime.concurrent.akka.ActorSystemScheduledExecutorAdapter
1396:             2             48  org.apache.flink.runtime.concurrent.akka.ClassLoadingUtils$ContextClassLoaderSettingExecutor
1397:             2             48  org.apache.flink.runtime.execution.librarycache.FlinkUserCodeClassLoaders$ResolveOrder
1398:             1             48  org.apache.flink.runtime.io.disk.BatchShuffleReadBufferPool
1399:             3             48  org.apache.flink.runtime.io.network.api.TaskEventHandler
1400:             3             48  org.apache.flink.runtime.io.network.api.writer.NonRecordWriter
1401:             3             48  org.apache.flink.runtime.io.network.api.writer.SingleRecordWriter
1402:             1             48  org.apache.flink.runtime.io.network.buffer.NetworkBufferPool
1403:             3             48  org.apache.flink.runtime.jobmaster.JMTMRegistrationSuccess
1404:             3             48  org.apache.flink.runtime.metrics.util.MetricUtils$$Lambda$458/1443173326
1405:             3             48  org.apache.flink.runtime.metrics.util.MetricUtils$$Lambda$459/318794136
1406:             3             48  org.apache.flink.runtime.metrics.util.MetricUtils$$Lambda$460/939254952
1407:             1             48  org.apache.flink.runtime.resourcemanager.TaskExecutorRegistration
1408:             2             48  org.apache.flink.runtime.rpc.AddressResolution
1409:             2             48  org.apache.flink.runtime.rpc.RpcEndpoint$MainThreadExecutor
1410:             3             48  org.apache.flink.runtime.rpc.akka.AkkaRpcActor$RpcEndpointTerminationResult
1411:             2             48  org.apache.flink.runtime.rpc.akka.AkkaRpcService$Supervisor
1412:             2             48  org.apache.flink.runtime.rpc.akka.AkkaRpcServiceUtils$AkkaProtocol
1413:             2             48  org.apache.flink.runtime.rpc.akka.DeadLettersActor
1414:             1             48  org.apache.flink.runtime.security.SecurityConfiguration
1415:             2             48  org.apache.flink.runtime.state.SnapshotExecutionType
1416:             3             48  org.apache.flink.runtime.state.changelog.inmemory.InMemoryStateChangelogStorage
1417:             1             48  org.apache.flink.runtime.taskexecutor.DefaultJobLeaderService
1418:             2             48  org.apache.flink.runtime.taskexecutor.FileType
1419:             2             48  org.apache.flink.runtime.taskexecutor.HostBindPolicy
1420:             3             48  org.apache.flink.runtime.taskexecutor.TaskExecutor$JobManagerHeartbeatTarget
1421:             3             48  org.apache.flink.runtime.taskexecutor.rpc.RpcCheckpointResponder
1422:             3             48  org.apache.flink.runtime.taskexecutor.rpc.RpcGlobalAggregateManager
1423:             3             48  org.apache.flink.runtime.taskexecutor.rpc.RpcPartitionStateChecker
1424:             1             48  org.apache.flink.runtime.util.EnvironmentInformation$Versions
1425:             1             48  org.apache.flink.shaded.guava30.com.google.common.collect.ImmutableListMultimap
1426:             1             48  org.apache.flink.shaded.netty4.io.netty.bootstrap.AbstractBootstrap$PendingRegistrationPromise
1427:             1             48  org.apache.flink.shaded.netty4.io.netty.bootstrap.Bootstrap
1428:             2             48  org.apache.flink.shaded.netty4.io.netty.buffer.PooledByteBufAllocator$PoolThreadLocalCache
1429:             2             48  org.apache.flink.shaded.netty4.io.netty.channel.ChannelMetadata
1430:             1             48  org.apache.flink.shaded.netty4.io.netty.channel.DefaultChannelPipeline
1431:             2             48  org.apache.flink.shaded.netty4.io.netty.channel.VoidChannelPromise
1432:             2             48  org.apache.flink.shaded.netty4.io.netty.util.concurrent.DefaultEventExecutorChooserFactory$GenericEventExecutorChooser
1433:             3             48  org.apache.flink.shaded.netty4.io.netty.util.concurrent.PromiseTask$SentinelRunnable
1434:             2             48  org.apache.flink.streaming.api.CheckpointingMode
1435:             2             48  org.apache.flink.streaming.api.graph.StreamConfig$InputRequirement
1436:             3             48  org.apache.flink.streaming.api.operators.StreamSourceContexts$SwitchingOnClose
1437:             2             48  org.apache.flink.streaming.api.operators.TimestampedCollector
1438:             3             48  org.apache.flink.streaming.runtime.io.checkpointing.InputProcessorUtil$$Lambda$667/648905866
1439:             3             48  org.apache.flink.streaming.runtime.io.checkpointing.InputProcessorUtil$$Lambda$668/60802721
1440:             2             48  org.apache.flink.streaming.runtime.operators.windowing.WindowOperator$WindowContext
1441:             2             48  org.apache.flink.streaming.runtime.operators.windowing.functions.InternalSingleValueWindowFunction
1442:             3             48  org.apache.flink.streaming.runtime.tasks.OneInputStreamTask$$Lambda$678/1618796835
1443:             2             48  org.apache.flink.streaming.runtime.tasks.ProcessingTimeServiceImpl$$Lambda$717/2097855773
1444:             3             48  org.apache.flink.streaming.runtime.tasks.SourceStreamTask$$Lambda$647/13433292
1445:             3             48  org.apache.flink.streaming.runtime.tasks.SourceStreamTask$$Lambda$698/402556608
1446:             3             48  org.apache.flink.streaming.runtime.tasks.StreamTask$$Lambda$714/2112994563
1447:             2             48  org.apache.flink.streaming.runtime.tasks.StreamTask$$Lambda$716/1285579898
1448:             3             48  org.apache.flink.streaming.runtime.tasks.StreamTaskActionExecutor$SynchronizedStreamTaskActionExecutor
1449:             2             48  org.apache.flink.streaming.util.typeutils.FieldAccessor$SimpleTupleFieldAccessor
1450:             2             48  org.apache.logging.log4j.core.LoggerContext$1
1451:             1             48  org.apache.logging.log4j.core.appender.rolling.RollingFileManager$EmptyQueue
1452:             2             48  org.apache.logging.log4j.core.config.AppenderRef
1453:             3             48  org.apache.logging.log4j.core.config.DefaultAdvertiser
1454:             2             48  org.apache.logging.log4j.core.config.Loggers
1455:             2             48  org.apache.logging.log4j.core.config.status.StatusConfiguration$Verbosity
1456:             1             48  org.apache.logging.log4j.core.impl.Log4jProvider
1457:             2             48  org.apache.logging.log4j.core.jmx.AppenderAdmin
1458:             2             48  org.apache.logging.log4j.core.jmx.ContextSelectorAdmin
1459:             2             48  org.apache.logging.log4j.core.pattern.PatternParser
1460:             2             48  org.apache.logging.log4j.core.util.DefaultShutdownCallbackRegistry$RegisteredCancellable
1461:             2             48  org.apache.logging.log4j.core.util.Source
1462:             2             48  org.apache.logging.log4j.core.util.WatchManager$WatchRunnable
1463:             3             48  org.apache.logging.log4j.core.util.datetime.FastDateParser$CopyQuotedStrategy
1464:             3             48  org.apache.logging.log4j.core.util.datetime.FastDatePrinter$CharacterLiteral
1465:             1             48  org.apache.logging.log4j.simple.SimpleLogger
1466:             2             48  org.apache.logging.log4j.spi.LoggerRegistry
1467:             2             48  org.jboss.netty.channel.socket.nio.AbstractNioChannel$WriteRequestQueue
1468:             2             48  org.jboss.netty.handler.codec.frame.LengthFieldPrepender
1469:             1             48  org.jboss.netty.util.internal.ConcurrentIdentityWeakKeyHashMap
1470:             2             48  org.jboss.netty.util.internal.ThreadLocalBoolean
1471:             1             48  scala.Array$
1472:             1             48  scala.Predef$
1473:             2             48  scala.collection.immutable.TreeSet
1474:             2             48  scala.concurrent.Future$$Lambda$237/864221358
1475:             2             48  scala.concurrent.impl.Promise$$Lambda$238/1860886124
1476:             2             48  scala.util.DynamicVariable$$anon$1
1477:             1             48  scala.util.Properties$
1478:             1             48  scala.util.Properties$
1479:             2             48  sun.management.ManagementFactoryHelper$1
1480:             2             48  sun.misc.NativeSignalHandler
1481:             1             48  sun.nio.cs.StreamDecoder
1482:             2             48  sun.security.jca.ProviderList
1483:             2             48  sun.security.jca.ProviderList$3
1484:             1             48  sun.text.resources.FormatData
1485:             1             48  sun.text.resources.zh.FormatData_zh
1486:             1             48  sun.text.resources.zh.FormatData_zh_CN
1487:             2             48  sun.util.locale.LocaleExtensions
1488:             2             40  [Lcom.sun.jmx.mbeanserver.ClassLoaderRepositorySupport$LoaderEntry;
1489:             1             40  [Lcom.typesafe.config.ConfigValueType;
1490:             1             40  [Ljava.lang.management.MemoryPoolMXBean;
1491:             1             40  [Ljava.nio.charset.Charset;
1492:             1             40  [Ljava.time.format.SignStyle;
1493:             1             40  [Ljava.time.format.TextStyle;
1494:             2             40  [Ljava.time.zone.ZoneOffsetTransitionRule;
1495:             1             40  [Ljava.util.stream.StreamOpFlag;
1496:             1             40  [Lorg.apache.flink.runtime.net.ConnectionUtils$AddressDetectionState;
1497:             1             40  [Lorg.apache.flink.streaming.runtime.io.DataInputStatus;
1498:             1             40  [Lorg.apache.flink.util.OperatingSystem;
1499:             1             40  [Lorg.apache.logging.log4j.core.LifeCycle$State;
1500:             1             40  [Lorg.apache.logging.log4j.core.appender.rolling.FileExtension;
1501:             1             40  [Lorg.apache.logging.log4j.core.pattern.PatternParser$ParserState;
1502:             1             40  [Lorg.apache.logging.log4j.core.util.datetime.FastDatePrinter$Rule;
1503:             1             40  [Lsun.util.locale.provider.LocaleProviderAdapter$Type;
1504:             1             40  [[Ljava.lang.invoke.LambdaForm$Name;
1505:             1             40  akka.actor.ActorKilledException
1506:             1             40  akka.actor.LightArrayRevolverScheduler$
1507:             1             40  akka.remote.ContainerFormats$ActorIdentity
1508:             1             40  akka.remote.ContainerFormats$ActorRef
1509:             1             40  akka.remote.ContainerFormats$Identify
1510:             1             40  akka.remote.ContainerFormats$Selection
1511:             1             40  akka.remote.WireFormats$AckAndEnvelopeContainer
1512:             1             40  akka.remote.WireFormats$ActorRefData
1513:             1             40  akka.remote.WireFormats$AkkaControlMessage
1514:             1             40  akka.remote.WireFormats$AkkaProtocolMessage
1515:             1             40  akka.stream.Supervision$
1516:             1             40  akka.util.ManifestInfo$
1517:             1             40  com.sun.jmx.interceptor.DefaultMBeanServerInterceptor
1518:             1             40  com.sun.jmx.mbeanserver.JmxMBeanServer
1519:             1             40  com.sun.jmx.mbeanserver.MBeanServerDelegateImpl
1520:             1             40  java.time.format.DateTimeFormatterBuilder
1521:             1             40  java.util.ResourceBundle$1
1522:             1             40  java.util.concurrent.CompletableFuture$UniAccept
1523:             1             40  org.apache.flink.runtime.blob.BlobCacheSizeTracker
1524:             1             40  org.apache.flink.runtime.blob.PermanentBlobCache$PermanentBlobCleanupTask
1525:             1             40  org.apache.flink.runtime.checkpoint.PrioritizedOperatorSubtaskState
1526:             1             40  org.apache.flink.runtime.highavailability.nonha.standalone.StandaloneHaServices
1527:             1             40  org.apache.flink.runtime.instance.HardwareDescription
1528:             1             40  org.apache.flink.runtime.metrics.scope.ScopeFormats
1529:             1             40  org.apache.flink.runtime.state.TaskExecutorLocalStateStoresManager
1530:             1             40  org.apache.flink.shaded.netty4.io.netty.bootstrap.ServerBootstrap$ServerBootstrapAcceptor
1531:             1             40  org.apache.flink.shaded.netty4.io.netty.channel.AbstractChannel$CloseFuture
1532:             1             40  org.apache.logging.log4j.core.appender.rolling.DefaultRolloverStrategy
1533:             1             40  org.apache.logging.log4j.core.util.datetime.FastDateParser
1534:             1             40  scala.concurrent.duration.Duration$
1535:             1             40  sun.management.DiagnosticCommandImpl
1536:             1             40  sun.nio.cs.StandardCharsets$Aliases
1537:             1             40  sun.nio.cs.StandardCharsets$Cache
1538:             1             40  sun.nio.cs.StandardCharsets$Classes
1539:             1             40  sun.security.provider.ConfigFile$Spi
1540:             1             32  [Lcom.typesafe.config.ConfigSyntax;
1541:             1             32  [Lcom.typesafe.config.impl.ConfigIncludeKind;
1542:             1             32  [Lcom.typesafe.config.impl.OriginType;
1543:             2             32  [Ljava.lang.Enum;
1544:             1             32  [Ljava.lang.OutOfMemoryError;
1545:             1             32  [Ljava.lang.management.MemoryManagerMXBean;
1546:             1             32  [Ljava.net.Proxy$Type;
1547:             1             32  [Ljava.nio.file.StandardCopyOption;
1548:             2             32  [Ljava.security.cert.Certificate;
1549:             1             32  [Ljava.time.format.DateTimeFormatterBuilder$SettingsParser;
1550:             1             32  [Ljava.time.format.ResolverStyle;
1551:             1             32  [Ljava.time.temporal.IsoFields$Field;
1552:             1             32  [Ljava.time.temporal.TemporalUnit;
1553:             1             32  [Ljava.time.zone.ZoneOffsetTransitionRule$TimeDefinition;
1554:             1             32  [Ljava.util.stream.MatchOps$MatchKind;
1555:             1             32  [Ljava.util.stream.StreamShape;
1556:             1             32  [Lorg.apache.flink.api.common.JobStatus$TerminalState;
1557:             1             32  [Lorg.apache.flink.configuration.ClusterOptions$UserSystemExitMode;
1558:             1             32  [Lorg.apache.flink.runtime.checkpoint.CheckpointOptions$AlignmentType;
1559:             1             32  [Lorg.apache.flink.runtime.checkpoint.CheckpointType$PostCheckpointAction;
1560:             1             32  [Lorg.apache.flink.runtime.checkpoint.CheckpointType;
1561:             1             32  [Lorg.apache.flink.runtime.clusterframework.ApplicationStatus;
1562:             1             32  [Lorg.apache.flink.runtime.heartbeat.HeartbeatMonitorImpl$State;
1563:             1             32  [Lorg.apache.flink.runtime.io.network.api.serialization.RecordDeserializer$DeserializationResult;
1564:             1             32  [Lorg.apache.flink.runtime.io.network.netty.NettyConfig$TransportType;
1565:             1             32  [Lorg.apache.flink.runtime.io.network.partition.BoundedBlockingSubpartitionType;
1566:             1             32  [Lorg.apache.flink.runtime.io.network.partition.consumer.ChannelStatePersister$CheckpointStatus;
1567:             1             32  [Lorg.apache.flink.runtime.metrics.groups.AbstractMetricGroup$ChildType;
1568:             1             32  [Lorg.apache.flink.runtime.net.ConnectionUtils$LeaderConnectingAddressListener$LeaderRetrievalState;
1569:             1             32  [Lorg.apache.flink.runtime.rpc.akka.ControlMessages;
1570:             1             32  [Lorg.apache.flink.runtime.taskexecutor.DefaultJobLeaderService$State;
1571:             1             32  [Lorg.apache.flink.runtime.taskexecutor.slot.TaskSlotState;
1572:             1             32  [Lorg.apache.flink.runtime.taskexecutor.slot.TaskSlotTableImpl$State;
1573:             1             32  [Lorg.apache.flink.shaded.guava30.com.google.common.base.AbstractIterator$State;
1574:             1             32  [Lorg.apache.flink.shaded.guava30.com.google.common.collect.AbstractIterator$State;
1575:             1             32  [Lorg.apache.flink.shaded.netty4.io.netty.util.ResourceLeakDetector$Level;
1576:             1             32  [Lorg.apache.flink.streaming.api.TimeCharacteristic;
1577:             1             32  [Lorg.apache.flink.streaming.api.environment.CheckpointConfig$ExternalizedCheckpointCleanup;
1578:             1             32  [Lorg.apache.flink.streaming.api.windowing.triggers.TriggerResult;
1579:             1             32  [Lorg.apache.flink.streaming.runtime.tasks.SourceStreamTask$FinishingReason;
1580:             1             32  [Lorg.apache.flink.streaming.runtime.tasks.mailbox.TaskMailbox$State;
1581:             1             32  [Lorg.apache.logging.log4j.core.config.LoggerConfig$LoggerConfigPredicate;
1582:             1             32  [Lorg.apache.logging.log4j.core.util.datetime.FixedDateFormat$FixedTimeZoneFormat;
1583:             1             32  [Lorg.jboss.netty.channel.ChannelState;
1584:             1             32  [Lsun.misc.FormattedFloatingDecimal$Form;
1585:             1             32  [Lsun.security.provider.NativePRNG$Variant;
1586:             1             32  akka.actor.ActorCell$
1587:             2             32  akka.actor.ActorSystemImpl$$Lambda$236/2143739483
1588:             2             32  akka.actor.ActorSystemImpl$$anon$2
1589:             2             32  akka.actor.ActorSystemImpl$TerminationCallbacks$$Lambda$235/1302725372
1590:             2             32  akka.actor.ActorSystemImpl$TerminationCallbacks$$anonfun$addRec$1$1
1591:             2             32  akka.actor.LocalActorRefProvider$$anonfun$rootGuardianStrategy$1
1592:             2             32  akka.actor.LocalActorRefProvider$SystemGuardian$$anonfun$receive$2
1593:             1             32  akka.actor.Props$
1594:             2             32  akka.actor.ReflectiveDynamicAccess
1595:             1             32  akka.actor.SupervisorStrategy$
1596:             1             32  akka.actor.VirtualPathContainer
1597:             1             32  akka.dispatch.CachingConfig$
1598:             2             32  akka.dispatch.Mailboxes$$anon$1$$anon$2
1599:             1             32  akka.dispatch.ThreadPoolConfig$
1600:             2             32  akka.event.AddressTerminatedTopic
1601:             2             32  akka.event.BusLogging$$anonfun$$lessinit$greater$3
1602:             2             32  akka.event.EventStream$$anon$1
1603:             2             32  akka.event.EventStreamUnsubscriber$$anonfun$receive$1
1604:             1             32  akka.event.LogSource$
1605:             2             32  akka.event.LoggerMailboxType
1606:             2             32  akka.event.Logging$LogExt
1607:             2             32  akka.event.slf4j.Slf4jLogger$$anonfun$receive$1
1608:             2             32  akka.event.slf4j.Slf4jLoggingFilter
1609:             2             32  akka.japi.pf.PFBuilder
1610:             2             32  akka.japi.pf.PFBuilder$4
1611:             1             32  akka.protobufv3.internal.ExtensionRegistry
1612:             2             32  akka.remote.EndpointManager$$anonfun$1
1613:             2             32  akka.remote.EndpointManager$$anonfun$2
1614:             2             32  akka.remote.EndpointReader$$anonfun$receive$2
1615:             2             32  akka.remote.EndpointWriter$$anonfun$2
1616:             2             32  akka.remote.EndpointWriter$$anonfun$3
1617:             2             32  akka.remote.EndpointWriter$$anonfun$4
1618:             2             32  akka.remote.RARP
1619:             2             32  akka.remote.ReliableDeliverySupervisor$$anonfun$1
1620:             2             32  akka.remote.ReliableDeliverySupervisor$$anonfun$receive$1
1621:             2             32  akka.remote.RemoteActorRefProvider$RemotingTerminator$$anonfun$1
1622:             2             32  akka.remote.RemoteActorRefProvider$RemotingTerminator$$anonfun$2
1623:             2             32  akka.remote.RemoteActorRefProvider$RemotingTerminator$$anonfun$3
1624:             2             32  akka.remote.RemoteActorRefProvider$RemotingTerminator$$anonfun$4
1625:             2             32  akka.remote.RemoteDeploymentWatcher$$anonfun$receive$1
1626:             2             32  akka.remote.RemoteMetricsOff
1627:             2             32  akka.remote.RemoteWatcher$$anonfun$receive$1
1628:             2             32  akka.remote.RemoteWatcher$HeartbeatRsp
1629:             2             32  akka.remote.Remoting$TransportSupervisor$$anonfun$receive$1
1630:             1             32  akka.remote.artery.ArteryTransport$
1631:             2             32  akka.remote.serialization.MiscMessageSerializer$$Lambda$355/696165690
1632:             2             32  akka.remote.serialization.MiscMessageSerializer$$Lambda$356/2054451662
1633:             2             32  akka.remote.serialization.MiscMessageSerializer$$Lambda$357/1659309731
1634:             2             32  akka.remote.serialization.MiscMessageSerializer$$Lambda$358/1734184086
1635:             2             32  akka.remote.serialization.MiscMessageSerializer$$Lambda$360/1170111701
1636:             2             32  akka.remote.serialization.MiscMessageSerializer$$Lambda$361/1985028494
1637:             2             32  akka.remote.serialization.MiscMessageSerializer$$Lambda$362/830863979
1638:             2             32  akka.remote.serialization.MiscMessageSerializer$$Lambda$363/1832283291
1639:             2             32  akka.remote.serialization.MiscMessageSerializer$$Lambda$364/1532554556
1640:             2             32  akka.remote.serialization.MiscMessageSerializer$$Lambda$365/620423816
1641:             2             32  akka.remote.serialization.MiscMessageSerializer$$Lambda$366/976358110
1642:             2             32  akka.remote.serialization.MiscMessageSerializer$$Lambda$372/1496220730
1643:             2             32  akka.remote.serialization.MiscMessageSerializer$$Lambda$373/1135935001
1644:             2             32  akka.remote.serialization.MiscMessageSerializer$$Lambda$374/355885103
1645:             2             32  akka.remote.serialization.MiscMessageSerializer$$Lambda$375/1321115948
1646:             2             32  akka.remote.serialization.MiscMessageSerializer$$Lambda$376/1649847375
1647:             2             32  akka.remote.serialization.MiscMessageSerializer$$Lambda$378/1950136544
1648:             2             32  akka.remote.serialization.MiscMessageSerializer$$Lambda$379/209360730
1649:             2             32  akka.remote.serialization.MiscMessageSerializer$$Lambda$380/1971152916
1650:             2             32  akka.remote.serialization.MiscMessageSerializer$$Lambda$381/1324173038
1651:             2             32  akka.remote.serialization.MiscMessageSerializer$$Lambda$382/1663488386
1652:             2             32  akka.remote.serialization.MiscMessageSerializer$$Lambda$383/577127077
1653:             2             32  akka.remote.serialization.MiscMessageSerializer$$Lambda$384/1924990666
1654:             2             32  akka.remote.serialization.MiscMessageSerializer$$Lambda$385/1572745406
1655:             2             32  akka.remote.serialization.MiscMessageSerializer$$Lambda$386/295640874
1656:             2             32  akka.remote.serialization.MiscMessageSerializer$$Lambda$387/375097969
1657:             2             32  akka.remote.serialization.MiscMessageSerializer$$Lambda$388/1060042118
1658:             1             32  akka.remote.transport.AkkaPduProtobufCodec$
1659:             2             32  akka.remote.transport.AkkaProtocolManager$$anonfun$1
1660:             2             32  akka.remote.transport.AkkaProtocolManager$$anonfun$ready$1
1661:             2             32  akka.remote.transport.FailureInjectorProvider
1662:             2             32  akka.remote.transport.ProtocolStateActor$$anonfun$2
1663:             2             32  akka.remote.transport.ProtocolStateActor$$anonfun$3
1664:             2             32  akka.remote.transport.ProtocolStateActor$$anonfun$4
1665:             2             32  akka.remote.transport.ProtocolStateActor$$anonfun$5
1666:             2             32  akka.remote.transport.ThrottlerProvider
1667:             2             32  akka.remote.transport.netty.NettyTransport$$anon$3
1668:             1             32  akka.remote.transport.netty.TcpClientHandler
1669:             2             32  akka.stream.ActorAttributes$DebugLogging
1670:             2             32  akka.stream.ActorAttributes$Dispatcher
1671:             2             32  akka.stream.ActorAttributes$FuzzingMode
1672:             2             32  akka.stream.ActorAttributes$MaxFixedBufferSize
1673:             2             32  akka.stream.ActorAttributes$OutputBurstLimit
1674:             2             32  akka.stream.ActorAttributes$SupervisionStrategy
1675:             2             32  akka.stream.ActorAttributes$SyncProcessingLimit
1676:             2             32  akka.stream.Attributes
1677:             2             32  akka.stream.Attributes$NestedMaterializationCancellationPolicy
1678:             2             32  akka.stream.IOSettings
1679:             2             32  akka.stream.impl.FlowNames
1680:             2             32  akka.stream.impl.MaterializerGuardian$$anonfun$receive$1
1681:             2             32  akka.stream.impl.StreamSupervisor$$$Lambda$416/1058432446
1682:             2             32  akka.stream.impl.StreamSupervisor$$anonfun$receive$1
1683:             1             32  akka.util.ByteString$
1684:             2             32  akka.util.ReentrantGuard
1685:             2             32  akka.util.Switch
1686:             1             32  com.github.yck.datasource.WebLogDataGenerator
1687:             1             32  com.github.yck.datasource.WebLogDataGenerator
1688:             1             32  com.github.yck.datasource.WebLogDataGenerator
1689:             2             32  com.github.yck.simpletask.StatelessTask$1
1690:             1             32  com.sun.jmx.mbeanserver.Repository
1691:             1             32  java.io.UnixFileSystem
1692:             1             32  java.lang.ArithmeticException
1693:             1             32  java.lang.ArrayIndexOutOfBoundsException
1694:             1             32  java.lang.ClassCastException
1695:             2             32  java.lang.ClassValue$Identity
1696:             1             32  java.lang.NullPointerException
1697:             2             32  java.lang.Shutdown$Lock
1698:             1             32  java.lang.StackTraceElement
1699:             1             32  java.lang.Throwable
1700:             1             32  java.lang.reflect.WeakCache
1701:             2             32  java.nio.ByteOrder
1702:             1             32  java.nio.file.attribute.FileTime
1703:             2             32  java.nio.file.attribute.PosixFilePermissions$1
1704:             1             32  java.security.MessageDigest$Delegate
1705:             2             32  java.time.format.DateTimeFormatterBuilder$StringLiteralPrinterParser
1706:             2             32  java.util.IdentityHashMap$KeySet
1707:             2             32  java.util.Timer$1
1708:             2             32  java.util.concurrent.CompletableFuture$AltResult
1709:             1             32  java.util.concurrent.Semaphore$NonfairSync
1710:             1             32  java.util.concurrent.ThreadLocalRandom
1711:             1             32  java.util.concurrent.atomic.AtomicLongFieldUpdater$CASUpdater
1712:             1             32  java.util.logging.LogManager$SystemLoggerContext
1713:             1             32  java.util.regex.Pattern$BnM
1714:             2             32  java.util.regex.Pattern$Dot
1715:             2             32  javax.script.SimpleBindings
1716:             2             32  jdk.nashorn.api.scripting.NashornScriptEngineFactory
1717:             2             32  org.apache.flink.runtime.blob.VoidBlobStore
1718:             1             32  org.apache.flink.runtime.checkpoint.CheckpointOptions
1719:             1             32  org.apache.flink.runtime.execution.librarycache.BlobLibraryCacheManager
1720:             1             32  org.apache.flink.runtime.execution.librarycache.BlobLibraryCacheManager$DefaultClassLoaderFactory
1721:             2             32  org.apache.flink.runtime.heartbeat.HeartbeatMonitorImpl$Factory
1722:             1             32  org.apache.flink.runtime.instance.InstanceID
1723:             1             32  org.apache.flink.runtime.io.disk.iomanager.IOManagerAsync
1724:             1             32  org.apache.flink.runtime.io.network.netty.NettyClient
1725:             1             32  org.apache.flink.runtime.io.network.netty.NettyConfig
1726:             1             32  org.apache.flink.runtime.io.network.netty.NettyConnectionManager
1727:             1             32  org.apache.flink.runtime.io.network.netty.NettyServer
1728:             1             32  org.apache.flink.runtime.io.network.netty.NettyServer$ServerChannelInitializer
1729:             1             32  org.apache.flink.runtime.io.network.partition.TaskExecutorPartitionTrackerImpl
1730:             1             32  org.apache.flink.runtime.metrics.dump.MetricDumpSerialization$MetricDumpSerializer
1731:             1             32  org.apache.flink.runtime.metrics.scope.JobManagerJobScopeFormat
1732:             1             32  org.apache.flink.runtime.metrics.scope.JobManagerScopeFormat
1733:             1             32  org.apache.flink.runtime.metrics.scope.OperatorScopeFormat
1734:             1             32  org.apache.flink.runtime.metrics.scope.TaskManagerJobScopeFormat
1735:             1             32  org.apache.flink.runtime.metrics.scope.TaskManagerScopeFormat
1736:             1             32  org.apache.flink.runtime.metrics.scope.TaskScopeFormat
1737:             2             32  org.apache.flink.runtime.metrics.util.MetricUtils$$Lambda$455/829737737
1738:             2             32  org.apache.flink.runtime.metrics.util.MetricUtils$$Lambda$456/1296109622
1739:             1             32  org.apache.flink.runtime.resourcemanager.ResourceManagerId
1740:             2             32  org.apache.flink.runtime.rpc.MainThreadValidatorUtil
1741:             2             32  org.apache.flink.runtime.rpc.RpcEndpoint$$Lambda$439/614580607
1742:             2             32  org.apache.flink.runtime.rpc.akka.AkkaRpcActor$$Lambda$436/1072785421
1743:             2             32  org.apache.flink.runtime.rpc.akka.AkkaRpcActor$$Lambda$437/1607035972
1744:             2             32  org.apache.flink.runtime.rpc.akka.AkkaRpcActor$$Lambda$438/1712226107
1745:             2             32  org.apache.flink.runtime.rpc.akka.DeadLettersActor$$Lambda$431/1960365035
1746:             2             32  org.apache.flink.runtime.rpc.akka.SupervisorActor$$Lambda$429/2002899046
1747:             2             32  org.apache.flink.runtime.rpc.akka.SupervisorActor$$Lambda$430/1359376425
1748:             1             32  org.apache.flink.runtime.security.modules.JaasModule
1749:             1             32  org.apache.flink.runtime.security.modules.ZooKeeperModule
1750:             1             32  org.apache.flink.runtime.state.TaskExecutorStateChangelogStoragesManager
1751:             2             32  org.apache.flink.runtime.state.heap.AbstractHeapMergingState$MergeTransformation
1752:             2             32  org.apache.flink.runtime.state.heap.HeapReducingState$ReduceTransformation
1753:             1             32  org.apache.flink.runtime.taskexecutor.KvStateService
1754:             1             32  org.apache.flink.runtime.taskexecutor.slot.DefaultTimerService
1755:             1             32  org.apache.flink.shaded.guava30.com.google.common.collect.Iterators$ArrayItr
1756:             1             32  org.apache.flink.shaded.guava30.com.google.common.util.concurrent.ThreadFactoryBuilder
1757:             2             32  org.apache.flink.shaded.netty4.io.netty.buffer.PooledByteBufAllocator$1
1758:             2             32  org.apache.flink.shaded.netty4.io.netty.buffer.PooledByteBufAllocatorMetric
1759:             1             32  org.apache.flink.shaded.netty4.io.netty.channel.DefaultChannelId
1760:             2             32  org.apache.flink.shaded.netty4.io.netty.channel.ReflectiveChannelFactory
1761:             1             32  org.apache.flink.shaded.netty4.io.netty.util.ResourceLeakDetector
1762:             1             32  org.apache.flink.shaded.netty4.io.netty.util.concurrent.DefaultPromise$StacklessCancellationException
1763:             1             32  org.apache.flink.shaded.netty4.io.netty.util.concurrent.DefaultThreadFactory
1764:             2             32  org.apache.flink.shaded.netty4.io.netty.util.concurrent.MultithreadEventExecutorGroup$1
1765:             2             32  org.apache.flink.shaded.netty4.io.netty.util.concurrent.ThreadPerTaskExecutor
1766:             2             32  org.apache.flink.shaded.netty4.io.netty.util.internal.logging.Slf4JLoggerFactory
1767:             2             32  org.apache.flink.streaming.api.functions.aggregation.SumFunction$IntSum
1768:             2             32  org.apache.flink.streaming.api.functions.windowing.PassThroughWindowFunction
1769:             2             32  org.apache.flink.streaming.api.operators.InternalTimerServiceImpl$$Lambda$715/1931790851
1770:             2             32  org.apache.flink.streaming.api.windowing.triggers.ProcessingTimeTrigger
1771:             2             32  org.apache.flink.streaming.api.windowing.windows.TimeWindow$Serializer
1772:             2             32  org.apache.flink.streaming.runtime.operators.windowing.WindowOperator$1
1773:             2             32  org.apache.flink.streaming.runtime.watermarkstatus.WatermarkStatus
1774:             1             32  org.apache.logging.log4j.core.appender.rolling.SizeBasedTriggeringPolicy
1775:             1             32  org.apache.logging.log4j.core.impl.ThrowableFormatOptions
1776:             2             32  org.apache.logging.log4j.core.layout.PatternLayout$PatternFormatterPatternSerializer
1777:             2             32  org.apache.logging.log4j.core.lookup.ContextMapLookup
1778:             2             32  org.apache.logging.log4j.core.lookup.EventLookup
1779:             2             32  org.apache.logging.log4j.core.lookup.MainMapLookup
1780:             2             32  org.apache.logging.log4j.core.lookup.ResourceBundleLookup
1781:             2             32  org.apache.logging.log4j.core.lookup.StrMatcher$CharSetMatcher
1782:             2             32  org.apache.logging.log4j.core.lookup.StructuredDataLookup
1783:             1             32  org.apache.logging.log4j.core.util.DefaultShutdownCallbackRegistry
1784:             2             32  org.apache.logging.log4j.core.util.SystemClock
1785:             1             32  org.apache.logging.log4j.core.util.datetime.FastDatePrinter
1786:             2             32  org.apache.logging.log4j.spi.LoggerRegistry$ConcurrentMapFactory
1787:             1             32  org.apache.logging.log4j.status.StatusLogger$BoundedQueue
1788:             2             32  org.apache.logging.log4j.util.EnvironmentPropertySource
1789:             2             32  org.apache.logging.log4j.util.PropertiesUtil
1790:             2             32  org.apache.logging.log4j.util.PropertyFilePropertySource
1791:             2             32  org.apache.logging.log4j.util.PropertySource$Comparator
1792:             2             32  org.apache.logging.log4j.util.SystemPropertiesPropertySource
1793:             1             32  org.jboss.netty.buffer.EmptyChannelBuffer
1794:             2             32  org.jboss.netty.buffer.HeapChannelBufferFactory
1795:             2             32  org.jboss.netty.channel.group.DefaultChannelGroup$1
1796:             2             32  org.jboss.netty.channel.socket.nio.AbstractNioChannel$WriteTask
1797:             2             32  org.jboss.netty.channel.socket.nio.NioClientBoss$1
1798:             2             32  org.jboss.netty.channel.socket.nio.NioClientSocketPipelineSink
1799:             2             32  org.jboss.netty.channel.socket.nio.NioServerSocketPipelineSink
1800:             1             32  scala.collection.immutable.Map$WithDefault
1801:             2             32  scala.concurrent.Promise$$Lambda$239/1250499735
1802:             2             32  scala.concurrent.duration.Deadline
1803:             1             32  scala.math.BigDecimal$
1804:             1             32  scala.math.BigInt$
1805:             1             32  scala.reflect.ManifestFactory$AnyManifest
1806:             1             32  scala.reflect.ManifestFactory$AnyValPhantomManifest
1807:             1             32  scala.reflect.ManifestFactory$NothingManifest
1808:             1             32  scala.reflect.ManifestFactory$NullManifest
1809:             1             32  scala.reflect.ManifestFactory$ObjectManifest
1810:             1             32  scala.sys.SystemProperties$
1811:             2             32  scala.util.Right
1812:             1             32  scala.util.control.BreakControl
1813:             2             32  sun.nio.ch.SocketDispatcher
1814:             1             32  sun.nio.cs.StandardCharsets
1815:             1             32  sun.nio.fs.LinuxFileSystem
1816:             1             32  sun.reflect.generics.reflectiveObjects.WildcardTypeImpl
1817:             2             32  sun.reflect.generics.tree.ArrayTypeSignature
1818:             2             32  sun.security.provider.NativePRNG
1819:             1             32  sun.security.provider.SecureRandom
1820:             1             24  [Lcom.typesafe.config.impl.FromMapMode;
1821:             1             24  [Lcom.typesafe.config.impl.ResolveStatus;
1822:             1             24  [Ljava.io.File$PathStatus;
1823:             1             24  [Ljava.net.InetAddress$Cache$Type;
1824:             1             24  [Ljava.net.InterfaceAddress;
1825:             1             24  [Ljava.net.StandardProtocolFamily;
1826:             1             24  [Ljava.nio.file.LinkOption;
1827:             1             24  [Ljava.time.temporal.IsoFields$Unit;
1828:             1             24  [Ljava.time.zone.ZoneOffsetTransition;
1829:             1             24  [Ljava.util.Comparators$NaturalOrderComparator;
1830:             1             24  [Ljava.util.Locale$Category;
1831:             1             24  [Lorg.apache.flink.configuration.ClusterOptions$UncaughtExceptionHandleMode;
1832:             1             24  [Lorg.apache.flink.configuration.JobManagerOptions$SchedulerType;
1833:             1             24  [Lorg.apache.flink.configuration.SchedulerExecutionMode;
1834:             1             24  [Lorg.apache.flink.core.memory.ManagedMemoryUseCase$Scope;
1835:             1             24  [Lorg.apache.flink.runtime.execution.librarycache.FlinkUserCodeClassLoaders$ResolveOrder;
1836:             1             24  [Lorg.apache.flink.runtime.io.disk.iomanager.IOManagerAsync$ReaderThread;
1837:             1             24  [Lorg.apache.flink.runtime.io.disk.iomanager.IOManagerAsync$WriterThread;
1838:             1             24  [Lorg.apache.flink.runtime.rpc.AddressResolution;
1839:             1             24  [Lorg.apache.flink.runtime.rpc.akka.AkkaRpcActor$StartedState;
1840:             1             24  [Lorg.apache.flink.runtime.rpc.akka.AkkaRpcActor$StoppedState;
1841:             1             24  [Lorg.apache.flink.runtime.rpc.akka.AkkaRpcServiceUtils$AkkaProtocol;
1842:             1             24  [Lorg.apache.flink.runtime.state.SnapshotExecutionType;
1843:             1             24  [Lorg.apache.flink.streaming.api.CheckpointingMode;
1844:             1             24  [Lorg.apache.logging.log4j.core.appender.ConsoleAppender$Target;
1845:             1             24  [Lorg.apache.logging.log4j.core.appender.rolling.TriggeringPolicy;
1846:             1             24  [Lorg.apache.logging.log4j.core.async.ThreadNameCachingStrategy;
1847:             1             24  [Lorg.apache.logging.log4j.core.config.status.StatusConfiguration$Verbosity;
1848:             1             24  [Lorg.apache.logging.log4j.core.pattern.ArrayPatternConverter;
1849:             1             24  [Lorg.apache.logging.log4j.core.pattern.FormattingInfo;
1850:             1             24  [Lorg.apache.logging.log4j.core.pattern.NameAbbreviator$MaxElementAbbreviator$Strategy;
1851:             1             24  [Lsun.launcher.LauncherHelper;
1852:             1             24  akka.actor.Actor$
1853:             1             24  akka.actor.Address$
1854:             1             24  akka.actor.Cancellable$
1855:             1             24  akka.actor.FSM$
1856:             1             24  akka.actor.IgnoreActorRef$
1857:             1             24  akka.actor.IndirectActorProducer$
1858:             1             24  akka.actor.Nobody$
1859:             1             24  akka.actor.ProviderSelection$
1860:             1             24  akka.actor.ProviderSelection$Remote$
1861:             1             24  akka.dispatch.Dispatchers$
1862:             1             24  akka.dispatch.Mailbox$
1863:             1             24  akka.dispatch.internal.SameThreadExecutionContext$$anon$1
1864:             1             24  akka.dispatch.sysmsg.SystemMessageList$
1865:             1             24  akka.event.Logging$StandardOutLogger
1866:             1             24  akka.pattern.PromiseActorRef$
1867:             1             24  akka.protobufv3.internal.ByteString$LiteralByteString
1868:             1             24  akka.protobufv3.internal.UnknownFieldSet
1869:             1             24  akka.remote.transport.AkkaProtocolTransport$
1870:             1             24  akka.remote.transport.netty.ChannelLocalActor$
1871:             1             24  akka.remote.transport.netty.NettyTransport$
1872:             1             24  akka.remote.transport.netty.TcpServerHandler
1873:             1             24  akka.serialization.JavaSerializer$CurrentSystem
1874:             1             24  akka.stream.Attributes$NestedMaterializationCancellationPolicy$
1875:             1             24  akka.stream.impl.PhasedFusingActorMaterializer$
1876:             1             24  akka.stream.impl.StreamSupervisor$
1877:             1             24  akka.util.ByteString$ByteString1
1878:             1             24  akka.util.ByteString$ByteString1$
1879:             1             24  akka.util.Helpers$
1880:             1             24  com.sun.jmx.mbeanserver.ClassLoaderRepositorySupport
1881:             1             24  com.sun.jmx.mbeanserver.MXBeanLookup
1882:             1             24  com.sun.jmx.remote.util.ClassLogger
1883:             1             24  com.typesafe.config.impl.ConfigDelayedMerge
1884:             1             24  com.typesafe.config.impl.ConfigDelayedMergeObject
1885:             1             24  com.typesafe.config.impl.ConfigImpl$LoaderCache
1886:             1             24  java.io.ExpiringCache$Entry
1887:             1             24  java.io.InputStreamReader
1888:             1             24  java.lang.ProcessEnvironment$StringEnvironment
1889:             1             24  java.lang.invoke.MethodHandleImpl$4
1890:             1             24  java.lang.invoke.MethodHandleImpl$ArrayAccessor$1
1891:             1             24  java.lang.invoke.MethodType$ConcurrentWeakInternSet
1892:             1             24  java.math.MutableBigInteger
1893:             1             24  java.net.Inet6AddressImpl
1894:             1             24  java.net.InetAddress$CacheEntry
1895:             1             24  java.net.Proxy
1896:             1             24  java.nio.file.LinkOption
1897:             1             24  java.time.Period
1898:             1             24  java.time.ZoneRegion
1899:             1             24  java.time.format.DecimalStyle
1900:             1             24  java.time.temporal.IsoFields$Field$1
1901:             1             24  java.time.temporal.IsoFields$Field$2
1902:             1             24  java.time.temporal.IsoFields$Field$3
1903:             1             24  java.time.temporal.IsoFields$Field$4
1904:             1             24  java.time.zone.TzdbZoneRulesProvider
1905:             1             24  java.util.Collections$3
1906:             1             24  java.util.Collections$EmptyMap
1907:             1             24  java.util.Collections$SynchronizedRandomAccessList
1908:             1             24  java.util.Comparators$NaturalOrderComparator
1909:             1             24  java.util.Locale$Cache
1910:             1             24  java.util.OptionalLong
1911:             1             24  java.util.ResourceBundle$Control$CandidateListCache
1912:             1             24  java.util.concurrent.ConcurrentLinkedDeque
1913:             1             24  java.util.concurrent.TimeUnit$1
1914:             1             24  java.util.concurrent.TimeUnit$2
1915:             1             24  java.util.concurrent.TimeUnit$3
1916:             1             24  java.util.concurrent.TimeUnit$4
1917:             1             24  java.util.concurrent.TimeUnit$5
1918:             1             24  java.util.concurrent.TimeUnit$6
1919:             1             24  java.util.concurrent.TimeUnit$7
1920:             1             24  java.util.logging.LogManager$LoggerContext
1921:             1             24  java.util.logging.LoggingPermission
1922:             1             24  javax.management.NotificationBroadcasterSupport
1923:             1             24  javax.security.auth.login.AppConfigurationEntry
1924:             1             24  org.apache.flink.api.common.state.StateTtlConfig$TtlTimeCharacteristic
1925:             1             24  org.apache.flink.configuration.SchedulerExecutionMode
1926:             1             24  org.apache.flink.configuration.description.TextElement$TextStyle
1927:             1             24  org.apache.flink.core.fs.UnsupportedSchemeFactory
1928:             1             24  org.apache.flink.core.fs.local.LocalFileSystem
1929:             1             24  org.apache.flink.core.plugin.DefaultPluginManager
1930:             1             24  org.apache.flink.runtime.blob.BlobCacheService
1931:             1             24  org.apache.flink.runtime.clusterframework.types.ResourceBudgetManager
1932:             1             24  org.apache.flink.runtime.entrypoint.ClusterInformation
1933:             1             24  org.apache.flink.runtime.io.network.netty.NettyProtocol
1934:             1             24  org.apache.flink.runtime.io.network.netty.PartitionRequestClientFactory
1935:             1             24  org.apache.flink.runtime.io.network.partition.BoundedBlockingSubpartitionType$1
1936:             1             24  org.apache.flink.runtime.io.network.partition.BoundedBlockingSubpartitionType$2
1937:             1             24  org.apache.flink.runtime.io.network.partition.BoundedBlockingSubpartitionType$3
1938:             1             24  org.apache.flink.runtime.io.network.partition.BoundedBlockingSubpartitionType$4
1939:             1             24  org.apache.flink.runtime.io.network.partition.ResultPartitionManager
1940:             1             24  org.apache.flink.runtime.jobmaster.ResourceManagerAddress
1941:             1             24  org.apache.flink.runtime.metrics.ViewUpdater
1942:             1             24  org.apache.flink.runtime.query.KvStateRegistry
1943:             1             24  org.apache.flink.runtime.rpc.akka.AkkaRpcActor$StartedState
1944:             1             24  org.apache.flink.runtime.rpc.akka.AkkaRpcActor$StoppedState
1945:             1             24  org.apache.flink.runtime.rpc.akka.CleanupOnCloseRpcSystem
1946:             1             24  org.apache.flink.runtime.rpc.akka.PrioritySettingThreadFactory
1947:             1             24  org.apache.flink.runtime.rpc.akka.PriorityThreadsDispatcher
1948:             1             24  org.apache.flink.runtime.rpc.messages.HandshakeSuccessMessage
1949:             1             24  org.apache.flink.runtime.security.DynamicConfiguration
1950:             1             24  org.apache.flink.runtime.taskexecutor.DefaultJobTable
1951:             1             24  org.apache.flink.runtime.taskexecutor.EstablishedResourceManagerConnection
1952:             1             24  org.apache.flink.runtime.taskexecutor.TaskExecutorRegistrationSuccess
1953:             1             24  org.apache.flink.runtime.taskexecutor.TaskManagerRunner$$Lambda$76/1760126453
1954:             1             24  org.apache.flink.runtime.taskmanager.UnresolvedTaskManagerLocation
1955:             1             24  org.apache.flink.runtime.util.JvmShutdownSafeguard$DelayedTerminator
1956:             1             24  org.apache.flink.shaded.netty4.io.netty.bootstrap.ServerBootstrap$ServerBootstrapAcceptor$1
1957:             1             24  org.apache.flink.shaded.netty4.io.netty.channel.ChannelOption$1
1958:             1             24  org.apache.flink.shaded.netty4.io.netty.channel.SucceededChannelFuture
1959:             1             24  org.apache.flink.shaded.netty4.io.netty.channel.WriteBufferWaterMark
1960:             1             24  org.apache.flink.shaded.netty4.io.netty.channel.epoll.LinuxSocket
1961:             1             24  org.apache.flink.shaded.netty4.io.netty.resolver.DefaultAddressResolverGroup
1962:             1             24  org.apache.flink.shaded.netty4.io.netty.util.ResourceLeakDetectorFactory$DefaultResourceLeakDetectorFactory
1963:             1             24  org.apache.flink.shaded.netty4.io.netty.util.concurrent.FailedFuture
1964:             1             24  org.apache.flink.shaded.netty4.io.netty.util.internal.DefaultPriorityQueue
1965:             1             24  org.apache.flink.shaded.netty4.io.netty.util.internal.ThreadExecutorMap$2
1966:             1             24  org.apache.flink.shaded.netty4.io.netty.util.internal.ThreadExecutorMap$3
1967:             1             24  org.apache.flink.streaming.api.windowing.assigners.WindowStagger$1
1968:             1             24  org.apache.flink.streaming.api.windowing.assigners.WindowStagger$2
1969:             1             24  org.apache.flink.streaming.api.windowing.assigners.WindowStagger$3
1970:             1             24  org.apache.flink.streaming.util.LatencyStats$Granularity$1
1971:             1             24  org.apache.flink.streaming.util.LatencyStats$Granularity$2
1972:             1             24  org.apache.flink.streaming.util.LatencyStats$Granularity$3
1973:             1             24  org.apache.logging.log4j.core.appender.ConsoleAppender$Target$1
1974:             1             24  org.apache.logging.log4j.core.appender.ConsoleAppender$Target$2
1975:             1             24  org.apache.logging.log4j.core.appender.rolling.CompositeTriggeringPolicy
1976:             1             24  org.apache.logging.log4j.core.appender.rolling.FileExtension$1
1977:             1             24  org.apache.logging.log4j.core.appender.rolling.FileExtension$2
1978:             1             24  org.apache.logging.log4j.core.appender.rolling.FileExtension$3
1979:             1             24  org.apache.logging.log4j.core.appender.rolling.FileExtension$4
1980:             1             24  org.apache.logging.log4j.core.appender.rolling.FileExtension$5
1981:             1             24  org.apache.logging.log4j.core.appender.rolling.FileExtension$6
1982:             1             24  org.apache.logging.log4j.core.appender.rolling.OnStartupTriggeringPolicy
1983:             1             24  org.apache.logging.log4j.core.async.ThreadNameCachingStrategy$1
1984:             1             24  org.apache.logging.log4j.core.async.ThreadNameCachingStrategy$2
1985:             1             24  org.apache.logging.log4j.core.config.LoggerConfig$LoggerConfigPredicate$1
1986:             1             24  org.apache.logging.log4j.core.config.LoggerConfig$LoggerConfigPredicate$2
1987:             1             24  org.apache.logging.log4j.core.config.LoggerConfig$LoggerConfigPredicate$3
1988:             1             24  org.apache.logging.log4j.core.config.json.JsonConfigurationFactory
1989:             1             24  org.apache.logging.log4j.core.config.plugins.util.PluginRegistry
1990:             1             24  org.apache.logging.log4j.core.config.yaml.YamlConfigurationFactory
1991:             1             24  org.apache.logging.log4j.core.impl.Log4jContextFactory
1992:             1             24  org.apache.logging.log4j.core.pattern.IntegerPatternConverter
1993:             1             24  org.apache.logging.log4j.core.pattern.LevelPatternConverter$SimpleLevelPatternConverter
1994:             1             24  org.apache.logging.log4j.core.pattern.LineSeparatorPatternConverter
1995:             1             24  org.apache.logging.log4j.core.pattern.LoggerPatternConverter
1996:             1             24  org.apache.logging.log4j.core.pattern.MessagePatternConverter$SimpleMessagePatternConverter
1997:             1             24  org.apache.logging.log4j.core.pattern.NameAbbreviator$MaxElementAbbreviator$Strategy$1
1998:             1             24  org.apache.logging.log4j.core.pattern.NameAbbreviator$MaxElementAbbreviator$Strategy$2
1999:             1             24  org.apache.logging.log4j.core.pattern.NdcPatternConverter
2000:             1             24  org.apache.logging.log4j.core.pattern.SimpleLiteralPatternConverter$Space
2001:             1             24  org.apache.logging.log4j.core.pattern.ThreadNamePatternConverter
2002:             1             24  org.apache.logging.log4j.core.util.datetime.FastDateFormat
2003:             1             24  org.apache.logging.log4j.core.util.datetime.FastDatePrinter$PaddedNumberField
2004:             1             24  org.apache.logging.log4j.core.util.datetime.FormatCache$MultipartKey
2005:             1             24  org.apache.logging.log4j.message.SimpleMessage
2006:             1             24  org.apache.logging.log4j.status.StatusConsoleListener
2007:             1             24  org.apache.logging.slf4j.Log4jLoggerFactory
2008:             1             24  org.apache.logging.slf4j.Log4jMarker
2009:             1             24  org.jboss.netty.channel.AdaptiveReceiveBufferSizePredictorFactory
2010:             1             24  org.jboss.netty.channel.socket.nio.NioClientSocketPipelineSink$1
2011:             1             24  org.jboss.netty.util.internal.SharedResourceMisuseDetector
2012:             1             24  org.slf4j.helpers.SubstituteLoggerFactory
2013:             1             24  scala.PartialFunction$
2014:             1             24  scala.collection.IndexedSeq$
2015:             1             24  scala.collection.Traversable$
2016:             1             24  scala.collection.immutable.HashMap$$anon$2
2017:             1             24  scala.collection.immutable.List$
2018:             1             24  scala.collection.immutable.MapLike$$anon$2
2019:             1             24  scala.collection.immutable.Queue$EmptyQueue$
2020:             1             24  scala.collection.immutable.Vector$
2021:             1             24  scala.collection.mutable.WrappedArray$ofRef
2022:             1             24  scala.compat.java8.OptionConverters$
2023:             1             24  scala.concurrent.Future$
2024:             1             24  scala.reflect.ManifestFactory$BooleanManifest
2025:             1             24  scala.reflect.ManifestFactory$ByteManifest
2026:             1             24  scala.reflect.ManifestFactory$CharManifest
2027:             1             24  scala.reflect.ManifestFactory$DoubleManifest
2028:             1             24  scala.reflect.ManifestFactory$FloatManifest
2029:             1             24  scala.reflect.ManifestFactory$IntManifest
2030:             1             24  scala.reflect.ManifestFactory$LongManifest
2031:             1             24  scala.reflect.ManifestFactory$ShortManifest
2032:             1             24  scala.reflect.ManifestFactory$UnitManifest
2033:             1             24  scala.reflect.package$
2034:             1             24  scala.sys.BooleanProp$BooleanPropImpl
2035:             1             24  scala.util.DynamicVariable
2036:             1             24  scala.util.hashing.MurmurHash3$
2037:             1             24  scala.util.matching.Regex
2038:             1             24  sun.launcher.LauncherHelper
2039:             1             24  sun.management.CompilationImpl
2040:             1             24  sun.management.MemoryImpl
2041:             1             24  sun.management.OperatingSystemImpl
2042:             1             24  sun.management.RuntimeImpl
2043:             1             24  sun.management.ThreadImpl
2044:             1             24  sun.management.VMManagementImpl
2045:             1             24  sun.misc.URLClassPath$FileLoader
2046:             1             24  sun.net.ProgressMonitor
2047:             1             24  sun.net.sdp.SdpProvider
2048:             1             24  sun.net.www.MimeTable
2049:             1             24  sun.nio.ch.Util$BufferCache
2050:             1             24  sun.nio.cs.ISO_8859_1
2051:             1             24  sun.nio.cs.US_ASCII
2052:             1             24  sun.nio.cs.UTF_16
2053:             1             24  sun.nio.cs.UTF_16BE
2054:             1             24  sun.nio.cs.UTF_16LE
2055:             1             24  sun.nio.cs.UTF_8
2056:             1             24  sun.reflect.generics.tree.Wildcard
2057:             1             24  sun.security.provider.ConfigFile
2058:             1             24  sun.util.locale.BaseLocale$Cache
2059:             1             24  sun.util.locale.provider.CalendarDataProviderImpl
2060:             1             24  sun.util.locale.provider.CalendarProviderImpl
2061:             1             24  sun.util.locale.provider.CurrencyNameProviderImpl
2062:             1             24  sun.util.locale.provider.DateFormatSymbolsProviderImpl
2063:             1             24  sun.util.locale.provider.DecimalFormatSymbolsProviderImpl
2064:             1             24  sun.util.locale.provider.NumberFormatProviderImpl
2065:             1             16  [Lcom.typesafe.config.impl.BadMap$Entry;
2066:             1             16  [Ljava.lang.Throwable;
2067:             1             16  [Ljava.net.NetworkInterface;
2068:             1             16  [Ljava.nio.file.attribute.FileAttribute;
2069:             1             16  [Ljava.security.Provider;
2070:             1             16  [Ljava.security.cert.X509Certificate;
2071:             1             16  [Ljava.text.FieldPosition;
2072:             1             16  [Ljava.util.logging.Handler;
2073:             1             16  [Ljavax.security.cert.X509Certificate;
2074:             1             16  [Lorg.apache.flink.runtime.checkpoint.InflightDataRescalingDescriptor$InflightDataGateOrPartitionRescalingDescriptor;
2075:             1             16  [Lorg.apache.flink.runtime.shuffle.ShuffleServiceLoader;
2076:             1             16  [Lorg.apache.flink.runtime.util.config.memory.ManagedMemoryUtils;
2077:             1             16  [Lorg.apache.flink.shaded.netty4.io.netty.util.AsciiString;
2078:             1             16  [Lorg.apache.flink.shaded.netty4.io.netty.util.DefaultAttributeMap$DefaultAttribute;
2079:             1             16  [Lorg.apache.logging.log4j.core.appender.rolling.action.Action;
2080:             1             16  akka.Version$
2081:             1             16  akka.actor.Actor$$$Lambda$257/1558395480
2082:             1             16  akka.actor.ActorCell$$$Lambda$227/399373008
2083:             1             16  akka.actor.ActorCell$$Lambda$245/1907021208
2084:             1             16  akka.actor.ActorCell$$anon$1
2085:             1             16  akka.actor.ActorCell$$anon$2
2086:             1             16  akka.actor.ActorKilledException$
2087:             1             16  akka.actor.ActorPath$
2088:             1             16  akka.actor.ActorPath$$Lambda$555/1681157863
2089:             1             16  akka.actor.ActorPathExtractor$
2090:             1             16  akka.actor.ActorRef$
2091:             1             16  akka.actor.ActorSelection$
2092:             1             16  akka.actor.ActorSystem$
2093:             1             16  akka.actor.ActorSystem$Settings$
2094:             1             16  akka.actor.ActorSystem$Settings$$Lambda$122/949581868
2095:             1             16  akka.actor.ActorSystem$Settings$$Lambda$123/940087898
2096:             1             16  akka.actor.Address$$$Lambda$101/2100440237
2097:             1             16  akka.actor.AddressFromURIString$
2098:             1             16  akka.actor.BootstrapSetup$
2099:             1             16  akka.actor.Cancellable$$anon$8
2100:             1             16  akka.actor.Cancellable$$anon$9
2101:             1             16  akka.actor.ChildActorPath$$Lambda$228/2069500590
2102:             1             16  akka.actor.ChildActorPath$$Lambda$559/1555089093
2103:             1             16  akka.actor.ChildNameReserved$
2104:             1             16  akka.actor.ChildRestartStats$
2105:             1             16  akka.actor.CreatorFunctionConsumer
2106:             1             16  akka.actor.DeadLetter$$Lambda$573/1013059084
2107:             1             16  akka.actor.DeadLetter$$Lambda$574/1086894693
2108:             1             16  akka.actor.Deploy$
2109:             1             16  akka.actor.FSM$$minus$greater$
2110:             1             16  akka.actor.FSM$Event$
2111:             1             16  akka.actor.FSM$FixedDelayMode$
2112:             1             16  akka.actor.FSM$NullFunction$
2113:             1             16  akka.actor.FSM$SingleMode$
2114:             1             16  akka.actor.FSM$State$
2115:             1             16  akka.actor.FSM$StateTimeout$
2116:             1             16  akka.actor.FSM$StopEvent$
2117:             1             16  akka.actor.InternalActorRef$
2118:             1             16  akka.actor.Kill$
2119:             1             16  akka.actor.LightArrayRevolverScheduler$$Lambda$161/40191541
2120:             1             16  akka.actor.LightArrayRevolverScheduler$$Lambda$162/1937380187
2121:             1             16  akka.actor.LightArrayRevolverScheduler$$Lambda$163/366803687
2122:             1             16  akka.actor.LightArrayRevolverScheduler$$Lambda$164/1033917063
2123:             1             16  akka.actor.LightArrayRevolverScheduler$$Lambda$165/801569151
2124:             1             16  akka.actor.LightArrayRevolverScheduler$$Lambda$166/1026483832
2125:             1             16  akka.actor.LightArrayRevolverScheduler$$anon$3$$Lambda$169/58488213
2126:             1             16  akka.actor.LightArrayRevolverScheduler$$anon$4
2127:             1             16  akka.actor.LightArrayRevolverScheduler$$anon$5
2128:             1             16  akka.actor.LightArrayRevolverScheduler$$anon$6
2129:             1             16  akka.actor.LightArrayRevolverScheduler$$anon$7
2130:             1             16  akka.actor.LocalActorRefProvider$$Lambda$544/861673068
2131:             1             16  akka.actor.LocalActorRefProvider$$Lambda$556/1072114567
2132:             1             16  akka.actor.LocalScope$
2133:             1             16  akka.actor.NoScopeGiven$
2134:             1             16  akka.actor.OneForOneStrategy$
2135:             1             16  akka.actor.OneForOneStrategy$$Lambda$215/1966355106
2136:             1             16  akka.actor.PoisonPill$
2137:             1             16  akka.actor.Props$$$Lambda$223/79290250
2138:             1             16  akka.actor.ReflectiveDynamicAccess$$Lambda$159/85415531
2139:             1             16  akka.actor.ReflectiveDynamicAccess$$Lambda$160/1341404543
2140:             1             16  akka.actor.RelativeActorPath$
2141:             1             16  akka.actor.RootActorPath$
2142:             1             16  akka.actor.SelectParent$
2143:             1             16  akka.actor.SerializedNobody
2144:             1             16  akka.actor.SupervisorStrategy$$$Lambda$216/1141113940
2145:             1             16  akka.actor.SupervisorStrategy$$anonfun$1
2146:             1             16  akka.actor.SupervisorStrategy$$anonfun$stoppingDecider$1$1
2147:             1             16  akka.actor.SystemGuardian$RegisterTerminationHook$
2148:             1             16  akka.actor.dungeon.ChildrenContainer$EmptyChildrenContainer$
2149:             1             16  akka.actor.dungeon.FaultHandling$NoFailedInfo$
2150:             1             16  akka.actor.dungeon.ReceiveTimeout$
2151:             1             16  akka.actor.setup.ActorSystemSetup$
2152:             1             16  akka.actor.setup.ActorSystemSetup$$$Lambda$109/691098155
2153:             1             16  akka.actor.setup.ActorSystemSetup$$Lambda$112/1759250827
2154:             1             16  akka.actor.setup.ActorSystemSetup$$Lambda$121/1537772520
2155:             1             16  akka.dispatch.CachingConfig$ValuePathEntry$
2156:             1             16  akka.dispatch.Envelope$
2157:             1             16  akka.dispatch.ExecutionContexts$
2158:             1             16  akka.dispatch.MonitorableThreadFactory$
2159:             1             16  akka.dispatch.MonitorableThreadFactory$$anon$2
2160:             1             16  akka.dispatch.SaneRejectedExecutionHandler
2161:             1             16  akka.dispatch.ThreadPoolConfig$$$Lambda$417/559050604
2162:             1             16  akka.dispatch.ThreadPoolConfigBuilder$$Lambda$419/1726616678
2163:             1             16  akka.dispatch.internal.SameThreadExecutionContext$
2164:             1             16  akka.dispatch.internal.ScalaBatchable$
2165:             1             16  akka.dispatch.sysmsg.EarliestFirstSystemMessageList$
2166:             1             16  akka.dispatch.sysmsg.LatestFirstSystemMessageList$
2167:             1             16  akka.dispatch.sysmsg.NoMessage$
2168:             1             16  akka.event.AddressTerminatedTopic$
2169:             1             16  akka.event.EventStreamUnsubscriber$
2170:             1             16  akka.event.LogSource$$anon$2
2171:             1             16  akka.event.LogSource$$anon$3
2172:             1             16  akka.event.LogSource$$anon$4
2173:             1             16  akka.event.LogSource$$anon$5
2174:             1             16  akka.event.LogSource$$anon$6
2175:             1             16  akka.event.Logging$Info$
2176:             1             16  akka.event.Logging$LogExt$
2177:             1             16  akka.event.Logging$LogLevel$
2178:             1             16  akka.event.Logging$LoggerInitialized$
2179:             1             16  akka.event.Logging$SerializedStandardOutLogger
2180:             1             16  akka.event.LoggingBus$$Lambda$247/369805307
2181:             1             16  akka.event.LoggingFilterWithMarker$
2182:             1             16  akka.event.SubchannelClassification$$Lambda$153/1963075870
2183:             1             16  akka.event.SubchannelClassification$$Lambda$154/397071633
2184:             1             16  akka.event.SubchannelClassification$$Lambda$271/913242382
2185:             1             16  akka.event.slf4j.Logger$
2186:             1             16  akka.event.slf4j.Slf4jLogger$$Lambda$274/105040415
2187:             1             16  akka.japi.Util$
2188:             1             16  akka.japi.pf.CaseStatement$
2189:             1             16  akka.japi.pf.ReceiveBuilder$$Lambda$428/1437178315
2190:             1             16  akka.pattern.AskableActorRef$
2191:             1             16  akka.pattern.AskableActorSelection$
2192:             1             16  akka.pattern.Patterns$
2193:             1             16  akka.pattern.PromiseActorRef$$$Lambda$258/628392976
2194:             1             16  akka.pattern.PromiseActorRef$Registering$
2195:             1             16  akka.pattern.PromiseActorRef$Stopped$
2196:             1             16  akka.pattern.package$
2197:             1             16  akka.protobufv3.internal.ByteString$2
2198:             1             16  akka.protobufv3.internal.ByteString$ArraysByteArrayCopier
2199:             1             16  akka.protobufv3.internal.ExtensionRegistryLite
2200:             1             16  akka.protobufv3.internal.UnknownFieldSet$Parser
2201:             1             16  akka.protobufv3.internal.UnsafeUtil$JvmMemoryAccessor
2202:             1             16  akka.protobufv3.internal.Utf8$UnsafeProcessor
2203:             1             16  akka.remote.AckedReceiveBuffer$
2204:             1             16  akka.remote.AckedSendBuffer$
2205:             1             16  akka.remote.AddressUidExtension$
2206:             1             16  akka.remote.AddressUrlEncoder$
2207:             1             16  akka.remote.ByteStringUtils$
2208:             1             16  akka.remote.ContainerFormats$ActorIdentity$1
2209:             1             16  akka.remote.ContainerFormats$ActorRef$1
2210:             1             16  akka.remote.ContainerFormats$Identify$1
2211:             1             16  akka.remote.ContainerFormats$PatternType$1
2212:             1             16  akka.remote.ContainerFormats$Payload$1
2213:             1             16  akka.remote.ContainerFormats$Selection$1
2214:             1             16  akka.remote.ContainerFormats$SelectionEnvelope$1
2215:             1             16  akka.remote.DeadlineFailureDetector$$Lambda$517/427781561
2216:             1             16  akka.remote.DeadlineFailureDetector$$Lambda$518/1633821326
2217:             1             16  akka.remote.EndpointManager$$Lambda$277/1236813222
2218:             1             16  akka.remote.EndpointManager$$Lambda$513/280356907
2219:             1             16  akka.remote.EndpointManager$$Lambda$539/1238080956
2220:             1             16  akka.remote.EndpointManager$$anonfun$receive$2$$Lambda$330/1574933282
2221:             1             16  akka.remote.EndpointManager$$anonfun$receive$2$$Lambda$336/1447246040
2222:             1             16  akka.remote.EndpointManager$EndpointRegistry$$Lambda$514/1768442210
2223:             1             16  akka.remote.EndpointManager$Prune$
2224:             1             16  akka.remote.EndpointManager$Send$
2225:             1             16  akka.remote.EndpointManager$StartupFinished$
2226:             1             16  akka.remote.EndpointReader$
2227:             1             16  akka.remote.EndpointWriter$$Lambda$516/1806592648
2228:             1             16  akka.remote.EndpointWriter$AckIdleCheckTimer$
2229:             1             16  akka.remote.EndpointWriter$FlushAndStop$
2230:             1             16  akka.remote.FailureDetector$
2231:             1             16  akka.remote.FailureDetector$$anon$1
2232:             1             16  akka.remote.FailureDetectorLoader$
2233:             1             16  akka.remote.HasSequenceNumber$
2234:             1             16  akka.remote.MessageSerializer$
2235:             1             16  akka.remote.RARP$
2236:             1             16  akka.remote.ReliableDeliverySupervisor$
2237:             1             16  akka.remote.ReliableDeliverySupervisor$$Lambda$515/1944716734
2238:             1             16  akka.remote.ReliableDeliverySupervisor$AttemptSysMsgRedelivery$
2239:             1             16  akka.remote.ReliableDeliverySupervisor$Idle$
2240:             1             16  akka.remote.ReliableDeliverySupervisor$IsIdle$
2241:             1             16  akka.remote.RemoteActorRefProvider$$Lambda$327/72386655
2242:             1             16  akka.remote.RemoteActorRefProvider$Idle$
2243:             1             16  akka.remote.RemoteActorRefProvider$Uninitialized$
2244:             1             16  akka.remote.RemoteActorRefProvider$WaitDaemonShutdown$
2245:             1             16  akka.remote.RemoteActorRefProvider$WaitTransportShutdown$
2246:             1             16  akka.remote.RemoteDeployer$$Lambda$217/938463537
2247:             1             16  akka.remote.RemoteMetricsExtension$
2248:             1             16  akka.remote.RemoteSettings$$Lambda$172/1161148117
2249:             1             16  akka.remote.RemoteSettings$$Lambda$173/516875052
2250:             1             16  akka.remote.RemoteSettings$$Lambda$174/1131592118
2251:             1             16  akka.remote.RemoteSettings$$Lambda$175/589987187
2252:             1             16  akka.remote.RemoteSettings$$Lambda$176/1262609629
2253:             1             16  akka.remote.RemoteSettings$$Lambda$177/587180314
2254:             1             16  akka.remote.RemoteSettings$$Lambda$178/1955990522
2255:             1             16  akka.remote.RemoteSettings$$Lambda$179/69673470
2256:             1             16  akka.remote.RemoteSettings$$Lambda$180/1082411691
2257:             1             16  akka.remote.RemoteSettings$$Lambda$181/527211736
2258:             1             16  akka.remote.RemoteSettings$$Lambda$182/1533123860
2259:             1             16  akka.remote.RemoteSettings$$Lambda$183/1718906711
2260:             1             16  akka.remote.RemoteSettings$$Lambda$184/71802912
2261:             1             16  akka.remote.RemoteSettings$$Lambda$185/2134271532
2262:             1             16  akka.remote.RemoteSettings$$Lambda$186/686349795
2263:             1             16  akka.remote.RemoteSettings$$Lambda$187/1831010686
2264:             1             16  akka.remote.RemoteSettings$$Lambda$188/1423768154
2265:             1             16  akka.remote.RemoteSettings$$Lambda$189/404222443
2266:             1             16  akka.remote.RemoteSettings$$Lambda$190/1987977423
2267:             1             16  akka.remote.RemoteSettings$$Lambda$191/61073295
2268:             1             16  akka.remote.RemoteSettings$$Lambda$192/807322507
2269:             1             16  akka.remote.RemoteSettings$$Lambda$193/396485834
2270:             1             16  akka.remote.RemoteSettings$$Lambda$194/283039401
2271:             1             16  akka.remote.RemoteSettings$$Lambda$195/207471778
2272:             1             16  akka.remote.RemoteSettings$$Lambda$196/1243171897
2273:             1             16  akka.remote.RemoteSettings$$Lambda$197/1376151044
2274:             1             16  akka.remote.RemoteSettings$$Lambda$198/873175411
2275:             1             16  akka.remote.RemoteSettings$$Lambda$199/1443967876
2276:             1             16  akka.remote.RemoteSettings$$Lambda$200/1449772539
2277:             1             16  akka.remote.RemoteSettings$$Lambda$201/926859124
2278:             1             16  akka.remote.RemoteSettings$$Lambda$202/1603696865
2279:             1             16  akka.remote.RemoteSettings$$Lambda$203/12905860
2280:             1             16  akka.remote.RemoteSettings$$Lambda$207/1816522350
2281:             1             16  akka.remote.RemoteWatcher$
2282:             1             16  akka.remote.RemoteWatcher$ArteryHeartbeat$
2283:             1             16  akka.remote.RemoteWatcher$Heartbeat$
2284:             1             16  akka.remote.RemoteWatcher$HeartbeatTick$
2285:             1             16  akka.remote.RemoteWatcher$ReapUnreachableTick$
2286:             1             16  akka.remote.Remoting$
2287:             1             16  akka.remote.Remoting$$Lambda$338/475394679
2288:             1             16  akka.remote.Remoting$$Lambda$339/1574615832
2289:             1             16  akka.remote.Remoting$$Lambda$340/1049590050
2290:             1             16  akka.remote.WireFormats$AckAndEnvelopeContainer$1
2291:             1             16  akka.remote.WireFormats$ActorRefData$1
2292:             1             16  akka.remote.WireFormats$AddressData$1
2293:             1             16  akka.remote.WireFormats$AkkaControlMessage$1
2294:             1             16  akka.remote.WireFormats$AkkaHandshakeInfo$1
2295:             1             16  akka.remote.WireFormats$AkkaProtocolMessage$1
2296:             1             16  akka.remote.WireFormats$CommandType$1
2297:             1             16  akka.remote.WireFormats$RemoteEnvelope$1
2298:             1             16  akka.remote.WireFormats$SerializedMessage$1
2299:             1             16  akka.remote.artery.ArterySettings$
2300:             1             16  akka.remote.artery.ArterySettings$$Lambda$171/1714688478
2301:             1             16  akka.remote.artery.ArterySettings$AeronUpd$
2302:             1             16  akka.remote.artery.ArterySettings$Tcp$
2303:             1             16  akka.remote.artery.LruBoundedCache$$Lambda$551/633135266
2304:             1             16  akka.remote.artery.LruBoundedCache$$Lambda$552/422608764
2305:             1             16  akka.remote.artery.LruBoundedCache$$Lambda$553/1000780922
2306:             1             16  akka.remote.serialization.ActorRefResolveThreadLocalCache$
2307:             1             16  akka.remote.serialization.MessageContainerSerializer$$Lambda$571/1790810067
2308:             1             16  akka.remote.serialization.MiscMessageSerializer$$Lambda$359/1758893871
2309:             1             16  akka.remote.serialization.MiscMessageSerializer$$Lambda$367/1415439780
2310:             1             16  akka.remote.serialization.MiscMessageSerializer$$Lambda$368/1632789609
2311:             1             16  akka.remote.serialization.MiscMessageSerializer$$Lambda$369/124494140
2312:             1             16  akka.remote.serialization.MiscMessageSerializer$$Lambda$370/708443754
2313:             1             16  akka.remote.serialization.MiscMessageSerializer$$Lambda$371/50720817
2314:             1             16  akka.remote.serialization.MiscMessageSerializer$$Lambda$377/2144067911
2315:             1             16  akka.remote.transport.AbstractTransportAdapter$$Lambda$302/2140746958
2316:             1             16  akka.remote.transport.ActorTransportAdapter$
2317:             1             16  akka.remote.transport.ActorTransportAdapterManager$$anonfun$receive$1$$Lambda$341/684225619
2318:             1             16  akka.remote.transport.AkkaPduCodec$Heartbeat$
2319:             1             16  akka.remote.transport.AkkaProtocolSettings$$Lambda$294/98114058
2320:             1             16  akka.remote.transport.AkkaProtocolSettings$$Lambda$295/1002352813
2321:             1             16  akka.remote.transport.AssociationHandle$Unknown$
2322:             1             16  akka.remote.transport.HandshakeInfo$
2323:             1             16  akka.remote.transport.ProtocolStateActor$
2324:             1             16  akka.remote.transport.ProtocolStateActor$$Lambda$524/771983892
2325:             1             16  akka.remote.transport.ProtocolStateActor$$Lambda$534/1452318846
2326:             1             16  akka.remote.transport.ProtocolStateActor$Closed$
2327:             1             16  akka.remote.transport.ProtocolStateActor$HandshakeTimer$
2328:             1             16  akka.remote.transport.ProtocolStateActor$HeartbeatTimer$
2329:             1             16  akka.remote.transport.ProtocolStateActor$Open$
2330:             1             16  akka.remote.transport.ProtocolStateActor$WaitHandshake$
2331:             1             16  akka.remote.transport.TransportAdapters$$Lambda$290/1674731464
2332:             1             16  akka.remote.transport.TransportAdaptersExtension$
2333:             1             16  akka.remote.transport.netty.NettyFutureBridge$
2334:             1             16  akka.remote.transport.netty.NettyTransport$$Lambda$531/1638852559
2335:             1             16  akka.remote.transport.netty.NettyTransportSettings$$Lambda$279/970588110
2336:             1             16  akka.remote.transport.netty.NettyTransportSettings$$Lambda$280/935510475
2337:             1             16  akka.routing.ConsistentHashingPool$
2338:             1             16  akka.routing.ConsistentHashingRouter$emptyConsistentHashMapping$
2339:             1             16  akka.routing.MurmurHash$$$Lambda$253/1976023393
2340:             1             16  akka.routing.MurmurHash$$$Lambda$254/1611021477
2341:             1             16  akka.routing.NoRouter$
2342:             1             16  akka.routing.Pool$
2343:             1             16  akka.routing.Pool$$anonfun$1
2344:             1             16  akka.routing.Resizer$
2345:             1             16  akka.routing.RoundRobinPool$
2346:             1             16  akka.serialization.BaseSerializer$
2347:             1             16  akka.serialization.JavaSerializer$
2348:             1             16  akka.serialization.NullSerializer$
2349:             1             16  akka.serialization.Serialization$
2350:             1             16  akka.serialization.Serialization$$Lambda$353/1541433310
2351:             1             16  akka.serialization.Serialization$$Lambda$389/388802347
2352:             1             16  akka.serialization.Serialization$$Lambda$390/1107579932
2353:             1             16  akka.serialization.Serialization$$Lambda$391/1627010197
2354:             1             16  akka.serialization.Serialization$$Lambda$395/1373949107
2355:             1             16  akka.serialization.Serialization$$Lambda$396/1230013344
2356:             1             16  akka.serialization.Serialization$$Lambda$403/575360353
2357:             1             16  akka.serialization.Serialization$$Lambda$405/809383315
2358:             1             16  akka.serialization.Serialization$$Lambda$407/1627883152
2359:             1             16  akka.serialization.Serialization$Settings$$Lambda$352/259319861
2360:             1             16  akka.serialization.SerializationExtension$
2361:             1             16  akka.serialization.Serializers$
2362:             1             16  akka.stream.ActorMaterializerSettings$
2363:             1             16  akka.stream.ActorMaterializerSettings$$Lambda$409/207988207
2364:             1             16  akka.stream.ActorMaterializerSettings$$Lambda$410/1800500978
2365:             1             16  akka.stream.Attributes$CancellationStrategy
2366:             1             16  akka.stream.Attributes$CancellationStrategy$
2367:             1             16  akka.stream.Attributes$CancellationStrategy$PropagateFailure$
2368:             1             16  akka.stream.IOSettings$
2369:             1             16  akka.stream.StreamRefSettings$
2370:             1             16  akka.stream.StreamSubscriptionTimeoutSettings$
2371:             1             16  akka.stream.StreamSubscriptionTimeoutTerminationMode$CancelTermination$
2372:             1             16  akka.stream.Supervision$$anon$1
2373:             1             16  akka.stream.Supervision$$anon$2
2374:             1             16  akka.stream.Supervision$$anon$3
2375:             1             16  akka.stream.SystemMaterializer$
2376:             1             16  akka.stream.impl.FlowNames$
2377:             1             16  akka.stream.impl.GraphStageTag$
2378:             1             16  akka.stream.impl.MaterializerGuardian$
2379:             1             16  akka.stream.impl.PhasedFusingActorMaterializer$$anon$1
2380:             1             16  akka.stream.impl.PhasedFusingActorMaterializer$$anon$2
2381:             1             16  akka.stream.impl.PhasedFusingActorMaterializer$$anon$3
2382:             1             16  akka.stream.impl.PhasedFusingActorMaterializer$$anon$4
2383:             1             16  akka.stream.impl.PhasedFusingActorMaterializer$$anon$5
2384:             1             16  akka.stream.impl.ProcessorModuleIslandTag$
2385:             1             16  akka.stream.impl.SeqActorName$
2386:             1             16  akka.stream.impl.SinkModuleIslandTag$
2387:             1             16  akka.stream.impl.SourceModuleIslandTag$
2388:             1             16  akka.stream.impl.TlsModuleIslandTag$
2389:             1             16  akka.stream.impl.streamref.StreamRefSettingsImpl$
2390:             1             16  akka.util.BoxedType$
2391:             1             16  akka.util.ByteString$$anon$1
2392:             1             16  akka.util.ByteString$ByteString1C$
2393:             1             16  akka.util.Collections$EmptyImmutableSeq$
2394:             1             16  akka.util.CompactByteString$
2395:             1             16  akka.util.Helpers$ConfigOps$
2396:             1             16  akka.util.Helpers$Requiring$
2397:             1             16  akka.util.JavaDurationConverters$
2398:             1             16  akka.util.JavaDurationConverters$JavaDurationOps$
2399:             1             16  akka.util.OptionVal$
2400:             1             16  akka.util.OptionVal$Some$
2401:             1             16  akka.util.Reflect$
2402:             1             16  akka.util.Reflect$$$Lambda$224/2016828666
2403:             1             16  akka.util.Reflect$$$Lambda$226/2015301874
2404:             1             16  akka.util.Reflect$$$Lambda$241/1660223291
2405:             1             16  akka.util.SubclassifiedIndex$
2406:             1             16  akka.util.SubclassifiedIndex$$Lambda$148/1361393151
2407:             1             16  akka.util.SubclassifiedIndex$$Lambda$150/1998949977
2408:             1             16  akka.util.Timeout$
2409:             1             16  akka.util.Unsafe$$Lambda$167/473053293
2410:             1             16  akka.util.WildcardIndex$
2411:             1             16  akka.util.WildcardTree$
2412:             1             16  akka.util.WildcardTree$$Lambda$220/2123222442
2413:             1             16  akka.util.ccompat.CompatImpl$
2414:             1             16  akka.util.ccompat.package$
2415:             1             16  akka.util.ccompat.package$JavaConverters$
2416:             1             16  com.github.yck.simpletask.StatefulTask$2
2417:             1             16  com.github.yck.simpletask.StatelessTask$2
2418:             1             16  com.github.yck.simpletask.StatelessTask$2
2419:             1             16  com.sun.jmx.interceptor.DefaultMBeanServerInterceptor$ResourceContext$1
2420:             1             16  com.sun.jmx.mbeanserver.DefaultMXBeanMappingFactory
2421:             1             16  com.sun.jmx.mbeanserver.DescriptorCache
2422:             1             16  com.sun.jmx.mbeanserver.MBeanAnalyzer$MethodOrder
2423:             1             16  com.sun.jmx.mbeanserver.MBeanInstantiator
2424:             1             16  com.sun.jmx.mbeanserver.MXBeanIntrospector
2425:             1             16  com.sun.jmx.mbeanserver.SecureClassLoaderRepository
2426:             1             16  com.sun.jmx.mbeanserver.StandardMBeanIntrospector
2427:             1             16  com.sun.proxy.$Proxy14
2428:             1             16  com.sun.proxy.$Proxy20
2429:             1             16  com.sun.proxy.$Proxy23
2430:             1             16  com.sun.proxy.$Proxy4
2431:             1             16  com.typesafe.config.ConfigResolveOptions$1
2432:             1             16  com.typesafe.config.impl.Parseable$1
2433:             1             16  com.typesafe.config.impl.SimpleIncluder
2434:             1             16  java.io.DeleteOnExitHook$1
2435:             1             16  java.io.FileDescriptor$1
2436:             1             16  java.io.ObjectInputStream$$Lambda$560/354494603
2437:             1             16  java.io.ObjectInputStream$1
2438:             1             16  java.lang.ApplicationShutdownHooks$1
2439:             1             16  java.lang.CharacterDataLatin1
2440:             1             16  java.lang.InheritableThreadLocal
2441:             1             16  java.lang.ProcessEnvironment$StringEntrySet
2442:             1             16  java.lang.Runtime
2443:             1             16  java.lang.String$CaseInsensitiveComparator
2444:             1             16  java.lang.System$2
2445:             1             16  java.lang.Terminator$1
2446:             1             16  java.lang.invoke.MemberName$Factory
2447:             1             16  java.lang.invoke.MethodHandleImpl$2
2448:             1             16  java.lang.invoke.MethodHandleImpl$3
2449:             1             16  java.lang.management.PlatformComponent$1
2450:             1             16  java.lang.management.PlatformComponent$10
2451:             1             16  java.lang.management.PlatformComponent$11
2452:             1             16  java.lang.management.PlatformComponent$12
2453:             1             16  java.lang.management.PlatformComponent$13
2454:             1             16  java.lang.management.PlatformComponent$14
2455:             1             16  java.lang.management.PlatformComponent$15
2456:             1             16  java.lang.management.PlatformComponent$2
2457:             1             16  java.lang.management.PlatformComponent$3
2458:             1             16  java.lang.management.PlatformComponent$4
2459:             1             16  java.lang.management.PlatformComponent$5
2460:             1             16  java.lang.management.PlatformComponent$6
2461:             1             16  java.lang.management.PlatformComponent$7
2462:             1             16  java.lang.management.PlatformComponent$8
2463:             1             16  java.lang.management.PlatformComponent$9
2464:             1             16  java.lang.ref.Reference$1
2465:             1             16  java.lang.ref.Reference$Lock
2466:             1             16  java.lang.reflect.Proxy$KeyFactory
2467:             1             16  java.lang.reflect.Proxy$ProxyClassFactory
2468:             1             16  java.lang.reflect.ReflectAccess
2469:             1             16  java.math.BigDecimal$1
2470:             1             16  java.net.InetAddress$2
2471:             1             16  java.net.URLClassLoader$7
2472:             1             16  java.nio.Bits$1
2473:             1             16  java.nio.Bits$1$1
2474:             1             16  java.nio.charset.CoderResult$1
2475:             1             16  java.nio.charset.CoderResult$2
2476:             1             16  java.nio.file.Files$AcceptAllFilter
2477:             1             16  java.security.AllPermission
2478:             1             16  java.security.ProtectionDomain$2
2479:             1             16  java.security.ProtectionDomain$JavaSecurityAccessImpl
2480:             1             16  java.time.chrono.AbstractChronology$$Lambda$22/1264213713
2481:             1             16  java.time.chrono.AbstractChronology$$Lambda$23/1019384604
2482:             1             16  java.time.chrono.AbstractChronology$$Lambda$24/963110412
2483:             1             16  java.time.chrono.IsoChronology
2484:             1             16  java.time.format.DateTimeFormatter$$Lambda$25/2061347276
2485:             1             16  java.time.format.DateTimeFormatter$$Lambda$26/1559122513
2486:             1             16  java.time.format.DateTimeFormatterBuilder$$Lambda$21/158199555
2487:             1             16  java.time.format.DateTimeFormatterBuilder$2
2488:             1             16  java.time.format.DateTimeFormatterBuilder$InstantPrinterParser
2489:             1             16  java.time.format.DateTimeTextProvider$1
2490:             1             16  java.time.temporal.TemporalQueries$$Lambda$28/1541857308
2491:             1             16  java.time.temporal.TemporalQueries$$Lambda$29/1861781750
2492:             1             16  java.time.temporal.TemporalQueries$$Lambda$30/2095303566
2493:             1             16  java.time.temporal.TemporalQueries$$Lambda$31/1378084334
2494:             1             16  java.time.temporal.TemporalQueries$$Lambda$32/200224114
2495:             1             16  java.time.temporal.TemporalQueries$$Lambda$33/581318631
2496:             1             16  java.time.temporal.TemporalQueries$$Lambda$34/487694075
2497:             1             16  java.util.Collections$EmptyEnumeration
2498:             1             16  java.util.Collections$EmptyIterator
2499:             1             16  java.util.Collections$EmptyList
2500:             1             16  java.util.Collections$EmptySet
2501:             1             16  java.util.Collections$UnmodifiableMap$UnmodifiableEntrySet
2502:             1             16  java.util.Currency$CurrencyNameGetter
2503:             1             16  java.util.EnumMap$1
2504:             1             16  java.util.Hashtable$KeySet
2505:             1             16  java.util.ResourceBundle$Control
2506:             1             16  java.util.Spliterators$EmptySpliterator$OfDouble
2507:             1             16  java.util.Spliterators$EmptySpliterator$OfInt
2508:             1             16  java.util.Spliterators$EmptySpliterator$OfLong
2509:             1             16  java.util.Spliterators$EmptySpliterator$OfRef
2510:             1             16  java.util.WeakHashMap$KeySet
2511:             1             16  java.util.concurrent.CompletableFuture$ThreadPerTaskExecutor
2512:             1             16  java.util.concurrent.ForkJoinPool$DefaultForkJoinWorkerThreadFactory
2513:             1             16  java.util.concurrent.Semaphore
2514:             1             16  java.util.concurrent.ThreadPoolExecutor$AbortPolicy
2515:             1             16  java.util.function.Function$$Lambda$447/883678948
2516:             1             16  java.util.jar.JavaUtilJarAccessImpl
2517:             1             16  java.util.logging.LoggingProxyImpl
2518:             1             16  java.util.regex.Pattern$4
2519:             1             16  java.util.regex.Pattern$LastNode
2520:             1             16  java.util.regex.Pattern$Node
2521:             1             16  java.util.stream.Collectors$$Lambda$106/1800976873
2522:             1             16  java.util.stream.Collectors$$Lambda$107/253011924
2523:             1             16  java.util.stream.Collectors$$Lambda$108/1390913202
2524:             1             16  java.util.stream.Collectors$$Lambda$423/1410367298
2525:             1             16  java.util.stream.Collectors$$Lambda$424/454160179
2526:             1             16  java.util.stream.Collectors$$Lambda$425/74885833
2527:             1             16  java.util.stream.Collectors$$Lambda$448/1906947271
2528:             1             16  java.util.stream.Collectors$$Lambda$449/2010070923
2529:             1             16  java.util.stream.Collectors$$Lambda$54/1710989308
2530:             1             16  java.util.stream.Collectors$$Lambda$55/2020152163
2531:             1             16  java.util.stream.Collectors$$Lambda$56/60292059
2532:             1             16  java.util.stream.Collectors$$Lambda$57/869601985
2533:             1             16  java.util.stream.Collectors$$Lambda$658/662900259
2534:             1             16  java.util.stream.FindOps$$Lambda$83/879583678
2535:             1             16  java.util.stream.FindOps$$Lambda$84/1025309396
2536:             1             16  java.util.stream.IntPipeline$$Lambda$168/1344519051
2537:             1             16  java.util.stream.IntPipeline$$Lambda$666/613832121
2538:             1             16  java.util.stream.IntPipeline$$Lambda$82/1504642150
2539:             1             16  java.util.stream.Nodes$EmptyNode$OfDouble
2540:             1             16  java.util.stream.Nodes$EmptyNode$OfInt
2541:             1             16  java.util.stream.Nodes$EmptyNode$OfLong
2542:             1             16  java.util.stream.Nodes$EmptyNode$OfRef
2543:             1             16  java.util.zip.ZipFile$1
2544:             1             16  javax.management.JMX
2545:             1             16  javax.management.MBeanServerBuilder
2546:             1             16  javax.management.NotificationBroadcasterSupport$1
2547:             1             16  org.apache.flink.api.common.eventtime.IndexedCombinedWatermarkStatus$$Lambda$641/2134754678
2548:             1             16  org.apache.flink.api.common.eventtime.IndexedCombinedWatermarkStatus$$Lambda$642/1733051492
2549:             1             16  org.apache.flink.api.common.state.StateTtlConfig$CleanupStrategies$EmptyCleanupStrategy
2550:             1             16  org.apache.flink.api.common.typeutils.base.BigDecSerializer
2551:             1             16  org.apache.flink.api.common.typeutils.base.BigIntSerializer
2552:             1             16  org.apache.flink.api.common.typeutils.base.BooleanSerializer
2553:             1             16  org.apache.flink.api.common.typeutils.base.ByteSerializer
2554:             1             16  org.apache.flink.api.common.typeutils.base.CharSerializer
2555:             1             16  org.apache.flink.api.common.typeutils.base.DateSerializer
2556:             1             16  org.apache.flink.api.common.typeutils.base.DoubleSerializer
2557:             1             16  org.apache.flink.api.common.typeutils.base.FloatSerializer
2558:             1             16  org.apache.flink.api.common.typeutils.base.InstantSerializer
2559:             1             16  org.apache.flink.api.common.typeutils.base.LongSerializer
2560:             1             16  org.apache.flink.api.common.typeutils.base.ShortSerializer
2561:             1             16  org.apache.flink.api.common.typeutils.base.VoidSerializer
2562:             1             16  org.apache.flink.configuration.ConfigOption$$Lambda$42/1390869998
2563:             1             16  org.apache.flink.configuration.ConfigOption$$Lambda$44/1608297024
2564:             1             16  org.apache.flink.configuration.ConfigOption$$Lambda$95/1910438136
2565:             1             16  org.apache.flink.configuration.ConfigOption$$Lambda$96/943454742
2566:             1             16  org.apache.flink.configuration.Configuration$$Lambda$495/703627308
2567:             1             16  org.apache.flink.configuration.Configuration$$Lambda$623/1495617411
2568:             1             16  org.apache.flink.configuration.Configuration$$Lambda$625/839274148
2569:             1             16  org.apache.flink.configuration.Configuration$$Lambda$640/6349014
2570:             1             16  org.apache.flink.configuration.Configuration$$Lambda$91/671046933
2571:             1             16  org.apache.flink.configuration.MemorySize$$Lambda$89/1716093734
2572:             1             16  org.apache.flink.configuration.UnmodifiableConfiguration
2573:             1             16  org.apache.flink.core.classloading.ComponentClassLoader$$Lambda$65/1583159071
2574:             1             16  org.apache.flink.core.classloading.ComponentClassLoader$$Lambda$66/607207372
2575:             1             16  org.apache.flink.core.fs.FileSystem$$Lambda$63/664792509
2576:             1             16  org.apache.flink.core.fs.FileSystem$$Lambda$67/2151717
2577:             1             16  org.apache.flink.core.fs.SafetyNetCloseableRegistry$$Lambda$609/259411774
2578:             1             16  org.apache.flink.core.fs.local.LocalFileSystemFactory
2579:             1             16  org.apache.flink.core.memory.MemorySegmentFactory$$Lambda$471/1957282992
2580:             1             16  org.apache.flink.core.plugin.DirectoryBasedPluginFinder$$Lambda$49/447718425
2581:             1             16  org.apache.flink.core.plugin.DirectoryBasedPluginFinder$$Lambda$59/1609124502
2582:             1             16  org.apache.flink.core.plugin.DirectoryBasedPluginFinder$$Lambda$60/1985836631
2583:             1             16  org.apache.flink.core.plugin.DirectoryBasedPluginFinder$$Lambda$61/1948471365
2584:             1             16  org.apache.flink.core.plugin.PluginConfig$$Lambda$41/496729294
2585:             1             16  org.apache.flink.management.jmx.JMXService$$Lambda$501/618512906
2586:             1             16  org.apache.flink.runtime.broadcast.BroadcastVariableManager
2587:             1             16  org.apache.flink.runtime.checkpoint.InflightDataRescalingDescriptor$NoRescalingDescriptor
2588:             1             16  org.apache.flink.runtime.checkpoint.PrioritizedOperatorSubtaskState$Builder$$Lambda$682/910411351
2589:             1             16  org.apache.flink.runtime.checkpoint.PrioritizedOperatorSubtaskState$Builder$$Lambda$684/1304198903
2590:             1             16  org.apache.flink.runtime.checkpoint.PrioritizedOperatorSubtaskState$Builder$$Lambda$685/1619347127
2591:             1             16  org.apache.flink.runtime.checkpoint.PrioritizedOperatorSubtaskState$Builder$$Lambda$686/1198116048
2592:             1             16  org.apache.flink.runtime.checkpoint.PrioritizedOperatorSubtaskState$Builder$$Lambda$687/1300511695
2593:             1             16  org.apache.flink.runtime.checkpoint.PrioritizedOperatorSubtaskState$Builder$$Lambda$688/897478275
2594:             1             16  org.apache.flink.runtime.checkpoint.StateObjectCollection
2595:             1             16  org.apache.flink.runtime.checkpoint.TaskStateSnapshot$$Lambda$649/769229201
2596:             1             16  org.apache.flink.runtime.checkpoint.TaskStateSnapshot$$Lambda$650/34909730
2597:             1             16  org.apache.flink.runtime.checkpoint.TaskStateSnapshot$$Lambda$695/2107779616
2598:             1             16  org.apache.flink.runtime.checkpoint.channel.ChannelStateWriter$NoOpChannelStateWriter
2599:             1             16  org.apache.flink.runtime.checkpoint.channel.SequentialChannelStateReaderImpl$$Lambda$653/1028561387
2600:             1             16  org.apache.flink.runtime.checkpoint.channel.SequentialChannelStateReaderImpl$$Lambda$654/1974439320
2601:             1             16  org.apache.flink.runtime.checkpoint.channel.SequentialChannelStateReaderImpl$$Lambda$655/576496592
2602:             1             16  org.apache.flink.runtime.checkpoint.channel.SequentialChannelStateReaderImpl$$Lambda$657/430921806
2603:             1             16  org.apache.flink.runtime.checkpoint.channel.SequentialChannelStateReaderImpl$$Lambda$696/950053872
2604:             1             16  org.apache.flink.runtime.clusterframework.types.ResourceProfile$$Lambda$484/351970188
2605:             1             16  org.apache.flink.runtime.clusterframework.types.ResourceProfile$$Lambda$485/2146613458
2606:             1             16  org.apache.flink.runtime.clusterframework.types.ResourceProfile$$Lambda$486/115086468
2607:             1             16  org.apache.flink.runtime.clusterframework.types.ResourceProfile$Builder$$Lambda$487/1855112877
2608:             1             16  org.apache.flink.runtime.concurrent.akka.AkkaFutureUtils$DirectExecutionContext
2609:             1             16  org.apache.flink.runtime.execution.librarycache.BlobLibraryCacheManager$$Lambda$491/222300483
2610:             1             16  org.apache.flink.runtime.execution.librarycache.BlobLibraryCacheManager$ResolvedClassLoader$$Lambda$622/48779684
2611:             1             16  org.apache.flink.runtime.externalresource.ExternalResourceUtils$$Lambda$444/669725336
2612:             1             16  org.apache.flink.runtime.externalresource.StaticExternalResourceInfoProvider
2613:             1             16  org.apache.flink.runtime.filecache.FileCache$$Lambda$499/275211348
2614:             1             16  org.apache.flink.runtime.fs.maprfs.MapRFsFactory
2615:             1             16  org.apache.flink.runtime.heartbeat.HeartbeatManagerImpl$$Lambda$584/1658155028
2616:             1             16  org.apache.flink.runtime.highavailability.nonha.standalone.StandaloneRunningJobsRegistry
2617:             1             16  org.apache.flink.runtime.io.disk.iomanager.IOManager$$Lambda$468/1540832538
2618:             1             16  org.apache.flink.runtime.io.disk.iomanager.IOManagerAsync$$Lambda$469/2081964843
2619:             1             16  org.apache.flink.runtime.io.network.NettyShuffleServiceFactory$$Lambda$470/788048067
2620:             1             16  org.apache.flink.runtime.io.network.TaskEventDispatcher
2621:             1             16  org.apache.flink.runtime.io.network.buffer.FreeingBufferRecycler
2622:             1             16  org.apache.flink.runtime.io.network.logger.NetworkActionsLogger$$Lambda$711/1831881462
2623:             1             16  org.apache.flink.runtime.io.network.metrics.NettyShuffleMetricFactory$$Lambda$475/2042917213
2624:             1             16  org.apache.flink.runtime.io.network.metrics.NettyShuffleMetricFactory$$Lambda$476/1520656618
2625:             1             16  org.apache.flink.runtime.io.network.metrics.NettyShuffleMetricFactory$$Lambda$477/1699265405
2626:             1             16  org.apache.flink.runtime.io.network.metrics.NettyShuffleMetricFactory$$Lambda$478/1412656257
2627:             1             16  org.apache.flink.runtime.io.network.metrics.NettyShuffleMetricFactory$$Lambda$479/358019805
2628:             1             16  org.apache.flink.runtime.io.network.metrics.NettyShuffleMetricFactory$$Lambda$480/904208473
2629:             1             16  org.apache.flink.runtime.io.network.metrics.NettyShuffleMetricFactory$$Lambda$481/103118806
2630:             1             16  org.apache.flink.runtime.io.network.metrics.NettyShuffleMetricFactory$$Lambda$482/1237144823
2631:             1             16  org.apache.flink.runtime.io.network.netty.NettyMessage$NettyMessageEncoder
2632:             1             16  org.apache.flink.runtime.io.network.partition.TaskExecutorPartitionTrackerImpl$$Lambda$580/780179419
2633:             1             16  org.apache.flink.runtime.io.network.partition.consumer.EndOfChannelStateEvent
2634:             1             16  org.apache.flink.runtime.messages.Acknowledge
2635:             1             16  org.apache.flink.runtime.metrics.ReporterSetup$$Lambda$422/1997344422
2636:             1             16  org.apache.flink.runtime.metrics.ReporterSetup$$Lambda$426/1827303532
2637:             1             16  org.apache.flink.runtime.metrics.dump.MetricQueryService$1
2638:             1             16  org.apache.flink.runtime.metrics.util.MetricUtils$$Lambda$452/1215029765
2639:             1             16  org.apache.flink.runtime.metrics.util.MetricUtils$$Lambda$454/766696861
2640:             1             16  org.apache.flink.runtime.metrics.util.MetricUtils$$Lambda$457/1103017075
2641:             1             16  org.apache.flink.runtime.metrics.util.MetricUtils$$Lambda$461/55755528
2642:             1             16  org.apache.flink.runtime.metrics.util.MetricUtils$$Lambda$463/2100771791
2643:             1             16  org.apache.flink.runtime.metrics.util.MetricUtils$$Lambda$464/98412281
2644:             1             16  org.apache.flink.runtime.metrics.util.MetricUtils$$Lambda$465/201392112
2645:             1             16  org.apache.flink.runtime.metrics.util.MetricUtils$$Lambda$466/748975217
2646:             1             16  org.apache.flink.runtime.metrics.util.MetricUtils$$Lambda$467/1510087865
2647:             1             16  org.apache.flink.runtime.metrics.util.MetricUtils$$Lambda$493/2015007762
2648:             1             16  org.apache.flink.runtime.metrics.util.MetricUtils$$Lambda$494/1514955661
2649:             1             16  org.apache.flink.runtime.rpc.akka.$Proxy18
2650:             1             16  org.apache.flink.runtime.rpc.akka.$Proxy22
2651:             1             16  org.apache.flink.runtime.rpc.akka.AkkaRpcServiceUtils$$Lambda$92/1606286799
2652:             1             16  org.apache.flink.runtime.rpc.akka.AkkaRpcServiceUtils$$Lambda$93/1325144078
2653:             1             16  org.apache.flink.runtime.rpc.akka.AkkaRpcServiceUtils$AkkaRpcServiceBuilder$$Lambda$102/605052357
2654:             1             16  org.apache.flink.runtime.rpc.akka.AkkaRpcSystem
2655:             1             16  org.apache.flink.runtime.rpc.akka.EscalatingSupervisorStrategy$$Lambda$244/1129869771
2656:             1             16  org.apache.flink.runtime.rpc.akka.RobustActorSystem$$Lambda$113/220695851
2657:             1             16  org.apache.flink.runtime.rpc.akka.RobustActorSystem$$Lambda$114/636782475
2658:             1             16  org.apache.flink.runtime.rpc.akka.RobustActorSystem$$Lambda$115/1312963234
2659:             1             16  org.apache.flink.runtime.rpc.akka.RobustActorSystem$$Lambda$117/826865256
2660:             1             16  org.apache.flink.runtime.rpc.akka.RobustActorSystem$$Lambda$118/1845517769
2661:             1             16  org.apache.flink.runtime.rpc.akka.RobustActorSystem$$Lambda$119/2095788421
2662:             1             16  org.apache.flink.runtime.security.contexts.NoOpSecurityContext
2663:             1             16  org.apache.flink.runtime.state.CheckpointStorageLocationReference
2664:             1             16  org.apache.flink.runtime.state.KeyExtractorFunction$1
2665:             1             16  org.apache.flink.runtime.state.PriorityComparator$$Lambda$708/1152252614
2666:             1             16  org.apache.flink.runtime.state.StateSnapshotTransformer$StateSnapshotTransformFactory$1
2667:             1             16  org.apache.flink.runtime.state.TaskExecutorLocalStateStoresManager$$Lambda$489/1519911160
2668:             1             16  org.apache.flink.runtime.state.TaskExecutorStateChangelogStoragesManager$$Lambda$490/600657906
2669:             1             16  org.apache.flink.runtime.state.UncompressedStreamCompressionDecorator
2670:             1             16  org.apache.flink.runtime.state.changelog.StateChangelogStorageLoader$$Lambda$72/2129144075
2671:             1             16  org.apache.flink.runtime.state.changelog.inmemory.InMemoryStateChangelogStorageFactory
2672:             1             16  org.apache.flink.runtime.state.heap.HeapKeyedStateBackend$$Lambda$700/309834216
2673:             1             16  org.apache.flink.runtime.state.heap.HeapKeyedStateBackend$$Lambda$701/611168827
2674:             1             16  org.apache.flink.runtime.state.heap.HeapKeyedStateBackend$$Lambda$702/1722100683
2675:             1             16  org.apache.flink.runtime.state.heap.HeapKeyedStateBackend$$Lambda$703/1487663833
2676:             1             16  org.apache.flink.runtime.state.heap.HeapKeyedStateBackend$$Lambda$704/2107921113
2677:             1             16  org.apache.flink.runtime.state.heap.HeapKeyedStateBackend$$Lambda$705/605524712
2678:             1             16  org.apache.flink.runtime.state.heap.HeapKeyedStateBackend$$Lambda$706/2079993385
2679:             1             16  org.apache.flink.runtime.state.heap.HeapKeyedStateBackendBuilder$$Lambda$699/1248505834
2680:             1             16  org.apache.flink.runtime.state.storage.ExternalizedSnapshotLocation$$Lambda$629/240213776
2681:             1             16  org.apache.flink.runtime.state.ttl.TtlTimeProvider$$Lambda$674/706971861
2682:             1             16  org.apache.flink.runtime.taskexecutor.DefaultJobTable$$Lambda$595/1196559102
2683:             1             16  org.apache.flink.runtime.taskexecutor.TaskExecutor$$Lambda$601/322248380
2684:             1             16  org.apache.flink.runtime.taskexecutor.TaskExecutor$$Lambda$602/867186802
2685:             1             16  org.apache.flink.runtime.taskexecutor.TaskExecutor$$Lambda$604/1998289746
2686:             1             16  org.apache.flink.runtime.taskexecutor.TaskExecutor$$Lambda$605/1163570795
2687:             1             16  org.apache.flink.runtime.taskexecutor.TaskExecutor$$Lambda$721/996569339
2688:             1             16  org.apache.flink.runtime.taskexecutor.TaskExecutor$JobLeaderListenerImpl
2689:             1             16  org.apache.flink.runtime.taskexecutor.TaskExecutor$JobManagerHeartbeatListener
2690:             1             16  org.apache.flink.runtime.taskexecutor.TaskExecutor$JobManagerHeartbeatListener$$Lambda$724/1565846985
2691:             1             16  org.apache.flink.runtime.taskexecutor.TaskExecutor$ResourceManagerHeartbeatListener
2692:             1             16  org.apache.flink.runtime.taskexecutor.TaskExecutor$ResourceManagerHeartbeatTarget
2693:             1             16  org.apache.flink.runtime.taskexecutor.TaskExecutor$ResourceManagerRegistrationListener
2694:             1             16  org.apache.flink.runtime.taskexecutor.TaskExecutor$SlotActionsImpl
2695:             1             16  org.apache.flink.runtime.taskexecutor.TaskExecutorResourceSpec$$Lambda$445/458998685
2696:             1             16  org.apache.flink.runtime.taskexecutor.TaskExecutorResourceSpec$$Lambda$446/345290829
2697:             1             16  org.apache.flink.runtime.taskexecutor.TaskExecutorToServiceAdapter
2698:             1             16  org.apache.flink.runtime.taskexecutor.TaskManagerRunner$$Lambda$492/838800272
2699:             1             16  org.apache.flink.runtime.taskexecutor.TaskManagerRunner$$Lambda$496/1869177530
2700:             1             16  org.apache.flink.runtime.taskexecutor.TaskManagerRunner$$Lambda$497/824900551
2701:             1             16  org.apache.flink.runtime.taskexecutor.TaskManagerRunner$$Lambda$77/931496835
2702:             1             16  org.apache.flink.runtime.taskexecutor.ThreadInfoSampleService
2703:             1             16  org.apache.flink.runtime.taskexecutor.partition.PartitionTable
2704:             1             16  org.apache.flink.runtime.taskexecutor.slot.TaskSlotTableImpl$TaskSlotIterator$$Lambda$620/1363234535
2705:             1             16  org.apache.flink.runtime.util.ClusterUncaughtExceptionHandler
2706:             1             16  org.apache.flink.runtime.util.EnvironmentInformation$Versions$$Lambda$27/1552978964
2707:             1             16  org.apache.flink.runtime.util.EnvironmentInformation$Versions$$Lambda$36/117009527
2708:             1             16  org.apache.flink.shaded.guava30.com.google.common.base.Absent
2709:             1             16  org.apache.flink.shaded.guava30.com.google.common.base.CharMatcher$None
2710:             1             16  org.apache.flink.shaded.guava30.com.google.common.base.CharMatcher$Whitespace
2711:             1             16  org.apache.flink.shaded.guava30.com.google.common.base.Java8Usage$$Lambda$47/1130894323
2712:             1             16  org.apache.flink.shaded.guava30.com.google.common.io.Closer$SuppressingSuppressor
2713:             1             16  org.apache.flink.shaded.netty4.io.netty.bootstrap.BootstrapConfig
2714:             1             16  org.apache.flink.shaded.netty4.io.netty.bootstrap.ServerBootstrapConfig
2715:             1             16  org.apache.flink.shaded.netty4.io.netty.buffer.AbstractReferenceCountedByteBuf$1
2716:             1             16  org.apache.flink.shaded.netty4.io.netty.buffer.ByteBufUtil$1
2717:             1             16  org.apache.flink.shaded.netty4.io.netty.buffer.ByteBufUtil$2
2718:             1             16  org.apache.flink.shaded.netty4.io.netty.channel.ChannelFutureListener$1
2719:             1             16  org.apache.flink.shaded.netty4.io.netty.channel.ChannelFutureListener$2
2720:             1             16  org.apache.flink.shaded.netty4.io.netty.channel.ChannelFutureListener$3
2721:             1             16  org.apache.flink.shaded.netty4.io.netty.channel.ChannelHandlerMask$1
2722:             1             16  org.apache.flink.shaded.netty4.io.netty.channel.ChannelOutboundBuffer$1
2723:             1             16  org.apache.flink.shaded.netty4.io.netty.channel.DefaultChannelPipeline$1
2724:             1             16  org.apache.flink.shaded.netty4.io.netty.channel.DefaultMessageSizeEstimator
2725:             1             16  org.apache.flink.shaded.netty4.io.netty.channel.DefaultMessageSizeEstimator$HandleImpl
2726:             1             16  org.apache.flink.shaded.netty4.io.netty.channel.DefaultSelectStrategy
2727:             1             16  org.apache.flink.shaded.netty4.io.netty.channel.DefaultSelectStrategyFactory
2728:             1             16  org.apache.flink.shaded.netty4.io.netty.channel.VoidChannelPromise$1
2729:             1             16  org.apache.flink.shaded.netty4.io.netty.channel.epoll.AbstractEpollChannel$AbstractEpollUnsafe$1
2730:             1             16  org.apache.flink.shaded.netty4.io.netty.util.AbstractReferenceCounted$1
2731:             1             16  org.apache.flink.shaded.netty4.io.netty.util.NettyRuntime$AvailableProcessorsHolder
2732:             1             16  org.apache.flink.shaded.netty4.io.netty.util.concurrent.AbstractScheduledEventExecutor$1
2733:             1             16  org.apache.flink.shaded.netty4.io.netty.util.concurrent.AbstractScheduledEventExecutor$2
2734:             1             16  org.apache.flink.shaded.netty4.io.netty.util.concurrent.DefaultEventExecutorChooserFactory
2735:             1             16  org.apache.flink.shaded.netty4.io.netty.util.concurrent.DefaultPromise$CauseHolder
2736:             1             16  org.apache.flink.shaded.netty4.io.netty.util.concurrent.FastThreadLocal
2737:             1             16  org.apache.flink.shaded.netty4.io.netty.util.concurrent.GlobalEventExecutor$1
2738:             1             16  org.apache.flink.shaded.netty4.io.netty.util.concurrent.GlobalEventExecutor$TaskRunner
2739:             1             16  org.apache.flink.shaded.netty4.io.netty.util.concurrent.RejectedExecutionHandlers$1
2740:             1             16  org.apache.flink.shaded.netty4.io.netty.util.concurrent.SingleThreadEventExecutor$1
2741:             1             16  org.apache.flink.shaded.netty4.io.netty.util.concurrent.SingleThreadEventExecutor$4
2742:             1             16  org.apache.flink.shaded.netty4.io.netty.util.internal.CleanerJava6
2743:             1             16  org.apache.flink.shaded.netty4.io.netty.util.internal.PlatformDependent$1
2744:             1             16  org.apache.flink.shaded.netty4.io.netty.util.internal.PlatformDependent$2
2745:             1             16  org.apache.flink.streaming.api.graph.StreamConfig$$Lambda$680/1985673912
2746:             1             16  org.apache.flink.streaming.api.graph.StreamConfig$$Lambda$681/614779486
2747:             1             16  org.apache.flink.streaming.runtime.io.checkpointing.InputProcessorUtil$$Lambda$661/781009128
2748:             1             16  org.apache.flink.streaming.runtime.io.checkpointing.InputProcessorUtil$$Lambda$662/1888120657
2749:             1             16  org.apache.flink.streaming.runtime.io.checkpointing.InputProcessorUtil$$Lambda$663/1487358261
2750:             1             16  org.apache.flink.streaming.runtime.io.checkpointing.InputProcessorUtil$$Lambda$665/702224894
2751:             1             16  org.apache.flink.streaming.runtime.io.checkpointing.InputProcessorUtil$$Lambda$669/1613418752
2752:             1             16  org.apache.flink.streaming.runtime.io.checkpointing.InputProcessorUtil$$Lambda$670/2040519104
2753:             1             16  org.apache.flink.streaming.runtime.io.checkpointing.InputProcessorUtil$$Lambda$672/1462362950
2754:             1             16  org.apache.flink.streaming.runtime.io.checkpointing.UpstreamRecoveryTracker$1
2755:             1             16  org.apache.flink.streaming.runtime.tasks.OperatorChain$$Lambda$645/405965720
2756:             1             16  org.apache.flink.streaming.runtime.tasks.StreamTask$$Lambda$679/1581129876
2757:             1             16  org.apache.flink.streaming.runtime.tasks.StreamTaskActionExecutor$1
2758:             1             16  org.apache.flink.types.SerializableOptional
2759:             1             16  org.apache.flink.types.StringValue$$Lambda$707/502508970
2760:             1             16  org.apache.flink.util.FatalExitExceptionHandler
2761:             1             16  org.apache.flink.util.FlinkUserCodeClassLoader$$Lambda$621/1215493513
2762:             1             16  org.apache.flink.util.TimeUtils$TimeUnit$$Lambda$80/1987169128
2763:             1             16  org.apache.flink.util.clock.SystemClock
2764:             1             16  org.apache.flink.util.function.FunctionUtils$$Lambda$51/1939990953
2765:             1             16  org.apache.flink.util.function.FunctionUtils$$Lambda$52/2073621255
2766:             1             16  org.apache.log4j.config.PropertiesConfigurationFactory
2767:             1             16  org.apache.log4j.xml.XmlConfigurationFactory
2768:             1             16  org.apache.logging.log4j.ThreadContext$EmptyIterator
2769:             1             16  org.apache.logging.log4j.ThreadContext$EmptyThreadContextStack
2770:             1             16  org.apache.logging.log4j.core.LoggerContext$$Lambda$15/633075331
2771:             1             16  org.apache.logging.log4j.core.appender.ConsoleAppender$ConsoleManagerFactory
2772:             1             16  org.apache.logging.log4j.core.appender.FileManager$FileManagerFactory
2773:             1             16  org.apache.logging.log4j.core.appender.rolling.RollingFileManager$RollingFileManagerFactory
2774:             1             16  org.apache.logging.log4j.core.config.ConfigurationFactory$Factory
2775:             1             16  org.apache.logging.log4j.core.config.DefaultReliabilityStrategy
2776:             1             16  org.apache.logging.log4j.core.config.OrderComparator
2777:             1             16  org.apache.logging.log4j.core.config.plugins.convert.TypeConverterRegistry
2778:             1             16  org.apache.logging.log4j.core.config.plugins.convert.TypeConverters$BigDecimalConverter
2779:             1             16  org.apache.logging.log4j.core.config.plugins.convert.TypeConverters$BigIntegerConverter
2780:             1             16  org.apache.logging.log4j.core.config.plugins.convert.TypeConverters$BooleanConverter
2781:             1             16  org.apache.logging.log4j.core.config.plugins.convert.TypeConverters$ByteArrayConverter
2782:             1             16  org.apache.logging.log4j.core.config.plugins.convert.TypeConverters$ByteConverter
2783:             1             16  org.apache.logging.log4j.core.config.plugins.convert.TypeConverters$CharArrayConverter
2784:             1             16  org.apache.logging.log4j.core.config.plugins.convert.TypeConverters$CharacterConverter
2785:             1             16  org.apache.logging.log4j.core.config.plugins.convert.TypeConverters$CharsetConverter
2786:             1             16  org.apache.logging.log4j.core.config.plugins.convert.TypeConverters$ClassConverter
2787:             1             16  org.apache.logging.log4j.core.config.plugins.convert.TypeConverters$CronExpressionConverter
2788:             1             16  org.apache.logging.log4j.core.config.plugins.convert.TypeConverters$DoubleConverter
2789:             1             16  org.apache.logging.log4j.core.config.plugins.convert.TypeConverters$DurationConverter
2790:             1             16  org.apache.logging.log4j.core.config.plugins.convert.TypeConverters$FileConverter
2791:             1             16  org.apache.logging.log4j.core.config.plugins.convert.TypeConverters$FloatConverter
2792:             1             16  org.apache.logging.log4j.core.config.plugins.convert.TypeConverters$InetAddressConverter
2793:             1             16  org.apache.logging.log4j.core.config.plugins.convert.TypeConverters$IntegerConverter
2794:             1             16  org.apache.logging.log4j.core.config.plugins.convert.TypeConverters$LevelConverter
2795:             1             16  org.apache.logging.log4j.core.config.plugins.convert.TypeConverters$LongConverter
2796:             1             16  org.apache.logging.log4j.core.config.plugins.convert.TypeConverters$PathConverter
2797:             1             16  org.apache.logging.log4j.core.config.plugins.convert.TypeConverters$PatternConverter
2798:             1             16  org.apache.logging.log4j.core.config.plugins.convert.TypeConverters$SecurityProviderConverter
2799:             1             16  org.apache.logging.log4j.core.config.plugins.convert.TypeConverters$ShortConverter
2800:             1             16  org.apache.logging.log4j.core.config.plugins.convert.TypeConverters$StringConverter
2801:             1             16  org.apache.logging.log4j.core.config.plugins.convert.TypeConverters$UriConverter
2802:             1             16  org.apache.logging.log4j.core.config.plugins.convert.TypeConverters$UrlConverter
2803:             1             16  org.apache.logging.log4j.core.config.plugins.convert.TypeConverters$UuidConverter
2804:             1             16  org.apache.logging.log4j.core.config.plugins.processor.PluginCache$$Lambda$8/706277948
2805:             1             16  org.apache.logging.log4j.core.config.properties.PropertiesConfigurationFactory
2806:             1             16  org.apache.logging.log4j.core.config.xml.XmlConfigurationFactory
2807:             1             16  org.apache.logging.log4j.core.impl.ReusableLogEventFactory
2808:             1             16  org.apache.logging.log4j.core.impl.ThreadContextDataProvider
2809:             1             16  org.apache.logging.log4j.core.lookup.StrMatcher$NoMatcher
2810:             1             16  org.apache.logging.log4j.core.lookup.StrMatcher$TrimMatcher
2811:             1             16  org.apache.logging.log4j.core.net.JndiManager$JndiManagerFactory
2812:             1             16  org.apache.logging.log4j.core.pattern.NameAbbreviator$NOPAbbreviator
2813:             1             16  org.apache.logging.log4j.core.pattern.NotANumber
2814:             1             16  org.apache.logging.log4j.core.pattern.PlainTextRenderer
2815:             1             16  org.apache.logging.log4j.core.selector.ClassLoaderContextSelector
2816:             1             16  org.apache.logging.log4j.core.util.BasicAuthorizationProvider
2817:             1             16  org.apache.logging.log4j.core.util.datetime.FastDateFormat$1
2818:             1             16  org.apache.logging.log4j.core.util.datetime.FastDateParser$$Lambda$20/1742920067
2819:             1             16  org.apache.logging.log4j.core.util.datetime.FastDateParser$1
2820:             1             16  org.apache.logging.log4j.core.util.datetime.FastDateParser$2
2821:             1             16  org.apache.logging.log4j.core.util.datetime.FastDateParser$3
2822:             1             16  org.apache.logging.log4j.core.util.datetime.FastDateParser$4
2823:             1             16  org.apache.logging.log4j.core.util.datetime.FastDateParser$5
2824:             1             16  org.apache.logging.log4j.core.util.datetime.FastDatePrinter$TwoDigitMonthField
2825:             1             16  org.apache.logging.log4j.core.util.datetime.FastDatePrinter$TwoDigitNumberField
2826:             1             16  org.apache.logging.log4j.message.ParameterFormatter$$Lambda$37/568221876
2827:             1             16  org.apache.logging.log4j.message.ParameterizedNoReferenceMessageFactory
2828:             1             16  org.apache.logging.log4j.spi.CopyOnWriteSortedArrayThreadContextMap
2829:             1             16  org.apache.logging.log4j.spi.DefaultThreadContextStack
2830:             1             16  org.apache.logging.log4j.util.LoaderUtil$ThreadContextClassLoaderGetter
2831:             1             16  org.apache.logging.log4j.util.PropertiesUtil$Environment$$Lambda$1/1144748369
2832:             1             16  org.apache.logging.log4j.util.ProviderUtil
2833:             1             16  org.apache.logging.log4j.util.SortedArrayStringMap$$Lambda$5/353842779
2834:             1             16  org.apache.logging.log4j.util.StackLocator
2835:             1             16  org.apache.logging.log4j.util.Strings$$Lambda$3/1190035432
2836:             1             16  org.apache.logging.slf4j.Log4jLoggerFactory$$Lambda$4/2027961269
2837:             1             16  org.apache.logging.slf4j.Log4jMDCAdapter
2838:             1             16  org.apache.logging.slf4j.Log4jMarkerFactory
2839:             1             16  org.jboss.netty.channel.ChannelFutureListener$1
2840:             1             16  org.jboss.netty.channel.ChannelFutureListener$2
2841:             1             16  org.jboss.netty.channel.ChannelLocal$1
2842:             1             16  org.jboss.netty.channel.DefaultChannelPipeline$DiscardingChannelSink
2843:             1             16  org.jboss.netty.channel.socket.nio.SocketSendBufferPool$EmptySendBuffer
2844:             1             16  org.jboss.netty.logging.Slf4JLoggerFactory
2845:             1             16  org.jboss.netty.util.ThreadNameDeterminer$1
2846:             1             16  org.jboss.netty.util.ThreadNameDeterminer$2
2847:             1             16  org.slf4j.helpers.NOPLoggerFactory
2848:             1             16  org.slf4j.impl.StaticLoggerBinder
2849:             1             16  org.slf4j.impl.StaticMDCBinder
2850:             1             16  org.slf4j.impl.StaticMarkerBinder
2851:             1             16  scala.None$
2852:             1             16  scala.None$
2853:             1             16  scala.Option$
2854:             1             16  scala.Option$
2855:             1             16  scala.PartialFunction$$$Lambda$210/692998280
2856:             1             16  scala.PartialFunction$$anon$1
2857:             1             16  scala.PartialFunction$$anon$1$$Lambda$211/822087264
2858:             1             16  scala.PartialFunction$$anonfun$1
2859:             1             16  scala.Predef$$anon$1
2860:             1             16  scala.Predef$$anon$2
2861:             1             16  scala.Predef$$anon$3
2862:             1             16  scala.Predef$ArrowAssoc$
2863:             1             16  scala.Some
2864:             1             16  scala.collection.$colon$plus$
2865:             1             16  scala.collection.$plus$colon$
2866:             1             16  scala.collection.IndexedSeq$$anon$1
2867:             1             16  scala.collection.Iterable$
2868:             1             16  scala.collection.Iterator$
2869:             1             16  scala.collection.Iterator$$anon$2
2870:             1             16  scala.collection.Seq$
2871:             1             16  scala.collection.SetLike$$Lambda$151/2117173674
2872:             1             16  scala.collection.TraversableLike$$Lambda$333/858447901
2873:             1             16  scala.collection.TraversableOnce$
2874:             1             16  scala.collection.convert.WrapAsScala$
2875:             1             16  scala.collection.immutable.$colon$colon$
2876:             1             16  scala.collection.immutable.HashMap$
2877:             1             16  scala.collection.immutable.HashMap$$$Lambda$125/735085430
2878:             1             16  scala.collection.immutable.HashMap$$anon$2$$anon$3
2879:             1             16  scala.collection.immutable.HashMap$EmptyHashMap$
2880:             1             16  scala.collection.immutable.HashSet$
2881:             1             16  scala.collection.immutable.HashSet$EmptyHashSet$
2882:             1             16  scala.collection.immutable.IndexedSeq$
2883:             1             16  scala.collection.immutable.Iterable$
2884:             1             16  scala.collection.immutable.List$$anon$1
2885:             1             16  scala.collection.immutable.Map$
2886:             1             16  scala.collection.immutable.Map$$Lambda$149/1895143699
2887:             1             16  scala.collection.immutable.Map$EmptyMap$
2888:             1             16  scala.collection.immutable.MapLike$$Lambda$272/1205580258
2889:             1             16  scala.collection.immutable.Nil$
2890:             1             16  scala.collection.immutable.Queue$
2891:             1             16  scala.collection.immutable.Range$
2892:             1             16  scala.collection.immutable.RedBlackTree$
2893:             1             16  scala.collection.immutable.RedBlackTree$BlackTree$
2894:             1             16  scala.collection.immutable.RedBlackTree$RedTree$
2895:             1             16  scala.collection.immutable.Seq$
2896:             1             16  scala.collection.immutable.Set$
2897:             1             16  scala.collection.immutable.Set$EmptySet$
2898:             1             16  scala.collection.immutable.Stream$
2899:             1             16  scala.collection.immutable.Stream$$hash$colon$colon$
2900:             1             16  scala.collection.immutable.StringOps$
2901:             1             16  scala.collection.immutable.TreeMap$
2902:             1             16  scala.collection.immutable.TreeSet$
2903:             1             16  scala.collection.mutable.ArrayBuffer$
2904:             1             16  scala.collection.mutable.ArrayBuilder$
2905:             1             16  scala.collection.mutable.ArrayOps$ofByte$
2906:             1             16  scala.collection.mutable.ArrayOps$ofRef$
2907:             1             16  scala.collection.mutable.HashTable$
2908:             1             16  scala.collection.mutable.IndexedSeq$
2909:             1             16  scala.collection.mutable.Iterable$
2910:             1             16  scala.collection.mutable.Map$
2911:             1             16  scala.collection.mutable.StringBuilder$
2912:             1             16  scala.collection.mutable.WrappedArray$
2913:             1             16  scala.compat.Platform$
2914:             1             16  scala.compat.java8.FutureConverters$
2915:             1             16  scala.compat.java8.FutureConverters$FutureOps$
2916:             1             16  scala.compat.java8.OptionConverters$$anon$1
2917:             1             16  scala.compat.java8.OptionConverters$$anon$2
2918:             1             16  scala.compat.java8.OptionConverters$$anon$3
2919:             1             16  scala.compat.java8.OptionConverters$RichOptionForJava8$
2920:             1             16  scala.compat.java8.OptionConverters$RichOptionalGeneric$
2921:             1             16  scala.concurrent.Await$
2922:             1             16  scala.concurrent.AwaitPermission$
2923:             1             16  scala.concurrent.BlockContext$
2924:             1             16  scala.concurrent.BlockContext$DefaultBlockContext$
2925:             1             16  scala.concurrent.Future$$$Lambda$309/2077297548
2926:             1             16  scala.concurrent.Future$$$Lambda$312/1384911519
2927:             1             16  scala.concurrent.Future$$Lambda$329/155435018
2928:             1             16  scala.concurrent.Future$InternalCallbackExecutor$
2929:             1             16  scala.concurrent.Promise$
2930:             1             16  scala.concurrent.duration.Deadline$
2931:             1             16  scala.concurrent.duration.Duration$$$Lambda$126/835146383
2932:             1             16  scala.concurrent.duration.Duration$$$Lambda$127/322112198
2933:             1             16  scala.concurrent.duration.Duration$$$Lambda$128/187457031
2934:             1             16  scala.concurrent.duration.Duration$$anon$1
2935:             1             16  scala.concurrent.duration.Duration$$anon$2
2936:             1             16  scala.concurrent.duration.Duration$$anon$3
2937:             1             16  scala.concurrent.duration.package$
2938:             1             16  scala.concurrent.duration.package$DurationInt$
2939:             1             16  scala.concurrent.duration.package$DurationLong$
2940:             1             16  scala.concurrent.impl.Promise$
2941:             1             16  scala.concurrent.impl.Promise$KeptPromise$
2942:             1             16  scala.concurrent.impl.Promise$KeptPromise$Successful
2943:             1             16  scala.concurrent.java8.FuturesConvertersImpl$
2944:             1             16  scala.concurrent.package$
2945:             1             16  scala.math.Equiv$
2946:             1             16  scala.math.Fractional$
2947:             1             16  scala.math.Integral$
2948:             1             16  scala.math.Numeric$
2949:             1             16  scala.math.Ordered$
2950:             1             16  scala.math.Ordering$
2951:             1             16  scala.math.Ordering$$anon$9
2952:             1             16  scala.math.Ordering$Long$
2953:             1             16  scala.math.Ordering$String$
2954:             1             16  scala.math.package$
2955:             1             16  scala.package$$anon$1
2956:             1             16  scala.reflect.NoManifest$
2957:             1             16  scala.runtime.BoxedUnit
2958:             1             16  scala.runtime.RichDouble$
2959:             1             16  scala.runtime.RichInt$
2960:             1             16  scala.runtime.RichLong$
2961:             1             16  scala.runtime.ScalaRunTime$
2962:             1             16  scala.sys.BooleanProp$
2963:             1             16  scala.sys.BooleanProp$$$Lambda$97/1855610584
2964:             1             16  scala.sys.SystemProperties$$Lambda$100/897848096
2965:             1             16  scala.sys.package$
2966:             1             16  scala.util.Either$
2967:             1             16  scala.util.Failure
2968:             1             16  scala.util.Left$
2969:             1             16  scala.util.PropertiesTrait$$Lambda$16/793315160
2970:             1             16  scala.util.PropertiesTrait$$Lambda$17/1089504328
2971:             1             16  scala.util.PropertiesTrait$$Lambda$18/867398280
2972:             1             16  scala.util.PropertiesTrait$$Lambda$399/1870723838
2973:             1             16  scala.util.PropertiesTrait$$Lambda$400/938613108
2974:             1             16  scala.util.PropertiesTrait$$Lambda$401/1598898814
2975:             1             16  scala.util.Right$
2976:             1             16  scala.util.Try$
2977:             1             16  scala.util.control.Breaks
2978:             1             16  scala.util.control.NoStackTrace$
2979:             1             16  scala.util.control.NonFatal$
2980:             1             16  scala.util.hashing.package$
2981:             1             16  sun.management.ClassLoadingImpl
2982:             1             16  sun.management.HotSpotDiagnostic
2983:             1             16  sun.management.ManagementFactoryHelper$PlatformLoggingImpl
2984:             1             16  sun.misc.ASCIICaseInsensitiveComparator
2985:             1             16  sun.misc.FloatingDecimal$1
2986:             1             16  sun.misc.FormattedFloatingDecimal$1
2987:             1             16  sun.misc.Launcher
2988:             1             16  sun.misc.Launcher$Factory
2989:             1             16  sun.misc.ObjectInputFilter$Config$$Lambda$561/1959468822
2990:             1             16  sun.misc.Perf
2991:             1             16  sun.misc.Unsafe
2992:             1             16  sun.net.DefaultProgressMeteringPolicy
2993:             1             16  sun.net.ExtendedOptionsImpl$$Lambda$525/1532424027
2994:             1             16  sun.net.spi.DefaultProxySelector
2995:             1             16  sun.net.www.protocol.file.Handler
2996:             1             16  sun.net.www.protocol.jar.JarFileFactory
2997:             1             16  sun.nio.ch.EPollSelectorProvider
2998:             1             16  sun.nio.ch.ExtendedSocketOption$1
2999:             1             16  sun.nio.ch.FileChannelImpl$1
3000:             1             16  sun.nio.ch.FileDispatcherImpl
3001:             1             16  sun.nio.ch.Net$1
3002:             1             16  sun.nio.ch.Util$1
3003:             1             16  sun.nio.fs.LinuxFileSystemProvider
3004:             1             16  sun.reflect.GeneratedConstructorAccessor10
3005:             1             16  sun.reflect.GeneratedConstructorAccessor11
3006:             1             16  sun.reflect.GeneratedConstructorAccessor13
3007:             1             16  sun.reflect.GeneratedConstructorAccessor15
3008:             1             16  sun.reflect.GeneratedConstructorAccessor5
3009:             1             16  sun.reflect.GeneratedConstructorAccessor7
3010:             1             16  sun.reflect.GeneratedConstructorAccessor9
3011:             1             16  sun.reflect.GeneratedMethodAccessor1
3012:             1             16  sun.reflect.GeneratedMethodAccessor10
3013:             1             16  sun.reflect.GeneratedMethodAccessor11
3014:             1             16  sun.reflect.GeneratedMethodAccessor12
3015:             1             16  sun.reflect.GeneratedMethodAccessor13
3016:             1             16  sun.reflect.GeneratedMethodAccessor14
3017:             1             16  sun.reflect.GeneratedMethodAccessor15
3018:             1             16  sun.reflect.GeneratedMethodAccessor16
3019:             1             16  sun.reflect.GeneratedMethodAccessor17
3020:             1             16  sun.reflect.GeneratedMethodAccessor18
3021:             1             16  sun.reflect.GeneratedMethodAccessor19
3022:             1             16  sun.reflect.GeneratedMethodAccessor2
3023:             1             16  sun.reflect.GeneratedMethodAccessor20
3024:             1             16  sun.reflect.GeneratedMethodAccessor21
3025:             1             16  sun.reflect.GeneratedMethodAccessor22
3026:             1             16  sun.reflect.GeneratedMethodAccessor23
3027:             1             16  sun.reflect.GeneratedMethodAccessor24
3028:             1             16  sun.reflect.GeneratedMethodAccessor25
3029:             1             16  sun.reflect.GeneratedMethodAccessor27
3030:             1             16  sun.reflect.GeneratedMethodAccessor28
3031:             1             16  sun.reflect.GeneratedMethodAccessor3
3032:             1             16  sun.reflect.GeneratedMethodAccessor4
3033:             1             16  sun.reflect.GeneratedMethodAccessor5
3034:             1             16  sun.reflect.GeneratedMethodAccessor6
3035:             1             16  sun.reflect.GeneratedMethodAccessor7
3036:             1             16  sun.reflect.GeneratedMethodAccessor8
3037:             1             16  sun.reflect.GeneratedMethodAccessor9
3038:             1             16  sun.reflect.GeneratedSerializationConstructorAccessor10
3039:             1             16  sun.reflect.GeneratedSerializationConstructorAccessor11
3040:             1             16  sun.reflect.GeneratedSerializationConstructorAccessor12
3041:             1             16  sun.reflect.GeneratedSerializationConstructorAccessor13
3042:             1             16  sun.reflect.GeneratedSerializationConstructorAccessor140
3043:             1             16  sun.reflect.GeneratedSerializationConstructorAccessor141
3044:             1             16  sun.reflect.GeneratedSerializationConstructorAccessor142
3045:             1             16  sun.reflect.GeneratedSerializationConstructorAccessor143
3046:             1             16  sun.reflect.GeneratedSerializationConstructorAccessor144
3047:             1             16  sun.reflect.GeneratedSerializationConstructorAccessor145
3048:             1             16  sun.reflect.GeneratedSerializationConstructorAccessor146
3049:             1             16  sun.reflect.GeneratedSerializationConstructorAccessor147
3050:             1             16  sun.reflect.GeneratedSerializationConstructorAccessor148
3051:             1             16  sun.reflect.GeneratedSerializationConstructorAccessor149
3052:             1             16  sun.reflect.GeneratedSerializationConstructorAccessor150
3053:             1             16  sun.reflect.GeneratedSerializationConstructorAccessor151
3054:             1             16  sun.reflect.GeneratedSerializationConstructorAccessor152
3055:             1             16  sun.reflect.GeneratedSerializationConstructorAccessor157
3056:             1             16  sun.reflect.GeneratedSerializationConstructorAccessor158
3057:             1             16  sun.reflect.GeneratedSerializationConstructorAccessor159
3058:             1             16  sun.reflect.GeneratedSerializationConstructorAccessor160
3059:             1             16  sun.reflect.GeneratedSerializationConstructorAccessor161
3060:             1             16  sun.reflect.GeneratedSerializationConstructorAccessor162
3061:             1             16  sun.reflect.GeneratedSerializationConstructorAccessor163
3062:             1             16  sun.reflect.GeneratedSerializationConstructorAccessor164
3063:             1             16  sun.reflect.GeneratedSerializationConstructorAccessor165
3064:             1             16  sun.reflect.GeneratedSerializationConstructorAccessor166
3065:             1             16  sun.reflect.GeneratedSerializationConstructorAccessor167
3066:             1             16  sun.reflect.GeneratedSerializationConstructorAccessor168
3067:             1             16  sun.reflect.GeneratedSerializationConstructorAccessor169
3068:             1             16  sun.reflect.GeneratedSerializationConstructorAccessor17
3069:             1             16  sun.reflect.GeneratedSerializationConstructorAccessor170
3070:             1             16  sun.reflect.GeneratedSerializationConstructorAccessor171
3071:             1             16  sun.reflect.GeneratedSerializationConstructorAccessor172
3072:             1             16  sun.reflect.GeneratedSerializationConstructorAccessor173
3073:             1             16  sun.reflect.GeneratedSerializationConstructorAccessor174
3074:             1             16  sun.reflect.GeneratedSerializationConstructorAccessor175
3075:             1             16  sun.reflect.GeneratedSerializationConstructorAccessor176
3076:             1             16  sun.reflect.GeneratedSerializationConstructorAccessor177
3077:             1             16  sun.reflect.GeneratedSerializationConstructorAccessor178
3078:             1             16  sun.reflect.GeneratedSerializationConstructorAccessor179
3079:             1             16  sun.reflect.GeneratedSerializationConstructorAccessor18
3080:             1             16  sun.reflect.GeneratedSerializationConstructorAccessor180
3081:             1             16  sun.reflect.GeneratedSerializationConstructorAccessor181
3082:             1             16  sun.reflect.GeneratedSerializationConstructorAccessor182
3083:             1             16  sun.reflect.GeneratedSerializationConstructorAccessor183
3084:             1             16  sun.reflect.GeneratedSerializationConstructorAccessor184
3085:             1             16  sun.reflect.GeneratedSerializationConstructorAccessor185
3086:             1             16  sun.reflect.GeneratedSerializationConstructorAccessor186
3087:             1             16  sun.reflect.GeneratedSerializationConstructorAccessor187
3088:             1             16  sun.reflect.GeneratedSerializationConstructorAccessor188
3089:             1             16  sun.reflect.GeneratedSerializationConstructorAccessor189
3090:             1             16  sun.reflect.GeneratedSerializationConstructorAccessor19
3091:             1             16  sun.reflect.GeneratedSerializationConstructorAccessor190
3092:             1             16  sun.reflect.GeneratedSerializationConstructorAccessor191
3093:             1             16  sun.reflect.GeneratedSerializationConstructorAccessor192
3094:             1             16  sun.reflect.GeneratedSerializationConstructorAccessor193
3095:             1             16  sun.reflect.GeneratedSerializationConstructorAccessor194
3096:             1             16  sun.reflect.GeneratedSerializationConstructorAccessor195
3097:             1             16  sun.reflect.GeneratedSerializationConstructorAccessor196
3098:             1             16  sun.reflect.GeneratedSerializationConstructorAccessor197
3099:             1             16  sun.reflect.GeneratedSerializationConstructorAccessor198
3100:             1             16  sun.reflect.GeneratedSerializationConstructorAccessor199
3101:             1             16  sun.reflect.GeneratedSerializationConstructorAccessor2
3102:             1             16  sun.reflect.GeneratedSerializationConstructorAccessor20
3103:             1             16  sun.reflect.GeneratedSerializationConstructorAccessor200
3104:             1             16  sun.reflect.GeneratedSerializationConstructorAccessor201
3105:             1             16  sun.reflect.GeneratedSerializationConstructorAccessor202
3106:             1             16  sun.reflect.GeneratedSerializationConstructorAccessor203
3107:             1             16  sun.reflect.GeneratedSerializationConstructorAccessor204
3108:             1             16  sun.reflect.GeneratedSerializationConstructorAccessor205
3109:             1             16  sun.reflect.GeneratedSerializationConstructorAccessor206
3110:             1             16  sun.reflect.GeneratedSerializationConstructorAccessor207
3111:             1             16  sun.reflect.GeneratedSerializationConstructorAccessor208
3112:             1             16  sun.reflect.GeneratedSerializationConstructorAccessor209
3113:             1             16  sun.reflect.GeneratedSerializationConstructorAccessor21
3114:             1             16  sun.reflect.GeneratedSerializationConstructorAccessor210
3115:             1             16  sun.reflect.GeneratedSerializationConstructorAccessor211
3116:             1             16  sun.reflect.GeneratedSerializationConstructorAccessor212
3117:             1             16  sun.reflect.GeneratedSerializationConstructorAccessor213
3118:             1             16  sun.reflect.GeneratedSerializationConstructorAccessor214
3119:             1             16  sun.reflect.GeneratedSerializationConstructorAccessor215
3120:             1             16  sun.reflect.GeneratedSerializationConstructorAccessor216
3121:             1             16  sun.reflect.GeneratedSerializationConstructorAccessor217
3122:             1             16  sun.reflect.GeneratedSerializationConstructorAccessor218
3123:             1             16  sun.reflect.GeneratedSerializationConstructorAccessor219
3124:             1             16  sun.reflect.GeneratedSerializationConstructorAccessor22
3125:             1             16  sun.reflect.GeneratedSerializationConstructorAccessor220
3126:             1             16  sun.reflect.GeneratedSerializationConstructorAccessor221
3127:             1             16  sun.reflect.GeneratedSerializationConstructorAccessor222
3128:             1             16  sun.reflect.GeneratedSerializationConstructorAccessor223
3129:             1             16  sun.reflect.GeneratedSerializationConstructorAccessor224
3130:             1             16  sun.reflect.GeneratedSerializationConstructorAccessor225
3131:             1             16  sun.reflect.GeneratedSerializationConstructorAccessor226
3132:             1             16  sun.reflect.GeneratedSerializationConstructorAccessor227
3133:             1             16  sun.reflect.GeneratedSerializationConstructorAccessor228
3134:             1             16  sun.reflect.GeneratedSerializationConstructorAccessor229
3135:             1             16  sun.reflect.GeneratedSerializationConstructorAccessor23
3136:             1             16  sun.reflect.GeneratedSerializationConstructorAccessor230
3137:             1             16  sun.reflect.GeneratedSerializationConstructorAccessor231
3138:             1             16  sun.reflect.GeneratedSerializationConstructorAccessor232
3139:             1             16  sun.reflect.GeneratedSerializationConstructorAccessor233
3140:             1             16  sun.reflect.GeneratedSerializationConstructorAccessor234
3141:             1             16  sun.reflect.GeneratedSerializationConstructorAccessor235
3142:             1             16  sun.reflect.GeneratedSerializationConstructorAccessor236
3143:             1             16  sun.reflect.GeneratedSerializationConstructorAccessor237
3144:             1             16  sun.reflect.GeneratedSerializationConstructorAccessor238
3145:             1             16  sun.reflect.GeneratedSerializationConstructorAccessor239
3146:             1             16  sun.reflect.GeneratedSerializationConstructorAccessor240
3147:             1             16  sun.reflect.GeneratedSerializationConstructorAccessor241
3148:             1             16  sun.reflect.GeneratedSerializationConstructorAccessor242
3149:             1             16  sun.reflect.GeneratedSerializationConstructorAccessor243
3150:             1             16  sun.reflect.GeneratedSerializationConstructorAccessor244
3151:             1             16  sun.reflect.GeneratedSerializationConstructorAccessor245
3152:             1             16  sun.reflect.GeneratedSerializationConstructorAccessor246
3153:             1             16  sun.reflect.GeneratedSerializationConstructorAccessor247
3154:             1             16  sun.reflect.GeneratedSerializationConstructorAccessor248
3155:             1             16  sun.reflect.GeneratedSerializationConstructorAccessor249
3156:             1             16  sun.reflect.GeneratedSerializationConstructorAccessor250
3157:             1             16  sun.reflect.GeneratedSerializationConstructorAccessor251
3158:             1             16  sun.reflect.GeneratedSerializationConstructorAccessor252
3159:             1             16  sun.reflect.GeneratedSerializationConstructorAccessor253
3160:             1             16  sun.reflect.GeneratedSerializationConstructorAccessor254
3161:             1             16  sun.reflect.GeneratedSerializationConstructorAccessor255
3162:             1             16  sun.reflect.GeneratedSerializationConstructorAccessor256
3163:             1             16  sun.reflect.GeneratedSerializationConstructorAccessor257
3164:             1             16  sun.reflect.GeneratedSerializationConstructorAccessor258
3165:             1             16  sun.reflect.GeneratedSerializationConstructorAccessor259
3166:             1             16  sun.reflect.GeneratedSerializationConstructorAccessor260
3167:             1             16  sun.reflect.GeneratedSerializationConstructorAccessor261
3168:             1             16  sun.reflect.GeneratedSerializationConstructorAccessor262
3169:             1             16  sun.reflect.GeneratedSerializationConstructorAccessor263
3170:             1             16  sun.reflect.GeneratedSerializationConstructorAccessor264
3171:             1             16  sun.reflect.GeneratedSerializationConstructorAccessor265
3172:             1             16  sun.reflect.GeneratedSerializationConstructorAccessor29
3173:             1             16  sun.reflect.GeneratedSerializationConstructorAccessor30
3174:             1             16  sun.reflect.GeneratedSerializationConstructorAccessor31
3175:             1             16  sun.reflect.GeneratedSerializationConstructorAccessor32
3176:             1             16  sun.reflect.GeneratedSerializationConstructorAccessor34
3177:             1             16  sun.reflect.GeneratedSerializationConstructorAccessor35
3178:             1             16  sun.reflect.GeneratedSerializationConstructorAccessor37
3179:             1             16  sun.reflect.GeneratedSerializationConstructorAccessor38
3180:             1             16  sun.reflect.GeneratedSerializationConstructorAccessor40
3181:             1             16  sun.reflect.GeneratedSerializationConstructorAccessor42
3182:             1             16  sun.reflect.GeneratedSerializationConstructorAccessor45
3183:             1             16  sun.reflect.GeneratedSerializationConstructorAccessor5
3184:             1             16  sun.reflect.GeneratedSerializationConstructorAccessor6
3185:             1             16  sun.reflect.GeneratedSerializationConstructorAccessor7
3186:             1             16  sun.reflect.GeneratedSerializationConstructorAccessor8
3187:             1             16  sun.reflect.GeneratedSerializationConstructorAccessor9
3188:             1             16  sun.reflect.ReflectionFactory
3189:             1             16  sun.reflect.generics.tree.BottomSignature
3190:             1             16  sun.reflect.generics.tree.ByteSignature
3191:             1             16  sun.reflect.generics.tree.CharSignature
3192:             1             16  sun.reflect.generics.tree.TypeVariableSignature
3193:             1             16  sun.util.calendar.Gregorian
3194:             1             16  sun.util.locale.provider.AuxLocaleProviderAdapter$NullProvider
3195:             1             16  sun.util.locale.provider.CalendarDataUtility$CalendarWeekParameterGetter
3196:             1             16  sun.util.locale.provider.SPILocaleProviderAdapter
3197:             1             16  sun.util.resources.LocaleData
3198:             1             16  sun.util.resources.LocaleData$LocaleDataResourceBundleControl
