
 num     #instances         #bytes  class name
----------------------------------------------
   1:         27356        2612352  [C
   2:          7326        1387360  [Ljava.lang.Object;
   3:          1388        1041368  [B
   4:            29         950736  [Ljava.util.concurrent.ForkJoinTask;
   5:          8333         912728  java.lang.Class
   6:          3411         845104  [I
   7:         27254         654096  java.lang.String
   8:         11122         355904  java.util.concurrent.ConcurrentHashMap$Node
   9:           513         270360  [Lorg.apache.flink.runtime.state.heap.CopyOnWriteStateMap$StateMapEntry;
  10:          6250         200000  java.util.HashMap$Node
  11:          2107         134848  java.nio.DirectByteBuffer
  12:          2794         134112  java.util.HashMap
  13:          1258         118896  [Ljava.util.HashMap$Node;
  14:          2053         114968  org.apache.flink.core.memory.MemorySegment
  15:           104         112400  [Ljava.util.concurrent.ConcurrentHashMap$Node;
  16:          6776         108416  java.lang.Object
  17:          1610          90160  java.lang.invoke.MemberName
  18:          2118          84720  sun.misc.Cleaner
  19:           919          80872  java.lang.reflect.Method
  20:          1770          70800  java.lang.ref.SoftReference
  21:          2101          67232  java.nio.DirectByteBuffer$Deallocator
  22:          1813          61792  [S
  23:          1526          61040  java.lang.invoke.MethodType
  24:           897          57408  org.apache.flink.shaded.netty4.io.netty.buffer.PoolSubpage
  25:          2310          57264  [Ljava.lang.Class;
  26:          1332          53280  java.util.LinkedHashMap$Entry
  27:          1542          49344  java.lang.invoke.MethodType$ConcurrentWeakInternSet$WeakEntry
  28:            80          46080  org.apache.flink.shaded.netty4.io.netty.util.internal.shaded.org.jctools.queues.MpscUnboundedArrayQueue
  29:          1030          43464  [Ljava.lang.String;
  30:          1268          40576  java.lang.invoke.DirectMethodHandle
  31:           499          39920  java.lang.reflect.Constructor
  32:           990          39600  com.typesafe.config.impl.SimpleConfigOrigin
  33:          1542          37008  java.util.ArrayList
  34:          2143          34288  java.util.concurrent.atomic.AtomicBoolean
  35:           512          32768  org.apache.flink.runtime.state.heap.CopyOnWriteStateMap
  36:           366          29440  [J
  37:           516          28896  java.util.LinkedHashMap
  38:          1073          25752  akka.dispatch.AbstractNodeQueue$Node
  39:           536          25728  java.util.TreeMap
  40:           344          24768  java.lang.reflect.Field
  41:          1028          24672  akka.actor.LightArrayRevolverScheduler$TaskQueue
  42:          1024          24576  org.jboss.netty.util.HashedWheelTimer$HashedWheelBucket
  43:            63          23688  java.lang.Thread
  44:           349          19544  java.lang.Package
  45:           532          17024  java.util.Hashtable$Entry
  46:           419          16760  java.io.ObjectStreamField
  47:           410          16400  java.math.BigInteger
  48:           270          16200  [Ljava.lang.ref.SoftReference;
  49:           464          14848  java.lang.invoke.BoundMethodHandle$Species_L
  50:           451          14432  java.lang.invoke.LambdaForm$Name
  51:           430          13760  java.util.RegularEnumSet
  52:           341          13640  org.apache.flink.configuration.ConfigOption
  53:           161          13632  [Ljava.util.Hashtable$Entry;
  54:           425          13600  scala.collection.immutable.HashMap$HashMap1
  55:           196          12544  java.util.concurrent.ConcurrentHashMap
  56:           521          12504  org.apache.flink.api.java.tuple.Tuple2
  57:           501          12024  scala.Tuple2
  58:           113          11752  java.io.ObjectStreamClass
  59:           282          11280  java.lang.invoke.BoundMethodHandle$Species_LL
  60:           341          10912  sun.misc.FDBigInteger
  61:           425          10200  org.apache.flink.configuration.description.TextElement
  62:           245           9800  java.lang.ref.Finalizer
  63:           300           9600  java.util.Vector
  64:           299           9568  com.typesafe.config.impl.SimpleConfigObject
  65:            29           9512  java.util.concurrent.ForkJoinPool$WorkQueue
  66:           130           9360  sun.reflect.DelegatingClassLoader
  67:           272           8704  java.lang.ThreadLocal$ThreadLocalMap$Entry
  68:           152           8512  java.lang.invoke.MethodTypeForm
  69:           354           8496  com.typesafe.config.impl.ConfigString$Quoted
  70:           352           8448  java.lang.Long
  71:           518           8288  java.util.TreeSet
  72:             3           8240  [Ljava.nio.ByteBuffer;
  73:             2           8224  [Lakka.actor.ActorRef;
  74:             2           8224  [Lakka.serialization.Serializer;
  75:             1           8216  [Lscala.math.BigInt;
  76:           169           8112  java.lang.invoke.LambdaForm
  77:           249           7968  java.util.concurrent.locks.ReentrantLock$NonfairSync
  78:           174           7944  [Ljava.lang.invoke.LambdaForm$Name;
  79:           245           7840  org.apache.logging.log4j.core.config.plugins.processor.PluginEntry
  80:           321           7704  scala.collection.immutable.$colon$colon
  81:            23           7456  [[S
  82:            82           7232  [Ljava.util.WeakHashMap$Entry;
  83:           226           7232  java.io.ObjectStreamClass$WeakClassKey
  84:           150           7200  java.util.Hashtable
  85:           176           7040  org.apache.logging.log4j.core.Logger
  86:           176           7040  org.apache.logging.log4j.core.Logger$PrivateConfig
  87:           439           7024  java.lang.Integer
  88:           174           6960  org.apache.flink.metrics.MeterView
  89:           167           6680  java.security.ProtectionDomain
  90:           138           6624  org.apache.flink.shaded.netty4.io.netty.buffer.PoolChunkList
  91:            40           6400  org.apache.flink.shaded.netty4.io.netty.channel.epoll.EpollEventLoop
  92:            34           6256  [Z
  93:           107           5992  org.apache.flink.runtime.metrics.groups.GenericMetricGroup
  94:           245           5880  org.apache.logging.log4j.core.config.plugins.util.PluginType
  95:            91           5824  java.net.URL
  96:           141           5640  java.util.WeakHashMap$Entry
  97:           166           5312  java.security.CodeSource
  98:           332           5312  org.apache.flink.configuration.description.Description
  99:           216           5184  com.typesafe.config.impl.ConfigString$Unquoted
 100:            50           5152  [Ljava.lang.ThreadLocal$ThreadLocalMap$Entry;
 101:           319           5104  java.util.HashSet
 102:           127           5080  java.lang.invoke.MethodHandleImpl$AsVarargsCollector
 103:           205           4920  java.lang.invoke.LambdaForm$NamedFunction
 104:           302           4832  java.util.HashMap$Values
 105:           201           4824  javax.management.ImmutableDescriptor
 106:           301           4816  com.typesafe.config.impl.SimpleConfig
 107:           194           4656  java.util.concurrent.CompletableFuture
 108:           114           4560  java.io.ObjectStreamClass$FieldReflectorKey
 109:            94           4512  java.lang.invoke.BoundMethodHandle$Species_L4
 110:           184           4416  java.time.LocalDateTime
 111:           149           4408  [Ljava.io.ObjectStreamField;
 112:           183           4392  sun.reflect.generics.tree.SimpleClassTypeSignature
 113:           181           4344  java.util.concurrent.locks.AbstractQueuedSynchronizer$ConditionObject
 114:             8           4288  [Lorg.apache.flink.runtime.state.heap.HeapPriorityQueueElement;
 115:           178           4272  org.apache.logging.log4j.message.DefaultFlowMessageFactory
 116:           178           4272  org.apache.logging.log4j.spi.AbstractLogger$LocalLogBuilder
 117:             8           4224  [Ljava.util.HashMap;
 118:            11           4224  akka.dispatch.MonitorableThreadFactory$AkkaForkJoinWorkerThread
 119:           176           4224  org.apache.logging.slf4j.Log4jLogger
 120:           262           4192  java.util.concurrent.atomic.AtomicInteger
 121:           130           4160  com.sun.jmx.mbeanserver.ConvertingMethod
 122:             2           4128  [Lakka.actor.LightArrayRevolverScheduler$TaskQueue;
 123:             2           4128  [Lorg.jboss.netty.util.HashedWheelTimer$HashedWheelBucket;
 124:           129           4128  java.lang.StackTraceElement
 125:           119           4096  [Lscala.collection.immutable.HashMap;
 126:           256           4096  java.lang.Byte
 127:           256           4096  java.lang.Short
 128:            23           4048  [Lorg.apache.flink.shaded.netty4.io.netty.buffer.PoolSubpage;
 129:           247           3952  java.util.HashMap$KeySet
 130:           162           3888  org.apache.flink.metrics.SimpleCounter
 131:            96           3840  java.util.TreeMap$Entry
 132:           117           3744  java.lang.ref.WeakReference
 133:           233           3728  java.util.concurrent.locks.ReentrantLock
 134:           116           3712  java.lang.ref.ReferenceQueue
 135:           154           3696  java.util.LinkedList$Node
 136:           152           3648  [Ljava.util.Map;
 137:            76           3648  java.util.WeakHashMap
 138:           148           3552  sun.reflect.annotation.AnnotationInvocationHandler
 139:            40           3520  akka.actor.ActorCell
 140:            47           3512  [Ljava.lang.invoke.MethodHandle;
 141:           142           3408  com.typesafe.config.impl.ConfigInt
 142:            22           3344  org.apache.flink.shaded.netty4.io.netty.buffer.PoolArena$DirectArena
 143:           183           3328  [Lsun.reflect.generics.tree.TypeArgument;
 144:           101           3232  java.lang.invoke.DirectMethodHandle$Special
 145:            63           3160  [Ljavax.management.MBeanAttributeInfo;
 146:            56           3136  sun.nio.cs.UTF_8$Encoder
 147:            38           3040  java.util.concurrent.ThreadPoolExecutor
 148:            62           2976  javax.management.MBeanInfo
 149:            92           2944  org.apache.flink.shaded.netty4.io.netty.util.internal.LongAdderCounter
 150:           182           2912  sun.reflect.generics.tree.ClassTypeSignature
 151:           121           2904  scala.concurrent.duration.FiniteDuration
 152:            45           2880  javax.management.openmbean.OpenMBeanAttributeInfoSupport
 153:           120           2880  org.apache.flink.shaded.netty4.io.netty.channel.unix.FileDescriptor
 154:           119           2856  scala.collection.immutable.HashMap$HashTrieMap
 155:           118           2832  java.lang.Class$AnnotationData
 156:           177           2832  org.apache.logging.log4j.message.ReusableMessageFactory
 157:            88           2816  java.util.LinkedList
 158:            88           2816  javax.management.MBeanAttributeInfo
 159:           113           2712  java.util.concurrent.atomic.AtomicLong
 160:             7           2688  org.apache.flink.streaming.runtime.tasks.SourceStreamTask$LegacySourceFunctionThread
 161:           167           2672  [Ljava.security.Principal;
 162:           167           2672  java.security.ProtectionDomain$Key
 163:           167           2672  java.util.HashMap$EntrySet
 164:            54           2592  sun.net.www.MimeEntry
 165:           137           2568  [Lcom.sun.jmx.mbeanserver.MXBeanMapping;
 166:            64           2560  java.io.ObjectStreamClass$FieldReflector
 167:            95           2528  [Ljavax.management.ObjectName$Property;
 168:            79           2528  java.util.concurrent.locks.AbstractQueuedSynchronizer$Node
 169:            31           2480  [Ljava.util.concurrent.RunnableScheduledFuture;
 170:           103           2472  java.time.LocalDate
 171:           103           2472  java.util.ArrayDeque
 172:           101           2424  java.util.Arrays$ArrayList
 173:            39           2416  [Ljava.math.BigInteger;
 174:            97           2328  javax.management.ObjectName$Property
 175:            12           2304  org.apache.flink.runtime.taskmanager.Task
 176:            71           2272  akka.actor.ChildActorPath
 177:            94           2240  [Ljava.lang.reflect.Type;
 178:            92           2208  org.apache.flink.core.fs.CloseableRegistry
 179:            68           2176  org.apache.flink.runtime.metrics.dump.QueryScopeInfo$TaskQueryScopeInfo
 180:             4           2112  [Lorg.apache.flink.runtime.state.heap.StateMap;
 181:            66           2112  java.util.concurrent.CountDownLatch$Sync
 182:            24           2112  org.apache.flink.streaming.runtime.tasks.SystemProcessingTimeService$ScheduledTaskExecutor
 183:            44           2112  sun.util.locale.LocaleObjectCache$CacheEntry
 184:            87           2088  sun.reflect.NativeConstructorAccessorImpl
 185:            52           2080  java.util.Collections$SingletonMap
 186:            86           2064  java.util.concurrent.ConcurrentLinkedQueue$Node
 187:           128           2048  java.lang.Character
 188:            21           2016  java.util.jar.JarFile$JarFileEntry
 189:            62           1984  org.apache.flink.streaming.runtime.tasks.mailbox.MailboxExecutorImpl
 190:             5           1960  org.apache.flink.runtime.io.network.api.writer.RecordWriter$OutputFlusher
 191:            35           1960  sun.misc.URLClassPath$JarLoader
 192:            81           1944  org.apache.flink.configuration.FallbackKey
 193:            48           1920  javax.management.ObjectName
 194:            40           1920  org.apache.flink.shaded.netty4.io.netty.util.collection.IntObjectHashMap
 195:           118           1888  java.lang.ref.ReferenceQueue$Lock
 196:            77           1848  [Lorg.apache.flink.configuration.FallbackKey;
 197:            30           1680  java.security.Provider$Service
 198:            35           1680  java.util.zip.Inflater
 199:            16           1664  org.apache.logging.log4j.core.impl.MutableLogEvent
 200:            69           1656  java.security.Provider$ServiceKey
 201:            69           1656  java.util.jar.Attributes$Name
 202:            34           1632  java.nio.HeapByteBuffer
 203:            50           1600  org.apache.flink.runtime.jobgraph.OperatorID
 204:            25           1600  org.apache.flink.runtime.metrics.groups.InternalOperatorMetricGroup
 205:            25           1600  org.apache.flink.streaming.api.operators.StreamingRuntimeContext
 206:            40           1600  sun.management.DiagnosticCommandArgumentInfo
 207:           100           1600  sun.reflect.BootstrapConstructorAccessorImpl
 208:            99           1584  java.util.Collections$SingletonSet
 209:             1           1568  [[B
 210:            49           1568  org.apache.flink.shaded.netty4.io.netty.channel.ChannelOption
 211:            49           1568  sun.reflect.generics.repository.ClassRepository
 212:             5           1560  akka.dispatch.ForkJoinExecutorConfigurator$AkkaForkJoinPool
 213:            32           1536  java.util.logging.LogManager$LoggerWeakRef
 214:            12           1536  org.apache.flink.runtime.taskmanager.RuntimeEnvironment
 215:            38           1520  akka.actor.Deploy
 216:            19           1520  org.apache.logging.log4j.core.util.datetime.FixedDateFormat
 217:            95           1520  sun.reflect.DelegatingConstructorAccessorImpl
 218:            31           1488  java.util.concurrent.ThreadPoolExecutor$Worker
 219:            23           1472  java.util.jar.JarFile
 220:            36           1440  java.security.AccessControlContext
 221:            30           1440  java.time.temporal.ValueRange
 222:             1           1376  [Lsun.misc.FDBigInteger;
 223:            43           1376  akka.actor.Props
 224:            12           1344  org.apache.flink.api.common.ExecutionConfig
 225:            42           1344  org.apache.flink.shaded.netty4.io.netty.util.concurrent.DefaultPromise
 226:            24           1344  sun.util.calendar.ZoneInfo
 227:            41           1312  java.io.File
 228:            54           1296  sun.reflect.generics.factory.CoreReflectionFactory
 229:            16           1280  [Lscala.collection.mutable.HashEntry;
 230:            40           1280  akka.dispatch.Dispatcher$$anon$1
 231:            32           1280  java.lang.invoke.DirectMethodHandle$Interface
 232:            40           1280  org.apache.flink.shaded.netty4.io.netty.channel.epoll.EpollEventArray
 233:            40           1280  org.apache.flink.streaming.api.windowing.windows.TimeWindow
 234:            40           1280  org.apache.logging.log4j.core.config.builder.api.Component
 235:            31           1240  sun.nio.cs.UTF_8$Decoder
 236:            77           1232  java.util.LinkedHashMap$LinkedKeySet
 237:            77           1232  scala.Some
 238:            51           1224  java.io.ObjectStreamClass$ClassDataSlot
 239:            38           1216  akka.actor.ChildRestartStats
 240:            38           1216  org.apache.flink.configuration.MemorySize
 241:            30           1200  akka.actor.Address
 242:            50           1200  java.lang.ThreadLocal$ThreadLocalMap
 243:            30           1200  java.math.BigDecimal
 244:            30           1200  java.time.temporal.ChronoField
 245:            50           1200  org.apache.flink.api.common.eventtime.CombinedWatermarkStatus$PartialWatermark
 246:            25           1200  org.apache.flink.runtime.state.DefaultOperatorStateBackend
 247:            37           1184  java.util.regex.Pattern$Curly
 248:             7           1176  org.apache.flink.streaming.runtime.tasks.SourceStreamTask
 249:            21           1176  org.apache.logging.log4j.core.util.datetime.FixedDateFormat$FixedFormat
 250:            49           1176  sun.reflect.generics.reflectiveObjects.ParameterizedTypeImpl
 251:            49           1176  sun.reflect.generics.tree.ClassSignature
 252:            47           1168  [Ljavax.management.MBeanOperationInfo;
 253:            49           1168  [Lsun.reflect.generics.tree.ClassTypeSignature;
 254:            48           1152  sun.reflect.generics.scope.ClassScope
 255:            47           1128  com.typesafe.config.impl.Path
 256:            47           1128  com.typesafe.config.impl.SimpleConfigList
 257:            69           1104  java.util.LinkedHashSet
 258:            23           1104  java.util.concurrent.LinkedBlockingQueue
 259:            23           1104  sun.management.DiagnosticCommandInfo
 260:            45           1080  akka.actor.LightArrayRevolverScheduler$TaskHolder
 261:            15           1080  java.util.logging.Logger
 262:            15           1080  org.apache.logging.log4j.core.config.LoggerConfig
 263:             2           1056  [Ljava.util.TimerTask;
 264:            44           1056  com.sun.jmx.mbeanserver.NamedObject
 265:            66           1056  com.sun.proxy.$Proxy1
 266:            66           1056  java.util.concurrent.CountDownLatch
 267:             1           1040  [Ljava.lang.Byte;
 268:             1           1040  [Ljava.lang.Integer;
 269:             1           1040  [Ljava.lang.Long;
 270:             1           1040  [Ljava.lang.Short;
 271:            41           1024  [Lorg.apache.flink.configuration.description.InlineElement;
 272:            32           1024  org.apache.flink.api.common.JobID
 273:            32           1024  org.apache.flink.util.concurrent.ExecutorThreadFactory
 274:            32           1024  scala.collection.immutable.RedBlackTree$BlackTree
 275:            14           1008  java.util.regex.Pattern
 276:            25           1000  org.apache.flink.runtime.metrics.groups.InternalOperatorIOMetricGroup
 277:            25           1000  org.apache.flink.streaming.api.operators.StreamTaskStateInitializerImpl$StreamOperatorStateContextImpl
 278:            25           1000  org.apache.flink.streaming.runtime.tasks.StreamOperatorWrapper
 279:            25           1000  org.apache.flink.streaming.util.LatencyStats
 280:            31            992  java.util.concurrent.ScheduledThreadPoolExecutor$DelayedWorkQueue
 281:            31            992  java.util.logging.LogManager$LogNode
 282:            31            992  javax.management.MBeanParameterInfo
 283:            41            984  java.util.Collections$UnmodifiableRandomAccessList
 284:            41            984  java.util.regex.Pattern$GroupHead
 285:            41            984  java.util.regex.Pattern$GroupTail
 286:            40            968  [Ljava.io.ObjectStreamClass$ClassDataSlot;
 287:            20            960  akka.actor.RepointableActorRef
 288:            30            960  java.security.Provider$EngineDescription
 289:            30            960  java.util.zip.ZipCoder
 290:            24            960  org.apache.flink.runtime.metrics.TimerGauge
 291:            12            960  org.apache.flink.runtime.metrics.groups.TaskMetricGroup
 292:            40            960  org.apache.flink.shaded.netty4.io.netty.util.internal.ThreadExecutorMap$1
 293:            29            952  [Ljava.time.format.DateTimeFormatterBuilder$DateTimePrinterParser;
 294:            55            952  [Lsun.reflect.generics.tree.FormalTypeParameter;
 295:            29            928  org.apache.flink.util.AbstractID
 296:            38            912  akka.dispatch.UnboundedMailbox$MessageQueue
 297:            38            912  java.time.Duration
 298:             9            896  [D
 299:            10            880  akka.dispatch.Dispatcher
 300:            22            880  javax.management.MBeanOperationInfo
 301:            22            880  sun.util.locale.BaseLocale$Key
 302:            27            864  java.util.concurrent.FutureTask
 303:            12            864  org.apache.flink.runtime.metrics.groups.TaskIOMetricGroup
 304:            12            864  org.apache.flink.streaming.runtime.tasks.SubtaskCheckpointCoordinatorImpl
 305:            18            864  sun.misc.URLClassPath
 306:            12            864  sun.nio.ch.EPollArrayWrapper
 307:            12            864  sun.nio.ch.EPollSelectorImpl
 308:            15            840  java.lang.Class$ReflectionData
 309:            35            840  java.util.zip.ZStreamRef
 310:            15            840  javax.management.openmbean.ArrayType
 311:            26            832  java.lang.reflect.WeakCache$CacheValue
 312:            26            832  java.time.format.DateTimeFormatterBuilder$NumberPrinterParser
 313:            52            832  sun.reflect.DelegatingMethodAccessorImpl
 314:            34            816  java.lang.ProcessEnvironment$Value
 315:            34            816  java.lang.ProcessEnvironment$Variable
 316:            51            816  java.lang.ThreadLocal
 317:            17            816  java.nio.HeapCharBuffer
 318:            34            816  java.util.concurrent.CopyOnWriteArrayList
 319:            34            816  org.apache.flink.shaded.netty4.io.netty.util.internal.logging.LocationAwareSlf4JLogger
 320:            20            800  com.sun.jmx.mbeanserver.MXBeanSupport
 321:            25            800  org.apache.flink.api.common.eventtime.CombinedWatermarkStatus
 322:            25            800  org.apache.flink.runtime.metrics.dump.QueryScopeInfo$OperatorQueryScopeInfo
 323:            25            800  org.apache.flink.runtime.state.SnapshotStrategyRunner
 324:            50            800  org.apache.flink.streaming.api.graph.StreamConfig
 325:            25            800  org.apache.flink.streaming.api.operators.StreamOperatorStateHandler
 326:             5            800  org.apache.flink.streaming.runtime.tasks.OneInputStreamTask
 327:            25            800  org.apache.flink.streaming.runtime.tasks.ProcessingTimeServiceImpl
 328:            33            792  java.lang.StringBuilder
 329:            33            792  java.util.Collections$SingletonList
 330:            49            784  com.sun.proxy.$Proxy2
 331:            14            784  scala.collection.immutable.Vector
 332:             3            768  [Ljava.time.LocalDateTime;
 333:            32            768  com.sun.jmx.mbeanserver.DefaultMXBeanMappingFactory$IdentityMapping
 334:            32            768  com.typesafe.config.impl.ConfigBoolean
 335:            48            768  java.lang.Boolean
 336:            24            768  java.lang.reflect.Proxy$Key1
 337:             2            768  java.util.TimerThread
 338:            24            768  java.util.regex.Pattern$Branch
 339:            24            768  org.apache.flink.runtime.metrics.groups.TaskIOMetricGroup$SumCounter
 340:            24            768  org.apache.flink.streaming.runtime.streamrecord.StreamRecord
 341:            12            768  org.apache.flink.streaming.runtime.tasks.SubtaskCheckpointCoordinatorImpl$1
 342:            24            768  org.apache.flink.streaming.runtime.tasks.SystemProcessingTimeService
 343:            16            768  org.apache.logging.log4j.message.ReusableParameterizedMessage
 344:            32            768  scala.collection.immutable.HashSet$HashSet1
 345:            19            760  org.apache.logging.log4j.core.pattern.DatePatternConverter$FixedFormatter
 346:             2            752  org.apache.logging.log4j.core.util.Log4jThread
 347:            23            736  java.util.concurrent.atomic.AtomicReferenceFieldUpdater$AtomicReferenceFieldUpdaterImpl
 348:            23            736  sun.management.DiagnosticCommandImpl$Wrapper
 349:            30            720  java.lang.invoke.Invokers
 350:            15            720  java.lang.management.PlatformComponent
 351:            10            720  java.util.concurrent.ScheduledThreadPoolExecutor$ScheduledFutureTask
 352:            45            720  java.util.concurrent.atomic.AtomicReference
 353:            30            720  org.apache.flink.streaming.runtime.metrics.WatermarkGauge
 354:            30            720  scala.collection.mutable.DefaultEntry
 355:            22            704  sun.reflect.annotation.AnnotationType
 356:            22            704  sun.util.locale.BaseLocale
 357:            29            696  java.time.format.DateTimeFormatterBuilder$CompositePrinterParser
 358:            29            696  java.util.BitSet
 359:             9            688  [Ljava.lang.StackTraceElement;
 360:            17            680  com.sun.jmx.mbeanserver.PerInterface
 361:            17            680  com.typesafe.config.impl.SimpleConfig$MemoryUnit
 362:            17            680  java.time.format.DateTimeFormatter
 363:            17            680  java.util.concurrent.CompletableFuture$UniWhenComplete
 364:            21            672  com.sun.jmx.mbeanserver.WeakIdentityHashMap$IdentityWeakReference
 365:            28            672  java.security.Provider$UString
 366:             7            672  org.apache.flink.runtime.execution.librarycache.FlinkUserCodeClassLoaders$ParentFirstClassLoader
 367:             7            672  org.apache.flink.runtime.execution.librarycache.FlinkUserCodeClassLoaders$SafetyNetWrapperClassLoader
 368:            21            672  org.apache.flink.runtime.state.StateSerializerProvider$EagerlyRegisteredStateSerializerProvider
 369:            12            672  org.apache.flink.streaming.runtime.tasks.RegularOperatorChain
 370:             4            656  [Ljava.lang.Thread;
 371:            27            648  akka.actor.Scheduler$$anon$6
 372:            27            648  java.time.LocalTime
 373:             9            648  org.apache.flink.api.java.typeutils.runtime.kryo.KryoSerializer
 374:            27            648  org.apache.flink.runtime.rpc.messages.RunAsync
 375:            16            640  akka.util.SubclassifiedIndex$Nonroot
 376:            20            640  java.net.InetAddress$InetAddressHolder
 377:            20            640  java.util.Locale
 378:            20            640  java.util.concurrent.SynchronousQueue
 379:            10            640  org.apache.flink.runtime.io.network.buffer.LocalBufferPool
 380:            40            640  org.apache.flink.shaded.netty4.io.netty.channel.epoll.EpollEventLoop$1
 381:            40            640  org.apache.flink.shaded.netty4.io.netty.util.collection.IntObjectHashMap$1
 382:            40            640  org.apache.flink.shaded.netty4.io.netty.util.collection.IntObjectHashMap$EntrySet
 383:            40            640  org.apache.flink.shaded.netty4.io.netty.util.collection.IntObjectHashMap$KeySet
 384:            16            640  org.jboss.netty.util.internal.ConcurrentIdentityWeakKeyHashMap$Segment
 385:             3            624  [Ljava.lang.invoke.LambdaForm;
 386:            26            624  [Ljavax.management.MBeanParameterInfo;
 387:            26            624  akka.actor.ArgsReflectConstructor
 388:            26            624  akka.dispatch.CachingConfig$StringPathEntry
 389:            39            624  java.util.jar.Attributes
 390:            19            608  java.util.Stack
 391:            38            608  org.apache.flink.configuration.Configuration
 392:            25            600  [Lorg.apache.flink.api.common.eventtime.CombinedWatermarkStatus$PartialWatermark;
 393:            25            600  com.sun.jmx.mbeanserver.PerInterface$MethodAndSig
 394:            25            600  java.lang.Double
 395:            15            600  java.lang.invoke.MethodHandleImpl$IntrinsicMethodHandle
 396:            15            600  java.util.IdentityHashMap
 397:            25            600  java.util.concurrent.LinkedBlockingQueue$Node
 398:            25            600  org.apache.flink.api.common.eventtime.IndexedCombinedWatermarkStatus
 399:             5            600  org.apache.flink.runtime.io.network.partition.PipelinedResultPartition
 400:             5            600  org.apache.flink.runtime.io.network.partition.consumer.SingleInputGate
 401:            25            600  org.apache.flink.runtime.state.DefaultOperatorStateBackendSnapshotStrategy
 402:            25            600  org.apache.flink.streaming.api.operators.CountingOutput
 403:            25            600  org.apache.flink.streaming.api.operators.StreamTaskStateInitializerImpl$1
 404:            25            600  org.apache.flink.streaming.api.operators.StreamTaskStateInitializerImpl$2
 405:            25            600  org.apache.flink.streaming.runtime.tasks.StreamTask$$Lambda$637/2094958888
 406:            24            592  [Ljava.util.regex.Pattern$Node;
 407:            37            592  org.apache.flink.configuration.description.LineBreakElement
 408:            13            584  [Ljava.lang.reflect.Method;
 409:            23            584  [Ljava.security.ProtectionDomain;
 410:            26            584  [Ljavax.management.MBeanNotificationInfo;
 411:            18            576  java.io.FileDescriptor
 412:            18            576  java.security.Permissions
 413:            24            576  java.util.AbstractMap$SimpleImmutableEntry
 414:            18            576  org.apache.flink.api.java.typeutils.runtime.KryoRegistration
 415:            18            576  org.apache.flink.api.java.typeutils.runtime.TupleSerializer
 416:            24            576  org.apache.flink.runtime.taskmanager.DispatcherThreadFactory
 417:            12            576  org.apache.flink.runtime.throughput.ThroughputCalculator
 418:             4            576  org.apache.flink.streaming.runtime.operators.windowing.WindowOperator
 419:             7            560  java.util.concurrent.ScheduledThreadPoolExecutor
 420:            14            560  javax.management.openmbean.SimpleType
 421:             7            560  org.apache.flink.streaming.api.operators.StreamSink
 422:             7            560  org.apache.flink.streaming.api.operators.StreamSource
 423:            10            560  sun.invoke.util.Wrapper
 424:             7            560  sun.net.www.protocol.jar.URLJarFile
 425:            23            552  [Lsun.management.DiagnosticCommandArgumentInfo;
 426:            23            552  java.io.ObjectStreamClass$ExceptionInfo
 427:            17            544  org.apache.flink.runtime.clusterframework.types.AllocationID
 428:            17            544  sun.nio.fs.UnixPath
 429:             1            528  [Ljava.lang.Character;
 430:            22            528  com.sun.jmx.mbeanserver.StandardMBeanSupport
 431:            33            528  java.util.LinkedHashMap$LinkedEntrySet
 432:            33            528  java.util.Optional
 433:            22            528  java.util.regex.Pattern$BitClass
 434:            22            528  org.apache.logging.log4j.core.pattern.PatternFormatter
 435:            22            528  sun.reflect.NativeMethodAccessorImpl
 436:            13            520  org.apache.flink.streaming.runtime.tasks.CopyingChainingOutput
 437:            16            512  akka.event.BusLogging
 438:             4            512  akka.remote.RemoteSettings
 439:            16            512  java.io.FilePermission
 440:            16            512  java.time.temporal.ChronoUnit
 441:             8            512  org.jboss.netty.channel.socket.nio.NioWorker
 442:            21            504  java.util.Locale$LocaleKey
 443:             9            504  javax.management.openmbean.CompositeType
 444:            21            504  org.apache.flink.runtime.metrics.dump.QueryScopeInfo$TaskManagerQueryScopeInfo
 445:             7            504  org.apache.flink.streaming.api.operators.StreamMap
 446:            21            504  scala.collection.immutable.TreeMap
 447:            31            496  org.apache.flink.runtime.io.AvailabilityProvider$AvailabilityHelper
 448:            15            480  akka.actor.OneForOneStrategy
 449:            15            480  java.util.Random
 450:            12            480  java.util.concurrent.CompletableFuture$UniRun
 451:            12            480  org.apache.flink.api.common.TaskInfo
 452:            15            480  org.apache.flink.runtime.jobgraph.IntermediateDataSetID
 453:            12            480  org.apache.flink.runtime.state.TaskStateManagerImpl
 454:            12            480  org.apache.flink.runtime.state.heap.CopyOnWriteStateMap$StateMapEntry
 455:             5            480  org.apache.flink.runtime.state.heap.HeapKeyedStateBackend
 456:            12            480  org.apache.flink.streaming.runtime.tasks.mailbox.TaskMailboxImpl
 457:            12            480  org.apache.flink.util.XORShiftRandom
 458:            10            480  org.apache.logging.log4j.core.lookup.ConfigurationStrSubstitutor
 459:            20            480  scala.PartialFunction$OrElse
 460:            12            480  scala.collection.mutable.HashMap
 461:             6            456  [Lsun.invoke.util.Wrapper;
 462:            19            456  java.util.concurrent.Executors$RunnableAdapter
 463:            19            456  java.util.regex.Pattern$Ctype
 464:             4            448  [Ljava.time.ZoneOffset;
 465:            14            448  akka.event.MarkerLoggingAdapter
 466:             8            448  javax.management.openmbean.OpenMBeanParameterInfoSupport
 467:            28            448  org.apache.flink.api.common.typeutils.base.StringSerializer
 468:             7            448  org.apache.flink.runtime.metrics.groups.TaskManagerJobMetricGroup
 469:             8            448  org.apache.flink.runtime.rpc.akka.FencedAkkaInvocationHandler
 470:             7            448  org.apache.flink.runtime.taskexecutor.DefaultJobLeaderService$JobManagerRetryingRegistration
 471:            14            448  org.apache.logging.log4j.core.config.AwaitCompletionReliabilityStrategy
 472:            28            448  scala.collection.immutable.Set$Set1
 473:            22            432  [Ljavax.management.MBeanConstructorInfo;
 474:            18            432  [Lorg.apache.flink.api.common.typeutils.TypeSerializer;
 475:            18            432  akka.actor.LocalActorRef
 476:            18            432  java.lang.RuntimePermission
 477:            18            432  java.util.Collections$SetFromMap
 478:             9            432  java.util.Properties
 479:            20            424  [Lsun.reflect.generics.tree.FieldTypeSignature;
 480:            13            416  akka.actor.RootActorPath
 481:            13            416  akka.dispatch.MonitorableThreadFactory
 482:            13            416  java.lang.invoke.SimpleMethodHandle
 483:            13            416  javax.management.MBeanNotificationInfo
 484:            13            416  sun.nio.fs.NativeBuffer
 485:            17            408  com.typesafe.config.impl.TokenType
 486:            17            408  java.lang.management.ManagementPermission
 487:            17            408  sun.nio.fs.NativeBuffer$Deallocator
 488:            10            400  java.lang.invoke.DirectMethodHandle$Accessor
 489:             5            400  java.net.URI
 490:            10            400  java.util.EnumMap
 491:            25            400  org.apache.flink.api.common.cache.DistributedCache
 492:            25            400  org.apache.flink.runtime.state.JavaSerializer
 493:             5            400  org.apache.flink.streaming.runtime.io.checkpointing.CheckpointBarrierTracker
 494:            16            384  [Ljava.io.File;
 495:            16            384  [Lorg.jboss.netty.util.internal.ConcurrentIdentityWeakKeyHashMap$HashEntry;
 496:            12            384  akka.actor.Scheduler$$anon$1$$anon$2
 497:             8            384  akka.remote.RemoteActorRef
 498:            16            384  java.io.FilePermissionCollection
 499:             1            384  java.lang.ref.Finalizer$FinalizerThread
 500:            16            384  java.util.concurrent.ConcurrentLinkedQueue
 501:             1            384  java.util.logging.LogManager$Cleaner
 502:            24            384  java.util.regex.Pattern$BranchConn
 503:            16            384  java.util.regex.Pattern$Ques
 504:             1            384  org.apache.flink.core.fs.SafetyNetCloseableRegistry$CloseableReaperThread
 505:             6            384  org.apache.flink.runtime.heartbeat.HeartbeatMonitorImpl
 506:             1            384  org.apache.flink.runtime.io.disk.iomanager.IOManagerAsync$ReaderThread
 507:             1            384  org.apache.flink.runtime.io.disk.iomanager.IOManagerAsync$WriterThread
 508:            16            384  org.apache.flink.runtime.io.network.metrics.CreditBasedInputBuffersUsageGauge
 509:            12            384  org.apache.flink.runtime.jobgraph.JobVertexID
 510:            12            384  org.apache.flink.runtime.query.TaskKvStateRegistry
 511:            12            384  org.apache.flink.runtime.state.LocalRecoveryDirectoryProviderImpl
 512:            12            384  org.apache.flink.runtime.state.memory.MemoryBackendCheckpointStorageAccess
 513:            12            384  org.apache.flink.runtime.state.metrics.LatencyTrackingStateConfig$Builder
 514:            12            384  org.apache.flink.runtime.taskexecutor.rpc.RpcInputSplitProvider
 515:            12            384  org.apache.flink.runtime.throughput.ThroughputEMA
 516:             1            384  org.apache.flink.runtime.util.JvmShutdownSafeguard
 517:            12            384  org.apache.flink.streaming.api.operators.StreamTaskStateInitializerImpl
 518:            24            384  org.apache.flink.streaming.runtime.tasks.StreamTask$$Lambda$631/1625168412
 519:            12            384  org.apache.flink.streaming.runtime.tasks.mailbox.MailboxProcessor
 520:            24            384  org.apache.logging.log4j.core.lookup.SystemPropertiesLookup
 521:            16            384  org.apache.logging.log4j.core.time.MutableInstant
 522:            16            384  scala.collection.immutable.Map$Map1
 523:            16            384  sun.misc.MetaIndex
 524:            12            384  sun.nio.ch.AllocatedNativeObject
 525:            16            384  sun.nio.ch.OptionKey
 526:            16            384  sun.nio.ch.SocketOptionRegistry$RegistryKey
 527:             1            376  java.lang.ref.Reference$ReferenceHandler
 528:             2            368  akka.remote.serialization.MiscMessageSerializer
 529:            23            368  java.time.format.DateTimeFormatterBuilder$CharLiteralPrinterParser
 530:            23            368  java.util.Collections$UnmodifiableSet
 531:            15            360  java.net.InetSocketAddress$InetSocketAddressHolder
 532:            15            360  java.util.regex.Pattern$SingleI
 533:            15            360  javax.management.StandardMBean
 534:             5            360  org.apache.flink.runtime.io.network.partition.PipelinedSubpartition
 535:             5            360  org.apache.flink.runtime.io.network.partition.consumer.LocalInputChannel
 536:             2            352  akka.remote.EndpointWriter
 537:            22            352  akka.util.Timeout
 538:            11            352  java.util.UUID
 539:            11            352  java.util.regex.Pattern$3
 540:            11            352  org.apache.flink.streaming.api.operators.TimerHeapInternalTimer
 541:            11            352  sun.reflect.generics.reflectiveObjects.TypeVariableImpl
 542:             7            336  com.sun.jmx.mbeanserver.DefaultMXBeanMappingFactory$CompositeMapping
 543:            14            336  java.lang.invoke.LambdaFormEditor$Transform$Kind
 544:             3            336  java.net.SocksSocketImpl
 545:             6            336  java.nio.DirectLongBufferU
 546:            14            336  java.util.regex.Pattern$Single
 547:             6            336  java.util.zip.ZipFile$ZipFileInflaterInputStream
 548:             6            336  java.util.zip.ZipFile$ZipFileInputStream
 549:             7            336  org.apache.flink.runtime.memory.MemoryManager
 550:             7            336  org.apache.flink.runtime.taskexecutor.DefaultJobLeaderService$JobManagerLeaderListener$JobManagerRegisteredRpcConnection
 551:             2            336  org.apache.logging.log4j.core.config.properties.PropertiesConfiguration
 552:            14            336  org.apache.logging.log4j.core.jmx.LoggerConfigAdmin
 553:            14            336  org.jboss.netty.util.ThreadRenamingRunnable
 554:            14            336  scala.collection.generic.GenTraversableFactory$$anon$1
 555:             6            336  sun.management.MemoryPoolImpl
 556:            16            328  [Ljava.lang.management.PlatformComponent;
 557:            20            320  akka.actor.dungeon.ChildrenContainer$NormalChildrenContainer
 558:            10            320  akka.dispatch.Dispatcher$LazyExecutorServiceDelegate
 559:            10            320  com.typesafe.config.impl.ConfigDouble
 560:            10            320  com.typesafe.config.impl.Token
 561:            10            320  java.lang.OutOfMemoryError
 562:             8            320  java.lang.invoke.DirectMethodHandle$Constructor
 563:             8            320  java.util.concurrent.CompletableFuture$UniApply
 564:            20            320  java.util.concurrent.SynchronousQueue$TransferStack
 565:            10            320  java.util.concurrent.atomic.AtomicIntegerFieldUpdater$AtomicIntegerFieldUpdaterImpl
 566:             8            320  org.apache.flink.runtime.clusterframework.types.ResourceProfile
 567:             8            320  org.apache.flink.runtime.state.heap.HeapPriorityQueueSet
 568:             4            320  org.apache.flink.streaming.api.operators.InternalTimerServiceImpl
 569:             8            320  org.jboss.netty.channel.DefaultChannelPipeline$DefaultChannelHandlerContext
 570:            10            320  scala.collection.immutable.Map$Map2
 571:            20            320  scala.concurrent.impl.Promise$DefaultPromise
 572:            13            312  akka.dispatch.CachingConfig$ValuePathEntry
 573:            13            312  java.net.Inet4Address
 574:            13            312  java.util.Collections$SynchronizedSet
 575:             1            312  java.util.concurrent.ForkJoinPool
 576:            13            312  org.apache.flink.runtime.checkpoint.TaskStateSnapshot
 577:            16            304  [Lorg.apache.flink.runtime.io.network.partition.ResultPartition;
 578:            16            304  [Lorg.apache.flink.runtime.io.network.partition.consumer.SingleInputGate;
 579:            19            304  org.apache.flink.api.common.typeutils.base.IntSerializer
 580:            12            288  akka.actor.Scheduler$$anon$1
 581:            12            288  akka.actor.Scheduler$$anon$3
 582:            12            288  akka.dispatch.CachingConfig
 583:            12            288  akka.japi.pf.UnitCaseStatement
 584:             9            288  java.io.FileInputStream
 585:            12            288  java.time.Month
 586:            12            288  java.time.ZoneOffset
 587:             9            288  java.util.logging.Level
 588:            12            288  java.util.regex.Pattern$Start
 589:             9            288  jdk.internal.org.objectweb.asm.Type
 590:            12            288  org.apache.flink.api.common.time.Time
 591:            12            288  org.apache.flink.runtime.accumulators.AccumulatorRegistry
 592:            12            288  org.apache.flink.runtime.blob.PermanentBlobKey
 593:            12            288  org.apache.flink.runtime.checkpoint.channel.SequentialChannelStateReaderImpl
 594:            12            288  org.apache.flink.runtime.state.LocalRecoveryConfig
 595:            12            288  org.apache.flink.runtime.state.storage.ExternalizedSnapshotLocation
 596:            12            288  org.apache.flink.runtime.state.storage.JobManagerCheckpointStorage
 597:            12            288  org.apache.flink.runtime.taskexecutor.TaskExecutor$$Lambda$598/556313092
 598:            12            288  org.apache.flink.runtime.taskexecutor.rpc.RpcTaskOperatorEventGateway
 599:            12            288  org.apache.flink.shaded.guava30.com.google.common.io.Closer
 600:            12            288  org.apache.flink.streaming.runtime.tasks.OperatorEventDispatcherImpl
 601:            12            288  org.apache.flink.streaming.runtime.tasks.SubtaskCheckpointCoordinatorImpl$CachingCheckpointStorageWorkerView
 602:            12            288  org.apache.flink.streaming.runtime.tasks.mailbox.MailboxProcessor$DefaultActionSuspension
 603:            12            288  org.apache.logging.log4j.core.lookup.Interpolator
 604:            12            288  org.jboss.netty.util.internal.DeadLockProofWorker$1
 605:             9            288  sun.security.jca.ProviderConfig
 606:             5            280  org.apache.flink.runtime.io.network.api.writer.ChannelSelectorRecordWriter
 607:             7            280  org.apache.flink.runtime.taskexecutor.DefaultJobLeaderService$JobManagerLeaderListener
 608:             7            280  org.apache.flink.streaming.runtime.tasks.SystemProcessingTimeService$ScheduledTask
 609:             7            280  org.apache.logging.log4j.core.config.Node
 610:            17            272  org.apache.flink.runtime.executiongraph.ExecutionAttemptID
 611:             2            272  org.apache.flink.shaded.netty4.io.netty.util.internal.InternalThreadLocalMap
 612:            17            272  org.jboss.netty.logging.Slf4JLogger
 613:            11            264  [Ljava.lang.reflect.Constructor;
 614:            11            264  akka.util.WildcardTree
 615:            11            264  com.typesafe.config.impl.ConfigReference
 616:            11            264  com.typesafe.config.impl.SubstitutionExpression
 617:            11            264  java.net.StandardSocketOptions$StdSocketOption
 618:            11            264  org.apache.flink.api.common.JobStatus
 619:            11            264  sun.reflect.generics.tree.FormalTypeParameter
 620:             2            256  akka.remote.transport.ProtocolStateActor
 621:             8            256  org.apache.flink.api.common.typeinfo.BasicTypeInfo
 622:             8            256  org.apache.flink.api.common.typeinfo.IntegerTypeInfo
 623:            16            256  org.apache.flink.runtime.io.network.metrics.ExclusiveBuffersUsageGauge
 624:            16            256  org.apache.flink.runtime.io.network.metrics.FloatingBuffersUsageGauge
 625:            16            256  org.apache.flink.runtime.io.network.metrics.InputBuffersGauge
 626:            16            256  org.apache.flink.runtime.io.network.metrics.OutputBufferPoolUsageGauge
 627:            16            256  org.apache.flink.runtime.io.network.metrics.OutputBuffersGauge
 628:             8            256  org.apache.flink.runtime.leaderretrieval.StandaloneLeaderRetrievalService
 629:             8            256  org.apache.flink.runtime.state.heap.HeapPriorityQueueSnapshotRestoreWrapper
 630:             8            256  org.jboss.netty.channel.socket.nio.SocketReceiveBufferAllocator
 631:             8            256  sun.misc.ProxyGenerator$PrimitiveTypeInfo
 632:             8            248  [Ljava.lang.invoke.LambdaForm$BasicType;
 633:             6            240  [Ljava.lang.invoke.BoundMethodHandle$SpeciesData;
 634:             5            240  [Ljava.util.concurrent.ForkJoinPool$WorkQueue;
 635:            10            240  [Lorg.apache.flink.metrics.Counter;
 636:            14            240  [Lorg.apache.logging.log4j.core.config.AppenderRef;
 637:             2            240  akka.actor.ActorSystem$Settings
 638:             3            240  akka.dispatch.ThreadPoolConfig$ThreadPoolExecutorServiceFactory$$anon$1
 639:            15            240  com.typesafe.config.impl.ConfigNull
 640:            10            240  java.lang.annotation.ElementType
 641:            15            240  java.net.InetSocketAddress
 642:            10            240  java.nio.file.StandardOpenOption
 643:             5            240  org.apache.commons.cli.Option
 644:            10            240  org.apache.flink.configuration.description.LinkElement
 645:            10            240  org.apache.flink.runtime.checkpoint.channel.InputChannelInfo
 646:            10            240  org.apache.flink.runtime.execution.ExecutionState
 647:             3            240  org.apache.flink.runtime.io.network.api.serialization.SpanningWrapper
 648:            10            240  org.apache.flink.runtime.io.network.partition.PrioritizedDeque
 649:            10            240  org.apache.flink.runtime.io.network.partition.ResultPartitionID
 650:            10            240  org.apache.flink.runtime.jobgraph.IntermediateResultPartitionID
 651:             5            240  org.apache.flink.runtime.taskexecutor.slot.TaskSlot
 652:             5            240  org.apache.flink.streaming.api.operators.StreamSourceContexts$ManualWatermarkContext
 653:             5            240  org.apache.flink.streaming.runtime.io.StreamTaskNetworkInput
 654:            15            240  org.apache.logging.log4j.core.config.AppenderControlArraySet
 655:             6            240  sun.management.MemoryPoolImpl$CollectionSensor
 656:             6            240  sun.management.MemoryPoolImpl$PoolSensor
 657:             6            240  sun.reflect.generics.repository.MethodRepository
 658:             5            240  sun.util.locale.provider.LocaleResources$ResourceReference
 659:             7            232  [Ljava.lang.annotation.ElementType;
 660:            12            232  [Lorg.apache.flink.runtime.io.network.api.writer.ResultPartitionWriter;
 661:            12            232  [Lorg.apache.flink.runtime.io.network.partition.consumer.IndexedInputGate;
 662:            12            232  [Lorg.apache.flink.streaming.runtime.io.RecordWriterOutput;
 663:             7            224  [Lsun.nio.fs.NativeBuffer;
 664:             7            224  akka.dispatch.ForkJoinExecutorConfigurator$ForkJoinExecutorServiceFactory
 665:             4            224  akka.remote.artery.ArterySettings
 666:             7            224  java.net.Inet6Address
 667:             7            224  java.net.Inet6Address$Inet6AddressHolder
 668:            14            224  java.util.concurrent.Executors$FinalizableDelegatedExecutorService
 669:             7            224  org.apache.flink.api.common.functions.util.PrintSinkOutputWriter
 670:             7            224  org.apache.flink.runtime.execution.librarycache.BlobLibraryCacheManager$LibraryCacheEntry
 671:             7            224  org.apache.flink.runtime.execution.librarycache.BlobLibraryCacheManager$ResolvedClassLoader
 672:             7            224  org.apache.flink.runtime.io.network.buffer.Buffer$DataType
 673:             7            224  org.apache.flink.runtime.jobmaster.JobMasterId
 674:            14            224  org.apache.flink.runtime.rpc.akka.RemoteAddressExtension
 675:            14            224  org.apache.flink.runtime.rpc.akka.RemoteAddressExtension$RemoteAddressExtensionImpl
 676:             2            224  org.apache.flink.runtime.rpc.akka.RobustActorSystem$1
 677:             7            224  org.apache.flink.runtime.taskexecutor.DefaultJobTable$JobOrConnection
 678:             7            224  org.apache.flink.util.TimeUtils$TimeUnit
 679:             4            224  org.apache.logging.log4j.core.config.ConfigurationSource
 680:             2            224  sun.nio.ch.SocketChannelImpl
 681:             9            216  [Ljava.lang.reflect.TypeVariable;
 682:             9            216  akka.dispatch.DispatcherConfigurator
 683:             9            216  java.nio.file.attribute.PosixFilePermission
 684:             9            216  java.util.logging.Level$KnownLevel
 685:             9            216  java.util.regex.Pattern$1
 686:             9            216  org.apache.flink.core.memory.DataOutputSerializer
 687:             9            216  org.apache.logging.log4j.MarkerManager$Log4jMarker
 688:             3            216  sun.security.provider.NativePRNG$RandomIO
 689:             9            216  sun.util.logging.PlatformLogger$Level
 690:             7            208  [Ljava.lang.invoke.LambdaForm$NamedFunction;
 691:             2            208  akka.actor.LocalActorRefProvider
 692:             2            208  akka.remote.RemoteActorRefProvider$RemotingTerminator
 693:            13            208  org.apache.logging.log4j.core.lookup.JmxRuntimeInputArgumentsLookup
 694:            13            208  org.apache.logging.log4j.core.lookup.MapLookup
 695:            10            200  [Lorg.apache.flink.runtime.io.network.buffer.BufferRecycler;
 696:             5            200  java.lang.ClassLoader$NativeLibrary
 697:             5            200  java.lang.invoke.BoundMethodHandle$SpeciesData
 698:             5            200  java.util.stream.StreamOpFlag
 699:             5            200  org.apache.flink.runtime.state.heap.HeapSnapshotStrategy
 700:             5            200  org.apache.flink.runtime.taskexecutor.DefaultJobTable$EstablishedConnection
 701:             5            200  org.apache.flink.streaming.runtime.io.RecordWriterOutput
 702:             5            200  sun.misc.FloatingDecimal$BinaryToASCIIBuffer
 703:             8            192  [Ljava.net.URL;
 704:             2            192  [Lorg.apache.flink.shaded.netty4.io.netty.util.concurrent.EventExecutor;
 705:             8            192  akka.japi.pf.ReceiveBuilder$1
 706:             8            192  akka.remote.EventPublisher
 707:             2            192  akka.remote.ReliableDeliverySupervisor
 708:             6            192  akka.remote.serialization.WrappedPayloadSupport
 709:             4            192  java.lang.ThreadGroup
 710:             6            192  java.lang.invoke.LambdaForm$BasicType
 711:             8            192  java.lang.invoke.MethodHandleImpl$Intrinsic
 712:             8            192  java.math.RoundingMode
 713:            12            192  java.nio.channels.spi.AbstractSelector$1
 714:             6            192  java.security.BasicPermissionCollection
 715:             6            192  java.time.format.TextStyle
 716:             6            192  javax.management.MBeanConstructorInfo
 717:             8            192  jdk.net.SocketFlow$Status
 718:            12            192  org.apache.flink.api.common.ExecutionConfig$GlobalJobParameters
 719:            12            192  org.apache.flink.api.common.restartstrategy.RestartStrategies$FallbackRestartStrategyConfiguration
 720:             8            192  org.apache.flink.core.fs.SafetyNetCloseableRegistry
 721:             8            192  org.apache.flink.core.plugin.PluginDescriptor
 722:            12            192  org.apache.flink.runtime.checkpoint.channel.ChannelStateChunkReader
 723:            12            192  org.apache.flink.runtime.checkpoint.channel.ChannelStateSerializerImpl
 724:             6            192  org.apache.flink.runtime.concurrent.ScheduledFutureAdapter
 725:             3            192  org.apache.flink.runtime.io.network.buffer.NetworkBuffer
 726:            12            192  org.apache.flink.runtime.metrics.groups.TaskIOMetricGroup$$Lambda$597/219362357
 727:             6            192  org.apache.flink.runtime.metrics.util.MetricUtils$AttributeGauge
 728:            12            192  org.apache.flink.runtime.state.NoOpTaskLocalStateStoreImpl
 729:             8            192  org.apache.flink.runtime.state.RegisteredPriorityQueueStateBackendMetaInfo
 730:             8            192  org.apache.flink.runtime.state.TaskExecutorLocalStateStoresManager$JobVertexSubtaskKey
 731:            12            192  org.apache.flink.runtime.state.hashmap.HashMapStateBackend
 732:             4            192  org.apache.flink.runtime.state.heap.HeapReducingState
 733:             8            192  org.apache.flink.runtime.taskexecutor.TaskExecutor$$Lambda$606/565459065
 734:             8            192  org.apache.flink.runtime.taskexecutor.slot.TaskSlotTableImpl$TaskSlotMapping
 735:            12            192  org.apache.flink.streaming.runtime.tasks.StreamTask$$Lambda$626/1333007369
 736:            12            192  org.apache.flink.streaming.runtime.tasks.StreamTask$$Lambda$630/696706785
 737:            12            192  org.apache.flink.streaming.runtime.tasks.StreamTask$StreamTaskAsyncExceptionHandler
 738:            12            192  org.apache.flink.util.SerializedValue
 739:             8            192  org.apache.flink.util.ShutdownHookUtil$$Lambda$441/1027569178
 740:             8            192  org.apache.logging.log4j.Level
 741:            12            192  org.apache.logging.log4j.core.lookup.DateLookup
 742:            12            192  org.apache.logging.log4j.core.lookup.EnvironmentLookup
 743:            12            192  org.apache.logging.log4j.core.lookup.JavaLookup
 744:            12            192  org.apache.logging.log4j.core.lookup.Log4jLookup
 745:            12            192  org.apache.logging.log4j.core.lookup.LowerLookup
 746:            12            192  org.apache.logging.log4j.core.lookup.MarkerLookup
 747:            12            192  org.apache.logging.log4j.core.lookup.PropertiesLookup
 748:            12            192  org.apache.logging.log4j.core.lookup.UpperLookup
 749:             6            192  org.apache.logging.log4j.core.util.Log4jThreadFactory
 750:             8            192  org.apache.logging.log4j.spi.StandardLevel
 751:             4            192  org.jboss.netty.channel.AbstractChannel$ChannelCloseFuture
 752:             8            192  org.jboss.netty.channel.socket.nio.SocketSendBufferPool
 753:             8            192  org.jboss.netty.channel.socket.nio.SocketSendBufferPool$Preallocation
 754:             8            192  scala.collection.Iterator$$anon$8
 755:             6            192  scala.collection.immutable.RedBlackTree$RedTree
 756:             2            192  sun.nio.ch.ServerSocketChannelImpl
 757:            12            192  sun.nio.ch.Util$3
 758:             6            192  sun.reflect.generics.tree.MethodTypeSignature
 759:             2            176  akka.remote.EndpointManager
 760:             2            176  akka.remote.transport.netty.NettyTransportSettings
 761:            11            176  java.util.concurrent.ConcurrentHashMap$ValuesView
 762:            11            176  org.apache.logging.log4j.core.util.datetime.FastDateParser$NumberStrategy
 763:            11            176  scala.util.Success
 764:             2            168  [Ljava.lang.ClassValue$Entry;
 765:             1            168  [[Ljava.math.BigInteger;
 766:             7            168  akka.actor.TypedCreatorFunctionConsumer
 767:             7            168  com.sun.management.VMOption$Origin
 768:             3            168  java.lang.invoke.LambdaFormEditor$Transform
 769:             7            168  java.net.NetPermission
 770:             7            168  java.time.DayOfWeek
 771:             7            168  java.util.concurrent.ConcurrentHashMap$KeySetView
 772:             3            168  javax.management.openmbean.OpenMBeanOperationInfoSupport
 773:             7            168  org.apache.flink.api.common.state.StateDescriptor$Type
 774:             7            168  org.apache.flink.runtime.blob.PermanentBlobCache$RefCount
 775:             7            168  org.apache.flink.runtime.clusterframework.types.ResourceID
 776:             7            168  org.apache.flink.runtime.execution.librarycache.BlobLibraryCacheManager$DefaultClassLoaderLease
 777:             7            168  org.apache.flink.runtime.memory.SharedResources
 778:             7            168  org.apache.flink.runtime.memory.UnsafeMemoryBudget
 779:             1            168  org.apache.flink.runtime.taskexecutor.TaskExecutor
 780:             7            168  org.apache.flink.runtime.taskexecutor.TaskExecutor$$Lambda$589/1575606977
 781:             7            168  org.apache.flink.runtime.taskexecutor.TaskExecutor$TaskExecutorJobServices
 782:             7            168  org.apache.flink.runtime.taskexecutor.TaskExecutor$TaskManagerActionsImpl
 783:             7            168  org.apache.flink.shaded.guava30.com.google.common.collect.ImmutableMapEntry
 784:             7            168  org.apache.flink.streaming.api.functions.sink.PrintSinkFunction
 785:             7            168  org.apache.flink.streaming.api.operators.StreamSink$SimpleContext
 786:             7            168  org.apache.flink.streaming.runtime.tasks.BroadcastingOutputCollector
 787:             7            168  sun.misc.JarIndex
 788:             4            160  [F
 789:             2            160  [[Ljava.lang.String;
 790:            10            160  akka.dispatch.MessageDispatcher$$Lambda$234/695530017
 791:            10            160  akka.dispatch.MessageDispatcher$$anon$3
 792:             2            160  akka.remote.EndpointReader
 793:             2            160  akka.remote.RemoteActorRefProvider
 794:             2            160  akka.remote.RemoteWatcher
 795:             5            160  java.lang.StringCoding$StringEncoder
 796:             5            160  java.util.Collections$UnmodifiableMap
 797:            10            160  java.util.Formatter$Flags
 798:             5            160  javax.management.StandardEmitterMBean
 799:             4            160  org.apache.flink.api.common.state.ReducingStateDescriptor
 800:             5            160  org.apache.flink.api.common.state.StateTtlConfig
 801:             5            160  org.apache.flink.configuration.MemorySize$MemoryUnit
 802:            10            160  org.apache.flink.runtime.io.network.metrics.InputChannelMetrics$MultiCounterWrapper
 803:             5            160  org.apache.flink.runtime.io.network.partition.ResultPartitionType
 804:             5            160  org.apache.flink.runtime.io.network.partition.consumer.ChannelStatePersister
 805:             5            160  org.apache.flink.runtime.state.HeapPriorityQueuesManager
 806:             5            160  org.apache.flink.runtime.state.heap.InternalKeyContextImpl
 807:             5            160  org.apache.flink.runtime.state.metrics.LatencyTrackingStateConfig
 808:             5            160  org.apache.flink.runtime.taskmanager.InputGateWithMetrics
 809:             5            160  org.apache.flink.streaming.api.operators.InternalTimeServiceManagerImpl
 810:             4            160  org.apache.flink.streaming.api.windowing.assigners.TumblingProcessingTimeWindows
 811:             5            160  org.apache.flink.streaming.runtime.io.checkpointing.CheckpointedInputGate
 812:            10            160  org.apache.flink.streaming.runtime.streamrecord.StreamElementSerializer
 813:            10            160  org.apache.flink.streaming.runtime.tasks.OperatorChain$$Lambda$643/1820661558
 814:            10            160  org.apache.flink.streaming.runtime.tasks.OperatorChain$$Lambda$644/1631841581
 815:             5            160  org.apache.flink.streaming.runtime.watermarkstatus.StatusWatermarkValve
 816:             5            160  org.apache.flink.streaming.runtime.watermarkstatus.StatusWatermarkValve$InputChannelStatus
 817:             2            160  org.jboss.netty.handler.codec.frame.LengthFieldBasedFrameDecoder
 818:             4            160  sun.nio.ch.SelectionKeyImpl
 819:             5            160  sun.util.locale.provider.LocaleProviderAdapter$Type
 820:             6            152  [Ljava.util.Map$Entry;
 821:             1            152  org.apache.flink.shaded.netty4.io.netty.buffer.PoolArena$HeapArena
 822:             2            144  [Ljava.math.BigDecimal;
 823:             1            144  [Ljava.util.concurrent.ForkJoinTask$ExceptionNode;
 824:             3            144  [Lorg.apache.flink.shaded.netty4.io.netty.buffer.PoolArena;
 825:             3            144  [Lorg.apache.logging.log4j.core.pattern.PatternFormatter;
 826:             4            144  [Lscala.collection.immutable.HashSet;
 827:             2            144  akka.actor.LightArrayRevolverScheduler
 828:             9            144  akka.actor.NoArgsReflectConstructor
 829:             6            144  akka.remote.SeqNo
 830:             2            144  akka.remote.transport.netty.NettyTransport
 831:             6            144  akka.util.WildcardIndex
 832:             6            144  com.typesafe.config.ConfigValueType
 833:             6            144  com.typesafe.config.impl.ConfigConcatenation
 834:             3            144  java.util.concurrent.locks.ReentrantReadWriteLock$NonfairSync
 835:             6            144  java.util.regex.Pattern$Slice
 836:             6            144  org.apache.flink.api.common.resources.CPUResource
 837:             6            144  org.apache.flink.runtime.registration.RetryingRegistration$RetryingRegistrationResult
 838:             6            144  org.apache.flink.runtime.state.KeyGroupRange
 839:             3            144  org.apache.flink.shaded.guava30.com.google.common.collect.HashMultimap
 840:             6            144  org.apache.flink.util.OperatingSystem
 841:             9            144  org.apache.flink.util.concurrent.FutureUtils$$Lambda$583/580624374
 842:             6            144  org.apache.logging.log4j.core.LifeCycle$State
 843:             3            144  org.apache.logging.log4j.core.lookup.RuntimeStrSubstitutor
 844:             6            144  org.apache.logging.log4j.core.util.datetime.FastDateParser$StrategyAndWidth
 845:             1            144  org.jboss.netty.channel.socket.nio.NioClientSocketChannel
 846:             2            144  org.jboss.netty.channel.socket.nio.NioServerSocketChannel
 847:             6            144  scala.concurrent.impl.CallbackRunnable
 848:             6            144  sun.misc.PerfCounter
 849:             6            144  sun.reflect.generics.scope.MethodScope
 850:             1            136  [Ljava.time.temporal.ChronoField;
 851:             1            136  org.apache.logging.log4j.core.config.NullConfiguration
 852:             4            128  [Ljava.nio.channels.SelectionKey;
 853:             2            128  [Ljava.time.Month;
 854:             8            128  akka.event.DefaultLoggingFilter
 855:             2            128  akka.serialization.Serialization
 856:             2            128  akka.stream.ActorMaterializerSettings
 857:             2            128  akka.stream.serialization.StreamRefSerializer
 858:             4            128  com.sun.jmx.mbeanserver.DefaultMXBeanMappingFactory$ArrayMapping
 859:             2            128  java.io.ExpiringCache$1
 860:             4            128  java.io.FileOutputStream
 861:             4            128  java.lang.ClassValue$Entry
 862:             8            128  java.lang.Float
 863:             2            128  java.security.SecureRandom
 864:             4            128  org.apache.flink.runtime.checkpoint.CheckpointType
 865:             2            128  org.apache.flink.runtime.rpc.akka.AkkaRpcActor
 866:             8            128  org.apache.flink.runtime.rpc.akka.AkkaRpcService$$Lambda$563/1278701753
 867:             4            128  org.apache.flink.runtime.state.RegisteredKeyValueStateBackendMetaInfo
 868:             4            128  org.apache.flink.runtime.state.heap.CopyOnWriteStateTable
 869:             8            128  org.apache.flink.runtime.taskexecutor.TaskExecutor$$Lambda$600/1651001769
 870:             8            128  org.apache.flink.runtime.taskmanager.Task$$Lambda$694/1853540223
 871:             8            128  org.apache.flink.shaded.guava30.com.google.common.collect.SingletonImmutableList
 872:             4            128  org.apache.flink.streaming.api.functions.aggregation.SumAggregator
 873:             4            128  org.apache.flink.streaming.api.operators.TimerSerializer
 874:             8            128  org.apache.flink.streaming.runtime.tasks.mailbox.MailboxProcessor$MailboxController
 875:             2            128  org.apache.logging.log4j.core.appender.RollingFileAppender
 876:             2            128  org.apache.logging.log4j.core.layout.PatternLayout
 877:             4            128  org.jboss.netty.channel.DefaultChannelPipeline
 878:             2            128  org.jboss.netty.channel.socket.nio.NioClientBoss
 879:             4            128  org.jboss.netty.channel.socket.nio.NioWorkerPool
 880:             5            120  [Lorg.apache.flink.runtime.io.network.buffer.BufferBuilder;
 881:             5            120  [Lorg.apache.flink.runtime.io.network.partition.ResultSubpartition;
 882:             5            120  [Lorg.apache.flink.runtime.io.network.partition.consumer.InputChannel;
 883:             5            120  [Lorg.apache.flink.streaming.runtime.watermarkstatus.StatusWatermarkValve$InputChannelStatus;
 884:             3            120  akka.dispatch.DefaultDispatcherPrerequisites
 885:             3            120  akka.dispatch.ThreadPoolConfig
 886:             5            120  akka.remote.WireFormats$CommandType
 887:             5            120  akka.stream.impl.SeqActorNameImpl
 888:             5            120  java.time.Instant
 889:             5            120  java.time.format.SignStyle
 890:             5            120  java.util.concurrent.locks.ReentrantReadWriteLock
 891:             5            120  java.util.stream.StreamOpFlag$Type
 892:             5            120  org.apache.commons.lang3.tuple.ImmutablePair
 893:             5            120  org.apache.flink.api.common.state.StateTtlConfig$CleanupStrategies
 894:             5            120  org.apache.flink.runtime.checkpoint.channel.ResultSubpartitionInfo
 895:             5            120  org.apache.flink.runtime.io.network.buffer.LocalBufferPool$SubpartitionBufferRecycler
 896:             5            120  org.apache.flink.runtime.io.network.partition.ResultPartitionFactory$$Lambda$599/2083816037
 897:             5            120  org.apache.flink.runtime.io.network.partition.consumer.SingleInputGateFactory$$Lambda$610/987708488
 898:             5            120  org.apache.flink.runtime.net.ConnectionUtils$AddressDetectionState
 899:             5            120  org.apache.flink.runtime.plugable.NonReusingDeserializationDelegate
 900:             5            120  org.apache.flink.runtime.plugable.SerializationDelegate
 901:             5            120  org.apache.flink.runtime.state.DefaultKeyedStateStore
 902:             5            120  org.apache.flink.runtime.state.heap.HeapPriorityQueueSetFactory
 903:             5            120  org.apache.flink.runtime.taskexecutor.rpc.RpcResultPartitionConsumableNotifier
 904:             3            120  org.apache.flink.shaded.guava30.com.google.common.collect.RegularImmutableMap
 905:             5            120  org.apache.flink.streaming.runtime.io.DataInputStatus
 906:             5            120  org.apache.flink.streaming.runtime.io.StreamOneInputProcessor
 907:             5            120  org.apache.flink.streaming.runtime.io.checkpointing.CheckpointedInputGate$$Lambda$673/1340202956
 908:             5            120  org.apache.flink.streaming.runtime.io.checkpointing.UpstreamRecoveryTrackerImpl
 909:             5            120  org.apache.flink.streaming.runtime.partitioner.KeyGroupStreamPartitioner
 910:             5            120  org.apache.flink.streaming.runtime.tasks.OneInputStreamTask$StreamTaskNetworkOutput
 911:             5            120  org.apache.flink.streaming.runtime.tasks.StreamTask$ThroughputPeriodTimer
 912:             1            120  org.apache.logging.log4j.core.appender.rolling.RollingFileManager
 913:             3            120  org.apache.logging.log4j.core.jmx.LoggerContextAdmin
 914:             5            120  org.apache.logging.log4j.core.pattern.FormattingInfo
 915:             5            120  org.apache.logging.log4j.core.pattern.PatternParser$ParserState
 916:             3            120  org.apache.logging.log4j.core.util.WatchManager
 917:             3            120  org.jboss.netty.channel.DefaultChannelFuture
 918:             1            120  org.jboss.netty.channel.socket.nio.NioAcceptedSocketChannel
 919:             1            120  scala.package$
 920:             5            120  sun.misc.FloatingDecimal$PreparedASCIIToBinaryBuffer
 921:             2            112  [Ljava.lang.invoke.MethodType;
 922:             2            112  [Ljava.nio.file.StandardOpenOption;
 923:             2            112  [Ljava.nio.file.attribute.PosixFilePermission;
 924:             1            112  [Ljava.time.LocalTime;
 925:             7            112  [Lorg.apache.flink.streaming.api.operators.Output;
 926:             7            112  akka.dispatch.ForkJoinExecutorConfigurator
 927:             2            112  akka.dispatch.Mailboxes
 928:             2            112  akka.remote.RemoteSystemDaemon
 929:             2            112  akka.remote.Remoting
 930:             2            112  akka.remote.transport.AkkaProtocolHandle
 931:             2            112  akka.remote.transport.AkkaProtocolManager
 932:             2            112  akka.stream.impl.PhasedFusingActorMaterializer
 933:             7            112  com.sun.proxy.$Proxy25
 934:             7            112  java.util.concurrent.ConcurrentHashMap$EntrySetView
 935:             1            112  org.apache.flink.core.classloading.SubmoduleClassLoader
 936:             2            112  org.apache.flink.runtime.concurrent.akka.ActorSystemScheduledExecutorAdapter$ScheduledFutureTask
 937:             2            112  org.apache.flink.runtime.heartbeat.HeartbeatManagerImpl
 938:             7            112  org.apache.flink.runtime.io.network.api.writer.NonRecordWriter
 939:             2            112  org.apache.flink.runtime.rpc.akka.AkkaRpcService
 940:             7            112  org.apache.flink.runtime.state.changelog.inmemory.InMemoryStateChangelogStorage
 941:             7            112  org.apache.flink.runtime.taskexecutor.rpc.RpcCheckpointResponder
 942:             7            112  org.apache.flink.runtime.taskexecutor.rpc.RpcGlobalAggregateManager
 943:             7            112  org.apache.flink.runtime.taskexecutor.rpc.RpcPartitionStateChecker
 944:             7            112  org.apache.flink.streaming.api.operators.StreamSourceContexts$SwitchingOnClose
 945:             7            112  org.apache.flink.streaming.runtime.tasks.StreamTaskActionExecutor$SynchronizedStreamTaskActionExecutor
 946:             2            112  org.apache.logging.log4j.core.LoggerContext
 947:             2            112  org.jboss.netty.channel.socket.nio.NioServerBoss
 948:             2            112  org.jboss.netty.util.HashedWheelTimer
 949:             1            104  [Lorg.apache.logging.log4j.core.util.datetime.FixedDateFormat$FixedFormat;
 950:             1            104  org.apache.flink.shaded.netty4.io.netty.channel.epoll.EpollServerSocketChannel
 951:             3             96  [Ljava.lang.ThreadGroup;
 952:             2             96  [Ljava.time.DayOfWeek;
 953:             2             96  [Ljava.util.concurrent.TimeUnit;
 954:             4             96  [Lorg.apache.logging.log4j.Marker;
 955:             2             96  [Lorg.apache.logging.log4j.spi.StandardLevel;
 956:             4             96  [Lorg.jboss.netty.channel.socket.nio.AbstractNioWorker;
 957:             4             96  [Lorg.jboss.netty.channel.socket.nio.Boss;
 958:             6             96  [Lsun.reflect.generics.tree.TypeSignature;
 959:             1             96  [[J
 960:             2             96  akka.actor.FSM$Timer
 961:             4             96  akka.actor.LocalActorRefProvider$Guardian
 962:             2             96  akka.event.DiagnosticMarkerBusLoggingAdapter
 963:             2             96  akka.event.EventStream
 964:             6             96  akka.event.MarkerLoggingAdapter$$anonfun$$lessinit$greater$2
 965:             2             96  akka.event.slf4j.Slf4jLogger
 966:             6             96  akka.japi.pf.ReceiveBuilder
 967:             2             96  akka.remote.DeadlineFailureDetector
 968:             2             96  akka.remote.serialization.ActorRefResolveCache
 969:             2             96  akka.remote.serialization.ProtobufSerializer
 970:             2             96  akka.remote.transport.AkkaProtocolTransport
 971:             4             96  akka.remote.transport.HandshakeInfo
 972:             3             96  com.sun.jmx.mbeanserver.DefaultMXBeanMappingFactory$EnumMapping
 973:             2             96  com.sun.jmx.mbeanserver.MBeanIntrospector$MBeanInfoMap
 974:             2             96  com.sun.jmx.mbeanserver.MBeanIntrospector$PerInterfaceMap
 975:             6             96  com.sun.proxy.$Proxy3
 976:             4             96  com.typesafe.config.impl.ConfigIncludeKind
 977:             4             96  com.typesafe.config.impl.OriginType
 978:             4             96  java.math.MathContext
 979:             4             96  java.time.format.DateTimeFormatterBuilder$OffsetIdPrinterParser
 980:             4             96  java.time.format.DateTimeFormatterBuilder$SettingsParser
 981:             2             96  java.time.zone.ZoneOffsetTransitionRule
 982:             6             96  java.util.TreeMap$KeySet
 983:             4             96  java.util.concurrent.Executors$DefaultThreadFactory
 984:             2             96  java.util.concurrent.locks.ReentrantReadWriteLock$FairSync
 985:             4             96  java.util.regex.Pattern$5
 986:             4             96  java.util.regex.Pattern$CharProperty$1
 987:             4             96  java.util.stream.StreamShape
 988:             2             96  javax.management.openmbean.TabularType
 989:             4             96  org.apache.flink.api.common.ExecutionMode
 990:             6             96  org.apache.flink.configuration.description.ListElement
 991:             4             96  org.apache.flink.runtime.checkpoint.CheckpointOptions$AlignmentType
 992:             4             96  org.apache.flink.runtime.clusterframework.ApplicationStatus
 993:             4             96  org.apache.flink.runtime.heartbeat.HeartbeatMonitorImpl$State
 994:             2             96  org.apache.flink.runtime.io.disk.iomanager.RequestQueue
 995:             3             96  org.apache.flink.runtime.io.network.api.serialization.NonSpanningWrapper
 996:             3             96  org.apache.flink.runtime.io.network.buffer.BufferBuilder
 997:             2             96  org.apache.flink.runtime.registration.RetryingRegistrationConfiguration
 998:             2             96  org.apache.flink.runtime.rpc.akka.AkkaInvocationHandler
 999:             4             96  org.apache.flink.runtime.taskexecutor.slot.TaskSlotTableImpl$State
1000:             4             96  org.apache.flink.shaded.guava30.com.google.common.base.AbstractIterator$State
1001:             4             96  org.apache.flink.shaded.guava30.com.google.common.collect.AbstractIterator$State
1002:             4             96  org.apache.flink.shaded.guava30.com.google.common.collect.ImmutableMapEntry$NonTerminalImmutableMapEntry
1003:             4             96  org.apache.flink.shaded.netty4.io.netty.util.ResourceLeakDetector$Level
1004:             4             96  org.apache.flink.streaming.api.operators.ChainingStrategy
1005:             4             96  org.apache.flink.streaming.api.windowing.triggers.TriggerResult
1006:             3             96  org.apache.flink.streaming.runtime.operators.windowing.WindowOperator$Context
1007:             3             96  org.apache.flink.streaming.runtime.operators.windowing.WindowOperator$PerWindowStateStore
1008:             4             96  org.apache.flink.streaming.runtime.operators.windowing.functions.InternalSingleValueWindowFunction
1009:             4             96  org.apache.flink.streaming.runtime.tasks.ProcessingTimeServiceImpl$$Lambda$717/2097855773
1010:             4             96  org.apache.flink.streaming.runtime.tasks.StreamTask$$Lambda$716/1285579898
1011:             4             96  org.apache.flink.streaming.runtime.tasks.StreamTask$ResumeWrapper
1012:             4             96  org.apache.flink.streaming.util.typeutils.FieldAccessor$SimpleTupleFieldAccessor
1013:             2             96  org.apache.logging.log4j.core.config.AppenderControl
1014:             2             96  org.apache.logging.log4j.core.config.ConfigurationFileWatcher
1015:             3             96  org.apache.logging.log4j.core.config.ConfigurationScheduler
1016:             3             96  org.apache.logging.log4j.core.util.datetime.FixedDateFormat$FixedTimeZoneFormat
1017:             4             96  org.jboss.netty.channel.ChannelState
1018:             2             96  org.jboss.netty.channel.socket.nio.DefaultNioSocketChannelConfig
1019:             4             96  scala.Tuple3
1020:             4             96  scala.collection.immutable.HashSet$HashTrieSet
1021:             2             96  sun.management.GarbageCollectorImpl
1022:             4             96  sun.misc.FormattedFloatingDecimal$Form
1023:             1             96  sun.misc.Launcher$AppClassLoader
1024:             3             96  sun.net.spi.DefaultProxySelector$NonProxyInfo
1025:             2             96  sun.nio.cs.StreamEncoder
1026:             1             96  sun.security.jca.ProviderList$1
1027:             1             96  sun.security.provider.Sun
1028:             1             88  [Lcom.typesafe.config.impl.SimpleConfig$MemoryUnit;
1029:             1             88  [Lcom.typesafe.config.impl.TokenType;
1030:             1             88  [Ljava.util.concurrent.ConcurrentMap;
1031:             2             88  [Lorg.apache.flink.configuration.ConfigOption;
1032:             1             88  scala.collection.convert.Wrappers$
1033:             1             88  scala.reflect.ClassTag$
1034:             1             88  scala.reflect.ManifestFactory$
1035:             1             88  sun.misc.Launcher$ExtClassLoader
1036:             2             80  [Lakka.remote.WireFormats$CommandType;
1037:             1             80  [Ljava.time.temporal.ChronoUnit;
1038:             2             80  [Ljava.util.stream.StreamOpFlag$Type;
1039:             2             80  [Lorg.apache.flink.configuration.MemorySize$MemoryUnit;
1040:             2             80  [Lorg.apache.flink.runtime.io.network.partition.ResultPartitionType;
1041:             2             80  [Lorg.apache.flink.shaded.guava30.com.google.common.collect.ImmutableMapEntry;
1042:             2             80  [Lorg.apache.flink.shaded.netty4.io.netty.util.internal.PriorityQueueNode;
1043:             1             80  [Lorg.jboss.netty.util.internal.ConcurrentIdentityWeakKeyHashMap$Segment;
1044:             2             80  akka.actor.LightArrayRevolverScheduler$$anon$3
1045:             2             80  akka.dispatch.Dispatchers
1046:             2             80  akka.dispatch.Mailboxes$$anon$1
1047:             2             80  akka.remote.RemoteDeployer
1048:             2             80  akka.remote.RemoteWatcher$$anon$1
1049:             2             80  akka.remote.RemoteWatcher$$anon$2
1050:             2             80  akka.routing.ConsistentHashingPool
1051:             2             80  akka.stream.impl.MaterializerGuardian
1052:             5             80  akka.util.ByteString$ByteString1C
1053:             2             80  com.sun.jmx.mbeanserver.DefaultMXBeanMappingFactory$TabularMapping
1054:             5             80  com.sun.proxy.$Proxy0
1055:             5             80  com.sun.proxy.$Proxy11
1056:             5             80  com.sun.proxy.$Proxy12
1057:             5             80  com.sun.proxy.$Proxy17
1058:             2             80  java.io.BufferedInputStream
1059:             2             80  java.io.BufferedWriter
1060:             2             80  java.io.ExpiringCache
1061:             2             80  java.time.zone.ZoneRules
1062:             5             80  java.util.LinkedHashMap$LinkedValues
1063:             2             80  java.util.Locale$Category
1064:             5             80  java.util.concurrent.locks.ReentrantReadWriteLock$ReadLock
1065:             5             80  java.util.concurrent.locks.ReentrantReadWriteLock$Sync$ThreadLocalHoldCounter
1066:             5             80  java.util.concurrent.locks.ReentrantReadWriteLock$WriteLock
1067:             2             80  org.apache.flink.runtime.io.disk.FileChannelManagerImpl
1068:             5             80  org.apache.flink.runtime.io.network.api.writer.SingleRecordWriter
1069:             5             80  org.apache.flink.runtime.jobmaster.JMTMRegistrationSuccess
1070:             5             80  org.apache.flink.runtime.taskexecutor.TaskExecutor$JobManagerHeartbeatTarget
1071:             1             80  org.apache.flink.runtime.taskmanager.NettyShuffleEnvironmentConfiguration
1072:             2             80  org.apache.flink.shaded.guava30.com.google.common.util.concurrent.ThreadFactoryBuilder$1
1073:             5             80  org.apache.flink.streaming.runtime.tasks.SourceStreamTask$$Lambda$647/13433292
1074:             5             80  org.apache.flink.streaming.runtime.tasks.SourceStreamTask$$Lambda$698/402556608
1075:             2             80  org.apache.logging.log4j.core.config.status.StatusConfiguration
1076:             2             80  org.apache.logging.log4j.core.jmx.StatusLoggerAdmin
1077:             5             80  org.apache.logging.log4j.core.lookup.StrMatcher$CharMatcher
1078:             2             80  org.apache.logging.log4j.core.pattern.DatePatternConverter
1079:             2             80  org.apache.logging.log4j.core.pattern.ExtendedThrowablePatternConverter
1080:             5             80  org.apache.logging.log4j.message.ReusableSimpleMessage
1081:             2             80  org.jboss.netty.channel.socket.nio.NioClientBossPool
1082:             2             80  scala.tools.nsc.interpreter.Scripted$Factory
1083:             2             80  sun.management.MemoryManagerImpl
1084:             2             80  sun.nio.ch.SocketAdaptor
1085:             1             80  sun.reflect.misc.MethodUtil
1086:             1             72  [Ljava.lang.invoke.LambdaFormEditor$Transform$Kind;
1087:             3             72  [Ljava.net.InetAddress;
1088:             1             72  [Ljavax.management.openmbean.SimpleType;
1089:             2             72  [Lsun.security.jca.ProviderConfig;
1090:             3             72  akka.dispatch.ThreadPoolConfig$ThreadPoolExecutorServiceFactory
1091:             3             72  akka.remote.ContainerFormats$PatternType
1092:             3             72  com.typesafe.config.ConfigSyntax
1093:             3             72  java.lang.ThreadLocal$SuppliedThreadLocal
1094:             3             72  java.lang.annotation.RetentionPolicy
1095:             3             72  java.net.Proxy$Type
1096:             3             72  java.nio.file.StandardCopyOption
1097:             3             72  java.security.SecurityPermission
1098:             3             72  java.time.format.ResolverStyle
1099:             3             72  java.time.zone.ZoneOffsetTransitionRule$TimeDefinition
1100:             1             72  java.util.ResourceBundle$RBClassLoader
1101:             3             72  java.util.concurrent.ConcurrentLinkedDeque$Node
1102:             1             72  java.util.logging.LogManager$RootLogger
1103:             3             72  java.util.regex.Pattern$Dollar
1104:             3             72  java.util.stream.Collector$Characteristics
1105:             3             72  java.util.stream.MatchOps$MatchKind
1106:             3             72  org.apache.flink.api.common.ExecutionConfig$ClosureCleanerLevel
1107:             3             72  org.apache.flink.api.common.JobStatus$TerminalState
1108:             3             72  org.apache.flink.api.common.state.StateTtlConfig$CleanupStrategies$Strategies
1109:             3             72  org.apache.flink.api.common.state.StateTtlConfig$UpdateType
1110:             3             72  org.apache.flink.api.java.typeutils.runtime.KryoRegistration$SerializerDefinitionType
1111:             3             72  org.apache.flink.configuration.ClusterOptions$UserSystemExitMode
1112:             3             72  org.apache.flink.core.memory.DataInputDeserializer
1113:             3             72  org.apache.flink.core.memory.ManagedMemoryUseCase
1114:             1             72  org.apache.flink.runtime.blob.PermanentBlobCache
1115:             1             72  org.apache.flink.runtime.blob.TransientBlobCache
1116:             3             72  org.apache.flink.runtime.checkpoint.CheckpointType$PostCheckpointAction
1117:             1             72  org.apache.flink.runtime.io.network.NettyShuffleEnvironment
1118:             3             72  org.apache.flink.runtime.io.network.NettyShuffleEnvironment$$Lambda$613/983432936
1119:             3             72  org.apache.flink.runtime.io.network.api.serialization.RecordDeserializer$DeserializationResult
1120:             3             72  org.apache.flink.runtime.io.network.api.serialization.SpillingAdaptiveSpanningRecordDeserializer
1121:             3             72  org.apache.flink.runtime.io.network.buffer.BufferBuilder$SettablePositionMarker
1122:             3             72  org.apache.flink.runtime.io.network.buffer.BufferConsumer
1123:             3             72  org.apache.flink.runtime.io.network.buffer.BufferConsumer$CachedPositionMarker
1124:             3             72  org.apache.flink.runtime.io.network.buffer.BufferConsumerWithPartialRecordLength
1125:             1             72  org.apache.flink.runtime.io.network.netty.NettyBufferPool
1126:             3             72  org.apache.flink.runtime.io.network.netty.NettyConfig$TransportType
1127:             3             72  org.apache.flink.runtime.io.network.partition.PipelinedSubpartitionView
1128:             1             72  org.apache.flink.runtime.io.network.partition.ResultPartitionFactory
1129:             3             72  org.apache.flink.runtime.io.network.partition.consumer.ChannelStatePersister$CheckpointStatus
1130:             3             72  org.apache.flink.runtime.io.network.partition.consumer.InputGateID
1131:             3             72  org.apache.flink.runtime.jobmanager.HighAvailabilityMode
1132:             1             72  org.apache.flink.runtime.metrics.dump.MetricQueryService
1133:             3             72  org.apache.flink.runtime.metrics.groups.AbstractMetricGroup$ChildType
1134:             3             72  org.apache.flink.runtime.net.ConnectionUtils$LeaderConnectingAddressListener$LeaderRetrievalState
1135:             3             72  org.apache.flink.runtime.rpc.akka.ControlMessages
1136:             3             72  org.apache.flink.runtime.taskexecutor.DefaultJobLeaderService$State
1137:             1             72  org.apache.flink.runtime.taskexecutor.TaskManagerConfiguration
1138:             1             72  org.apache.flink.runtime.taskexecutor.TaskManagerServices
1139:             3             72  org.apache.flink.runtime.taskexecutor.slot.TaskSlotState
1140:             1             72  org.apache.flink.runtime.taskexecutor.slot.TaskSlotTableImpl
1141:             3             72  org.apache.flink.runtime.util.SignalHandler$Handler
1142:             1             72  org.apache.flink.shaded.netty4.io.netty.channel.epoll.EpollServerSocketChannelConfig
1143:             3             72  org.apache.flink.streaming.api.TimeCharacteristic
1144:             3             72  org.apache.flink.streaming.api.environment.CheckpointConfig$ExternalizedCheckpointCleanup
1145:             3             72  org.apache.flink.streaming.api.operators.TimestampedCollector
1146:             3             72  org.apache.flink.streaming.api.transformations.StreamExchangeMode
1147:             3             72  org.apache.flink.streaming.runtime.operators.windowing.WindowOperator$WindowContext
1148:             3             72  org.apache.flink.streaming.runtime.tasks.SourceStreamTask$FinishingReason
1149:             3             72  org.apache.flink.streaming.runtime.tasks.mailbox.TaskMailbox$State
1150:             3             72  org.apache.flink.util.TernaryBoolean
1151:             3             72  org.apache.logging.log4j.core.config.plugins.util.PluginManager
1152:             3             72  org.apache.logging.log4j.core.pattern.SimpleLiteralPatternConverter$StringValue
1153:             3             72  org.apache.logging.log4j.core.util.DummyNanoClock
1154:             1             72  scala.reflect.ClassManifestFactory$
1155:             3             72  sun.misc.FloatingDecimal$ExceptionalBinaryToASCIIBuffer
1156:             3             72  sun.misc.Signal
1157:             3             72  sun.security.provider.NativePRNG$Variant
1158:             1             72  sun.util.locale.provider.JRELocaleProviderAdapter
1159:             2             64  [Lakka.remote.ContainerFormats$PatternType;
1160:             2             64  [Ljava.lang.annotation.RetentionPolicy;
1161:             2             64  [Ljava.lang.ref.WeakReference;
1162:             2             64  [Ljava.util.stream.Collector$Characteristics;
1163:             2             64  [Lorg.apache.flink.api.common.ExecutionConfig$ClosureCleanerLevel;
1164:             2             64  [Lorg.apache.flink.api.common.ExecutionMode;
1165:             1             64  [Lorg.apache.flink.api.common.JobStatus;
1166:             2             64  [Lorg.apache.flink.api.common.state.StateTtlConfig$CleanupStrategies$Strategies;
1167:             2             64  [Lorg.apache.flink.api.common.state.StateTtlConfig$UpdateType;
1168:             2             64  [Lorg.apache.flink.api.java.typeutils.runtime.KryoRegistration$SerializerDefinitionType;
1169:             2             64  [Lorg.apache.flink.core.memory.ManagedMemoryUseCase;
1170:             2             64  [Lorg.apache.flink.runtime.jobmanager.HighAvailabilityMode;
1171:             2             64  [Lorg.apache.flink.streaming.api.operators.ChainingStrategy;
1172:             2             64  [Lorg.apache.flink.streaming.api.transformations.StreamExchangeMode;
1173:             2             64  [Lorg.apache.flink.streaming.api.windowing.assigners.WindowStagger;
1174:             2             64  [Lorg.apache.flink.streaming.util.LatencyStats$Granularity;
1175:             2             64  [Lorg.apache.flink.util.TernaryBoolean;
1176:             3             64  [Lorg.apache.logging.log4j.core.config.AppenderControl;
1177:             2             64  akka.actor.BootstrapSetup
1178:             4             64  akka.actor.FSM$$anonfun$akka$actor$FSM$$handleEventDefault$1
1179:             4             64  akka.actor.FSM$$anonfun$receive$1
1180:             2             64  akka.actor.FSM$SilentState
1181:             2             64  akka.actor.FSM$State
1182:             4             64  akka.actor.LocalActorRefProvider$Guardian$$anonfun$receive$1
1183:             2             64  akka.actor.LocalActorRefProvider$SystemGuardian
1184:             4             64  akka.dispatch.UnboundedMailbox
1185:             2             64  akka.event.EventStreamUnsubscriber
1186:             4             64  akka.event.Logging$LogLevel
1187:             1             64  akka.protobufv3.internal.CodedInputStream$ArrayDecoder
1188:             2             64  akka.remote.AckedReceiveBuffer
1189:             2             64  akka.remote.AckedSendBuffer
1190:             2             64  akka.remote.AddressUidExtension
1191:             2             64  akka.remote.DefaultMessageDispatcher
1192:             2             64  akka.remote.EndpointManager$EndpointRegistry
1193:             4             64  akka.remote.HasSequenceNumber$$anon$2
1194:             2             64  akka.remote.serialization.ArteryMessageSerializer
1195:             2             64  akka.remote.serialization.DaemonMsgCreateSerializer
1196:             2             64  akka.remote.serialization.MessageContainerSerializer
1197:             2             64  akka.remote.serialization.SystemMessageSerializer
1198:             2             64  akka.remote.serialization.ThrowableSupport
1199:             2             64  akka.remote.transport.AkkaProtocolSettings
1200:             4             64  akka.remote.transport.AssociationHandle$ActorHandleEventListener
1201:             4             64  akka.remote.transport.Transport$ActorAssociationEventListener
1202:             2             64  akka.remote.transport.netty.TcpAssociationHandle
1203:             1             64  akka.routing.MurmurHash$
1204:             2             64  akka.routing.RoundRobinPool
1205:             2             64  akka.stream.SystemMaterializer
1206:             2             64  akka.stream.impl.StreamSupervisor
1207:             2             64  akka.stream.impl.streamref.StreamRefSettingsImpl
1208:             2             64  akka.util.SubclassifiedIndex
1209:             2             64  com.sun.jmx.mbeanserver.DefaultMXBeanMappingFactory$CollectionMapping
1210:             4             64  com.sun.proxy.$Proxy13
1211:             2             64  java.io.ByteArrayInputStream
1212:             2             64  java.io.PrintStream
1213:             1             64  java.io.StreamTokenizer
1214:             1             64  java.lang.ClassValue$ClassValueMap
1215:             2             64  java.lang.InterruptedException
1216:             2             64  java.lang.UnsupportedOperationException
1217:             2             64  java.lang.VirtualMachineError
1218:             2             64  java.lang.ref.ReferenceQueue$Null
1219:             2             64  java.lang.reflect.WeakCache$CacheKey
1220:             2             64  java.time.format.DateTimeFormatterBuilder$FractionPrinterParser
1221:             2             64  java.time.format.DateTimeFormatterBuilder$TextPrinterParser
1222:             2             64  java.time.temporal.IsoFields$Unit
1223:             2             64  java.util.PropertyPermission
1224:             4             64  java.util.concurrent.CompletableFuture$AltResult
1225:             2             64  java.util.concurrent.TimeoutException
1226:             2             64  java.util.concurrent.locks.ReentrantLock$FairSync
1227:             2             64  javax.script.ScriptEngineManager
1228:             4             64  javax.security.auth.login.AppConfigurationEntry$LoginModuleControlFlag
1229:             2             64  org.apache.flink.api.common.typeinfo.FractionalTypeInfo
1230:             2             64  org.apache.flink.runtime.execution.CancelTaskException
1231:             1             64  org.apache.flink.runtime.io.network.partition.consumer.SingleInputGateFactory
1232:             1             64  org.apache.flink.runtime.metrics.groups.TaskManagerMetricGroup
1233:             2             64  org.apache.flink.runtime.rpc.akka.AkkaRpcServiceConfiguration
1234:             2             64  org.apache.flink.runtime.rpc.akka.SupervisorActor
1235:             2             64  org.apache.flink.runtime.rpc.akka.SupervisorActor$AkkaRpcActorRegistration
1236:             2             64  org.apache.flink.runtime.rpc.akka.exceptions.AkkaRpcException
1237:             4             64  org.apache.flink.runtime.state.heap.AbstractHeapMergingState$MergeTransformation
1238:             4             64  org.apache.flink.runtime.state.heap.HeapReducingState$ReduceTransformation
1239:             1             64  org.apache.flink.runtime.taskexecutor.TaskManagerRunner
1240:             4             64  org.apache.flink.shaded.guava30.com.google.common.collect.RegularImmutableList
1241:             2             64  org.apache.flink.shaded.netty4.io.netty.buffer.EmptyByteBuf
1242:             1             64  org.apache.flink.shaded.netty4.io.netty.buffer.PooledByteBufAllocator
1243:             2             64  org.apache.flink.shaded.netty4.io.netty.channel.AdaptiveRecvByteBufAllocator
1244:             1             64  org.apache.flink.shaded.netty4.io.netty.channel.ChannelOutboundBuffer
1245:             1             64  org.apache.flink.shaded.netty4.io.netty.channel.DefaultChannelPipeline$HeadContext
1246:             2             64  org.apache.flink.shaded.netty4.io.netty.channel.epoll.EpollEventLoopGroup
1247:             1             64  org.apache.flink.shaded.netty4.io.netty.util.concurrent.GlobalEventExecutor
1248:             1             64  org.apache.flink.shaded.netty4.io.netty.util.concurrent.ScheduledFutureTask
1249:             4             64  org.apache.flink.streaming.api.functions.aggregation.SumFunction$IntSum
1250:             4             64  org.apache.flink.streaming.api.functions.windowing.PassThroughWindowFunction
1251:             4             64  org.apache.flink.streaming.api.windowing.triggers.ProcessingTimeTrigger
1252:             4             64  org.apache.flink.streaming.api.windowing.windows.TimeWindow$Serializer
1253:             2             64  org.apache.flink.util.FlinkException
1254:             2             64  org.apache.logging.log4j.core.appender.DefaultErrorHandler
1255:             1             64  org.apache.logging.log4j.core.appender.rolling.PatternProcessor
1256:             4             64  org.apache.logging.log4j.core.impl.ThreadContextDataInjector$ForCopyOnWriteThreadContextMap
1257:             2             64  org.apache.logging.log4j.core.layout.StringBuilderEncoder
1258:             4             64  org.apache.logging.log4j.core.lookup.StrMatcher$StringMatcher
1259:             2             64  org.apache.logging.log4j.core.pattern.DatePatternConverter$CachedTime
1260:             2             64  org.apache.logging.log4j.core.script.ScriptManager
1261:             2             64  org.apache.logging.log4j.core.util.WatchManager$ConfigurationMonitor
1262:             2             64  org.apache.logging.log4j.util.PropertiesUtil$Environment
1263:             2             64  org.apache.logging.log4j.util.SortedArrayStringMap
1264:             2             64  org.jboss.netty.bootstrap.ServerBootstrap
1265:             2             64  org.jboss.netty.bootstrap.ServerBootstrap$Binder
1266:             2             64  org.jboss.netty.channel.AdaptiveReceiveBufferSizePredictor
1267:             4             64  org.jboss.netty.channel.SucceededChannelFuture
1268:             2             64  org.jboss.netty.channel.group.DefaultChannelGroup
1269:             2             64  org.jboss.netty.channel.socket.DefaultServerSocketChannelConfig
1270:             2             64  org.jboss.netty.channel.socket.nio.NioClientSocketChannelFactory
1271:             2             64  org.jboss.netty.channel.socket.nio.NioServerBossPool
1272:             2             64  org.jboss.netty.channel.socket.nio.NioServerSocketChannelFactory
1273:             2             64  org.jboss.netty.util.HashedWheelTimer$Worker
1274:             2             64  org.jboss.netty.util.internal.ConcurrentIdentityWeakKeyHashMap$HashEntry
1275:             2             64  org.jboss.netty.util.internal.ConcurrentIdentityWeakKeyHashMap$WeakKeyReference
1276:             4             64  sun.net.www.protocol.jar.Handler
1277:             2             64  sun.nio.ch.ServerSocketAdaptor
1278:             2             64  sun.util.locale.UnicodeLocaleExtension
1279:             2             64  sun.util.locale.provider.LocaleResources
1280:             2             64  sun.util.locale.provider.LocaleServiceProviderPool
1281:             1             56  [Ljava.lang.Runnable;
1282:             2             56  [Ljava.lang.reflect.Field;
1283:             1             56  [Lorg.apache.flink.runtime.execution.ExecutionState;
1284:             1             56  [Lsun.util.logging.PlatformLogger$Level;
1285:             1             56  [[I
1286:             1             56  akka.remote.WireFormats$RemoteEnvelope
1287:             1             56  java.net.SocketPermission
1288:             1             56  java.util.ResourceBundle$CacheKey
1289:             1             56  java.util.logging.LogManager
1290:             1             56  org.apache.flink.runtime.blob.TransientBlobCleanupTask
1291:             1             56  org.apache.flink.runtime.checkpoint.OperatorSubtaskState
1292:             1             56  org.apache.flink.runtime.filecache.FileCache
1293:             1             56  org.apache.flink.runtime.metrics.MetricRegistryImpl
1294:             1             56  org.apache.flink.runtime.metrics.ViewUpdater$ViewUpdaterTask
1295:             1             56  org.apache.flink.runtime.taskexecutor.TaskExecutorMemoryConfiguration
1296:             1             56  org.apache.flink.runtime.taskexecutor.TaskExecutorToResourceManagerConnection
1297:             1             56  org.apache.flink.runtime.taskexecutor.TaskExecutorToResourceManagerConnection$ResourceManagerRegistration
1298:             1             56  org.apache.flink.shaded.netty4.io.netty.bootstrap.ServerBootstrap
1299:             1             56  org.apache.flink.shaded.netty4.io.netty.channel.DefaultChannelHandlerContext
1300:             1             56  org.apache.flink.shaded.netty4.io.netty.channel.DefaultChannelPipeline$TailContext
1301:             1             56  org.apache.flink.shaded.netty4.io.netty.channel.epoll.AbstractEpollServerChannel$EpollServerSocketUnsafe
1302:             1             56  org.apache.logging.log4j.status.StatusLogger
1303:             1             56  org.jboss.netty.util.HashedWheelTimer$HashedWheelTimeout
1304:             1             56  sun.security.provider.SHA
1305:             2             48  [Lcom.github.yck.datasource.DataGenerateStrategy;
1306:             2             48  [Lcom.github.yck.datasource.DataGenerateStrategy;
1307:             2             48  [Lcom.github.yck.datasource.DataGenerateStrategy;
1308:             2             48  [Lcom.github.yck.datasource.DataGenerateStrategy;
1309:             2             48  [Lcom.github.yck.datasource.DataGenerateStrategy;
1310:             2             48  [Lcom.github.yck.datasource.DataGenerateStrategy;
1311:             2             48  [Lcom.github.yck.datasource.DataGenerateStrategy;
1312:             1             48  [Lcom.sun.management.VMOption$Origin;
1313:             3             48  [Ljava.lang.annotation.Annotation;
1314:             1             48  [Ljava.lang.invoke.MethodHandleImpl$Intrinsic;
1315:             1             48  [Ljava.math.RoundingMode;
1316:             1             48  [Ljdk.net.SocketFlow$Status;
1317:             1             48  [Lorg.apache.flink.api.common.state.StateDescriptor$Type;
1318:             2             48  [Lorg.apache.flink.api.common.state.StateTtlConfig$StateVisibility;
1319:             2             48  [Lorg.apache.flink.api.common.state.StateTtlConfig$TtlTimeCharacteristic;
1320:             2             48  [Lorg.apache.flink.configuration.description.TextElement$TextStyle;
1321:             2             48  [Lorg.apache.flink.runtime.blob.BlobKey$BlobType;
1322:             1             48  [Lorg.apache.flink.runtime.io.network.buffer.Buffer$DataType;
1323:             2             48  [Lorg.apache.flink.runtime.rpc.messages.HandshakeSuccessMessage;
1324:             2             48  [Lorg.apache.flink.runtime.taskexecutor.FileType;
1325:             2             48  [Lorg.apache.flink.runtime.taskexecutor.HostBindPolicy;
1326:             2             48  [Lorg.apache.flink.streaming.api.graph.StreamConfig$InputRequirement;
1327:             1             48  [Lorg.apache.flink.util.TimeUtils$TimeUnit;
1328:             3             48  [Lorg.apache.logging.log4j.core.config.Property;
1329:             1             48  [[Ljava.lang.Object;
1330:             2             48  akka.actor.ActorSystemImpl$TerminationCallbacks
1331:             2             48  akka.actor.IgnoreActorRef
1332:             2             48  akka.actor.LocalActorRefProvider$$anon$1
1333:             2             48  akka.actor.LocalActorRefProvider$$anon$2
1334:             3             48  akka.actor.setup.ActorSystemSetup
1335:             2             48  akka.event.LoggerMailbox
1336:             1             48  akka.event.Logging$
1337:             2             48  akka.japi.pf.CaseStatement
1338:             1             48  akka.remote.ContainerFormats$Payload
1339:             1             48  akka.remote.ContainerFormats$SelectionEnvelope
1340:             2             48  akka.remote.DefaultFailureDetectorRegistry
1341:             2             48  akka.remote.EndpointManager$Pass
1342:             1             48  akka.remote.EndpointWriter$
1343:             2             48  akka.remote.RemoteActorRefProvider$$Lambda$344/742255664
1344:             2             48  akka.remote.RemoteActorRefProvider$Internals
1345:             2             48  akka.remote.RemoteActorRefProvider$RemoteDeadLetterActorRef
1346:             2             48  akka.remote.RemoteDeploymentWatcher
1347:             2             48  akka.remote.RemoteWatcher$$$Lambda$345/749486981
1348:             2             48  akka.remote.Remoting$TransportSupervisor
1349:             1             48  akka.remote.WireFormats$AddressData
1350:             1             48  akka.remote.WireFormats$AkkaHandshakeInfo
1351:             1             48  akka.remote.WireFormats$SerializedMessage
1352:             2             48  akka.remote.serialization.ActorRefResolveThreadLocalCache
1353:             2             48  akka.remote.serialization.ActorRefResolveThreadLocalCache$$anon$1
1354:             2             48  akka.remote.transport.ProtocolStateActor$ListenerReady
1355:             2             48  akka.remote.transport.TransportAdapters
1356:             2             48  akka.serialization.BooleanSerializer
1357:             2             48  akka.serialization.ByteArraySerializer
1358:             2             48  akka.serialization.ByteStringSerializer
1359:             2             48  akka.serialization.IntSerializer
1360:             2             48  akka.serialization.JavaSerializer
1361:             2             48  akka.serialization.LongSerializer
1362:             2             48  akka.serialization.Serialization$Information
1363:             2             48  akka.serialization.Serialization$Settings
1364:             2             48  akka.serialization.StringSerializer
1365:             2             48  akka.stream.ActorAttributes$StreamSubscriptionTimeout
1366:             2             48  akka.stream.Attributes$InputBuffer
1367:             2             48  akka.stream.StreamSubscriptionTimeoutSettings
1368:             2             48  akka.stream.impl.MaterializerGuardian$$$Lambda$414/1990733619
1369:             2             48  akka.util.ManifestInfo
1370:             2             48  com.github.yck.datasource.DataGenerateStrategy
1371:             2             48  com.github.yck.datasource.DataGenerateStrategy
1372:             2             48  com.github.yck.datasource.DataGenerateStrategy
1373:             2             48  com.github.yck.datasource.DataGenerateStrategy
1374:             2             48  com.github.yck.datasource.DataGenerateStrategy
1375:             2             48  com.github.yck.datasource.DataGenerateStrategy
1376:             2             48  com.github.yck.datasource.DataGenerateStrategy
1377:             3             48  com.github.yck.simpletask.StatefulTask$1
1378:             3             48  com.github.yck.simpletask.StatefulTask$1
1379:             3             48  com.github.yck.simpletask.StatefulTask$1
1380:             3             48  com.github.yck.simpletask.StatelessTask$1
1381:             2             48  com.sun.jmx.mbeanserver.ClassLoaderRepositorySupport$LoaderEntry
1382:             1             48  com.sun.jmx.mbeanserver.DefaultMXBeanMappingFactory$Mappings
1383:             2             48  com.sun.jmx.mbeanserver.WeakIdentityHashMap
1384:             2             48  com.typesafe.config.impl.FromMapMode
1385:             2             48  com.typesafe.config.impl.ResolveStatus
1386:             2             48  java.io.BufferedOutputStream
1387:             1             48  java.io.BufferedReader
1388:             2             48  java.io.File$PathStatus
1389:             2             48  java.io.OutputStreamWriter
1390:             2             48  java.lang.ClassValue$Version
1391:             1             48  java.lang.invoke.MethodHandleImpl$WrappedMember
1392:             2             48  java.lang.invoke.MethodHandles$Lookup
1393:             2             48  java.lang.reflect.Proxy$KeyX
1394:             2             48  java.lang.reflect.ReflectPermission
1395:             2             48  java.net.InetAddress$Cache
1396:             2             48  java.net.InetAddress$Cache$Type
1397:             2             48  java.net.InterfaceAddress
1398:             1             48  java.net.NetworkInterface
1399:             1             48  java.net.SocketInputStream
1400:             1             48  java.net.SocketOutputStream
1401:             2             48  java.net.StandardProtocolFamily
1402:             3             48  java.nio.channels.spi.AbstractInterruptibleChannel$1
1403:             2             48  java.nio.charset.CoderResult
1404:             3             48  java.nio.charset.CodingErrorAction
1405:             2             48  java.security.AllPermissionCollection
1406:             2             48  java.time.format.DateTimeFormatterBuilder$1
1407:             2             48  java.time.format.DateTimeFormatterBuilder$ZoneIdPrinterParser
1408:             2             48  java.time.format.DateTimeTextProvider$LocaleStore
1409:             2             48  java.time.zone.ZoneOffsetTransition
1410:             2             48  java.util.Currency
1411:             3             48  java.util.Hashtable$EntrySet
1412:             1             48  java.util.ResourceBundle$BundleReference
1413:             2             48  java.util.TaskQueue
1414:             2             48  java.util.Timer
1415:             1             48  java.util.concurrent.CompletableFuture$Signaller
1416:             2             48  java.util.concurrent.Executors$DelegatedScheduledExecutorService
1417:             2             48  java.util.jar.Manifest
1418:             2             48  java.util.logging.Logger$LoggerBundle
1419:             2             48  java.util.regex.Pattern$6
1420:             3             48  java.util.regex.Pattern$Begin
1421:             2             48  java.util.regex.Pattern$SliceI
1422:             2             48  org.apache.flink.api.common.state.StateTtlConfig$StateVisibility
1423:             2             48  org.apache.flink.configuration.ClusterOptions$UncaughtExceptionHandleMode
1424:             2             48  org.apache.flink.configuration.JobManagerOptions$SchedulerType
1425:             1             48  org.apache.flink.configuration.TaskManagerOptions$1
1426:             2             48  org.apache.flink.core.memory.ManagedMemoryUseCase$Scope
1427:             2             48  org.apache.flink.runtime.blob.BlobKey$BlobType
1428:             2             48  org.apache.flink.runtime.concurrent.akka.ActorSystemScheduledExecutorAdapter
1429:             2             48  org.apache.flink.runtime.concurrent.akka.ClassLoadingUtils$$Lambda$565/2010529504
1430:             2             48  org.apache.flink.runtime.concurrent.akka.ClassLoadingUtils$ContextClassLoaderSettingExecutor
1431:             2             48  org.apache.flink.runtime.execution.librarycache.FlinkUserCodeClassLoaders$ResolveOrder
1432:             1             48  org.apache.flink.runtime.io.disk.BatchShuffleReadBufferPool
1433:             3             48  org.apache.flink.runtime.io.network.api.TaskEventHandler
1434:             1             48  org.apache.flink.runtime.io.network.buffer.NetworkBufferPool
1435:             3             48  org.apache.flink.runtime.metrics.util.MetricUtils$$Lambda$458/1443173326
1436:             3             48  org.apache.flink.runtime.metrics.util.MetricUtils$$Lambda$459/318794136
1437:             3             48  org.apache.flink.runtime.metrics.util.MetricUtils$$Lambda$460/939254952
1438:             1             48  org.apache.flink.runtime.resourcemanager.TaskExecutorRegistration
1439:             2             48  org.apache.flink.runtime.rpc.AddressResolution
1440:             2             48  org.apache.flink.runtime.rpc.RpcEndpoint$MainThreadExecutor
1441:             3             48  org.apache.flink.runtime.rpc.akka.AkkaRpcActor$RpcEndpointTerminationResult
1442:             2             48  org.apache.flink.runtime.rpc.akka.AkkaRpcService$Supervisor
1443:             2             48  org.apache.flink.runtime.rpc.akka.AkkaRpcServiceUtils$AkkaProtocol
1444:             2             48  org.apache.flink.runtime.rpc.akka.DeadLettersActor
1445:             1             48  org.apache.flink.runtime.security.SecurityConfiguration
1446:             2             48  org.apache.flink.runtime.state.SnapshotExecutionType
1447:             1             48  org.apache.flink.runtime.taskexecutor.DefaultJobLeaderService
1448:             2             48  org.apache.flink.runtime.taskexecutor.FileType
1449:             2             48  org.apache.flink.runtime.taskexecutor.HostBindPolicy
1450:             1             48  org.apache.flink.runtime.util.EnvironmentInformation$Versions
1451:             1             48  org.apache.flink.shaded.guava30.com.google.common.collect.ImmutableListMultimap
1452:             1             48  org.apache.flink.shaded.netty4.io.netty.bootstrap.AbstractBootstrap$PendingRegistrationPromise
1453:             1             48  org.apache.flink.shaded.netty4.io.netty.bootstrap.Bootstrap
1454:             2             48  org.apache.flink.shaded.netty4.io.netty.buffer.PooledByteBufAllocator$PoolThreadLocalCache
1455:             2             48  org.apache.flink.shaded.netty4.io.netty.channel.ChannelMetadata
1456:             1             48  org.apache.flink.shaded.netty4.io.netty.channel.DefaultChannelPipeline
1457:             2             48  org.apache.flink.shaded.netty4.io.netty.channel.VoidChannelPromise
1458:             2             48  org.apache.flink.shaded.netty4.io.netty.util.concurrent.DefaultEventExecutorChooserFactory$GenericEventExecutorChooser
1459:             3             48  org.apache.flink.shaded.netty4.io.netty.util.concurrent.PromiseTask$SentinelRunnable
1460:             2             48  org.apache.flink.streaming.api.CheckpointingMode
1461:             2             48  org.apache.flink.streaming.api.graph.StreamConfig$InputRequirement
1462:             3             48  org.apache.flink.streaming.api.operators.InternalTimerServiceImpl$$Lambda$715/1931790851
1463:             3             48  org.apache.flink.streaming.runtime.io.checkpointing.InputProcessorUtil$$Lambda$667/648905866
1464:             3             48  org.apache.flink.streaming.runtime.io.checkpointing.InputProcessorUtil$$Lambda$668/60802721
1465:             3             48  org.apache.flink.streaming.runtime.operators.windowing.WindowOperator$1
1466:             3             48  org.apache.flink.streaming.runtime.tasks.OneInputStreamTask$$Lambda$678/1618796835
1467:             3             48  org.apache.flink.streaming.runtime.tasks.StreamTask$$Lambda$714/2112994563
1468:             2             48  org.apache.logging.log4j.core.LoggerContext$1
1469:             1             48  org.apache.logging.log4j.core.appender.rolling.RollingFileManager$EmptyQueue
1470:             2             48  org.apache.logging.log4j.core.config.AppenderRef
1471:             3             48  org.apache.logging.log4j.core.config.DefaultAdvertiser
1472:             2             48  org.apache.logging.log4j.core.config.Loggers
1473:             2             48  org.apache.logging.log4j.core.config.status.StatusConfiguration$Verbosity
1474:             1             48  org.apache.logging.log4j.core.impl.Log4jProvider
1475:             2             48  org.apache.logging.log4j.core.jmx.AppenderAdmin
1476:             2             48  org.apache.logging.log4j.core.jmx.ContextSelectorAdmin
1477:             2             48  org.apache.logging.log4j.core.pattern.PatternParser
1478:             2             48  org.apache.logging.log4j.core.util.DefaultShutdownCallbackRegistry$RegisteredCancellable
1479:             2             48  org.apache.logging.log4j.core.util.Source
1480:             2             48  org.apache.logging.log4j.core.util.WatchManager$WatchRunnable
1481:             3             48  org.apache.logging.log4j.core.util.datetime.FastDateParser$CopyQuotedStrategy
1482:             3             48  org.apache.logging.log4j.core.util.datetime.FastDatePrinter$CharacterLiteral
1483:             1             48  org.apache.logging.log4j.simple.SimpleLogger
1484:             2             48  org.apache.logging.log4j.spi.LoggerRegistry
1485:             2             48  org.jboss.netty.channel.socket.nio.AbstractNioChannel$WriteRequestQueue
1486:             2             48  org.jboss.netty.handler.codec.frame.LengthFieldPrepender
1487:             1             48  org.jboss.netty.util.internal.ConcurrentIdentityWeakKeyHashMap
1488:             2             48  org.jboss.netty.util.internal.ThreadLocalBoolean
1489:             1             48  scala.Array$
1490:             1             48  scala.Predef$
1491:             2             48  scala.collection.immutable.TreeSet
1492:             2             48  scala.concurrent.Future$$Lambda$237/864221358
1493:             2             48  scala.concurrent.impl.Promise$$Lambda$238/1860886124
1494:             2             48  scala.util.DynamicVariable$$anon$1
1495:             1             48  scala.util.Properties$
1496:             1             48  scala.util.Properties$
1497:             2             48  sun.management.ManagementFactoryHelper$1
1498:             2             48  sun.misc.NativeSignalHandler
1499:             2             48  sun.nio.ch.Util$BufferCache
1500:             1             48  sun.nio.cs.StreamDecoder
1501:             2             48  sun.security.jca.ProviderList
1502:             2             48  sun.security.jca.ProviderList$3
1503:             2             48  sun.util.locale.LocaleExtensions
1504:             2             40  [Lcom.sun.jmx.mbeanserver.ClassLoaderRepositorySupport$LoaderEntry;
1505:             1             40  [Lcom.typesafe.config.ConfigValueType;
1506:             1             40  [Ljava.lang.management.MemoryPoolMXBean;
1507:             1             40  [Ljava.nio.charset.Charset;
1508:             1             40  [Ljava.time.format.SignStyle;
1509:             1             40  [Ljava.time.format.TextStyle;
1510:             2             40  [Ljava.time.zone.ZoneOffsetTransitionRule;
1511:             1             40  [Ljava.util.stream.StreamOpFlag;
1512:             1             40  [Lorg.apache.flink.runtime.net.ConnectionUtils$AddressDetectionState;
1513:             1             40  [Lorg.apache.flink.streaming.runtime.io.DataInputStatus;
1514:             1             40  [Lorg.apache.flink.util.OperatingSystem;
1515:             1             40  [Lorg.apache.logging.log4j.core.LifeCycle$State;
1516:             1             40  [Lorg.apache.logging.log4j.core.appender.rolling.FileExtension;
1517:             1             40  [Lorg.apache.logging.log4j.core.pattern.PatternParser$ParserState;
1518:             1             40  [Lorg.apache.logging.log4j.core.util.datetime.FastDatePrinter$Rule;
1519:             1             40  [Lsun.util.locale.provider.LocaleProviderAdapter$Type;
1520:             1             40  [[Ljava.lang.invoke.LambdaForm$Name;
1521:             1             40  akka.actor.ActorKilledException
1522:             1             40  akka.actor.LightArrayRevolverScheduler$
1523:             1             40  akka.remote.ContainerFormats$ActorIdentity
1524:             1             40  akka.remote.ContainerFormats$ActorRef
1525:             1             40  akka.remote.ContainerFormats$Identify
1526:             1             40  akka.remote.ContainerFormats$Selection
1527:             1             40  akka.remote.WireFormats$AckAndEnvelopeContainer
1528:             1             40  akka.remote.WireFormats$ActorRefData
1529:             1             40  akka.remote.WireFormats$AkkaControlMessage
1530:             1             40  akka.remote.WireFormats$AkkaProtocolMessage
1531:             1             40  akka.stream.Supervision$
1532:             1             40  akka.util.ManifestInfo$
1533:             1             40  com.sun.jmx.interceptor.DefaultMBeanServerInterceptor
1534:             1             40  com.sun.jmx.mbeanserver.JmxMBeanServer
1535:             1             40  com.sun.jmx.mbeanserver.MBeanServerDelegateImpl
1536:             1             40  java.time.format.DateTimeFormatterBuilder
1537:             1             40  java.util.ResourceBundle$1
1538:             1             40  java.util.concurrent.CompletableFuture$UniAccept
1539:             1             40  org.apache.flink.runtime.blob.BlobCacheSizeTracker
1540:             1             40  org.apache.flink.runtime.blob.PermanentBlobCache$PermanentBlobCleanupTask
1541:             1             40  org.apache.flink.runtime.checkpoint.PrioritizedOperatorSubtaskState
1542:             1             40  org.apache.flink.runtime.highavailability.nonha.standalone.StandaloneHaServices
1543:             1             40  org.apache.flink.runtime.instance.HardwareDescription
1544:             1             40  org.apache.flink.runtime.metrics.scope.ScopeFormats
1545:             1             40  org.apache.flink.runtime.state.TaskExecutorLocalStateStoresManager
1546:             1             40  org.apache.flink.shaded.netty4.io.netty.bootstrap.ServerBootstrap$ServerBootstrapAcceptor
1547:             1             40  org.apache.flink.shaded.netty4.io.netty.channel.AbstractChannel$CloseFuture
1548:             1             40  org.apache.logging.log4j.core.appender.rolling.DefaultRolloverStrategy
1549:             1             40  org.apache.logging.log4j.core.util.datetime.FastDateParser
1550:             1             40  scala.concurrent.duration.Duration$
1551:             1             40  sun.management.DiagnosticCommandImpl
1552:             1             40  sun.nio.cs.StandardCharsets$Aliases
1553:             1             40  sun.nio.cs.StandardCharsets$Cache
1554:             1             40  sun.nio.cs.StandardCharsets$Classes
1555:             1             40  sun.security.provider.ConfigFile$Spi
1556:             1             32  [Lcom.typesafe.config.ConfigSyntax;
1557:             1             32  [Lcom.typesafe.config.impl.ConfigIncludeKind;
1558:             1             32  [Lcom.typesafe.config.impl.OriginType;
1559:             2             32  [Ljava.lang.Enum;
1560:             1             32  [Ljava.lang.OutOfMemoryError;
1561:             1             32  [Ljava.lang.management.MemoryManagerMXBean;
1562:             1             32  [Ljava.net.Proxy$Type;
1563:             1             32  [Ljava.nio.file.StandardCopyOption;
1564:             2             32  [Ljava.security.cert.Certificate;
1565:             1             32  [Ljava.time.format.DateTimeFormatterBuilder$SettingsParser;
1566:             1             32  [Ljava.time.format.ResolverStyle;
1567:             1             32  [Ljava.time.temporal.IsoFields$Field;
1568:             1             32  [Ljava.time.temporal.TemporalUnit;
1569:             1             32  [Ljava.time.zone.ZoneOffsetTransitionRule$TimeDefinition;
1570:             1             32  [Ljava.util.stream.MatchOps$MatchKind;
1571:             1             32  [Ljava.util.stream.StreamShape;
1572:             1             32  [Lorg.apache.flink.api.common.JobStatus$TerminalState;
1573:             1             32  [Lorg.apache.flink.configuration.ClusterOptions$UserSystemExitMode;
1574:             1             32  [Lorg.apache.flink.runtime.checkpoint.CheckpointOptions$AlignmentType;
1575:             1             32  [Lorg.apache.flink.runtime.checkpoint.CheckpointType$PostCheckpointAction;
1576:             1             32  [Lorg.apache.flink.runtime.checkpoint.CheckpointType;
1577:             1             32  [Lorg.apache.flink.runtime.clusterframework.ApplicationStatus;
1578:             1             32  [Lorg.apache.flink.runtime.heartbeat.HeartbeatMonitorImpl$State;
1579:             1             32  [Lorg.apache.flink.runtime.io.network.api.serialization.RecordDeserializer$DeserializationResult;
1580:             1             32  [Lorg.apache.flink.runtime.io.network.netty.NettyConfig$TransportType;
1581:             1             32  [Lorg.apache.flink.runtime.io.network.partition.BoundedBlockingSubpartitionType;
1582:             1             32  [Lorg.apache.flink.runtime.io.network.partition.consumer.ChannelStatePersister$CheckpointStatus;
1583:             1             32  [Lorg.apache.flink.runtime.metrics.groups.AbstractMetricGroup$ChildType;
1584:             1             32  [Lorg.apache.flink.runtime.net.ConnectionUtils$LeaderConnectingAddressListener$LeaderRetrievalState;
1585:             1             32  [Lorg.apache.flink.runtime.rpc.akka.ControlMessages;
1586:             1             32  [Lorg.apache.flink.runtime.taskexecutor.DefaultJobLeaderService$State;
1587:             1             32  [Lorg.apache.flink.runtime.taskexecutor.slot.TaskSlotState;
1588:             1             32  [Lorg.apache.flink.runtime.taskexecutor.slot.TaskSlotTableImpl$State;
1589:             1             32  [Lorg.apache.flink.shaded.guava30.com.google.common.base.AbstractIterator$State;
1590:             1             32  [Lorg.apache.flink.shaded.guava30.com.google.common.collect.AbstractIterator$State;
1591:             1             32  [Lorg.apache.flink.shaded.netty4.io.netty.util.ResourceLeakDetector$Level;
1592:             1             32  [Lorg.apache.flink.streaming.api.TimeCharacteristic;
1593:             1             32  [Lorg.apache.flink.streaming.api.environment.CheckpointConfig$ExternalizedCheckpointCleanup;
1594:             1             32  [Lorg.apache.flink.streaming.api.windowing.triggers.TriggerResult;
1595:             1             32  [Lorg.apache.flink.streaming.runtime.tasks.SourceStreamTask$FinishingReason;
1596:             1             32  [Lorg.apache.flink.streaming.runtime.tasks.mailbox.TaskMailbox$State;
1597:             1             32  [Lorg.apache.logging.log4j.core.config.LoggerConfig$LoggerConfigPredicate;
1598:             1             32  [Lorg.apache.logging.log4j.core.util.datetime.FixedDateFormat$FixedTimeZoneFormat;
1599:             1             32  [Lorg.jboss.netty.channel.ChannelState;
1600:             1             32  [Lsun.misc.FormattedFloatingDecimal$Form;
1601:             1             32  [Lsun.security.provider.NativePRNG$Variant;
1602:             1             32  akka.actor.ActorCell$
1603:             2             32  akka.actor.ActorSystemImpl$$Lambda$236/2143739483
1604:             2             32  akka.actor.ActorSystemImpl$$anon$2
1605:             2             32  akka.actor.ActorSystemImpl$TerminationCallbacks$$Lambda$235/1302725372
1606:             2             32  akka.actor.ActorSystemImpl$TerminationCallbacks$$anonfun$addRec$1$1
1607:             2             32  akka.actor.LocalActorRefProvider$$anonfun$rootGuardianStrategy$1
1608:             2             32  akka.actor.LocalActorRefProvider$SystemGuardian$$anonfun$receive$2
1609:             1             32  akka.actor.Props$
1610:             2             32  akka.actor.ReflectiveDynamicAccess
1611:             1             32  akka.actor.SupervisorStrategy$
1612:             1             32  akka.actor.VirtualPathContainer
1613:             1             32  akka.dispatch.CachingConfig$
1614:             2             32  akka.dispatch.Mailboxes$$anon$1$$anon$2
1615:             1             32  akka.dispatch.ThreadPoolConfig$
1616:             2             32  akka.event.AddressTerminatedTopic
1617:             2             32  akka.event.BusLogging$$anonfun$$lessinit$greater$3
1618:             2             32  akka.event.EventStream$$anon$1
1619:             2             32  akka.event.EventStreamUnsubscriber$$anonfun$receive$1
1620:             1             32  akka.event.LogSource$
1621:             2             32  akka.event.LoggerMailboxType
1622:             2             32  akka.event.Logging$LogExt
1623:             2             32  akka.event.slf4j.Slf4jLogger$$anonfun$receive$1
1624:             2             32  akka.event.slf4j.Slf4jLoggingFilter
1625:             2             32  akka.japi.pf.PFBuilder
1626:             2             32  akka.japi.pf.PFBuilder$4
1627:             1             32  akka.protobufv3.internal.ExtensionRegistry
1628:             2             32  akka.remote.EndpointManager$$anonfun$1
1629:             2             32  akka.remote.EndpointManager$$anonfun$2
1630:             2             32  akka.remote.EndpointReader$$anonfun$receive$2
1631:             2             32  akka.remote.EndpointWriter$$anonfun$2
1632:             2             32  akka.remote.EndpointWriter$$anonfun$3
1633:             2             32  akka.remote.EndpointWriter$$anonfun$4
1634:             2             32  akka.remote.RARP
1635:             2             32  akka.remote.ReliableDeliverySupervisor$$anonfun$1
1636:             2             32  akka.remote.ReliableDeliverySupervisor$$anonfun$receive$1
1637:             2             32  akka.remote.RemoteActorRefProvider$RemotingTerminator$$anonfun$1
1638:             2             32  akka.remote.RemoteActorRefProvider$RemotingTerminator$$anonfun$2
1639:             2             32  akka.remote.RemoteActorRefProvider$RemotingTerminator$$anonfun$3
1640:             2             32  akka.remote.RemoteActorRefProvider$RemotingTerminator$$anonfun$4
1641:             2             32  akka.remote.RemoteDeploymentWatcher$$anonfun$receive$1
1642:             2             32  akka.remote.RemoteMetricsOff
1643:             2             32  akka.remote.RemoteWatcher$$anonfun$receive$1
1644:             2             32  akka.remote.RemoteWatcher$HeartbeatRsp
1645:             2             32  akka.remote.Remoting$TransportSupervisor$$anonfun$receive$1
1646:             1             32  akka.remote.artery.ArteryTransport$
1647:             2             32  akka.remote.serialization.MiscMessageSerializer$$Lambda$355/696165690
1648:             2             32  akka.remote.serialization.MiscMessageSerializer$$Lambda$356/2054451662
1649:             2             32  akka.remote.serialization.MiscMessageSerializer$$Lambda$357/1659309731
1650:             2             32  akka.remote.serialization.MiscMessageSerializer$$Lambda$358/1734184086
1651:             2             32  akka.remote.serialization.MiscMessageSerializer$$Lambda$360/1170111701
1652:             2             32  akka.remote.serialization.MiscMessageSerializer$$Lambda$361/1985028494
1653:             2             32  akka.remote.serialization.MiscMessageSerializer$$Lambda$362/830863979
1654:             2             32  akka.remote.serialization.MiscMessageSerializer$$Lambda$363/1832283291
1655:             2             32  akka.remote.serialization.MiscMessageSerializer$$Lambda$364/1532554556
1656:             2             32  akka.remote.serialization.MiscMessageSerializer$$Lambda$365/620423816
1657:             2             32  akka.remote.serialization.MiscMessageSerializer$$Lambda$366/976358110
1658:             2             32  akka.remote.serialization.MiscMessageSerializer$$Lambda$372/1496220730
1659:             2             32  akka.remote.serialization.MiscMessageSerializer$$Lambda$373/1135935001
1660:             2             32  akka.remote.serialization.MiscMessageSerializer$$Lambda$374/355885103
1661:             2             32  akka.remote.serialization.MiscMessageSerializer$$Lambda$375/1321115948
1662:             2             32  akka.remote.serialization.MiscMessageSerializer$$Lambda$376/1649847375
1663:             2             32  akka.remote.serialization.MiscMessageSerializer$$Lambda$378/1950136544
1664:             2             32  akka.remote.serialization.MiscMessageSerializer$$Lambda$379/209360730
1665:             2             32  akka.remote.serialization.MiscMessageSerializer$$Lambda$380/1971152916
1666:             2             32  akka.remote.serialization.MiscMessageSerializer$$Lambda$381/1324173038
1667:             2             32  akka.remote.serialization.MiscMessageSerializer$$Lambda$382/1663488386
1668:             2             32  akka.remote.serialization.MiscMessageSerializer$$Lambda$383/577127077
1669:             2             32  akka.remote.serialization.MiscMessageSerializer$$Lambda$384/1924990666
1670:             2             32  akka.remote.serialization.MiscMessageSerializer$$Lambda$385/1572745406
1671:             2             32  akka.remote.serialization.MiscMessageSerializer$$Lambda$386/295640874
1672:             2             32  akka.remote.serialization.MiscMessageSerializer$$Lambda$387/375097969
1673:             2             32  akka.remote.serialization.MiscMessageSerializer$$Lambda$388/1060042118
1674:             1             32  akka.remote.transport.AkkaPduProtobufCodec$
1675:             2             32  akka.remote.transport.AkkaProtocolManager$$anonfun$1
1676:             2             32  akka.remote.transport.AkkaProtocolManager$$anonfun$ready$1
1677:             2             32  akka.remote.transport.FailureInjectorProvider
1678:             2             32  akka.remote.transport.ProtocolStateActor$$anonfun$2
1679:             2             32  akka.remote.transport.ProtocolStateActor$$anonfun$3
1680:             2             32  akka.remote.transport.ProtocolStateActor$$anonfun$4
1681:             2             32  akka.remote.transport.ProtocolStateActor$$anonfun$5
1682:             2             32  akka.remote.transport.ThrottlerProvider
1683:             2             32  akka.remote.transport.netty.NettyTransport$$anon$3
1684:             1             32  akka.remote.transport.netty.TcpClientHandler
1685:             2             32  akka.stream.ActorAttributes$DebugLogging
1686:             2             32  akka.stream.ActorAttributes$Dispatcher
1687:             2             32  akka.stream.ActorAttributes$FuzzingMode
1688:             2             32  akka.stream.ActorAttributes$MaxFixedBufferSize
1689:             2             32  akka.stream.ActorAttributes$OutputBurstLimit
1690:             2             32  akka.stream.ActorAttributes$SupervisionStrategy
1691:             2             32  akka.stream.ActorAttributes$SyncProcessingLimit
1692:             2             32  akka.stream.Attributes
1693:             2             32  akka.stream.Attributes$NestedMaterializationCancellationPolicy
1694:             2             32  akka.stream.IOSettings
1695:             2             32  akka.stream.impl.FlowNames
1696:             2             32  akka.stream.impl.MaterializerGuardian$$anonfun$receive$1
1697:             2             32  akka.stream.impl.StreamSupervisor$$$Lambda$416/1058432446
1698:             2             32  akka.stream.impl.StreamSupervisor$$anonfun$receive$1
1699:             1             32  akka.util.ByteString$
1700:             2             32  akka.util.ReentrantGuard
1701:             2             32  akka.util.Switch
1702:             1             32  com.github.yck.datasource.WebLogDataGenerator
1703:             1             32  com.github.yck.datasource.WebLogDataGenerator
1704:             1             32  com.github.yck.datasource.WebLogDataGenerator
1705:             1             32  com.github.yck.datasource.WebLogDataGenerator
1706:             1             32  com.github.yck.datasource.WebLogDataGenerator
1707:             1             32  com.github.yck.datasource.WebLogDataGenerator
1708:             1             32  com.github.yck.datasource.WebLogDataGenerator
1709:             2             32  com.github.yck.simpletask.StatelessTask$1
1710:             1             32  com.sun.jmx.mbeanserver.Repository
1711:             1             32  java.io.UnixFileSystem
1712:             1             32  java.lang.ArithmeticException
1713:             1             32  java.lang.ArrayIndexOutOfBoundsException
1714:             1             32  java.lang.ClassCastException
1715:             2             32  java.lang.ClassValue$Identity
1716:             1             32  java.lang.NullPointerException
1717:             2             32  java.lang.Shutdown$Lock
1718:             1             32  java.lang.StringCoding$StringDecoder
1719:             1             32  java.lang.Throwable
1720:             1             32  java.lang.reflect.WeakCache
1721:             1             32  java.net.Socket
1722:             2             32  java.nio.ByteOrder
1723:             1             32  java.nio.file.attribute.FileTime
1724:             2             32  java.nio.file.attribute.PosixFilePermissions$1
1725:             1             32  java.security.MessageDigest$Delegate
1726:             2             32  java.time.format.DateTimeFormatterBuilder$StringLiteralPrinterParser
1727:             2             32  java.util.IdentityHashMap$KeySet
1728:             1             32  java.util.ResourceBundle$LoaderReference
1729:             2             32  java.util.Timer$1
1730:             1             32  java.util.concurrent.Semaphore$NonfairSync
1731:             1             32  java.util.concurrent.ThreadLocalRandom
1732:             1             32  java.util.concurrent.atomic.AtomicLongFieldUpdater$CASUpdater
1733:             1             32  java.util.logging.LogManager$SystemLoggerContext
1734:             1             32  java.util.regex.Pattern$BnM
1735:             2             32  java.util.regex.Pattern$Dot
1736:             2             32  javax.script.SimpleBindings
1737:             2             32  jdk.nashorn.api.scripting.NashornScriptEngineFactory
1738:             2             32  org.apache.flink.runtime.blob.VoidBlobStore
1739:             1             32  org.apache.flink.runtime.checkpoint.CheckpointOptions
1740:             1             32  org.apache.flink.runtime.execution.librarycache.BlobLibraryCacheManager
1741:             1             32  org.apache.flink.runtime.execution.librarycache.BlobLibraryCacheManager$DefaultClassLoaderFactory
1742:             2             32  org.apache.flink.runtime.heartbeat.HeartbeatMonitorImpl$Factory
1743:             1             32  org.apache.flink.runtime.instance.InstanceID
1744:             1             32  org.apache.flink.runtime.io.disk.iomanager.IOManagerAsync
1745:             1             32  org.apache.flink.runtime.io.network.netty.NettyClient
1746:             1             32  org.apache.flink.runtime.io.network.netty.NettyConfig
1747:             1             32  org.apache.flink.runtime.io.network.netty.NettyConnectionManager
1748:             1             32  org.apache.flink.runtime.io.network.netty.NettyServer
1749:             1             32  org.apache.flink.runtime.io.network.netty.NettyServer$ServerChannelInitializer
1750:             1             32  org.apache.flink.runtime.io.network.partition.TaskExecutorPartitionTrackerImpl
1751:             1             32  org.apache.flink.runtime.metrics.dump.MetricDumpSerialization$MetricDumpSerializer
1752:             1             32  org.apache.flink.runtime.metrics.scope.JobManagerJobScopeFormat
1753:             1             32  org.apache.flink.runtime.metrics.scope.JobManagerScopeFormat
1754:             1             32  org.apache.flink.runtime.metrics.scope.OperatorScopeFormat
1755:             1             32  org.apache.flink.runtime.metrics.scope.TaskManagerJobScopeFormat
1756:             1             32  org.apache.flink.runtime.metrics.scope.TaskManagerScopeFormat
1757:             1             32  org.apache.flink.runtime.metrics.scope.TaskScopeFormat
1758:             2             32  org.apache.flink.runtime.metrics.util.MetricUtils$$Lambda$455/829737737
1759:             2             32  org.apache.flink.runtime.metrics.util.MetricUtils$$Lambda$456/1296109622
1760:             2             32  org.apache.flink.runtime.registration.RegisteredRpcConnection$$Lambda$502/810748949
1761:             2             32  org.apache.flink.runtime.registration.RetryingRegistration$$Lambda$735/1149434744
1762:             1             32  org.apache.flink.runtime.resourcemanager.ResourceManagerId
1763:             2             32  org.apache.flink.runtime.rpc.MainThreadValidatorUtil
1764:             2             32  org.apache.flink.runtime.rpc.RpcEndpoint$$Lambda$439/614580607
1765:             2             32  org.apache.flink.runtime.rpc.akka.AkkaRpcActor$$Lambda$436/1072785421
1766:             2             32  org.apache.flink.runtime.rpc.akka.AkkaRpcActor$$Lambda$437/1607035972
1767:             2             32  org.apache.flink.runtime.rpc.akka.AkkaRpcActor$$Lambda$438/1712226107
1768:             2             32  org.apache.flink.runtime.rpc.akka.DeadLettersActor$$Lambda$431/1960365035
1769:             2             32  org.apache.flink.runtime.rpc.akka.SupervisorActor$$Lambda$429/2002899046
1770:             2             32  org.apache.flink.runtime.rpc.akka.SupervisorActor$$Lambda$430/1359376425
1771:             1             32  org.apache.flink.runtime.security.modules.JaasModule
1772:             1             32  org.apache.flink.runtime.security.modules.ZooKeeperModule
1773:             1             32  org.apache.flink.runtime.state.TaskExecutorStateChangelogStoragesManager
1774:             1             32  org.apache.flink.runtime.taskexecutor.KvStateService
1775:             1             32  org.apache.flink.runtime.taskexecutor.slot.DefaultTimerService
1776:             1             32  org.apache.flink.shaded.guava30.com.google.common.collect.Iterators$ArrayItr
1777:             1             32  org.apache.flink.shaded.guava30.com.google.common.util.concurrent.ThreadFactoryBuilder
1778:             2             32  org.apache.flink.shaded.netty4.io.netty.buffer.PooledByteBufAllocator$1
1779:             2             32  org.apache.flink.shaded.netty4.io.netty.buffer.PooledByteBufAllocatorMetric
1780:             1             32  org.apache.flink.shaded.netty4.io.netty.channel.DefaultChannelId
1781:             2             32  org.apache.flink.shaded.netty4.io.netty.channel.ReflectiveChannelFactory
1782:             1             32  org.apache.flink.shaded.netty4.io.netty.util.ResourceLeakDetector
1783:             1             32  org.apache.flink.shaded.netty4.io.netty.util.concurrent.DefaultPromise$StacklessCancellationException
1784:             1             32  org.apache.flink.shaded.netty4.io.netty.util.concurrent.DefaultThreadFactory
1785:             2             32  org.apache.flink.shaded.netty4.io.netty.util.concurrent.MultithreadEventExecutorGroup$1
1786:             2             32  org.apache.flink.shaded.netty4.io.netty.util.concurrent.ThreadPerTaskExecutor
1787:             2             32  org.apache.flink.shaded.netty4.io.netty.util.internal.logging.Slf4JLoggerFactory
1788:             2             32  org.apache.flink.streaming.api.operators.StreamSourceContexts$ClosedContext
1789:             2             32  org.apache.flink.streaming.runtime.watermarkstatus.WatermarkStatus
1790:             1             32  org.apache.logging.log4j.core.appender.rolling.SizeBasedTriggeringPolicy
1791:             1             32  org.apache.logging.log4j.core.impl.ThrowableFormatOptions
1792:             2             32  org.apache.logging.log4j.core.layout.PatternLayout$PatternFormatterPatternSerializer
1793:             2             32  org.apache.logging.log4j.core.lookup.ContextMapLookup
1794:             2             32  org.apache.logging.log4j.core.lookup.EventLookup
1795:             2             32  org.apache.logging.log4j.core.lookup.MainMapLookup
1796:             2             32  org.apache.logging.log4j.core.lookup.ResourceBundleLookup
1797:             2             32  org.apache.logging.log4j.core.lookup.StrMatcher$CharSetMatcher
1798:             2             32  org.apache.logging.log4j.core.lookup.StructuredDataLookup
1799:             1             32  org.apache.logging.log4j.core.util.DefaultShutdownCallbackRegistry
1800:             2             32  org.apache.logging.log4j.core.util.SystemClock
1801:             1             32  org.apache.logging.log4j.core.util.datetime.FastDatePrinter
1802:             2             32  org.apache.logging.log4j.spi.LoggerRegistry$ConcurrentMapFactory
1803:             1             32  org.apache.logging.log4j.status.StatusLogger$BoundedQueue
1804:             2             32  org.apache.logging.log4j.util.EnvironmentPropertySource
1805:             2             32  org.apache.logging.log4j.util.PropertiesUtil
1806:             2             32  org.apache.logging.log4j.util.PropertyFilePropertySource
1807:             2             32  org.apache.logging.log4j.util.PropertySource$Comparator
1808:             2             32  org.apache.logging.log4j.util.SystemPropertiesPropertySource
1809:             1             32  org.jboss.netty.buffer.EmptyChannelBuffer
1810:             2             32  org.jboss.netty.buffer.HeapChannelBufferFactory
1811:             2             32  org.jboss.netty.channel.group.DefaultChannelGroup$1
1812:             2             32  org.jboss.netty.channel.socket.nio.AbstractNioChannel$WriteTask
1813:             2             32  org.jboss.netty.channel.socket.nio.NioClientBoss$1
1814:             2             32  org.jboss.netty.channel.socket.nio.NioClientSocketPipelineSink
1815:             2             32  org.jboss.netty.channel.socket.nio.NioServerSocketPipelineSink
1816:             1             32  scala.collection.immutable.Map$WithDefault
1817:             2             32  scala.concurrent.Promise$$Lambda$239/1250499735
1818:             2             32  scala.concurrent.duration.Deadline
1819:             1             32  scala.math.BigDecimal$
1820:             1             32  scala.math.BigInt$
1821:             1             32  scala.reflect.ManifestFactory$AnyManifest
1822:             1             32  scala.reflect.ManifestFactory$AnyValPhantomManifest
1823:             1             32  scala.reflect.ManifestFactory$NothingManifest
1824:             1             32  scala.reflect.ManifestFactory$NullManifest
1825:             1             32  scala.reflect.ManifestFactory$ObjectManifest
1826:             1             32  scala.sys.SystemProperties$
1827:             2             32  scala.util.Right
1828:             1             32  scala.util.control.BreakControl
1829:             2             32  sun.nio.ch.SocketDispatcher
1830:             1             32  sun.nio.cs.StandardCharsets
1831:             1             32  sun.nio.fs.LinuxFileSystem
1832:             1             32  sun.reflect.generics.reflectiveObjects.WildcardTypeImpl
1833:             2             32  sun.reflect.generics.tree.ArrayTypeSignature
1834:             2             32  sun.security.provider.NativePRNG
1835:             1             32  sun.security.provider.SecureRandom
1836:             1             24  [Lcom.typesafe.config.impl.FromMapMode;
1837:             1             24  [Lcom.typesafe.config.impl.ResolveStatus;
1838:             1             24  [Ljava.io.File$PathStatus;
1839:             1             24  [Ljava.net.InetAddress$Cache$Type;
1840:             1             24  [Ljava.net.InterfaceAddress;
1841:             1             24  [Ljava.net.StandardProtocolFamily;
1842:             1             24  [Ljava.nio.file.LinkOption;
1843:             1             24  [Ljava.time.temporal.IsoFields$Unit;
1844:             1             24  [Ljava.time.zone.ZoneOffsetTransition;
1845:             1             24  [Ljava.util.Comparators$NaturalOrderComparator;
1846:             1             24  [Ljava.util.Locale$Category;
1847:             1             24  [Lorg.apache.flink.configuration.ClusterOptions$UncaughtExceptionHandleMode;
1848:             1             24  [Lorg.apache.flink.configuration.JobManagerOptions$SchedulerType;
1849:             1             24  [Lorg.apache.flink.configuration.SchedulerExecutionMode;
1850:             1             24  [Lorg.apache.flink.core.memory.ManagedMemoryUseCase$Scope;
1851:             1             24  [Lorg.apache.flink.runtime.execution.librarycache.FlinkUserCodeClassLoaders$ResolveOrder;
1852:             1             24  [Lorg.apache.flink.runtime.io.disk.iomanager.IOManagerAsync$ReaderThread;
1853:             1             24  [Lorg.apache.flink.runtime.io.disk.iomanager.IOManagerAsync$WriterThread;
1854:             1             24  [Lorg.apache.flink.runtime.rpc.AddressResolution;
1855:             1             24  [Lorg.apache.flink.runtime.rpc.akka.AkkaRpcActor$StartedState;
1856:             1             24  [Lorg.apache.flink.runtime.rpc.akka.AkkaRpcActor$StoppedState;
1857:             1             24  [Lorg.apache.flink.runtime.rpc.akka.AkkaRpcServiceUtils$AkkaProtocol;
1858:             1             24  [Lorg.apache.flink.runtime.state.SnapshotExecutionType;
1859:             1             24  [Lorg.apache.flink.streaming.api.CheckpointingMode;
1860:             1             24  [Lorg.apache.logging.log4j.core.appender.ConsoleAppender$Target;
1861:             1             24  [Lorg.apache.logging.log4j.core.appender.rolling.TriggeringPolicy;
1862:             1             24  [Lorg.apache.logging.log4j.core.async.ThreadNameCachingStrategy;
1863:             1             24  [Lorg.apache.logging.log4j.core.config.status.StatusConfiguration$Verbosity;
1864:             1             24  [Lorg.apache.logging.log4j.core.pattern.ArrayPatternConverter;
1865:             1             24  [Lorg.apache.logging.log4j.core.pattern.FormattingInfo;
1866:             1             24  [Lorg.apache.logging.log4j.core.pattern.NameAbbreviator$MaxElementAbbreviator$Strategy;
1867:             1             24  [Lsun.launcher.LauncherHelper;
1868:             1             24  akka.actor.Actor$
1869:             1             24  akka.actor.Address$
1870:             1             24  akka.actor.Cancellable$
1871:             1             24  akka.actor.FSM$
1872:             1             24  akka.actor.IgnoreActorRef$
1873:             1             24  akka.actor.IndirectActorProducer$
1874:             1             24  akka.actor.Nobody$
1875:             1             24  akka.actor.ProviderSelection$
1876:             1             24  akka.actor.ProviderSelection$Remote$
1877:             1             24  akka.dispatch.Dispatchers$
1878:             1             24  akka.dispatch.Mailbox$
1879:             1             24  akka.dispatch.internal.SameThreadExecutionContext$$anon$1
1880:             1             24  akka.dispatch.sysmsg.SystemMessageList$
1881:             1             24  akka.event.Logging$StandardOutLogger
1882:             1             24  akka.pattern.PromiseActorRef$
1883:             1             24  akka.protobufv3.internal.ByteString$LiteralByteString
1884:             1             24  akka.protobufv3.internal.UnknownFieldSet
1885:             1             24  akka.remote.transport.AkkaProtocolTransport$
1886:             1             24  akka.remote.transport.netty.ChannelLocalActor$
1887:             1             24  akka.remote.transport.netty.NettyTransport$
1888:             1             24  akka.remote.transport.netty.TcpServerHandler
1889:             1             24  akka.serialization.JavaSerializer$CurrentSystem
1890:             1             24  akka.stream.Attributes$NestedMaterializationCancellationPolicy$
1891:             1             24  akka.stream.impl.PhasedFusingActorMaterializer$
1892:             1             24  akka.stream.impl.StreamSupervisor$
1893:             1             24  akka.util.ByteString$ByteString1
1894:             1             24  akka.util.ByteString$ByteString1$
1895:             1             24  akka.util.Helpers$
1896:             1             24  com.sun.jmx.mbeanserver.ClassLoaderRepositorySupport
1897:             1             24  com.sun.jmx.mbeanserver.MXBeanLookup
1898:             1             24  com.sun.jmx.remote.util.ClassLogger
1899:             1             24  com.typesafe.config.impl.ConfigDelayedMerge
1900:             1             24  com.typesafe.config.impl.ConfigDelayedMergeObject
1901:             1             24  com.typesafe.config.impl.ConfigImpl$LoaderCache
1902:             1             24  java.io.ExpiringCache$Entry
1903:             1             24  java.io.InputStreamReader
1904:             1             24  java.lang.ProcessEnvironment$StringEnvironment
1905:             1             24  java.lang.invoke.MethodHandleImpl$4
1906:             1             24  java.lang.invoke.MethodHandleImpl$ArrayAccessor$1
1907:             1             24  java.lang.invoke.MethodType$ConcurrentWeakInternSet
1908:             1             24  java.math.MutableBigInteger
1909:             1             24  java.net.Inet6AddressImpl
1910:             1             24  java.net.InetAddress$CacheEntry
1911:             1             24  java.net.Proxy
1912:             1             24  java.nio.file.LinkOption
1913:             1             24  java.time.Period
1914:             1             24  java.time.ZoneRegion
1915:             1             24  java.time.format.DecimalStyle
1916:             1             24  java.time.temporal.IsoFields$Field$1
1917:             1             24  java.time.temporal.IsoFields$Field$2
1918:             1             24  java.time.temporal.IsoFields$Field$3
1919:             1             24  java.time.temporal.IsoFields$Field$4
1920:             1             24  java.time.zone.TzdbZoneRulesProvider
1921:             1             24  java.util.Collections$3
1922:             1             24  java.util.Collections$EmptyMap
1923:             1             24  java.util.Collections$SynchronizedRandomAccessList
1924:             1             24  java.util.Comparators$NaturalOrderComparator
1925:             1             24  java.util.Locale$Cache
1926:             1             24  java.util.OptionalLong
1927:             1             24  java.util.ResourceBundle$Control$CandidateListCache
1928:             1             24  java.util.concurrent.ConcurrentLinkedDeque
1929:             1             24  java.util.concurrent.TimeUnit$1
1930:             1             24  java.util.concurrent.TimeUnit$2
1931:             1             24  java.util.concurrent.TimeUnit$3
1932:             1             24  java.util.concurrent.TimeUnit$4
1933:             1             24  java.util.concurrent.TimeUnit$5
1934:             1             24  java.util.concurrent.TimeUnit$6
1935:             1             24  java.util.concurrent.TimeUnit$7
1936:             1             24  java.util.logging.LogManager$LoggerContext
1937:             1             24  java.util.logging.LoggingPermission
1938:             1             24  javax.management.NotificationBroadcasterSupport
1939:             1             24  javax.security.auth.login.AppConfigurationEntry
1940:             1             24  org.apache.flink.api.common.state.StateTtlConfig$TtlTimeCharacteristic
1941:             1             24  org.apache.flink.configuration.SchedulerExecutionMode
1942:             1             24  org.apache.flink.configuration.description.TextElement$TextStyle
1943:             1             24  org.apache.flink.core.fs.UnsupportedSchemeFactory
1944:             1             24  org.apache.flink.core.fs.local.LocalFileSystem
1945:             1             24  org.apache.flink.core.plugin.DefaultPluginManager
1946:             1             24  org.apache.flink.runtime.blob.BlobCacheService
1947:             1             24  org.apache.flink.runtime.clusterframework.types.ResourceBudgetManager
1948:             1             24  org.apache.flink.runtime.entrypoint.ClusterInformation
1949:             1             24  org.apache.flink.runtime.io.network.netty.NettyProtocol
1950:             1             24  org.apache.flink.runtime.io.network.netty.PartitionRequestClientFactory
1951:             1             24  org.apache.flink.runtime.io.network.partition.BoundedBlockingSubpartitionType$1
1952:             1             24  org.apache.flink.runtime.io.network.partition.BoundedBlockingSubpartitionType$2
1953:             1             24  org.apache.flink.runtime.io.network.partition.BoundedBlockingSubpartitionType$3
1954:             1             24  org.apache.flink.runtime.io.network.partition.BoundedBlockingSubpartitionType$4
1955:             1             24  org.apache.flink.runtime.io.network.partition.ResultPartitionManager
1956:             1             24  org.apache.flink.runtime.jobmaster.ResourceManagerAddress
1957:             1             24  org.apache.flink.runtime.metrics.ViewUpdater
1958:             1             24  org.apache.flink.runtime.query.KvStateRegistry
1959:             1             24  org.apache.flink.runtime.rpc.akka.AkkaRpcActor$StartedState
1960:             1             24  org.apache.flink.runtime.rpc.akka.AkkaRpcActor$StoppedState
1961:             1             24  org.apache.flink.runtime.rpc.akka.CleanupOnCloseRpcSystem
1962:             1             24  org.apache.flink.runtime.rpc.akka.PrioritySettingThreadFactory
1963:             1             24  org.apache.flink.runtime.rpc.akka.PriorityThreadsDispatcher
1964:             1             24  org.apache.flink.runtime.rpc.messages.HandshakeSuccessMessage
1965:             1             24  org.apache.flink.runtime.security.DynamicConfiguration
1966:             1             24  org.apache.flink.runtime.taskexecutor.DefaultJobTable
1967:             1             24  org.apache.flink.runtime.taskexecutor.EstablishedResourceManagerConnection
1968:             1             24  org.apache.flink.runtime.taskexecutor.TaskExecutorRegistrationSuccess
1969:             1             24  org.apache.flink.runtime.taskexecutor.TaskManagerRunner$$Lambda$76/1760126453
1970:             1             24  org.apache.flink.runtime.taskmanager.UnresolvedTaskManagerLocation
1971:             1             24  org.apache.flink.runtime.util.JvmShutdownSafeguard$DelayedTerminator
1972:             1             24  org.apache.flink.shaded.netty4.io.netty.bootstrap.ServerBootstrap$ServerBootstrapAcceptor$1
1973:             1             24  org.apache.flink.shaded.netty4.io.netty.channel.ChannelOption$1
1974:             1             24  org.apache.flink.shaded.netty4.io.netty.channel.SucceededChannelFuture
1975:             1             24  org.apache.flink.shaded.netty4.io.netty.channel.WriteBufferWaterMark
1976:             1             24  org.apache.flink.shaded.netty4.io.netty.channel.epoll.LinuxSocket
1977:             1             24  org.apache.flink.shaded.netty4.io.netty.resolver.DefaultAddressResolverGroup
1978:             1             24  org.apache.flink.shaded.netty4.io.netty.util.ResourceLeakDetectorFactory$DefaultResourceLeakDetectorFactory
1979:             1             24  org.apache.flink.shaded.netty4.io.netty.util.concurrent.FailedFuture
1980:             1             24  org.apache.flink.shaded.netty4.io.netty.util.internal.DefaultPriorityQueue
1981:             1             24  org.apache.flink.shaded.netty4.io.netty.util.internal.ThreadExecutorMap$2
1982:             1             24  org.apache.flink.shaded.netty4.io.netty.util.internal.ThreadExecutorMap$3
1983:             1             24  org.apache.flink.streaming.api.windowing.assigners.WindowStagger$1
1984:             1             24  org.apache.flink.streaming.api.windowing.assigners.WindowStagger$2
1985:             1             24  org.apache.flink.streaming.api.windowing.assigners.WindowStagger$3
1986:             1             24  org.apache.flink.streaming.util.LatencyStats$Granularity$1
1987:             1             24  org.apache.flink.streaming.util.LatencyStats$Granularity$2
1988:             1             24  org.apache.flink.streaming.util.LatencyStats$Granularity$3
1989:             1             24  org.apache.logging.log4j.core.appender.ConsoleAppender$Target$1
1990:             1             24  org.apache.logging.log4j.core.appender.ConsoleAppender$Target$2
1991:             1             24  org.apache.logging.log4j.core.appender.rolling.CompositeTriggeringPolicy
1992:             1             24  org.apache.logging.log4j.core.appender.rolling.FileExtension$1
1993:             1             24  org.apache.logging.log4j.core.appender.rolling.FileExtension$2
1994:             1             24  org.apache.logging.log4j.core.appender.rolling.FileExtension$3
1995:             1             24  org.apache.logging.log4j.core.appender.rolling.FileExtension$4
1996:             1             24  org.apache.logging.log4j.core.appender.rolling.FileExtension$5
1997:             1             24  org.apache.logging.log4j.core.appender.rolling.FileExtension$6
1998:             1             24  org.apache.logging.log4j.core.appender.rolling.OnStartupTriggeringPolicy
1999:             1             24  org.apache.logging.log4j.core.async.ThreadNameCachingStrategy$1
2000:             1             24  org.apache.logging.log4j.core.async.ThreadNameCachingStrategy$2
2001:             1             24  org.apache.logging.log4j.core.config.LoggerConfig$LoggerConfigPredicate$1
2002:             1             24  org.apache.logging.log4j.core.config.LoggerConfig$LoggerConfigPredicate$2
2003:             1             24  org.apache.logging.log4j.core.config.LoggerConfig$LoggerConfigPredicate$3
2004:             1             24  org.apache.logging.log4j.core.config.json.JsonConfigurationFactory
2005:             1             24  org.apache.logging.log4j.core.config.plugins.util.PluginRegistry
2006:             1             24  org.apache.logging.log4j.core.config.yaml.YamlConfigurationFactory
2007:             1             24  org.apache.logging.log4j.core.impl.Log4jContextFactory
2008:             1             24  org.apache.logging.log4j.core.pattern.IntegerPatternConverter
2009:             1             24  org.apache.logging.log4j.core.pattern.LevelPatternConverter$SimpleLevelPatternConverter
2010:             1             24  org.apache.logging.log4j.core.pattern.LineSeparatorPatternConverter
2011:             1             24  org.apache.logging.log4j.core.pattern.LoggerPatternConverter
2012:             1             24  org.apache.logging.log4j.core.pattern.MessagePatternConverter$SimpleMessagePatternConverter
2013:             1             24  org.apache.logging.log4j.core.pattern.NameAbbreviator$MaxElementAbbreviator$Strategy$1
2014:             1             24  org.apache.logging.log4j.core.pattern.NameAbbreviator$MaxElementAbbreviator$Strategy$2
2015:             1             24  org.apache.logging.log4j.core.pattern.NdcPatternConverter
2016:             1             24  org.apache.logging.log4j.core.pattern.SimpleLiteralPatternConverter$Space
2017:             1             24  org.apache.logging.log4j.core.pattern.ThreadNamePatternConverter
2018:             1             24  org.apache.logging.log4j.core.util.datetime.FastDateFormat
2019:             1             24  org.apache.logging.log4j.core.util.datetime.FastDatePrinter$PaddedNumberField
2020:             1             24  org.apache.logging.log4j.core.util.datetime.FormatCache$MultipartKey
2021:             1             24  org.apache.logging.log4j.message.SimpleMessage
2022:             1             24  org.apache.logging.log4j.status.StatusConsoleListener
2023:             1             24  org.apache.logging.slf4j.Log4jLoggerFactory
2024:             1             24  org.apache.logging.slf4j.Log4jMarker
2025:             1             24  org.jboss.netty.channel.AdaptiveReceiveBufferSizePredictorFactory
2026:             1             24  org.jboss.netty.channel.socket.nio.NioClientSocketPipelineSink$1
2027:             1             24  org.jboss.netty.util.internal.SharedResourceMisuseDetector
2028:             1             24  org.slf4j.helpers.SubstituteLoggerFactory
2029:             1             24  scala.PartialFunction$
2030:             1             24  scala.collection.IndexedSeq$
2031:             1             24  scala.collection.Traversable$
2032:             1             24  scala.collection.immutable.HashMap$$anon$2
2033:             1             24  scala.collection.immutable.List$
2034:             1             24  scala.collection.immutable.MapLike$$anon$2
2035:             1             24  scala.collection.immutable.Queue$EmptyQueue$
2036:             1             24  scala.collection.immutable.Vector$
2037:             1             24  scala.collection.mutable.WrappedArray$ofRef
2038:             1             24  scala.compat.java8.OptionConverters$
2039:             1             24  scala.concurrent.Future$
2040:             1             24  scala.reflect.ManifestFactory$BooleanManifest
2041:             1             24  scala.reflect.ManifestFactory$ByteManifest
2042:             1             24  scala.reflect.ManifestFactory$CharManifest
2043:             1             24  scala.reflect.ManifestFactory$DoubleManifest
2044:             1             24  scala.reflect.ManifestFactory$FloatManifest
2045:             1             24  scala.reflect.ManifestFactory$IntManifest
2046:             1             24  scala.reflect.ManifestFactory$LongManifest
2047:             1             24  scala.reflect.ManifestFactory$ShortManifest
2048:             1             24  scala.reflect.ManifestFactory$UnitManifest
2049:             1             24  scala.reflect.package$
2050:             1             24  scala.sys.BooleanProp$BooleanPropImpl
2051:             1             24  scala.util.DynamicVariable
2052:             1             24  scala.util.hashing.MurmurHash3$
2053:             1             24  scala.util.matching.Regex
2054:             1             24  sun.launcher.LauncherHelper
2055:             1             24  sun.management.CompilationImpl
2056:             1             24  sun.management.MemoryImpl
2057:             1             24  sun.management.OperatingSystemImpl
2058:             1             24  sun.management.RuntimeImpl
2059:             1             24  sun.management.ThreadImpl
2060:             1             24  sun.management.VMManagementImpl
2061:             1             24  sun.misc.URLClassPath$FileLoader
2062:             1             24  sun.net.ProgressMonitor
2063:             1             24  sun.net.sdp.SdpProvider
2064:             1             24  sun.net.www.MimeTable
2065:             1             24  sun.nio.cs.ISO_8859_1
2066:             1             24  sun.nio.cs.US_ASCII
2067:             1             24  sun.nio.cs.UTF_16
2068:             1             24  sun.nio.cs.UTF_16BE
2069:             1             24  sun.nio.cs.UTF_16LE
2070:             1             24  sun.nio.cs.UTF_8
2071:             1             24  sun.reflect.generics.tree.Wildcard
2072:             1             24  sun.security.provider.ConfigFile
2073:             1             24  sun.util.locale.BaseLocale$Cache
2074:             1             24  sun.util.locale.provider.CalendarDataProviderImpl
2075:             1             24  sun.util.locale.provider.CalendarProviderImpl
2076:             1             24  sun.util.locale.provider.CurrencyNameProviderImpl
2077:             1             24  sun.util.locale.provider.DateFormatSymbolsProviderImpl
2078:             1             24  sun.util.locale.provider.DecimalFormatSymbolsProviderImpl
2079:             1             24  sun.util.locale.provider.NumberFormatProviderImpl
2080:             1             16  [Lcom.typesafe.config.impl.BadMap$Entry;
2081:             1             16  [Ljava.lang.Throwable;
2082:             1             16  [Ljava.net.NetworkInterface;
2083:             1             16  [Ljava.nio.file.attribute.FileAttribute;
2084:             1             16  [Ljava.security.Provider;
2085:             1             16  [Ljava.security.cert.X509Certificate;
2086:             1             16  [Ljava.text.FieldPosition;
2087:             1             16  [Ljava.util.logging.Handler;
2088:             1             16  [Ljavax.security.cert.X509Certificate;
2089:             1             16  [Lorg.apache.flink.runtime.checkpoint.InflightDataRescalingDescriptor$InflightDataGateOrPartitionRescalingDescriptor;
2090:             1             16  [Lorg.apache.flink.runtime.shuffle.ShuffleServiceLoader;
2091:             1             16  [Lorg.apache.flink.runtime.util.config.memory.ManagedMemoryUtils;
2092:             1             16  [Lorg.apache.flink.shaded.netty4.io.netty.util.AsciiString;
2093:             1             16  [Lorg.apache.flink.shaded.netty4.io.netty.util.DefaultAttributeMap$DefaultAttribute;
2094:             1             16  [Lorg.apache.logging.log4j.core.appender.rolling.action.Action;
2095:             1             16  [Lorg.apache.logging.log4j.core.impl.ExtendedStackTraceElement;
2096:             1             16  [Lorg.apache.logging.log4j.core.impl.ThrowableProxy;
2097:             1             16  akka.Version$
2098:             1             16  akka.actor.Actor$$$Lambda$257/1558395480
2099:             1             16  akka.actor.ActorCell$$$Lambda$227/399373008
2100:             1             16  akka.actor.ActorCell$$Lambda$245/1907021208
2101:             1             16  akka.actor.ActorCell$$anon$1
2102:             1             16  akka.actor.ActorCell$$anon$2
2103:             1             16  akka.actor.ActorKilledException$
2104:             1             16  akka.actor.ActorPath$
2105:             1             16  akka.actor.ActorPath$$Lambda$555/1681157863
2106:             1             16  akka.actor.ActorPathExtractor$
2107:             1             16  akka.actor.ActorRef$
2108:             1             16  akka.actor.ActorSelection$
2109:             1             16  akka.actor.ActorSystem$
2110:             1             16  akka.actor.ActorSystem$Settings$
2111:             1             16  akka.actor.ActorSystem$Settings$$Lambda$122/949581868
2112:             1             16  akka.actor.ActorSystem$Settings$$Lambda$123/940087898
2113:             1             16  akka.actor.Address$$$Lambda$101/2100440237
2114:             1             16  akka.actor.AddressFromURIString$
2115:             1             16  akka.actor.BootstrapSetup$
2116:             1             16  akka.actor.Cancellable$$anon$8
2117:             1             16  akka.actor.Cancellable$$anon$9
2118:             1             16  akka.actor.ChildActorPath$$Lambda$228/2069500590
2119:             1             16  akka.actor.ChildActorPath$$Lambda$559/1555089093
2120:             1             16  akka.actor.ChildNameReserved$
2121:             1             16  akka.actor.ChildRestartStats$
2122:             1             16  akka.actor.CreatorFunctionConsumer
2123:             1             16  akka.actor.DeadLetter$$Lambda$573/1013059084
2124:             1             16  akka.actor.DeadLetter$$Lambda$574/1086894693
2125:             1             16  akka.actor.Deploy$
2126:             1             16  akka.actor.FSM$$minus$greater$
2127:             1             16  akka.actor.FSM$Event$
2128:             1             16  akka.actor.FSM$FixedDelayMode$
2129:             1             16  akka.actor.FSM$NullFunction$
2130:             1             16  akka.actor.FSM$SingleMode$
2131:             1             16  akka.actor.FSM$State$
2132:             1             16  akka.actor.FSM$StateTimeout$
2133:             1             16  akka.actor.FSM$StopEvent$
2134:             1             16  akka.actor.InternalActorRef$
2135:             1             16  akka.actor.Kill$
2136:             1             16  akka.actor.LightArrayRevolverScheduler$$Lambda$161/40191541
2137:             1             16  akka.actor.LightArrayRevolverScheduler$$Lambda$162/1937380187
2138:             1             16  akka.actor.LightArrayRevolverScheduler$$Lambda$163/366803687
2139:             1             16  akka.actor.LightArrayRevolverScheduler$$Lambda$164/1033917063
2140:             1             16  akka.actor.LightArrayRevolverScheduler$$Lambda$165/801569151
2141:             1             16  akka.actor.LightArrayRevolverScheduler$$Lambda$166/1026483832
2142:             1             16  akka.actor.LightArrayRevolverScheduler$$anon$3$$Lambda$169/58488213
2143:             1             16  akka.actor.LightArrayRevolverScheduler$$anon$4
2144:             1             16  akka.actor.LightArrayRevolverScheduler$$anon$5
2145:             1             16  akka.actor.LightArrayRevolverScheduler$$anon$6
2146:             1             16  akka.actor.LightArrayRevolverScheduler$$anon$7
2147:             1             16  akka.actor.LocalActorRefProvider$$Lambda$544/861673068
2148:             1             16  akka.actor.LocalActorRefProvider$$Lambda$556/1072114567
2149:             1             16  akka.actor.LocalScope$
2150:             1             16  akka.actor.NoScopeGiven$
2151:             1             16  akka.actor.OneForOneStrategy$
2152:             1             16  akka.actor.OneForOneStrategy$$Lambda$215/1966355106
2153:             1             16  akka.actor.PoisonPill$
2154:             1             16  akka.actor.Props$$$Lambda$223/79290250
2155:             1             16  akka.actor.ReflectiveDynamicAccess$$Lambda$159/85415531
2156:             1             16  akka.actor.ReflectiveDynamicAccess$$Lambda$160/1341404543
2157:             1             16  akka.actor.RelativeActorPath$
2158:             1             16  akka.actor.RootActorPath$
2159:             1             16  akka.actor.SelectParent$
2160:             1             16  akka.actor.SerializedNobody
2161:             1             16  akka.actor.SupervisorStrategy$$$Lambda$216/1141113940
2162:             1             16  akka.actor.SupervisorStrategy$$anonfun$1
2163:             1             16  akka.actor.SupervisorStrategy$$anonfun$stoppingDecider$1$1
2164:             1             16  akka.actor.SystemGuardian$RegisterTerminationHook$
2165:             1             16  akka.actor.dungeon.ChildrenContainer$EmptyChildrenContainer$
2166:             1             16  akka.actor.dungeon.FaultHandling$NoFailedInfo$
2167:             1             16  akka.actor.dungeon.ReceiveTimeout$
2168:             1             16  akka.actor.setup.ActorSystemSetup$
2169:             1             16  akka.actor.setup.ActorSystemSetup$$$Lambda$109/691098155
2170:             1             16  akka.actor.setup.ActorSystemSetup$$Lambda$112/1759250827
2171:             1             16  akka.actor.setup.ActorSystemSetup$$Lambda$121/1537772520
2172:             1             16  akka.dispatch.CachingConfig$ValuePathEntry$
2173:             1             16  akka.dispatch.Envelope$
2174:             1             16  akka.dispatch.ExecutionContexts$
2175:             1             16  akka.dispatch.MonitorableThreadFactory$
2176:             1             16  akka.dispatch.MonitorableThreadFactory$$anon$2
2177:             1             16  akka.dispatch.SaneRejectedExecutionHandler
2178:             1             16  akka.dispatch.ThreadPoolConfig$$$Lambda$417/559050604
2179:             1             16  akka.dispatch.ThreadPoolConfigBuilder$$Lambda$419/1726616678
2180:             1             16  akka.dispatch.internal.SameThreadExecutionContext$
2181:             1             16  akka.dispatch.internal.ScalaBatchable$
2182:             1             16  akka.dispatch.sysmsg.EarliestFirstSystemMessageList$
2183:             1             16  akka.dispatch.sysmsg.LatestFirstSystemMessageList$
2184:             1             16  akka.dispatch.sysmsg.NoMessage$
2185:             1             16  akka.event.AddressTerminatedTopic$
2186:             1             16  akka.event.EventStreamUnsubscriber$
2187:             1             16  akka.event.LogSource$$anon$2
2188:             1             16  akka.event.LogSource$$anon$3
2189:             1             16  akka.event.LogSource$$anon$4
2190:             1             16  akka.event.LogSource$$anon$5
2191:             1             16  akka.event.LogSource$$anon$6
2192:             1             16  akka.event.Logging$Info$
2193:             1             16  akka.event.Logging$LogExt$
2194:             1             16  akka.event.Logging$LogLevel$
2195:             1             16  akka.event.Logging$LoggerInitialized$
2196:             1             16  akka.event.Logging$SerializedStandardOutLogger
2197:             1             16  akka.event.LoggingBus$$Lambda$247/369805307
2198:             1             16  akka.event.LoggingFilterWithMarker$
2199:             1             16  akka.event.SubchannelClassification$$Lambda$153/1963075870
2200:             1             16  akka.event.SubchannelClassification$$Lambda$154/397071633
2201:             1             16  akka.event.SubchannelClassification$$Lambda$271/913242382
2202:             1             16  akka.event.slf4j.Logger$
2203:             1             16  akka.event.slf4j.Slf4jLogger$$Lambda$274/105040415
2204:             1             16  akka.japi.Util$
2205:             1             16  akka.japi.pf.CaseStatement$
2206:             1             16  akka.japi.pf.ReceiveBuilder$$Lambda$428/1437178315
2207:             1             16  akka.pattern.AskableActorRef$
2208:             1             16  akka.pattern.AskableActorSelection$
2209:             1             16  akka.pattern.Patterns$
2210:             1             16  akka.pattern.PromiseActorRef$$$Lambda$258/628392976
2211:             1             16  akka.pattern.PromiseActorRef$Registering$
2212:             1             16  akka.pattern.PromiseActorRef$Stopped$
2213:             1             16  akka.pattern.package$
2214:             1             16  akka.protobufv3.internal.ByteString$2
2215:             1             16  akka.protobufv3.internal.ByteString$ArraysByteArrayCopier
2216:             1             16  akka.protobufv3.internal.ExtensionRegistryLite
2217:             1             16  akka.protobufv3.internal.UnknownFieldSet$Parser
2218:             1             16  akka.protobufv3.internal.UnsafeUtil$JvmMemoryAccessor
2219:             1             16  akka.protobufv3.internal.Utf8$UnsafeProcessor
2220:             1             16  akka.remote.AckedReceiveBuffer$
2221:             1             16  akka.remote.AckedSendBuffer$
2222:             1             16  akka.remote.AddressUidExtension$
2223:             1             16  akka.remote.AddressUrlEncoder$
2224:             1             16  akka.remote.ByteStringUtils$
2225:             1             16  akka.remote.ContainerFormats$ActorIdentity$1
2226:             1             16  akka.remote.ContainerFormats$ActorRef$1
2227:             1             16  akka.remote.ContainerFormats$Identify$1
2228:             1             16  akka.remote.ContainerFormats$PatternType$1
2229:             1             16  akka.remote.ContainerFormats$Payload$1
2230:             1             16  akka.remote.ContainerFormats$Selection$1
2231:             1             16  akka.remote.ContainerFormats$SelectionEnvelope$1
2232:             1             16  akka.remote.DeadlineFailureDetector$$Lambda$517/427781561
2233:             1             16  akka.remote.DeadlineFailureDetector$$Lambda$518/1633821326
2234:             1             16  akka.remote.EndpointManager$$Lambda$277/1236813222
2235:             1             16  akka.remote.EndpointManager$$Lambda$513/280356907
2236:             1             16  akka.remote.EndpointManager$$Lambda$539/1238080956
2237:             1             16  akka.remote.EndpointManager$$anonfun$receive$2$$Lambda$330/1574933282
2238:             1             16  akka.remote.EndpointManager$$anonfun$receive$2$$Lambda$336/1447246040
2239:             1             16  akka.remote.EndpointManager$EndpointRegistry$$Lambda$514/1768442210
2240:             1             16  akka.remote.EndpointManager$Prune$
2241:             1             16  akka.remote.EndpointManager$Send$
2242:             1             16  akka.remote.EndpointManager$StartupFinished$
2243:             1             16  akka.remote.EndpointReader$
2244:             1             16  akka.remote.EndpointWriter$$Lambda$516/1806592648
2245:             1             16  akka.remote.EndpointWriter$AckIdleCheckTimer$
2246:             1             16  akka.remote.EndpointWriter$FlushAndStop$
2247:             1             16  akka.remote.FailureDetector$
2248:             1             16  akka.remote.FailureDetector$$anon$1
2249:             1             16  akka.remote.FailureDetectorLoader$
2250:             1             16  akka.remote.HasSequenceNumber$
2251:             1             16  akka.remote.MessageSerializer$
2252:             1             16  akka.remote.RARP$
2253:             1             16  akka.remote.ReliableDeliverySupervisor$
2254:             1             16  akka.remote.ReliableDeliverySupervisor$$Lambda$515/1944716734
2255:             1             16  akka.remote.ReliableDeliverySupervisor$AttemptSysMsgRedelivery$
2256:             1             16  akka.remote.ReliableDeliverySupervisor$Idle$
2257:             1             16  akka.remote.ReliableDeliverySupervisor$IsIdle$
2258:             1             16  akka.remote.RemoteActorRefProvider$$Lambda$327/72386655
2259:             1             16  akka.remote.RemoteActorRefProvider$Idle$
2260:             1             16  akka.remote.RemoteActorRefProvider$Uninitialized$
2261:             1             16  akka.remote.RemoteActorRefProvider$WaitDaemonShutdown$
2262:             1             16  akka.remote.RemoteActorRefProvider$WaitTransportShutdown$
2263:             1             16  akka.remote.RemoteDeployer$$Lambda$217/938463537
2264:             1             16  akka.remote.RemoteMetricsExtension$
2265:             1             16  akka.remote.RemoteSettings$$Lambda$172/1161148117
2266:             1             16  akka.remote.RemoteSettings$$Lambda$173/516875052
2267:             1             16  akka.remote.RemoteSettings$$Lambda$174/1131592118
2268:             1             16  akka.remote.RemoteSettings$$Lambda$175/589987187
2269:             1             16  akka.remote.RemoteSettings$$Lambda$176/1262609629
2270:             1             16  akka.remote.RemoteSettings$$Lambda$177/587180314
2271:             1             16  akka.remote.RemoteSettings$$Lambda$178/1955990522
2272:             1             16  akka.remote.RemoteSettings$$Lambda$179/69673470
2273:             1             16  akka.remote.RemoteSettings$$Lambda$180/1082411691
2274:             1             16  akka.remote.RemoteSettings$$Lambda$181/527211736
2275:             1             16  akka.remote.RemoteSettings$$Lambda$182/1533123860
2276:             1             16  akka.remote.RemoteSettings$$Lambda$183/1718906711
2277:             1             16  akka.remote.RemoteSettings$$Lambda$184/71802912
2278:             1             16  akka.remote.RemoteSettings$$Lambda$185/2134271532
2279:             1             16  akka.remote.RemoteSettings$$Lambda$186/686349795
2280:             1             16  akka.remote.RemoteSettings$$Lambda$187/1831010686
2281:             1             16  akka.remote.RemoteSettings$$Lambda$188/1423768154
2282:             1             16  akka.remote.RemoteSettings$$Lambda$189/404222443
2283:             1             16  akka.remote.RemoteSettings$$Lambda$190/1987977423
2284:             1             16  akka.remote.RemoteSettings$$Lambda$191/61073295
2285:             1             16  akka.remote.RemoteSettings$$Lambda$192/807322507
2286:             1             16  akka.remote.RemoteSettings$$Lambda$193/396485834
2287:             1             16  akka.remote.RemoteSettings$$Lambda$194/283039401
2288:             1             16  akka.remote.RemoteSettings$$Lambda$195/207471778
2289:             1             16  akka.remote.RemoteSettings$$Lambda$196/1243171897
2290:             1             16  akka.remote.RemoteSettings$$Lambda$197/1376151044
2291:             1             16  akka.remote.RemoteSettings$$Lambda$198/873175411
2292:             1             16  akka.remote.RemoteSettings$$Lambda$199/1443967876
2293:             1             16  akka.remote.RemoteSettings$$Lambda$200/1449772539
2294:             1             16  akka.remote.RemoteSettings$$Lambda$201/926859124
2295:             1             16  akka.remote.RemoteSettings$$Lambda$202/1603696865
2296:             1             16  akka.remote.RemoteSettings$$Lambda$203/12905860
2297:             1             16  akka.remote.RemoteSettings$$Lambda$207/1816522350
2298:             1             16  akka.remote.RemoteWatcher$
2299:             1             16  akka.remote.RemoteWatcher$ArteryHeartbeat$
2300:             1             16  akka.remote.RemoteWatcher$Heartbeat$
2301:             1             16  akka.remote.RemoteWatcher$HeartbeatTick$
2302:             1             16  akka.remote.RemoteWatcher$ReapUnreachableTick$
2303:             1             16  akka.remote.Remoting$
2304:             1             16  akka.remote.Remoting$$Lambda$338/475394679
2305:             1             16  akka.remote.Remoting$$Lambda$339/1574615832
2306:             1             16  akka.remote.Remoting$$Lambda$340/1049590050
2307:             1             16  akka.remote.WireFormats$AckAndEnvelopeContainer$1
2308:             1             16  akka.remote.WireFormats$ActorRefData$1
2309:             1             16  akka.remote.WireFormats$AddressData$1
2310:             1             16  akka.remote.WireFormats$AkkaControlMessage$1
2311:             1             16  akka.remote.WireFormats$AkkaHandshakeInfo$1
2312:             1             16  akka.remote.WireFormats$AkkaProtocolMessage$1
2313:             1             16  akka.remote.WireFormats$CommandType$1
2314:             1             16  akka.remote.WireFormats$RemoteEnvelope$1
2315:             1             16  akka.remote.WireFormats$SerializedMessage$1
2316:             1             16  akka.remote.artery.ArterySettings$
2317:             1             16  akka.remote.artery.ArterySettings$$Lambda$171/1714688478
2318:             1             16  akka.remote.artery.ArterySettings$AeronUpd$
2319:             1             16  akka.remote.artery.ArterySettings$Tcp$
2320:             1             16  akka.remote.artery.LruBoundedCache$$Lambda$551/633135266
2321:             1             16  akka.remote.artery.LruBoundedCache$$Lambda$552/422608764
2322:             1             16  akka.remote.artery.LruBoundedCache$$Lambda$553/1000780922
2323:             1             16  akka.remote.serialization.ActorRefResolveThreadLocalCache$
2324:             1             16  akka.remote.serialization.MessageContainerSerializer$$Lambda$571/1790810067
2325:             1             16  akka.remote.serialization.MiscMessageSerializer$$Lambda$359/1758893871
2326:             1             16  akka.remote.serialization.MiscMessageSerializer$$Lambda$367/1415439780
2327:             1             16  akka.remote.serialization.MiscMessageSerializer$$Lambda$368/1632789609
2328:             1             16  akka.remote.serialization.MiscMessageSerializer$$Lambda$369/124494140
2329:             1             16  akka.remote.serialization.MiscMessageSerializer$$Lambda$370/708443754
2330:             1             16  akka.remote.serialization.MiscMessageSerializer$$Lambda$371/50720817
2331:             1             16  akka.remote.serialization.MiscMessageSerializer$$Lambda$377/2144067911
2332:             1             16  akka.remote.transport.AbstractTransportAdapter$$Lambda$302/2140746958
2333:             1             16  akka.remote.transport.ActorTransportAdapter$
2334:             1             16  akka.remote.transport.ActorTransportAdapterManager$$anonfun$receive$1$$Lambda$341/684225619
2335:             1             16  akka.remote.transport.AkkaPduCodec$Heartbeat$
2336:             1             16  akka.remote.transport.AkkaProtocolSettings$$Lambda$294/98114058
2337:             1             16  akka.remote.transport.AkkaProtocolSettings$$Lambda$295/1002352813
2338:             1             16  akka.remote.transport.AssociationHandle$Unknown$
2339:             1             16  akka.remote.transport.HandshakeInfo$
2340:             1             16  akka.remote.transport.ProtocolStateActor$
2341:             1             16  akka.remote.transport.ProtocolStateActor$$Lambda$524/771983892
2342:             1             16  akka.remote.transport.ProtocolStateActor$$Lambda$534/1452318846
2343:             1             16  akka.remote.transport.ProtocolStateActor$Closed$
2344:             1             16  akka.remote.transport.ProtocolStateActor$HandshakeTimer$
2345:             1             16  akka.remote.transport.ProtocolStateActor$HeartbeatTimer$
2346:             1             16  akka.remote.transport.ProtocolStateActor$Open$
2347:             1             16  akka.remote.transport.ProtocolStateActor$WaitHandshake$
2348:             1             16  akka.remote.transport.TransportAdapters$$Lambda$290/1674731464
2349:             1             16  akka.remote.transport.TransportAdaptersExtension$
2350:             1             16  akka.remote.transport.netty.NettyFutureBridge$
2351:             1             16  akka.remote.transport.netty.NettyTransport$$Lambda$531/1638852559
2352:             1             16  akka.remote.transport.netty.NettyTransportSettings$$Lambda$279/970588110
2353:             1             16  akka.remote.transport.netty.NettyTransportSettings$$Lambda$280/935510475
2354:             1             16  akka.routing.ConsistentHashingPool$
2355:             1             16  akka.routing.ConsistentHashingRouter$emptyConsistentHashMapping$
2356:             1             16  akka.routing.MurmurHash$$$Lambda$253/1976023393
2357:             1             16  akka.routing.MurmurHash$$$Lambda$254/1611021477
2358:             1             16  akka.routing.NoRouter$
2359:             1             16  akka.routing.Pool$
2360:             1             16  akka.routing.Pool$$anonfun$1
2361:             1             16  akka.routing.Resizer$
2362:             1             16  akka.routing.RoundRobinPool$
2363:             1             16  akka.serialization.BaseSerializer$
2364:             1             16  akka.serialization.JavaSerializer$
2365:             1             16  akka.serialization.NullSerializer$
2366:             1             16  akka.serialization.Serialization$
2367:             1             16  akka.serialization.Serialization$$Lambda$353/1541433310
2368:             1             16  akka.serialization.Serialization$$Lambda$389/388802347
2369:             1             16  akka.serialization.Serialization$$Lambda$390/1107579932
2370:             1             16  akka.serialization.Serialization$$Lambda$391/1627010197
2371:             1             16  akka.serialization.Serialization$$Lambda$395/1373949107
2372:             1             16  akka.serialization.Serialization$$Lambda$396/1230013344
2373:             1             16  akka.serialization.Serialization$$Lambda$403/575360353
2374:             1             16  akka.serialization.Serialization$$Lambda$405/809383315
2375:             1             16  akka.serialization.Serialization$$Lambda$407/1627883152
2376:             1             16  akka.serialization.Serialization$Settings$$Lambda$352/259319861
2377:             1             16  akka.serialization.SerializationExtension$
2378:             1             16  akka.serialization.Serializers$
2379:             1             16  akka.stream.ActorMaterializerSettings$
2380:             1             16  akka.stream.ActorMaterializerSettings$$Lambda$409/207988207
2381:             1             16  akka.stream.ActorMaterializerSettings$$Lambda$410/1800500978
2382:             1             16  akka.stream.Attributes$CancellationStrategy
2383:             1             16  akka.stream.Attributes$CancellationStrategy$
2384:             1             16  akka.stream.Attributes$CancellationStrategy$PropagateFailure$
2385:             1             16  akka.stream.IOSettings$
2386:             1             16  akka.stream.StreamRefSettings$
2387:             1             16  akka.stream.StreamSubscriptionTimeoutSettings$
2388:             1             16  akka.stream.StreamSubscriptionTimeoutTerminationMode$CancelTermination$
2389:             1             16  akka.stream.Supervision$$anon$1
2390:             1             16  akka.stream.Supervision$$anon$2
2391:             1             16  akka.stream.Supervision$$anon$3
2392:             1             16  akka.stream.SystemMaterializer$
2393:             1             16  akka.stream.impl.FlowNames$
2394:             1             16  akka.stream.impl.GraphStageTag$
2395:             1             16  akka.stream.impl.MaterializerGuardian$
2396:             1             16  akka.stream.impl.PhasedFusingActorMaterializer$$anon$1
2397:             1             16  akka.stream.impl.PhasedFusingActorMaterializer$$anon$2
2398:             1             16  akka.stream.impl.PhasedFusingActorMaterializer$$anon$3
2399:             1             16  akka.stream.impl.PhasedFusingActorMaterializer$$anon$4
2400:             1             16  akka.stream.impl.PhasedFusingActorMaterializer$$anon$5
2401:             1             16  akka.stream.impl.ProcessorModuleIslandTag$
2402:             1             16  akka.stream.impl.SeqActorName$
2403:             1             16  akka.stream.impl.SinkModuleIslandTag$
2404:             1             16  akka.stream.impl.SourceModuleIslandTag$
2405:             1             16  akka.stream.impl.TlsModuleIslandTag$
2406:             1             16  akka.stream.impl.streamref.StreamRefSettingsImpl$
2407:             1             16  akka.util.BoxedType$
2408:             1             16  akka.util.ByteString$$anon$1
2409:             1             16  akka.util.ByteString$ByteString1C$
2410:             1             16  akka.util.Collections$EmptyImmutableSeq$
2411:             1             16  akka.util.CompactByteString$
2412:             1             16  akka.util.Helpers$ConfigOps$
2413:             1             16  akka.util.Helpers$Requiring$
2414:             1             16  akka.util.JavaDurationConverters$
2415:             1             16  akka.util.JavaDurationConverters$JavaDurationOps$
2416:             1             16  akka.util.OptionVal$
2417:             1             16  akka.util.OptionVal$Some$
2418:             1             16  akka.util.Reflect$
2419:             1             16  akka.util.Reflect$$$Lambda$224/2016828666
2420:             1             16  akka.util.Reflect$$$Lambda$226/2015301874
2421:             1             16  akka.util.Reflect$$$Lambda$241/1660223291
2422:             1             16  akka.util.SubclassifiedIndex$
2423:             1             16  akka.util.SubclassifiedIndex$$Lambda$148/1361393151
2424:             1             16  akka.util.SubclassifiedIndex$$Lambda$150/1998949977
2425:             1             16  akka.util.Timeout$
2426:             1             16  akka.util.Unsafe$$Lambda$167/473053293
2427:             1             16  akka.util.WildcardIndex$
2428:             1             16  akka.util.WildcardTree$
2429:             1             16  akka.util.WildcardTree$$Lambda$220/2123222442
2430:             1             16  akka.util.ccompat.CompatImpl$
2431:             1             16  akka.util.ccompat.package$
2432:             1             16  akka.util.ccompat.package$JavaConverters$
2433:             1             16  com.github.yck.simpletask.StatefulTask$2
2434:             1             16  com.github.yck.simpletask.StatefulTask$2
2435:             1             16  com.github.yck.simpletask.StatefulTask$2
2436:             1             16  com.github.yck.simpletask.StatelessTask$1
2437:             1             16  com.github.yck.simpletask.StatelessTask$1
2438:             1             16  com.github.yck.simpletask.StatelessTask$2
2439:             1             16  com.github.yck.simpletask.StatelessTask$2
2440:             1             16  com.sun.jmx.interceptor.DefaultMBeanServerInterceptor$ResourceContext$1
2441:             1             16  com.sun.jmx.mbeanserver.DefaultMXBeanMappingFactory
2442:             1             16  com.sun.jmx.mbeanserver.DescriptorCache
2443:             1             16  com.sun.jmx.mbeanserver.MBeanAnalyzer$MethodOrder
2444:             1             16  com.sun.jmx.mbeanserver.MBeanInstantiator
2445:             1             16  com.sun.jmx.mbeanserver.MXBeanIntrospector
2446:             1             16  com.sun.jmx.mbeanserver.SecureClassLoaderRepository
2447:             1             16  com.sun.jmx.mbeanserver.StandardMBeanIntrospector
2448:             1             16  com.sun.proxy.$Proxy14
2449:             1             16  com.sun.proxy.$Proxy20
2450:             1             16  com.sun.proxy.$Proxy23
2451:             1             16  com.sun.proxy.$Proxy4
2452:             1             16  com.typesafe.config.ConfigResolveOptions$1
2453:             1             16  com.typesafe.config.impl.Parseable$1
2454:             1             16  com.typesafe.config.impl.SimpleIncluder
2455:             1             16  java.io.DeleteOnExitHook$1
2456:             1             16  java.io.FileDescriptor$1
2457:             1             16  java.io.ObjectInputStream$$Lambda$560/354494603
2458:             1             16  java.io.ObjectInputStream$1
2459:             1             16  java.lang.ApplicationShutdownHooks$1
2460:             1             16  java.lang.CharacterDataLatin1
2461:             1             16  java.lang.InheritableThreadLocal
2462:             1             16  java.lang.ProcessEnvironment$StringEntrySet
2463:             1             16  java.lang.Runtime
2464:             1             16  java.lang.String$CaseInsensitiveComparator
2465:             1             16  java.lang.System$2
2466:             1             16  java.lang.Terminator$1
2467:             1             16  java.lang.invoke.MemberName$Factory
2468:             1             16  java.lang.invoke.MethodHandleImpl$2
2469:             1             16  java.lang.invoke.MethodHandleImpl$3
2470:             1             16  java.lang.management.PlatformComponent$1
2471:             1             16  java.lang.management.PlatformComponent$10
2472:             1             16  java.lang.management.PlatformComponent$11
2473:             1             16  java.lang.management.PlatformComponent$12
2474:             1             16  java.lang.management.PlatformComponent$13
2475:             1             16  java.lang.management.PlatformComponent$14
2476:             1             16  java.lang.management.PlatformComponent$15
2477:             1             16  java.lang.management.PlatformComponent$2
2478:             1             16  java.lang.management.PlatformComponent$3
2479:             1             16  java.lang.management.PlatformComponent$4
2480:             1             16  java.lang.management.PlatformComponent$5
2481:             1             16  java.lang.management.PlatformComponent$6
2482:             1             16  java.lang.management.PlatformComponent$7
2483:             1             16  java.lang.management.PlatformComponent$8
2484:             1             16  java.lang.management.PlatformComponent$9
2485:             1             16  java.lang.ref.Reference$1
2486:             1             16  java.lang.ref.Reference$Lock
2487:             1             16  java.lang.reflect.Proxy$KeyFactory
2488:             1             16  java.lang.reflect.Proxy$ProxyClassFactory
2489:             1             16  java.lang.reflect.ReflectAccess
2490:             1             16  java.math.BigDecimal$1
2491:             1             16  java.net.InetAddress$2
2492:             1             16  java.net.URLClassLoader$7
2493:             1             16  java.nio.Bits$1
2494:             1             16  java.nio.Bits$1$1
2495:             1             16  java.nio.charset.CoderResult$1
2496:             1             16  java.nio.charset.CoderResult$2
2497:             1             16  java.nio.file.Files$AcceptAllFilter
2498:             1             16  java.security.AllPermission
2499:             1             16  java.security.ProtectionDomain$2
2500:             1             16  java.security.ProtectionDomain$JavaSecurityAccessImpl
2501:             1             16  java.time.chrono.AbstractChronology$$Lambda$22/1264213713
2502:             1             16  java.time.chrono.AbstractChronology$$Lambda$23/1019384604
2503:             1             16  java.time.chrono.AbstractChronology$$Lambda$24/963110412
2504:             1             16  java.time.chrono.IsoChronology
2505:             1             16  java.time.format.DateTimeFormatter$$Lambda$25/2061347276
2506:             1             16  java.time.format.DateTimeFormatter$$Lambda$26/1559122513
2507:             1             16  java.time.format.DateTimeFormatterBuilder$$Lambda$21/158199555
2508:             1             16  java.time.format.DateTimeFormatterBuilder$2
2509:             1             16  java.time.format.DateTimeFormatterBuilder$InstantPrinterParser
2510:             1             16  java.time.format.DateTimeTextProvider$1
2511:             1             16  java.time.temporal.TemporalQueries$$Lambda$28/1541857308
2512:             1             16  java.time.temporal.TemporalQueries$$Lambda$29/1861781750
2513:             1             16  java.time.temporal.TemporalQueries$$Lambda$30/2095303566
2514:             1             16  java.time.temporal.TemporalQueries$$Lambda$31/1378084334
2515:             1             16  java.time.temporal.TemporalQueries$$Lambda$32/200224114
2516:             1             16  java.time.temporal.TemporalQueries$$Lambda$33/581318631
2517:             1             16  java.time.temporal.TemporalQueries$$Lambda$34/487694075
2518:             1             16  java.util.Collections$EmptyEnumeration
2519:             1             16  java.util.Collections$EmptyIterator
2520:             1             16  java.util.Collections$EmptyList
2521:             1             16  java.util.Collections$EmptySet
2522:             1             16  java.util.Collections$UnmodifiableMap$UnmodifiableEntrySet
2523:             1             16  java.util.Currency$CurrencyNameGetter
2524:             1             16  java.util.EnumMap$1
2525:             1             16  java.util.Hashtable$KeySet
2526:             1             16  java.util.ResourceBundle$Control
2527:             1             16  java.util.Spliterators$EmptySpliterator$OfDouble
2528:             1             16  java.util.Spliterators$EmptySpliterator$OfInt
2529:             1             16  java.util.Spliterators$EmptySpliterator$OfLong
2530:             1             16  java.util.Spliterators$EmptySpliterator$OfRef
2531:             1             16  java.util.WeakHashMap$KeySet
2532:             1             16  java.util.concurrent.CompletableFuture$ThreadPerTaskExecutor
2533:             1             16  java.util.concurrent.ForkJoinPool$DefaultForkJoinWorkerThreadFactory
2534:             1             16  java.util.concurrent.Semaphore
2535:             1             16  java.util.concurrent.ThreadPoolExecutor$AbortPolicy
2536:             1             16  java.util.function.Function$$Lambda$447/883678948
2537:             1             16  java.util.jar.JavaUtilJarAccessImpl
2538:             1             16  java.util.logging.LoggingProxyImpl
2539:             1             16  java.util.regex.Pattern$4
2540:             1             16  java.util.regex.Pattern$LastNode
2541:             1             16  java.util.regex.Pattern$Node
2542:             1             16  java.util.stream.Collectors$$Lambda$106/1800976873
2543:             1             16  java.util.stream.Collectors$$Lambda$107/253011924
2544:             1             16  java.util.stream.Collectors$$Lambda$108/1390913202
2545:             1             16  java.util.stream.Collectors$$Lambda$423/1410367298
2546:             1             16  java.util.stream.Collectors$$Lambda$424/454160179
2547:             1             16  java.util.stream.Collectors$$Lambda$425/74885833
2548:             1             16  java.util.stream.Collectors$$Lambda$448/1906947271
2549:             1             16  java.util.stream.Collectors$$Lambda$449/2010070923
2550:             1             16  java.util.stream.Collectors$$Lambda$54/1710989308
2551:             1             16  java.util.stream.Collectors$$Lambda$55/2020152163
2552:             1             16  java.util.stream.Collectors$$Lambda$56/60292059
2553:             1             16  java.util.stream.Collectors$$Lambda$57/869601985
2554:             1             16  java.util.stream.Collectors$$Lambda$658/662900259
2555:             1             16  java.util.stream.FindOps$$Lambda$83/879583678
2556:             1             16  java.util.stream.FindOps$$Lambda$84/1025309396
2557:             1             16  java.util.stream.IntPipeline$$Lambda$168/1344519051
2558:             1             16  java.util.stream.IntPipeline$$Lambda$666/613832121
2559:             1             16  java.util.stream.IntPipeline$$Lambda$82/1504642150
2560:             1             16  java.util.stream.Nodes$EmptyNode$OfDouble
2561:             1             16  java.util.stream.Nodes$EmptyNode$OfInt
2562:             1             16  java.util.stream.Nodes$EmptyNode$OfLong
2563:             1             16  java.util.stream.Nodes$EmptyNode$OfRef
2564:             1             16  java.util.zip.ZipFile$1
2565:             1             16  javax.management.JMX
2566:             1             16  javax.management.MBeanServerBuilder
2567:             1             16  javax.management.NotificationBroadcasterSupport$1
2568:             1             16  org.apache.flink.api.common.eventtime.IndexedCombinedWatermarkStatus$$Lambda$641/2134754678
2569:             1             16  org.apache.flink.api.common.eventtime.IndexedCombinedWatermarkStatus$$Lambda$642/1733051492
2570:             1             16  org.apache.flink.api.common.state.StateTtlConfig$CleanupStrategies$EmptyCleanupStrategy
2571:             1             16  org.apache.flink.api.common.typeutils.base.BigDecSerializer
2572:             1             16  org.apache.flink.api.common.typeutils.base.BigIntSerializer
2573:             1             16  org.apache.flink.api.common.typeutils.base.BooleanSerializer
2574:             1             16  org.apache.flink.api.common.typeutils.base.ByteSerializer
2575:             1             16  org.apache.flink.api.common.typeutils.base.CharSerializer
2576:             1             16  org.apache.flink.api.common.typeutils.base.DateSerializer
2577:             1             16  org.apache.flink.api.common.typeutils.base.DoubleSerializer
2578:             1             16  org.apache.flink.api.common.typeutils.base.FloatSerializer
2579:             1             16  org.apache.flink.api.common.typeutils.base.InstantSerializer
2580:             1             16  org.apache.flink.api.common.typeutils.base.LongSerializer
2581:             1             16  org.apache.flink.api.common.typeutils.base.ShortSerializer
2582:             1             16  org.apache.flink.api.common.typeutils.base.VoidSerializer
2583:             1             16  org.apache.flink.configuration.ConfigOption$$Lambda$42/1390869998
2584:             1             16  org.apache.flink.configuration.ConfigOption$$Lambda$44/1608297024
2585:             1             16  org.apache.flink.configuration.ConfigOption$$Lambda$95/1910438136
2586:             1             16  org.apache.flink.configuration.ConfigOption$$Lambda$96/943454742
2587:             1             16  org.apache.flink.configuration.Configuration$$Lambda$495/703627308
2588:             1             16  org.apache.flink.configuration.Configuration$$Lambda$623/1495617411
2589:             1             16  org.apache.flink.configuration.Configuration$$Lambda$625/839274148
2590:             1             16  org.apache.flink.configuration.Configuration$$Lambda$640/6349014
2591:             1             16  org.apache.flink.configuration.Configuration$$Lambda$91/671046933
2592:             1             16  org.apache.flink.configuration.MemorySize$$Lambda$89/1716093734
2593:             1             16  org.apache.flink.configuration.UnmodifiableConfiguration
2594:             1             16  org.apache.flink.core.classloading.ComponentClassLoader$$Lambda$65/1583159071
2595:             1             16  org.apache.flink.core.classloading.ComponentClassLoader$$Lambda$66/607207372
2596:             1             16  org.apache.flink.core.fs.FileSystem$$Lambda$63/664792509
2597:             1             16  org.apache.flink.core.fs.FileSystem$$Lambda$67/2151717
2598:             1             16  org.apache.flink.core.fs.SafetyNetCloseableRegistry$$Lambda$609/259411774
2599:             1             16  org.apache.flink.core.fs.local.LocalFileSystemFactory
2600:             1             16  org.apache.flink.core.memory.MemorySegmentFactory$$Lambda$471/1957282992
2601:             1             16  org.apache.flink.core.plugin.DirectoryBasedPluginFinder$$Lambda$49/447718425
2602:             1             16  org.apache.flink.core.plugin.DirectoryBasedPluginFinder$$Lambda$59/1609124502
2603:             1             16  org.apache.flink.core.plugin.DirectoryBasedPluginFinder$$Lambda$60/1985836631
2604:             1             16  org.apache.flink.core.plugin.DirectoryBasedPluginFinder$$Lambda$61/1948471365
2605:             1             16  org.apache.flink.core.plugin.PluginConfig$$Lambda$41/496729294
2606:             1             16  org.apache.flink.management.jmx.JMXService$$Lambda$501/618512906
2607:             1             16  org.apache.flink.runtime.broadcast.BroadcastVariableManager
2608:             1             16  org.apache.flink.runtime.checkpoint.InflightDataRescalingDescriptor$NoRescalingDescriptor
2609:             1             16  org.apache.flink.runtime.checkpoint.PrioritizedOperatorSubtaskState$Builder$$Lambda$682/910411351
2610:             1             16  org.apache.flink.runtime.checkpoint.PrioritizedOperatorSubtaskState$Builder$$Lambda$684/1304198903
2611:             1             16  org.apache.flink.runtime.checkpoint.PrioritizedOperatorSubtaskState$Builder$$Lambda$685/1619347127
2612:             1             16  org.apache.flink.runtime.checkpoint.PrioritizedOperatorSubtaskState$Builder$$Lambda$686/1198116048
2613:             1             16  org.apache.flink.runtime.checkpoint.PrioritizedOperatorSubtaskState$Builder$$Lambda$687/1300511695
2614:             1             16  org.apache.flink.runtime.checkpoint.PrioritizedOperatorSubtaskState$Builder$$Lambda$688/897478275
2615:             1             16  org.apache.flink.runtime.checkpoint.StateObjectCollection
2616:             1             16  org.apache.flink.runtime.checkpoint.TaskStateSnapshot$$Lambda$649/769229201
2617:             1             16  org.apache.flink.runtime.checkpoint.TaskStateSnapshot$$Lambda$650/34909730
2618:             1             16  org.apache.flink.runtime.checkpoint.TaskStateSnapshot$$Lambda$695/2107779616
2619:             1             16  org.apache.flink.runtime.checkpoint.channel.ChannelStateWriter$NoOpChannelStateWriter
2620:             1             16  org.apache.flink.runtime.checkpoint.channel.SequentialChannelStateReaderImpl$$Lambda$653/1028561387
2621:             1             16  org.apache.flink.runtime.checkpoint.channel.SequentialChannelStateReaderImpl$$Lambda$654/1974439320
2622:             1             16  org.apache.flink.runtime.checkpoint.channel.SequentialChannelStateReaderImpl$$Lambda$655/576496592
2623:             1             16  org.apache.flink.runtime.checkpoint.channel.SequentialChannelStateReaderImpl$$Lambda$657/430921806
2624:             1             16  org.apache.flink.runtime.checkpoint.channel.SequentialChannelStateReaderImpl$$Lambda$696/950053872
2625:             1             16  org.apache.flink.runtime.clusterframework.types.ResourceProfile$$Lambda$484/351970188
2626:             1             16  org.apache.flink.runtime.clusterframework.types.ResourceProfile$$Lambda$485/2146613458
2627:             1             16  org.apache.flink.runtime.clusterframework.types.ResourceProfile$$Lambda$486/115086468
2628:             1             16  org.apache.flink.runtime.clusterframework.types.ResourceProfile$Builder$$Lambda$487/1855112877
2629:             1             16  org.apache.flink.runtime.concurrent.akka.AkkaFutureUtils$DirectExecutionContext
2630:             1             16  org.apache.flink.runtime.execution.librarycache.BlobLibraryCacheManager$$Lambda$491/222300483
2631:             1             16  org.apache.flink.runtime.execution.librarycache.BlobLibraryCacheManager$ResolvedClassLoader$$Lambda$622/48779684
2632:             1             16  org.apache.flink.runtime.externalresource.ExternalResourceUtils$$Lambda$444/669725336
2633:             1             16  org.apache.flink.runtime.externalresource.StaticExternalResourceInfoProvider
2634:             1             16  org.apache.flink.runtime.filecache.FileCache$$Lambda$499/275211348
2635:             1             16  org.apache.flink.runtime.fs.maprfs.MapRFsFactory
2636:             1             16  org.apache.flink.runtime.heartbeat.HeartbeatManagerImpl$$Lambda$584/1658155028
2637:             1             16  org.apache.flink.runtime.highavailability.nonha.standalone.StandaloneRunningJobsRegistry
2638:             1             16  org.apache.flink.runtime.io.disk.iomanager.IOManager$$Lambda$468/1540832538
2639:             1             16  org.apache.flink.runtime.io.disk.iomanager.IOManagerAsync$$Lambda$469/2081964843
2640:             1             16  org.apache.flink.runtime.io.network.NettyShuffleServiceFactory$$Lambda$470/788048067
2641:             1             16  org.apache.flink.runtime.io.network.TaskEventDispatcher
2642:             1             16  org.apache.flink.runtime.io.network.buffer.FreeingBufferRecycler
2643:             1             16  org.apache.flink.runtime.io.network.logger.NetworkActionsLogger$$Lambda$711/1831881462
2644:             1             16  org.apache.flink.runtime.io.network.metrics.NettyShuffleMetricFactory$$Lambda$475/2042917213
2645:             1             16  org.apache.flink.runtime.io.network.metrics.NettyShuffleMetricFactory$$Lambda$476/1520656618
2646:             1             16  org.apache.flink.runtime.io.network.metrics.NettyShuffleMetricFactory$$Lambda$477/1699265405
2647:             1             16  org.apache.flink.runtime.io.network.metrics.NettyShuffleMetricFactory$$Lambda$478/1412656257
2648:             1             16  org.apache.flink.runtime.io.network.metrics.NettyShuffleMetricFactory$$Lambda$479/358019805
2649:             1             16  org.apache.flink.runtime.io.network.metrics.NettyShuffleMetricFactory$$Lambda$480/904208473
2650:             1             16  org.apache.flink.runtime.io.network.metrics.NettyShuffleMetricFactory$$Lambda$481/103118806
2651:             1             16  org.apache.flink.runtime.io.network.metrics.NettyShuffleMetricFactory$$Lambda$482/1237144823
2652:             1             16  org.apache.flink.runtime.io.network.netty.NettyMessage$NettyMessageEncoder
2653:             1             16  org.apache.flink.runtime.io.network.partition.AbstractPartitionTracker$$Lambda$742/232926819
2654:             1             16  org.apache.flink.runtime.io.network.partition.TaskExecutorPartitionTrackerImpl$$Lambda$580/780179419
2655:             1             16  org.apache.flink.runtime.io.network.partition.TaskExecutorPartitionTrackerImpl$$Lambda$768/1739809037
2656:             1             16  org.apache.flink.runtime.io.network.partition.consumer.EndOfChannelStateEvent
2657:             1             16  org.apache.flink.runtime.messages.Acknowledge
2658:             1             16  org.apache.flink.runtime.metrics.ReporterSetup$$Lambda$422/1997344422
2659:             1             16  org.apache.flink.runtime.metrics.ReporterSetup$$Lambda$426/1827303532
2660:             1             16  org.apache.flink.runtime.metrics.dump.MetricQueryService$1
2661:             1             16  org.apache.flink.runtime.metrics.util.MetricUtils$$Lambda$452/1215029765
2662:             1             16  org.apache.flink.runtime.metrics.util.MetricUtils$$Lambda$454/766696861
2663:             1             16  org.apache.flink.runtime.metrics.util.MetricUtils$$Lambda$457/1103017075
2664:             1             16  org.apache.flink.runtime.metrics.util.MetricUtils$$Lambda$461/55755528
2665:             1             16  org.apache.flink.runtime.metrics.util.MetricUtils$$Lambda$463/2100771791
2666:             1             16  org.apache.flink.runtime.metrics.util.MetricUtils$$Lambda$464/98412281
2667:             1             16  org.apache.flink.runtime.metrics.util.MetricUtils$$Lambda$465/201392112
2668:             1             16  org.apache.flink.runtime.metrics.util.MetricUtils$$Lambda$466/748975217
2669:             1             16  org.apache.flink.runtime.metrics.util.MetricUtils$$Lambda$467/1510087865
2670:             1             16  org.apache.flink.runtime.metrics.util.MetricUtils$$Lambda$493/2015007762
2671:             1             16  org.apache.flink.runtime.metrics.util.MetricUtils$$Lambda$494/1514955661
2672:             1             16  org.apache.flink.runtime.rpc.akka.$Proxy18
2673:             1             16  org.apache.flink.runtime.rpc.akka.$Proxy22
2674:             1             16  org.apache.flink.runtime.rpc.akka.AkkaRpcServiceUtils$$Lambda$92/1606286799
2675:             1             16  org.apache.flink.runtime.rpc.akka.AkkaRpcServiceUtils$$Lambda$93/1325144078
2676:             1             16  org.apache.flink.runtime.rpc.akka.AkkaRpcServiceUtils$AkkaRpcServiceBuilder$$Lambda$102/605052357
2677:             1             16  org.apache.flink.runtime.rpc.akka.AkkaRpcSystem
2678:             1             16  org.apache.flink.runtime.rpc.akka.EscalatingSupervisorStrategy$$Lambda$244/1129869771
2679:             1             16  org.apache.flink.runtime.rpc.akka.RobustActorSystem$$Lambda$113/220695851
2680:             1             16  org.apache.flink.runtime.rpc.akka.RobustActorSystem$$Lambda$114/636782475
2681:             1             16  org.apache.flink.runtime.rpc.akka.RobustActorSystem$$Lambda$115/1312963234
2682:             1             16  org.apache.flink.runtime.rpc.akka.RobustActorSystem$$Lambda$117/826865256
2683:             1             16  org.apache.flink.runtime.rpc.akka.RobustActorSystem$$Lambda$118/1845517769
2684:             1             16  org.apache.flink.runtime.rpc.akka.RobustActorSystem$$Lambda$119/2095788421
2685:             1             16  org.apache.flink.runtime.security.contexts.NoOpSecurityContext
2686:             1             16  org.apache.flink.runtime.state.CheckpointStorageLocationReference
2687:             1             16  org.apache.flink.runtime.state.KeyExtractorFunction$1
2688:             1             16  org.apache.flink.runtime.state.PriorityComparator$$Lambda$708/1152252614
2689:             1             16  org.apache.flink.runtime.state.StateSnapshotTransformer$StateSnapshotTransformFactory$1
2690:             1             16  org.apache.flink.runtime.state.TaskExecutorLocalStateStoresManager$$Lambda$489/1519911160
2691:             1             16  org.apache.flink.runtime.state.TaskExecutorStateChangelogStoragesManager$$Lambda$490/600657906
2692:             1             16  org.apache.flink.runtime.state.UncompressedStreamCompressionDecorator
2693:             1             16  org.apache.flink.runtime.state.changelog.StateChangelogStorageLoader$$Lambda$72/2129144075
2694:             1             16  org.apache.flink.runtime.state.changelog.inmemory.InMemoryStateChangelogStorageFactory
2695:             1             16  org.apache.flink.runtime.state.heap.HeapKeyedStateBackend$$Lambda$700/309834216
2696:             1             16  org.apache.flink.runtime.state.heap.HeapKeyedStateBackend$$Lambda$701/611168827
2697:             1             16  org.apache.flink.runtime.state.heap.HeapKeyedStateBackend$$Lambda$702/1722100683
2698:             1             16  org.apache.flink.runtime.state.heap.HeapKeyedStateBackend$$Lambda$703/1487663833
2699:             1             16  org.apache.flink.runtime.state.heap.HeapKeyedStateBackend$$Lambda$704/2107921113
2700:             1             16  org.apache.flink.runtime.state.heap.HeapKeyedStateBackend$$Lambda$705/605524712
2701:             1             16  org.apache.flink.runtime.state.heap.HeapKeyedStateBackend$$Lambda$706/2079993385
2702:             1             16  org.apache.flink.runtime.state.heap.HeapKeyedStateBackendBuilder$$Lambda$699/1248505834
2703:             1             16  org.apache.flink.runtime.state.storage.ExternalizedSnapshotLocation$$Lambda$629/240213776
2704:             1             16  org.apache.flink.runtime.state.ttl.TtlTimeProvider$$Lambda$674/706971861
2705:             1             16  org.apache.flink.runtime.taskexecutor.DefaultJobTable$$Lambda$595/1196559102
2706:             1             16  org.apache.flink.runtime.taskexecutor.TaskExecutor$$Lambda$601/322248380
2707:             1             16  org.apache.flink.runtime.taskexecutor.TaskExecutor$$Lambda$602/867186802
2708:             1             16  org.apache.flink.runtime.taskexecutor.TaskExecutor$$Lambda$604/1998289746
2709:             1             16  org.apache.flink.runtime.taskexecutor.TaskExecutor$$Lambda$605/1163570795
2710:             1             16  org.apache.flink.runtime.taskexecutor.TaskExecutor$$Lambda$721/996569339
2711:             1             16  org.apache.flink.runtime.taskexecutor.TaskExecutor$JobLeaderListenerImpl
2712:             1             16  org.apache.flink.runtime.taskexecutor.TaskExecutor$JobManagerHeartbeatListener
2713:             1             16  org.apache.flink.runtime.taskexecutor.TaskExecutor$JobManagerHeartbeatListener$$Lambda$724/1565846985
2714:             1             16  org.apache.flink.runtime.taskexecutor.TaskExecutor$ResourceManagerHeartbeatListener
2715:             1             16  org.apache.flink.runtime.taskexecutor.TaskExecutor$ResourceManagerHeartbeatTarget
2716:             1             16  org.apache.flink.runtime.taskexecutor.TaskExecutor$ResourceManagerRegistrationListener
2717:             1             16  org.apache.flink.runtime.taskexecutor.TaskExecutor$SlotActionsImpl
2718:             1             16  org.apache.flink.runtime.taskexecutor.TaskExecutorResourceSpec$$Lambda$445/458998685
2719:             1             16  org.apache.flink.runtime.taskexecutor.TaskExecutorResourceSpec$$Lambda$446/345290829
2720:             1             16  org.apache.flink.runtime.taskexecutor.TaskExecutorToServiceAdapter
2721:             1             16  org.apache.flink.runtime.taskexecutor.TaskManagerRunner$$Lambda$492/838800272
2722:             1             16  org.apache.flink.runtime.taskexecutor.TaskManagerRunner$$Lambda$496/1869177530
2723:             1             16  org.apache.flink.runtime.taskexecutor.TaskManagerRunner$$Lambda$497/824900551
2724:             1             16  org.apache.flink.runtime.taskexecutor.TaskManagerRunner$$Lambda$77/931496835
2725:             1             16  org.apache.flink.runtime.taskexecutor.ThreadInfoSampleService
2726:             1             16  org.apache.flink.runtime.taskexecutor.partition.PartitionTable
2727:             1             16  org.apache.flink.runtime.taskexecutor.slot.TaskSlot$$Lambda$749/1270339457
2728:             1             16  org.apache.flink.runtime.taskexecutor.slot.TaskSlotTableImpl$TaskSlotIterator$$Lambda$620/1363234535
2729:             1             16  org.apache.flink.runtime.util.ClusterUncaughtExceptionHandler
2730:             1             16  org.apache.flink.runtime.util.EnvironmentInformation$Versions$$Lambda$27/1552978964
2731:             1             16  org.apache.flink.runtime.util.EnvironmentInformation$Versions$$Lambda$36/117009527
2732:             1             16  org.apache.flink.shaded.guava30.com.google.common.base.Absent
2733:             1             16  org.apache.flink.shaded.guava30.com.google.common.base.CharMatcher$None
2734:             1             16  org.apache.flink.shaded.guava30.com.google.common.base.CharMatcher$Whitespace
2735:             1             16  org.apache.flink.shaded.guava30.com.google.common.base.Java8Usage$$Lambda$47/1130894323
2736:             1             16  org.apache.flink.shaded.guava30.com.google.common.io.Closer$SuppressingSuppressor
2737:             1             16  org.apache.flink.shaded.netty4.io.netty.bootstrap.BootstrapConfig
2738:             1             16  org.apache.flink.shaded.netty4.io.netty.bootstrap.ServerBootstrapConfig
2739:             1             16  org.apache.flink.shaded.netty4.io.netty.buffer.AbstractReferenceCountedByteBuf$1
2740:             1             16  org.apache.flink.shaded.netty4.io.netty.buffer.ByteBufUtil$1
2741:             1             16  org.apache.flink.shaded.netty4.io.netty.buffer.ByteBufUtil$2
2742:             1             16  org.apache.flink.shaded.netty4.io.netty.channel.ChannelFutureListener$1
2743:             1             16  org.apache.flink.shaded.netty4.io.netty.channel.ChannelFutureListener$2
2744:             1             16  org.apache.flink.shaded.netty4.io.netty.channel.ChannelFutureListener$3
2745:             1             16  org.apache.flink.shaded.netty4.io.netty.channel.ChannelHandlerMask$1
2746:             1             16  org.apache.flink.shaded.netty4.io.netty.channel.ChannelOutboundBuffer$1
2747:             1             16  org.apache.flink.shaded.netty4.io.netty.channel.DefaultChannelPipeline$1
2748:             1             16  org.apache.flink.shaded.netty4.io.netty.channel.DefaultMessageSizeEstimator
2749:             1             16  org.apache.flink.shaded.netty4.io.netty.channel.DefaultMessageSizeEstimator$HandleImpl
2750:             1             16  org.apache.flink.shaded.netty4.io.netty.channel.DefaultSelectStrategy
2751:             1             16  org.apache.flink.shaded.netty4.io.netty.channel.DefaultSelectStrategyFactory
2752:             1             16  org.apache.flink.shaded.netty4.io.netty.channel.VoidChannelPromise$1
2753:             1             16  org.apache.flink.shaded.netty4.io.netty.channel.epoll.AbstractEpollChannel$AbstractEpollUnsafe$1
2754:             1             16  org.apache.flink.shaded.netty4.io.netty.util.AbstractReferenceCounted$1
2755:             1             16  org.apache.flink.shaded.netty4.io.netty.util.NettyRuntime$AvailableProcessorsHolder
2756:             1             16  org.apache.flink.shaded.netty4.io.netty.util.concurrent.AbstractScheduledEventExecutor$1
2757:             1             16  org.apache.flink.shaded.netty4.io.netty.util.concurrent.AbstractScheduledEventExecutor$2
2758:             1             16  org.apache.flink.shaded.netty4.io.netty.util.concurrent.DefaultEventExecutorChooserFactory
2759:             1             16  org.apache.flink.shaded.netty4.io.netty.util.concurrent.DefaultPromise$CauseHolder
2760:             1             16  org.apache.flink.shaded.netty4.io.netty.util.concurrent.FastThreadLocal
2761:             1             16  org.apache.flink.shaded.netty4.io.netty.util.concurrent.GlobalEventExecutor$1
2762:             1             16  org.apache.flink.shaded.netty4.io.netty.util.concurrent.GlobalEventExecutor$TaskRunner
2763:             1             16  org.apache.flink.shaded.netty4.io.netty.util.concurrent.RejectedExecutionHandlers$1
2764:             1             16  org.apache.flink.shaded.netty4.io.netty.util.concurrent.SingleThreadEventExecutor$1
2765:             1             16  org.apache.flink.shaded.netty4.io.netty.util.concurrent.SingleThreadEventExecutor$4
2766:             1             16  org.apache.flink.shaded.netty4.io.netty.util.internal.CleanerJava6
2767:             1             16  org.apache.flink.shaded.netty4.io.netty.util.internal.PlatformDependent$1
2768:             1             16  org.apache.flink.shaded.netty4.io.netty.util.internal.PlatformDependent$2
2769:             1             16  org.apache.flink.streaming.api.graph.StreamConfig$$Lambda$680/1985673912
2770:             1             16  org.apache.flink.streaming.api.graph.StreamConfig$$Lambda$681/614779486
2771:             1             16  org.apache.flink.streaming.api.operators.InternalTimerServiceImpl$$Lambda$725/115561358
2772:             1             16  org.apache.flink.streaming.runtime.io.checkpointing.InputProcessorUtil$$Lambda$661/781009128
2773:             1             16  org.apache.flink.streaming.runtime.io.checkpointing.InputProcessorUtil$$Lambda$662/1888120657
2774:             1             16  org.apache.flink.streaming.runtime.io.checkpointing.InputProcessorUtil$$Lambda$663/1487358261
2775:             1             16  org.apache.flink.streaming.runtime.io.checkpointing.InputProcessorUtil$$Lambda$665/702224894
2776:             1             16  org.apache.flink.streaming.runtime.io.checkpointing.InputProcessorUtil$$Lambda$669/1613418752
2777:             1             16  org.apache.flink.streaming.runtime.io.checkpointing.InputProcessorUtil$$Lambda$670/2040519104
2778:             1             16  org.apache.flink.streaming.runtime.io.checkpointing.InputProcessorUtil$$Lambda$672/1462362950
2779:             1             16  org.apache.flink.streaming.runtime.io.checkpointing.UpstreamRecoveryTracker$1
2780:             1             16  org.apache.flink.streaming.runtime.tasks.OperatorChain$$Lambda$645/405965720
2781:             1             16  org.apache.flink.streaming.runtime.tasks.StreamTask$$Lambda$679/1581129876
2782:             1             16  org.apache.flink.streaming.runtime.tasks.StreamTask$$Lambda$731/1028283917
2783:             1             16  org.apache.flink.streaming.runtime.tasks.StreamTaskActionExecutor$1
2784:             1             16  org.apache.flink.streaming.runtime.tasks.mailbox.MailboxProcessor$$Lambda$765/1522975525
2785:             1             16  org.apache.flink.types.SerializableOptional
2786:             1             16  org.apache.flink.types.StringValue$$Lambda$707/502508970
2787:             1             16  org.apache.flink.util.FatalExitExceptionHandler
2788:             1             16  org.apache.flink.util.FileUtils$$Lambda$756/522410827
2789:             1             16  org.apache.flink.util.FlinkUserCodeClassLoader$$Lambda$621/1215493513
2790:             1             16  org.apache.flink.util.TimeUtils$TimeUnit$$Lambda$80/1987169128
2791:             1             16  org.apache.flink.util.clock.SystemClock
2792:             1             16  org.apache.flink.util.function.FunctionUtils$$Lambda$51/1939990953
2793:             1             16  org.apache.flink.util.function.FunctionUtils$$Lambda$52/2073621255
2794:             1             16  org.apache.log4j.config.PropertiesConfigurationFactory
2795:             1             16  org.apache.log4j.xml.XmlConfigurationFactory
2796:             1             16  org.apache.logging.log4j.ThreadContext$EmptyIterator
2797:             1             16  org.apache.logging.log4j.ThreadContext$EmptyThreadContextStack
2798:             1             16  org.apache.logging.log4j.core.LoggerContext$$Lambda$15/633075331
2799:             1             16  org.apache.logging.log4j.core.appender.ConsoleAppender$ConsoleManagerFactory
2800:             1             16  org.apache.logging.log4j.core.appender.FileManager$FileManagerFactory
2801:             1             16  org.apache.logging.log4j.core.appender.rolling.RollingFileManager$RollingFileManagerFactory
2802:             1             16  org.apache.logging.log4j.core.config.ConfigurationFactory$Factory
2803:             1             16  org.apache.logging.log4j.core.config.DefaultReliabilityStrategy
2804:             1             16  org.apache.logging.log4j.core.config.OrderComparator
2805:             1             16  org.apache.logging.log4j.core.config.plugins.convert.TypeConverterRegistry
2806:             1             16  org.apache.logging.log4j.core.config.plugins.convert.TypeConverters$BigDecimalConverter
2807:             1             16  org.apache.logging.log4j.core.config.plugins.convert.TypeConverters$BigIntegerConverter
2808:             1             16  org.apache.logging.log4j.core.config.plugins.convert.TypeConverters$BooleanConverter
2809:             1             16  org.apache.logging.log4j.core.config.plugins.convert.TypeConverters$ByteArrayConverter
2810:             1             16  org.apache.logging.log4j.core.config.plugins.convert.TypeConverters$ByteConverter
2811:             1             16  org.apache.logging.log4j.core.config.plugins.convert.TypeConverters$CharArrayConverter
2812:             1             16  org.apache.logging.log4j.core.config.plugins.convert.TypeConverters$CharacterConverter
2813:             1             16  org.apache.logging.log4j.core.config.plugins.convert.TypeConverters$CharsetConverter
2814:             1             16  org.apache.logging.log4j.core.config.plugins.convert.TypeConverters$ClassConverter
2815:             1             16  org.apache.logging.log4j.core.config.plugins.convert.TypeConverters$CronExpressionConverter
2816:             1             16  org.apache.logging.log4j.core.config.plugins.convert.TypeConverters$DoubleConverter
2817:             1             16  org.apache.logging.log4j.core.config.plugins.convert.TypeConverters$DurationConverter
2818:             1             16  org.apache.logging.log4j.core.config.plugins.convert.TypeConverters$FileConverter
2819:             1             16  org.apache.logging.log4j.core.config.plugins.convert.TypeConverters$FloatConverter
2820:             1             16  org.apache.logging.log4j.core.config.plugins.convert.TypeConverters$InetAddressConverter
2821:             1             16  org.apache.logging.log4j.core.config.plugins.convert.TypeConverters$IntegerConverter
2822:             1             16  org.apache.logging.log4j.core.config.plugins.convert.TypeConverters$LevelConverter
2823:             1             16  org.apache.logging.log4j.core.config.plugins.convert.TypeConverters$LongConverter
2824:             1             16  org.apache.logging.log4j.core.config.plugins.convert.TypeConverters$PathConverter
2825:             1             16  org.apache.logging.log4j.core.config.plugins.convert.TypeConverters$PatternConverter
2826:             1             16  org.apache.logging.log4j.core.config.plugins.convert.TypeConverters$SecurityProviderConverter
2827:             1             16  org.apache.logging.log4j.core.config.plugins.convert.TypeConverters$ShortConverter
2828:             1             16  org.apache.logging.log4j.core.config.plugins.convert.TypeConverters$StringConverter
2829:             1             16  org.apache.logging.log4j.core.config.plugins.convert.TypeConverters$UriConverter
2830:             1             16  org.apache.logging.log4j.core.config.plugins.convert.TypeConverters$UrlConverter
2831:             1             16  org.apache.logging.log4j.core.config.plugins.convert.TypeConverters$UuidConverter
2832:             1             16  org.apache.logging.log4j.core.config.plugins.processor.PluginCache$$Lambda$8/706277948
2833:             1             16  org.apache.logging.log4j.core.config.properties.PropertiesConfigurationFactory
2834:             1             16  org.apache.logging.log4j.core.config.xml.XmlConfigurationFactory
2835:             1             16  org.apache.logging.log4j.core.impl.ReusableLogEventFactory
2836:             1             16  org.apache.logging.log4j.core.impl.ThreadContextDataProvider
2837:             1             16  org.apache.logging.log4j.core.lookup.StrMatcher$NoMatcher
2838:             1             16  org.apache.logging.log4j.core.lookup.StrMatcher$TrimMatcher
2839:             1             16  org.apache.logging.log4j.core.net.JndiManager$JndiManagerFactory
2840:             1             16  org.apache.logging.log4j.core.pattern.NameAbbreviator$NOPAbbreviator
2841:             1             16  org.apache.logging.log4j.core.pattern.NotANumber
2842:             1             16  org.apache.logging.log4j.core.pattern.PlainTextRenderer
2843:             1             16  org.apache.logging.log4j.core.selector.ClassLoaderContextSelector
2844:             1             16  org.apache.logging.log4j.core.util.BasicAuthorizationProvider
2845:             1             16  org.apache.logging.log4j.core.util.datetime.FastDateFormat$1
2846:             1             16  org.apache.logging.log4j.core.util.datetime.FastDateParser$$Lambda$20/1742920067
2847:             1             16  org.apache.logging.log4j.core.util.datetime.FastDateParser$1
2848:             1             16  org.apache.logging.log4j.core.util.datetime.FastDateParser$2
2849:             1             16  org.apache.logging.log4j.core.util.datetime.FastDateParser$3
2850:             1             16  org.apache.logging.log4j.core.util.datetime.FastDateParser$4
2851:             1             16  org.apache.logging.log4j.core.util.datetime.FastDateParser$5
2852:             1             16  org.apache.logging.log4j.core.util.datetime.FastDatePrinter$TwoDigitMonthField
2853:             1             16  org.apache.logging.log4j.core.util.datetime.FastDatePrinter$TwoDigitNumberField
2854:             1             16  org.apache.logging.log4j.message.ParameterFormatter$$Lambda$37/568221876
2855:             1             16  org.apache.logging.log4j.message.ParameterizedNoReferenceMessageFactory
2856:             1             16  org.apache.logging.log4j.spi.CopyOnWriteSortedArrayThreadContextMap
2857:             1             16  org.apache.logging.log4j.spi.DefaultThreadContextStack
2858:             1             16  org.apache.logging.log4j.util.LoaderUtil$ThreadContextClassLoaderGetter
2859:             1             16  org.apache.logging.log4j.util.PrivateSecurityManagerStackTraceUtil$PrivateSecurityManager
2860:             1             16  org.apache.logging.log4j.util.PropertiesUtil$Environment$$Lambda$1/1144748369
2861:             1             16  org.apache.logging.log4j.util.ProviderUtil
2862:             1             16  org.apache.logging.log4j.util.SortedArrayStringMap$$Lambda$5/353842779
2863:             1             16  org.apache.logging.log4j.util.StackLocator
2864:             1             16  org.apache.logging.log4j.util.Strings$$Lambda$3/1190035432
2865:             1             16  org.apache.logging.slf4j.Log4jLoggerFactory$$Lambda$4/2027961269
2866:             1             16  org.apache.logging.slf4j.Log4jMDCAdapter
2867:             1             16  org.apache.logging.slf4j.Log4jMarkerFactory
2868:             1             16  org.jboss.netty.channel.ChannelFutureListener$1
2869:             1             16  org.jboss.netty.channel.ChannelFutureListener$2
2870:             1             16  org.jboss.netty.channel.ChannelLocal$1
2871:             1             16  org.jboss.netty.channel.DefaultChannelPipeline$DiscardingChannelSink
2872:             1             16  org.jboss.netty.channel.socket.nio.SocketSendBufferPool$EmptySendBuffer
2873:             1             16  org.jboss.netty.logging.Slf4JLoggerFactory
2874:             1             16  org.jboss.netty.util.ThreadNameDeterminer$1
2875:             1             16  org.jboss.netty.util.ThreadNameDeterminer$2
2876:             1             16  org.slf4j.helpers.NOPLoggerFactory
2877:             1             16  org.slf4j.impl.StaticLoggerBinder
2878:             1             16  org.slf4j.impl.StaticMDCBinder
2879:             1             16  org.slf4j.impl.StaticMarkerBinder
2880:             1             16  scala.None$
2881:             1             16  scala.None$
2882:             1             16  scala.Option$
2883:             1             16  scala.Option$
2884:             1             16  scala.PartialFunction$$$Lambda$210/692998280
2885:             1             16  scala.PartialFunction$$anon$1
2886:             1             16  scala.PartialFunction$$anon$1$$Lambda$211/822087264
2887:             1             16  scala.PartialFunction$$anonfun$1
2888:             1             16  scala.Predef$$anon$1
2889:             1             16  scala.Predef$$anon$2
2890:             1             16  scala.Predef$$anon$3
2891:             1             16  scala.Predef$ArrowAssoc$
2892:             1             16  scala.Some
2893:             1             16  scala.collection.$colon$plus$
2894:             1             16  scala.collection.$plus$colon$
2895:             1             16  scala.collection.IndexedSeq$$anon$1
2896:             1             16  scala.collection.Iterable$
2897:             1             16  scala.collection.Iterator$
2898:             1             16  scala.collection.Iterator$$anon$2
2899:             1             16  scala.collection.Seq$
2900:             1             16  scala.collection.SetLike$$Lambda$151/2117173674
2901:             1             16  scala.collection.TraversableLike$$Lambda$333/858447901
2902:             1             16  scala.collection.TraversableOnce$
2903:             1             16  scala.collection.convert.WrapAsScala$
2904:             1             16  scala.collection.immutable.$colon$colon$
2905:             1             16  scala.collection.immutable.HashMap$
2906:             1             16  scala.collection.immutable.HashMap$$$Lambda$125/735085430
2907:             1             16  scala.collection.immutable.HashMap$$anon$2$$anon$3
2908:             1             16  scala.collection.immutable.HashMap$EmptyHashMap$
2909:             1             16  scala.collection.immutable.HashSet$
2910:             1             16  scala.collection.immutable.HashSet$EmptyHashSet$
2911:             1             16  scala.collection.immutable.IndexedSeq$
2912:             1             16  scala.collection.immutable.Iterable$
2913:             1             16  scala.collection.immutable.List$$anon$1
2914:             1             16  scala.collection.immutable.Map$
2915:             1             16  scala.collection.immutable.Map$$Lambda$149/1895143699
2916:             1             16  scala.collection.immutable.Map$EmptyMap$
2917:             1             16  scala.collection.immutable.MapLike$$Lambda$272/1205580258
2918:             1             16  scala.collection.immutable.Nil$
2919:             1             16  scala.collection.immutable.Queue$
2920:             1             16  scala.collection.immutable.Range$
2921:             1             16  scala.collection.immutable.RedBlackTree$
2922:             1             16  scala.collection.immutable.RedBlackTree$BlackTree$
2923:             1             16  scala.collection.immutable.RedBlackTree$RedTree$
2924:             1             16  scala.collection.immutable.Seq$
2925:             1             16  scala.collection.immutable.Set$
2926:             1             16  scala.collection.immutable.Set$EmptySet$
2927:             1             16  scala.collection.immutable.Stream$
2928:             1             16  scala.collection.immutable.Stream$$hash$colon$colon$
2929:             1             16  scala.collection.immutable.StringOps$
2930:             1             16  scala.collection.immutable.TreeMap$
2931:             1             16  scala.collection.immutable.TreeSet$
2932:             1             16  scala.collection.mutable.ArrayBuffer$
2933:             1             16  scala.collection.mutable.ArrayBuilder$
2934:             1             16  scala.collection.mutable.ArrayOps$ofByte$
2935:             1             16  scala.collection.mutable.ArrayOps$ofRef$
2936:             1             16  scala.collection.mutable.HashTable$
2937:             1             16  scala.collection.mutable.IndexedSeq$
2938:             1             16  scala.collection.mutable.Iterable$
2939:             1             16  scala.collection.mutable.Map$
2940:             1             16  scala.collection.mutable.StringBuilder$
2941:             1             16  scala.collection.mutable.WrappedArray$
2942:             1             16  scala.compat.Platform$
2943:             1             16  scala.compat.java8.FutureConverters$
2944:             1             16  scala.compat.java8.FutureConverters$FutureOps$
2945:             1             16  scala.compat.java8.OptionConverters$$anon$1
2946:             1             16  scala.compat.java8.OptionConverters$$anon$2
2947:             1             16  scala.compat.java8.OptionConverters$$anon$3
2948:             1             16  scala.compat.java8.OptionConverters$RichOptionForJava8$
2949:             1             16  scala.compat.java8.OptionConverters$RichOptionalGeneric$
2950:             1             16  scala.concurrent.Await$
2951:             1             16  scala.concurrent.AwaitPermission$
2952:             1             16  scala.concurrent.BlockContext$
2953:             1             16  scala.concurrent.BlockContext$DefaultBlockContext$
2954:             1             16  scala.concurrent.Future$$$Lambda$309/2077297548
2955:             1             16  scala.concurrent.Future$$$Lambda$312/1384911519
2956:             1             16  scala.concurrent.Future$$Lambda$329/155435018
2957:             1             16  scala.concurrent.Future$InternalCallbackExecutor$
2958:             1             16  scala.concurrent.Promise$
2959:             1             16  scala.concurrent.duration.Deadline$
2960:             1             16  scala.concurrent.duration.Duration$$$Lambda$126/835146383
2961:             1             16  scala.concurrent.duration.Duration$$$Lambda$127/322112198
2962:             1             16  scala.concurrent.duration.Duration$$$Lambda$128/187457031
2963:             1             16  scala.concurrent.duration.Duration$$anon$1
2964:             1             16  scala.concurrent.duration.Duration$$anon$2
2965:             1             16  scala.concurrent.duration.Duration$$anon$3
2966:             1             16  scala.concurrent.duration.package$
2967:             1             16  scala.concurrent.duration.package$DurationInt$
2968:             1             16  scala.concurrent.duration.package$DurationLong$
2969:             1             16  scala.concurrent.impl.Promise$
2970:             1             16  scala.concurrent.impl.Promise$KeptPromise$
2971:             1             16  scala.concurrent.impl.Promise$KeptPromise$Successful
2972:             1             16  scala.concurrent.java8.FuturesConvertersImpl$
2973:             1             16  scala.concurrent.package$
2974:             1             16  scala.math.Equiv$
2975:             1             16  scala.math.Fractional$
2976:             1             16  scala.math.Integral$
2977:             1             16  scala.math.Numeric$
2978:             1             16  scala.math.Ordered$
2979:             1             16  scala.math.Ordering$
2980:             1             16  scala.math.Ordering$$anon$9
2981:             1             16  scala.math.Ordering$Long$
2982:             1             16  scala.math.Ordering$String$
2983:             1             16  scala.math.package$
2984:             1             16  scala.package$$anon$1
2985:             1             16  scala.reflect.NoManifest$
2986:             1             16  scala.runtime.BoxedUnit
2987:             1             16  scala.runtime.RichDouble$
2988:             1             16  scala.runtime.RichInt$
2989:             1             16  scala.runtime.RichLong$
2990:             1             16  scala.runtime.ScalaRunTime$
2991:             1             16  scala.sys.BooleanProp$
2992:             1             16  scala.sys.BooleanProp$$$Lambda$97/1855610584
2993:             1             16  scala.sys.SystemProperties$$Lambda$100/897848096
2994:             1             16  scala.sys.package$
2995:             1             16  scala.util.Either$
2996:             1             16  scala.util.Failure
2997:             1             16  scala.util.Left$
2998:             1             16  scala.util.PropertiesTrait$$Lambda$16/793315160
2999:             1             16  scala.util.PropertiesTrait$$Lambda$17/1089504328
3000:             1             16  scala.util.PropertiesTrait$$Lambda$18/867398280
3001:             1             16  scala.util.PropertiesTrait$$Lambda$399/1870723838
3002:             1             16  scala.util.PropertiesTrait$$Lambda$400/938613108
3003:             1             16  scala.util.PropertiesTrait$$Lambda$401/1598898814
3004:             1             16  scala.util.Right$
3005:             1             16  scala.util.Try$
3006:             1             16  scala.util.control.Breaks
3007:             1             16  scala.util.control.NoStackTrace$
3008:             1             16  scala.util.control.NonFatal$
3009:             1             16  scala.util.hashing.package$
3010:             1             16  sun.management.ClassLoadingImpl
3011:             1             16  sun.management.HotSpotDiagnostic
3012:             1             16  sun.management.ManagementFactoryHelper$PlatformLoggingImpl
3013:             1             16  sun.misc.ASCIICaseInsensitiveComparator
3014:             1             16  sun.misc.FloatingDecimal$1
3015:             1             16  sun.misc.FormattedFloatingDecimal$1
3016:             1             16  sun.misc.Launcher
3017:             1             16  sun.misc.Launcher$Factory
3018:             1             16  sun.misc.ObjectInputFilter$Config$$Lambda$561/1959468822
3019:             1             16  sun.misc.Perf
3020:             1             16  sun.misc.Unsafe
3021:             1             16  sun.net.DefaultProgressMeteringPolicy
3022:             1             16  sun.net.ExtendedOptionsImpl$$Lambda$525/1532424027
3023:             1             16  sun.net.spi.DefaultProxySelector
3024:             1             16  sun.net.www.protocol.file.Handler
3025:             1             16  sun.net.www.protocol.jar.JarFileFactory
3026:             1             16  sun.nio.ch.EPollSelectorProvider
3027:             1             16  sun.nio.ch.ExtendedSocketOption$1
3028:             1             16  sun.nio.ch.FileChannelImpl$1
3029:             1             16  sun.nio.ch.FileDispatcherImpl
3030:             1             16  sun.nio.ch.Net$1
3031:             1             16  sun.nio.ch.Util$1
3032:             1             16  sun.nio.fs.LinuxFileSystemProvider
3033:             1             16  sun.reflect.GeneratedConstructorAccessor10
3034:             1             16  sun.reflect.GeneratedConstructorAccessor11
3035:             1             16  sun.reflect.GeneratedConstructorAccessor13
3036:             1             16  sun.reflect.GeneratedConstructorAccessor15
3037:             1             16  sun.reflect.GeneratedConstructorAccessor17
3038:             1             16  sun.reflect.GeneratedConstructorAccessor5
3039:             1             16  sun.reflect.GeneratedConstructorAccessor7
3040:             1             16  sun.reflect.GeneratedConstructorAccessor9
3041:             1             16  sun.reflect.GeneratedMethodAccessor1
3042:             1             16  sun.reflect.GeneratedMethodAccessor10
3043:             1             16  sun.reflect.GeneratedMethodAccessor11
3044:             1             16  sun.reflect.GeneratedMethodAccessor12
3045:             1             16  sun.reflect.GeneratedMethodAccessor13
3046:             1             16  sun.reflect.GeneratedMethodAccessor14
3047:             1             16  sun.reflect.GeneratedMethodAccessor15
3048:             1             16  sun.reflect.GeneratedMethodAccessor16
3049:             1             16  sun.reflect.GeneratedMethodAccessor17
3050:             1             16  sun.reflect.GeneratedMethodAccessor18
3051:             1             16  sun.reflect.GeneratedMethodAccessor19
3052:             1             16  sun.reflect.GeneratedMethodAccessor2
3053:             1             16  sun.reflect.GeneratedMethodAccessor20
3054:             1             16  sun.reflect.GeneratedMethodAccessor21
3055:             1             16  sun.reflect.GeneratedMethodAccessor22
3056:             1             16  sun.reflect.GeneratedMethodAccessor23
3057:             1             16  sun.reflect.GeneratedMethodAccessor24
3058:             1             16  sun.reflect.GeneratedMethodAccessor25
3059:             1             16  sun.reflect.GeneratedMethodAccessor27
3060:             1             16  sun.reflect.GeneratedMethodAccessor29
3061:             1             16  sun.reflect.GeneratedMethodAccessor3
3062:             1             16  sun.reflect.GeneratedMethodAccessor30
3063:             1             16  sun.reflect.GeneratedMethodAccessor34
3064:             1             16  sun.reflect.GeneratedMethodAccessor35
3065:             1             16  sun.reflect.GeneratedMethodAccessor4
3066:             1             16  sun.reflect.GeneratedMethodAccessor5
3067:             1             16  sun.reflect.GeneratedMethodAccessor6
3068:             1             16  sun.reflect.GeneratedMethodAccessor7
3069:             1             16  sun.reflect.GeneratedMethodAccessor8
3070:             1             16  sun.reflect.GeneratedMethodAccessor9
3071:             1             16  sun.reflect.GeneratedSerializationConstructorAccessor10
3072:             1             16  sun.reflect.GeneratedSerializationConstructorAccessor11
3073:             1             16  sun.reflect.GeneratedSerializationConstructorAccessor12
3074:             1             16  sun.reflect.GeneratedSerializationConstructorAccessor13
3075:             1             16  sun.reflect.GeneratedSerializationConstructorAccessor140
3076:             1             16  sun.reflect.GeneratedSerializationConstructorAccessor141
3077:             1             16  sun.reflect.GeneratedSerializationConstructorAccessor142
3078:             1             16  sun.reflect.GeneratedSerializationConstructorAccessor143
3079:             1             16  sun.reflect.GeneratedSerializationConstructorAccessor144
3080:             1             16  sun.reflect.GeneratedSerializationConstructorAccessor145
3081:             1             16  sun.reflect.GeneratedSerializationConstructorAccessor146
3082:             1             16  sun.reflect.GeneratedSerializationConstructorAccessor147
3083:             1             16  sun.reflect.GeneratedSerializationConstructorAccessor148
3084:             1             16  sun.reflect.GeneratedSerializationConstructorAccessor149
3085:             1             16  sun.reflect.GeneratedSerializationConstructorAccessor150
3086:             1             16  sun.reflect.GeneratedSerializationConstructorAccessor151
3087:             1             16  sun.reflect.GeneratedSerializationConstructorAccessor152
3088:             1             16  sun.reflect.GeneratedSerializationConstructorAccessor157
3089:             1             16  sun.reflect.GeneratedSerializationConstructorAccessor159
3090:             1             16  sun.reflect.GeneratedSerializationConstructorAccessor17
3091:             1             16  sun.reflect.GeneratedSerializationConstructorAccessor18
3092:             1             16  sun.reflect.GeneratedSerializationConstructorAccessor19
3093:             1             16  sun.reflect.GeneratedSerializationConstructorAccessor2
3094:             1             16  sun.reflect.GeneratedSerializationConstructorAccessor20
3095:             1             16  sun.reflect.GeneratedSerializationConstructorAccessor21
3096:             1             16  sun.reflect.GeneratedSerializationConstructorAccessor22
3097:             1             16  sun.reflect.GeneratedSerializationConstructorAccessor23
3098:             1             16  sun.reflect.GeneratedSerializationConstructorAccessor266
3099:             1             16  sun.reflect.GeneratedSerializationConstructorAccessor267
3100:             1             16  sun.reflect.GeneratedSerializationConstructorAccessor268
3101:             1             16  sun.reflect.GeneratedSerializationConstructorAccessor269
3102:             1             16  sun.reflect.GeneratedSerializationConstructorAccessor270
3103:             1             16  sun.reflect.GeneratedSerializationConstructorAccessor271
3104:             1             16  sun.reflect.GeneratedSerializationConstructorAccessor272
3105:             1             16  sun.reflect.GeneratedSerializationConstructorAccessor284
3106:             1             16  sun.reflect.GeneratedSerializationConstructorAccessor285
3107:             1             16  sun.reflect.GeneratedSerializationConstructorAccessor286
3108:             1             16  sun.reflect.GeneratedSerializationConstructorAccessor287
3109:             1             16  sun.reflect.GeneratedSerializationConstructorAccessor288
3110:             1             16  sun.reflect.GeneratedSerializationConstructorAccessor289
3111:             1             16  sun.reflect.GeneratedSerializationConstructorAccessor29
3112:             1             16  sun.reflect.GeneratedSerializationConstructorAccessor290
3113:             1             16  sun.reflect.GeneratedSerializationConstructorAccessor291
3114:             1             16  sun.reflect.GeneratedSerializationConstructorAccessor292
3115:             1             16  sun.reflect.GeneratedSerializationConstructorAccessor293
3116:             1             16  sun.reflect.GeneratedSerializationConstructorAccessor294
3117:             1             16  sun.reflect.GeneratedSerializationConstructorAccessor298
3118:             1             16  sun.reflect.GeneratedSerializationConstructorAccessor299
3119:             1             16  sun.reflect.GeneratedSerializationConstructorAccessor30
3120:             1             16  sun.reflect.GeneratedSerializationConstructorAccessor300
3121:             1             16  sun.reflect.GeneratedSerializationConstructorAccessor301
3122:             1             16  sun.reflect.GeneratedSerializationConstructorAccessor302
3123:             1             16  sun.reflect.GeneratedSerializationConstructorAccessor303
3124:             1             16  sun.reflect.GeneratedSerializationConstructorAccessor304
3125:             1             16  sun.reflect.GeneratedSerializationConstructorAccessor305
3126:             1             16  sun.reflect.GeneratedSerializationConstructorAccessor306
3127:             1             16  sun.reflect.GeneratedSerializationConstructorAccessor307
3128:             1             16  sun.reflect.GeneratedSerializationConstructorAccessor308
3129:             1             16  sun.reflect.GeneratedSerializationConstructorAccessor31
3130:             1             16  sun.reflect.GeneratedSerializationConstructorAccessor310
3131:             1             16  sun.reflect.GeneratedSerializationConstructorAccessor315
3132:             1             16  sun.reflect.GeneratedSerializationConstructorAccessor32
3133:             1             16  sun.reflect.GeneratedSerializationConstructorAccessor322
3134:             1             16  sun.reflect.GeneratedSerializationConstructorAccessor327
3135:             1             16  sun.reflect.GeneratedSerializationConstructorAccessor328
3136:             1             16  sun.reflect.GeneratedSerializationConstructorAccessor332
3137:             1             16  sun.reflect.GeneratedSerializationConstructorAccessor34
3138:             1             16  sun.reflect.GeneratedSerializationConstructorAccessor35
3139:             1             16  sun.reflect.GeneratedSerializationConstructorAccessor350
3140:             1             16  sun.reflect.GeneratedSerializationConstructorAccessor355
3141:             1             16  sun.reflect.GeneratedSerializationConstructorAccessor358
3142:             1             16  sun.reflect.GeneratedSerializationConstructorAccessor359
3143:             1             16  sun.reflect.GeneratedSerializationConstructorAccessor360
3144:             1             16  sun.reflect.GeneratedSerializationConstructorAccessor361
3145:             1             16  sun.reflect.GeneratedSerializationConstructorAccessor363
3146:             1             16  sun.reflect.GeneratedSerializationConstructorAccessor364
3147:             1             16  sun.reflect.GeneratedSerializationConstructorAccessor365
3148:             1             16  sun.reflect.GeneratedSerializationConstructorAccessor366
3149:             1             16  sun.reflect.GeneratedSerializationConstructorAccessor37
3150:             1             16  sun.reflect.GeneratedSerializationConstructorAccessor370
3151:             1             16  sun.reflect.GeneratedSerializationConstructorAccessor371
3152:             1             16  sun.reflect.GeneratedSerializationConstructorAccessor38
3153:             1             16  sun.reflect.GeneratedSerializationConstructorAccessor391
3154:             1             16  sun.reflect.GeneratedSerializationConstructorAccessor392
3155:             1             16  sun.reflect.GeneratedSerializationConstructorAccessor40
3156:             1             16  sun.reflect.GeneratedSerializationConstructorAccessor42
3157:             1             16  sun.reflect.GeneratedSerializationConstructorAccessor45
3158:             1             16  sun.reflect.GeneratedSerializationConstructorAccessor5
3159:             1             16  sun.reflect.GeneratedSerializationConstructorAccessor6
3160:             1             16  sun.reflect.GeneratedSerializationConstructorAccessor7
3161:             1             16  sun.reflect.GeneratedSerializationConstructorAccessor8
3162:             1             16  sun.reflect.GeneratedSerializationConstructorAccessor9
3163:             1             16  sun.reflect.ReflectionFactory
3164:             1             16  sun.reflect.generics.tree.BottomSignature
3165:             1             16  sun.reflect.generics.tree.ByteSignature
3166:             1             16  sun.reflect.generics.tree.CharSignature
3167:             1             16  sun.reflect.generics.tree.TypeVariableSignature
3168:             1             16  sun.util.calendar.Gregorian
3169:             1             16  sun.util.locale.provider.AuxLocaleProviderAdapter$NullProvider
3170:             1             16  sun.util.locale.provider.CalendarDataUtility$CalendarWeekParameterGetter
3171:             1             16  sun.util.locale.provider.SPILocaleProviderAdapter
3172:             1             16  sun.util.resources.LocaleData
3173:             1             16  sun.util.resources.LocaleData$LocaleDataResourceBundleControl
Total        177198       12472056
